組み立て 19件 ＝ 畳む 17件 / 新規（部分一致の要確認を含む）0件 / 複数一致 2件
畳む   new11049  → id4538  Juice=Juice ｜ 一般発売（大阪 10/10公演）9/19 10:00発売 先行（東京 11/6公演）〜9/30 23:59
畳む   new11051  → id3879  カキンツハルカ ｜ 一般発売（佐賀 R9年 2/11公演）10/17 10:00発売
👀複数 new11052  → [3117, 7113, 7114] 佐野元春&THE COYOTE BAND ｜ 2次プレリザーブ（静岡 11/14公演）〜9/27 23:59
畳む   new11056  → id4864  柳亭小痴楽 全国ツアー カチコミ’26 ｜ 一般発売（東京 9/24公演）〜9/16 23:59
畳む   new11057  → id7543  柳亭小痴楽 瀧川鯉八 二人会 ｜ 一般発売（東京 10/20公演）〜10/19 23:59
畳む   new11062  → id620   イルカ ｜ 一般発売（山形 9/17公演）〜9/16 23:59 一般発売（東京 10/15公演）〜10/14 23:59
畳む   new11064  → id2796  ザ・キングズ・シンガーズ ｜ 一般発売（東京 12/8公演）〜12/5 23:59
畳む   new11065  → id4805  中川晃教 ｜ 先行（東京 12/2公演）〜9/23 23:59
👀複数 new11066  → [3117, 7113, 7114] 佐野元春&THE COYOTE BAND ｜ 一般発売（佐賀 9/26〜9/27公演）〜9/25 23:59
畳む   new11067  → id7109  原田真二 ｜ 一般発売（大阪 11/7公演）〜11/6 23:59
畳む   new11068  → id2121  春風亭一之輔独演会 ｜ 「落語一之輔（東京 11/7〜11/9公演）〜9/23 23:59
畳む   new11069  → id1107  柳家花緑独演会 ｜ 一般発売（東京 10/24公演）〜10/21 23:59
畳む   new11070  → id4960  森山直太朗 ｜ 一般発売（東京 R9年 1/7公演）〜11/29 23:59
畳む   new11071  → id4118  神はサイコロを振らない ｜ 2次プレリザーブ（愛知 11/29公演）〜9/23 23:59
畳む   new11072  → id7907  名曲コンサート ｜ 一般発売（東京 10/20公演）〜10/20 19:00
畳む   new11073  → id7907  名曲コンサート ｜ 一般発売（愛知 10/3公演）〜10/2 17:00
畳む   new11074  → id7907  名曲コンサート ｜ 一般発売（東京 10/9公演）〜10/8 23:59
畳む   new11075  → id7907  名曲コンサート ｜ 一般発売（東京 11/3公演）〜11/2 23:59
畳む   new11077  → id7907  名曲コンサート ｜ 一般発売（全国 9/26〜9/27公演）〜9/25 23:59
