id3117   https://t.pia.jp/pia/event/event.do?eventCd=2623325
        一般発売（大阪 9/22公演）〜9/6 23:59 ｜ https://t.pia.jp/pia/event/event.do?eventCd=2622482
        一般発売（愛媛 9/25公演）〜9/9 23:59 ｜ https://t.pia.jp/pia/event/event.do?eventCd=2623020
        一般発売（宮城 10/16公演）〜9/30 23:59 ｜ https://t.pia.jp/pia/event/event.do?eventCd=2622925
        一般発売（東京 11/5公演）10/3 10:00発売 ｜ https://t.pia.jp/pia/event/event.do?eventCd=2627369
        一般発売（長野 10/25公演）〜10/8 23:59 ｜ https://t.pia.jp/pia/event/event.do?eventCd=2629395
        一般発売（東京 R9年 3/20公演）12/5 10:00発売 ｜ https://t.pia.jp/pia/event/event.do?eventCd=2627370
        一般発売（神奈川 12/19公演）10/3 10:00発売 ｜ https://t.pia.jp/pia/event/event.do?eventCd=2632595
        プレリザーブ（北海道 12/7〜12/9公演）9/5 10:00発売 ｜ https://ticket.pia.jp/pia/event.do?eventCd=2623690
        2次プレリザーブ（北海道 12/7〜12/9公演）9/16 11:00発売 ｜ https://t.pia.jp/pia/event/event.do?eventCd=2623690
        プレリザーブ（愛知 11/3公演）9/17 11:00発売 ｜ https://t.pia.jp/pia/event/event.do?eventCd=2625742
        2次プレリザーブ（静岡 11/14公演）〜9/27 23:59 ｜ https://ticket.pia.jp/pia/event.do?eventCd=2626446
        一般発売（佐賀 9/26〜9/27公演）〜9/25 23:59 ｜ https://ticket.pia.jp/pia/event.do?eventBundleCd=b2670116
id4118   https://t.pia.jp/pia/event/event.do?eventCd=2633734
        先行（北海道・愛知・大阪・福岡 11/14〜11/29公演）〜8/23 23:59 ｜ https://t.pia.jp/pia/event/event.do?eventCd=2623285
        先行（東京 12/6公演）〜8/23 23:59 ｜ https://t.pia.jp/pia/event/event.do?eventCd=2623286
        一般発売（大阪 11/23公演）10/10 10:00発売 ｜ https://t.pia.jp/pia/event/event.do?eventCd=2623498
        プレリザーブ（岡山 10/30公演）〜9/17 11:00 ｜ https://t.pia.jp/pia/event/event.do?eventCd=2636076
        先行（福岡 11/21公演）〜9/16 23:59 ｜ https://ticket.pia.jp/pia/event.do?eventCd=2623921
        2次プレリザーブ（愛知 11/29公演）〜9/23 23:59 ｜ https://ticket.pia.jp/pia/event.do?eventCd=2629913
id4960   https://t.pia.jp/pia/event/event.do?eventBundleCd=b2670241
        一般発売（東京 R9年 1/7公演）〜11/29 23:59 ｜ https://ticket.pia.jp/pia/event.do?eventBundleCd=b2666785
id3879   https://t.pia.jp/pia/event/event.do?eventBundleCd=b2670158
        一般発売（東京 R9年 1/13〜1/14公演）〜1/13 23:59 ｜ https://t.pia.jp/pia/event/event.do?eventCd=2628496
        一般発売（福岡 R9年 2/10公演）10/24 10:00発売 ｜ https://t.pia.jp/pia/event/event.do?eventCd=2630991
        一般発売（岐阜 R9年 2/13公演）10/17 9:30発売 ｜ https://ticket.pia.jp/pia/event.do?eventCd=2632240
        一般発売（福井 R9年 1/11公演）10/10 10:00発売 ｜ https://t.pia.jp/pia/event/event.do?eventCd=2633289
        一般発売（静岡 R9年 2/7公演）10/14 10:00発売 ｜ https://t.pia.jp/pia/event/event.do?eventCd=2633636
        一般発売（愛知 R9年 1/31公演）11/22 10:00発売 ｜ https://t.pia.jp/pia/event/event.do?eventCd=2632033
        一般発売（佐賀 R9年 2/11公演）10/17 10:00発売 ｜ https://ticket.pia.jp/pia/event.do?eventCd=2634700

urls=30 -> tmp/x0917/urls2.txt
