p1: 50枚 受付前0 | 累計uniq受付前 0 (DB未収録 0)
p2: 50枚 受付前6 | 累計uniq受付前 2 (DB未収録 2)
p3: 50枚 受付前9 | 累計uniq受付前 8 (DB未収録 8)
p4: 50枚 受付前5 | 累計uniq受付前 9 (DB未収録 9)
p5: 50枚 受付前0 | 累計uniq受付前 9 (DB未収録 9)
p6: 50枚 受付前10 | 累計uniq受付前 10 (DB未収録 10)
p7: 50枚 受付前2 | 累計uniq受付前 11 (DB未収録 11)
p8: 2枚 受付前0 | 累計uniq受付前 11 (DB未収録 11)
p9: 0枚 受付前0 | 累計uniq受付前 11 (DB未収録 11)
p10: 0枚 受付前0 | 累計uniq受付前 11 (DB未収録 11)
p11: 0枚 受付前0 | 累計uniq受付前 11 (DB未収録 11)
p12: 0枚 受付前0 | 累計uniq受付前 11 (DB未収録 11)
p13: 0枚 受付前0 | 累計uniq受付前 11 (DB未収録 11)
p14: 0枚 受付前0 | 累計uniq受付前 11 (DB未収録 11)
p15: 0枚 受付前0 | 累計uniq受付前 11 (DB未収録 11)
p16: 0枚 受付前0 | 累計uniq受付前 11 (DB未収録 11)
p17: 0枚 受付前0 | 累計uniq受付前 11 (DB未収録 11)
p18: 0枚 受付前0 | 累計uniq受付前 11 (DB未収録 11)
p19: 0枚 受付前0 | 累計uniq受付前 11 (DB未収録 11)
p20: 0枚 受付前0 | 累計uniq受付前 11 (DB未収録 11)
p21: 0枚 受付前0 | 累計uniq受付前 11 (DB未収録 11)
p22: 0枚 受付前0 | 累計uniq受付前 11 (DB未収録 11)
p23: 0枚 受付前0 | 累計uniq受付前 11 (DB未収録 11)
p24: 0枚 受付前0 | 累計uniq受付前 11 (DB未収録 11)
p25: 0枚 受付前0 | 累計uniq受付前 11 (DB未収録 11)
p26: 0枚 受付前0 | 累計uniq受付前 11 (DB未収録 11)
p27: 0枚 受付前0 | 累計uniq受付前 11 (DB未収録 11)
p28: 0枚 受付前0 | 累計uniq受付前 11 (DB未収録 11)
p29: 0枚 受付前0 | 累計uniq受付前 11 (DB未収録 11)
p30: 0枚 受付前0 | 累計uniq受付前 11 (DB未収録 11)
=== 受付前(発売前) DB未収録 11件 → tmp/eplus_presale.json ===
  3371470001 | 2026/9/19(土) | 先着 M-line Special 2026 Autumn ～NOCTURNE～
  0432800001 | 2026/9/22(火・祝) | 先着 アンジュルム
  3746860001 | 2026/9/26(土) | 先着 OCHA NORMA
  4587940001 | 2026/9/27(日) | 先着 古正寺恵巳生誕ライブ2026【通常チケット】 第壱部 教室と亡霊
  0189140001 | 2026/9/27(日) | 先着 Hello! Project 研修生発表会 2026 9月 ～新風～
  4587950001 | 2026/9/27(日) | 先着 古正寺恵巳生誕ライブ2026【通常チケット】 第弍部 ネバーエンディングストーリー
  4317360001 | 2026/9/27(日) | 先着 ロージークロニクル
  4593220001 | 2026/9/30(水) | 先着 SET YOU FREE～VS SERIES
  0145460001 | 2026/10/4(日) | 先着 モーニング娘。’26
  3051710001 | 2026/11/1(日) | 先着 宮本佳林
  3937830002 | 2026/12/9(水) | 先着 HOSHIKUMA MINAMI
