p1: 50枚 受付前0 | 累計uniq受付前 0 (DB未収録 0)
p2: 50枚 受付前0 | 累計uniq受付前 0 (DB未収録 0)
p3: 50枚 受付前1 | 累計uniq受付前 1 (DB未収録 1)
p4: 50枚 受付前3 | 累計uniq受付前 3 (DB未収録 3)
p5: 24枚 受付前5 | 累計uniq受付前 7 (DB未収録 7)
p6: 0枚 受付前0 | 累計uniq受付前 7 (DB未収録 7)
p7: 0枚 受付前0 | 累計uniq受付前 7 (DB未収録 7)
p8: 0枚 受付前0 | 累計uniq受付前 7 (DB未収録 7)
p9: 0枚 受付前0 | 累計uniq受付前 7 (DB未収録 7)
p10: 0枚 受付前0 | 累計uniq受付前 7 (DB未収録 7)
p11: 0枚 受付前0 | 累計uniq受付前 7 (DB未収録 7)
p12: 0枚 受付前0 | 累計uniq受付前 7 (DB未収録 7)
p13: 0枚 受付前0 | 累計uniq受付前 7 (DB未収録 7)
p14: 0枚 受付前0 | 累計uniq受付前 7 (DB未収録 7)
p15: 0枚 受付前0 | 累計uniq受付前 7 (DB未収録 7)
p16: 0枚 受付前0 | 累計uniq受付前 7 (DB未収録 7)
p17: 0枚 受付前0 | 累計uniq受付前 7 (DB未収録 7)
p18: 0枚 受付前0 | 累計uniq受付前 7 (DB未収録 7)
p19: 0枚 受付前0 | 累計uniq受付前 7 (DB未収録 7)
p20: 0枚 受付前0 | 累計uniq受付前 7 (DB未収録 7)
p21: 0枚 受付前0 | 累計uniq受付前 7 (DB未収録 7)
p22: 0枚 受付前0 | 累計uniq受付前 7 (DB未収録 7)
p23: 0枚 受付前0 | 累計uniq受付前 7 (DB未収録 7)
p24: 0枚 受付前0 | 累計uniq受付前 7 (DB未収録 7)
p25: 0枚 受付前0 | 累計uniq受付前 7 (DB未収録 7)
p26: 0枚 受付前0 | 累計uniq受付前 7 (DB未収録 7)
p27: 0枚 受付前0 | 累計uniq受付前 7 (DB未収録 7)
p28: 0枚 受付前0 | 累計uniq受付前 7 (DB未収録 7)
p29: 0枚 受付前0 | 累計uniq受付前 7 (DB未収録 7)
p30: 0枚 受付前0 | 累計uniq受付前 7 (DB未収録 7)
=== 受付前(発売前) DB未収録 7件 → tmp/eplus_presale.json ===
  4570220001 | 2026/9/26(土) | 先着 石川界人トークショー〈実践女子大学常磐祭〉 石川界人のエンジン全開!!トークショー
  1471530001 | 2026/10/25(日) | 先着 羽多野るるる10周年記念イベント 羽多野届
  4561390001 | 2026/10/25(日) | 抽選 梶原岳人and中澤まさともトークショー in 同志社
  4579550001 | 2026/11/26(木) | 先着 伊藤かな恵「伊藤家のBirthday Party♪2026」
  4591440001 | 2026/11/28(土) | 先着 声優朗読劇フォアレーゼン ～太陽が、痛いほどいっぱい～
  4584430001 | 2026/12/12(土) | 先着 THE CLASSICAL LEGEND!! コンサート session2 ～ラフマニノフvs
  3744210001 | 2026/12/19(土) | 先着 ラジ友プレゼンツ まっぴーバースデーパーティー2026 ～山中真尋お誕生日会～
