p1: 50枚 受付前0 | 累計uniq受付前 0 (DB未収録 0)
p2: 50枚 受付前0 | 累計uniq受付前 0 (DB未収録 0)
p3: 50枚 受付前0 | 累計uniq受付前 0 (DB未収録 0)
p4: 50枚 受付前1 | 累計uniq受付前 1 (DB未収録 1)
p5: 50枚 受付前1 | 累計uniq受付前 2 (DB未収録 2)
p6: 50枚 受付前18 | 累計uniq受付前 11 (DB未収録 11)
p7: 9枚 受付前0 | 累計uniq受付前 11 (DB未収録 11)
p8: 0枚 受付前0 | 累計uniq受付前 11 (DB未収録 11)
p9: 0枚 受付前0 | 累計uniq受付前 11 (DB未収録 11)
p10: 0枚 受付前0 | 累計uniq受付前 11 (DB未収録 11)
p11: 0枚 受付前0 | 累計uniq受付前 11 (DB未収録 11)
p12 ERR HTTP Error 503: Service Unavailable
p13: 0枚 受付前0 | 累計uniq受付前 11 (DB未収録 11)
p14: 0枚 受付前0 | 累計uniq受付前 11 (DB未収録 11)
p15: 0枚 受付前0 | 累計uniq受付前 11 (DB未収録 11)
p16: 0枚 受付前0 | 累計uniq受付前 11 (DB未収録 11)
p17: 0枚 受付前0 | 累計uniq受付前 11 (DB未収録 11)
p18: 0枚 受付前0 | 累計uniq受付前 11 (DB未収録 11)
p19: 0枚 受付前0 | 累計uniq受付前 11 (DB未収録 11)
p20: 0枚 受付前0 | 累計uniq受付前 11 (DB未収録 11)
p21: 0枚 受付前0 | 累計uniq受付前 11 (DB未収録 11)
p22: 0枚 受付前0 | 累計uniq受付前 11 (DB未収録 11)
p23: 0枚 受付前0 | 累計uniq受付前 11 (DB未収録 11)
p24: 0枚 受付前0 | 累計uniq受付前 11 (DB未収録 11)
p25: 0枚 受付前0 | 累計uniq受付前 11 (DB未収録 11)
p26: 0枚 受付前0 | 累計uniq受付前 11 (DB未収録 11)
p27: 0枚 受付前0 | 累計uniq受付前 11 (DB未収録 11)
p28: 0枚 受付前0 | 累計uniq受付前 11 (DB未収録 11)
p29: 0枚 受付前0 | 累計uniq受付前 11 (DB未収録 11)
p30: 0枚 受付前0 | 累計uniq受付前 11 (DB未収録 11)
=== 受付前(発売前) DB未収録 11件 → tmp/eplus_presale.json ===
  4571790001 | 2026/11/8(日) | 先着 上西千波 JAZZ CONCERT ～Autumn Jazz Journey～
  2822270003 | 2026/11/28(土) | 先着 熊谷駿 ジャズコンサート BOP EXPLOSION FINAL
  4583590001 | 2026/12/7(月) | 先着 北欧ジャズコンサート エスペン･バルグ×マティアス･アイク
  0141250001 | 2026/12/11(金) | 先着 Hyogoクリスマス･ジャズ･フェスティバル2026 大西順子 ジャズ･ピアノ･ソロ リサイタ
  4592060001 | 2026/12/13(日) | 先着 THREE VISITORS featuring EDWARD SIMON, SCOTT CO
  4580580001 | 2026/12/18(金) | 先着 小曽根真クリスマス･スペシャル“ForSomeone” TRiNFiNiTY featurin
  4561440001 | 2026/12/19(土) | 先着 沖仁 小沼ようすけ 沖仁 with 小沼ようすけ Guitar Duo Concert
  0046040012 | 2027/1/16(土) | 先着 SUPER BRASS STARS XXL EDITION 中川英二郎×エリック･ミヤシロ×本
  3370760001 | 2027/1/17(日) | 先着 渡辺貞夫カルテット 2027
  0074040001 | 2027/1/30(土) | 先着 高中正義
  4527270001 | 2027/1/31(日) | 先着 石若駿トリオ ホールツアー 2026+27 featuring 高橋佑成&Marty Holo
