p1: 50枚 受付前0 | 累計uniq受付前 0 (DB未収録 0)
p2: 50枚 受付前2 | 累計uniq受付前 1 (DB未収録 1)
p3: 50枚 受付前0 | 累計uniq受付前 1 (DB未収録 1)
p4: 50枚 受付前6 | 累計uniq受付前 7 (DB未収録 7)
p5: 50枚 受付前10 | 累計uniq受付前 15 (DB未収録 15)
p6: 1枚 受付前1 | 累計uniq受付前 16 (DB未収録 16)
p7: 0枚 受付前0 | 累計uniq受付前 16 (DB未収録 16)
p8: 0枚 受付前0 | 累計uniq受付前 16 (DB未収録 16)
p9 ERR HTTP Error 503: Service Unavailable
p10: 0枚 受付前0 | 累計uniq受付前 16 (DB未収録 16)
p11: 0枚 受付前0 | 累計uniq受付前 16 (DB未収録 16)
p12: 0枚 受付前0 | 累計uniq受付前 16 (DB未収録 16)
p13: 0枚 受付前0 | 累計uniq受付前 16 (DB未収録 16)
p14: 0枚 受付前0 | 累計uniq受付前 16 (DB未収録 16)
p15: 0枚 受付前0 | 累計uniq受付前 16 (DB未収録 16)
p16 ERR HTTP Error 503: Service Unavailable
p17: 0枚 受付前0 | 累計uniq受付前 16 (DB未収録 16)
p18: 0枚 受付前0 | 累計uniq受付前 16 (DB未収録 16)
p19: 0枚 受付前0 | 累計uniq受付前 16 (DB未収録 16)
p20: 0枚 受付前0 | 累計uniq受付前 16 (DB未収録 16)
p21: 0枚 受付前0 | 累計uniq受付前 16 (DB未収録 16)
p22: 0枚 受付前0 | 累計uniq受付前 16 (DB未収録 16)
p23: 0枚 受付前0 | 累計uniq受付前 16 (DB未収録 16)
p24: 0枚 受付前0 | 累計uniq受付前 16 (DB未収録 16)
p25: 0枚 受付前0 | 累計uniq受付前 16 (DB未収録 16)
p26: 0枚 受付前0 | 累計uniq受付前 16 (DB未収録 16)
p27: 0枚 受付前0 | 累計uniq受付前 16 (DB未収録 16)
p28: 0枚 受付前0 | 累計uniq受付前 16 (DB未収録 16)
p29: 0枚 受付前0 | 累計uniq受付前 16 (DB未収録 16)
p30: 0枚 受付前0 | 累計uniq受付前 16 (DB未収録 16)
=== 受付前(発売前) DB未収録 16件 → tmp/eplus_presale.json ===
  4590370001 | 2026/10/3(土) | 先着 藤崎詩乃
  3434250001 | 2026/11/17(火) | 先着 辰巳ゆうと
  4125060001 | 2026/11/22(日) | 先着 二見颯一&青山新 ライブツアー2026
  0271230001 | 2026/11/23(月・祝) | 先着 山内惠介
  2330250001 | 2026/11/26(木) | 先着 丘みどりコンサート 2026 ～演魅Vol.7～
  3681710001 | 2026/11/27(金) | 抽選 青山新
  4575320001 | 2026/11/28(土) | 先着 石川さゆりプレミアムアコースティックコンサート
  4419310001 | 2026/11/29(日) | 先着 辰巳ゆうと
  4576080001 | 2026/11/30(月) | 先着 山内惠介
  0982430001 | 2026/12/8(火) | 先着 三山ひろし
  4511340001 | 2026/12/17(木) | 先着 青山新･木村徹二･風輪
  4549470001 | 2027/1/23(土) | 抽選 島津亜矢
  4577520001 | 2027/1/30(土) | 先着 石川さゆりコンサート～極上のアンサンブル～
  4577260001 | 2027/1/31(日) | 先着 島津亜矢 島津亜矢 40周年リサイタル ～ありがとうSpecial～ Final
  4273270001 | 2027/3/27(土) | 先着 羽山みずき
  0064350001 | 2027/4/10(土) | 先着 島津亜矢
