p1: 50枚 受付前0 | 累計uniq受付前 0 (DB未収録 0)
p2: 50枚 受付前1 | 累計uniq受付前 1 (DB未収録 1)
p3: 50枚 受付前2 | 累計uniq受付前 2 (DB未収録 2)
p4: 50枚 受付前0 | 累計uniq受付前 2 (DB未収録 2)
p5: 15枚 受付前0 | 累計uniq受付前 2 (DB未収録 2)
p6: 0枚 受付前0 | 累計uniq受付前 2 (DB未収録 2)
p7: 0枚 受付前0 | 累計uniq受付前 2 (DB未収録 2)
p8: 0枚 受付前0 | 累計uniq受付前 2 (DB未収録 2)
p9: 0枚 受付前0 | 累計uniq受付前 2 (DB未収録 2)
p10: 0枚 受付前0 | 累計uniq受付前 2 (DB未収録 2)
p11: 0枚 受付前0 | 累計uniq受付前 2 (DB未収録 2)
p12: 0枚 受付前0 | 累計uniq受付前 2 (DB未収録 2)
p13: 0枚 受付前0 | 累計uniq受付前 2 (DB未収録 2)
p14: 0枚 受付前0 | 累計uniq受付前 2 (DB未収録 2)
p15: 0枚 受付前0 | 累計uniq受付前 2 (DB未収録 2)
p16: 0枚 受付前0 | 累計uniq受付前 2 (DB未収録 2)
p17: 0枚 受付前0 | 累計uniq受付前 2 (DB未収録 2)
p18: 0枚 受付前0 | 累計uniq受付前 2 (DB未収録 2)
p19: 0枚 受付前0 | 累計uniq受付前 2 (DB未収録 2)
p20 ERR HTTP Error 503: Service Unavailable
p21: 0枚 受付前0 | 累計uniq受付前 2 (DB未収録 2)
p22: 0枚 受付前0 | 累計uniq受付前 2 (DB未収録 2)
p23 ERR HTTP Error 503: Service Unavailable
p24: 0枚 受付前0 | 累計uniq受付前 2 (DB未収録 2)
p25: 0枚 受付前0 | 累計uniq受付前 2 (DB未収録 2)
p26: 0枚 受付前0 | 累計uniq受付前 2 (DB未収録 2)
p27: 0枚 受付前0 | 累計uniq受付前 2 (DB未収録 2)
p28: 0枚 受付前0 | 累計uniq受付前 2 (DB未収録 2)
p29: 0枚 受付前0 | 累計uniq受付前 2 (DB未収録 2)
p30: 0枚 受付前0 | 累計uniq受付前 2 (DB未収録 2)
=== 受付前(発売前) DB未収録 2件 → tmp/eplus_presale.json ===
  4568200001 | 2026/9/26(土) | 先着 MISSION Vol.6
  3451890002 | 2026/10/31(土) | 先着 鈴木真海子 Live at Billboard Live OSAKA
