p1 ERR HTTP Error 503: Service Unavailable
p2: 50枚 受付前1 | 累計uniq受付前 1 (DB未収録 1)
p3: 50枚 受付前0 | 累計uniq受付前 1 (DB未収録 1)
p4 ERR HTTP Error 503: Service Unavailable
p5: 50枚 受付前1 | 累計uniq受付前 2 (DB未収録 2)
p6: 50枚 受付前5 | 累計uniq受付前 7 (DB未収録 7)
p7: 50枚 受付前15 | 累計uniq受付前 22 (DB未収録 22)
p8: 50枚 受付前12 | 累計uniq受付前 34 (DB未収録 34)
p9 ERR HTTP Error 503: Service Unavailable
p10: 50枚 受付前13 | 累計uniq受付前 47 (DB未収録 47)
p11: 50枚 受付前15 | 累計uniq受付前 61 (DB未収録 61)
p12: 50枚 受付前23 | 累計uniq受付前 81 (DB未収録 81)
p13: 50枚 受付前23 | 累計uniq受付前 104 (DB未収録 104)
p14: 50枚 受付前18 | 累計uniq受付前 117 (DB未収録 117)
p15: 50枚 受付前27 | 累計uniq受付前 138 (DB未収録 138)
p16: 50枚 受付前34 | 累計uniq受付前 158 (DB未収録 158)
p17: 21枚 受付前17 | 累計uniq受付前 164 (DB未収録 164)
p18: 0枚 受付前0 | 累計uniq受付前 164 (DB未収録 164)
p19: 0枚 受付前0 | 累計uniq受付前 164 (DB未収録 164)
p20: 0枚 受付前0 | 累計uniq受付前 164 (DB未収録 164)
p21: 0枚 受付前0 | 累計uniq受付前 164 (DB未収録 164)
p22: 0枚 受付前0 | 累計uniq受付前 164 (DB未収録 164)
p23: 0枚 受付前0 | 累計uniq受付前 164 (DB未収録 164)
p24: 0枚 受付前0 | 累計uniq受付前 164 (DB未収録 164)
p25 ERR HTTP Error 503: Service Unavailable
p26: 0枚 受付前0 | 累計uniq受付前 164 (DB未収録 164)
p27: 0枚 受付前0 | 累計uniq受付前 164 (DB未収録 164)
p28: 0枚 受付前0 | 累計uniq受付前 164 (DB未収録 164)
p29: 0枚 受付前0 | 累計uniq受付前 164 (DB未収録 164)
p30: 0枚 受付前0 | 累計uniq受付前 164 (DB未収録 164)
=== 受付前(発売前) DB未収録 164件 → tmp/eplus_presale.json ===
  4582910001 | 2026/9/7(月) | 先着 黒蜜の日 後夜祭「純愛カルテ」
  4585090001 | 2026/9/21(月・祝) | 先着 BabyKingdom 志記生誕祭 -昼公演志記ソロの部- 『～アイアムギターヒーロー2026
  4588910001 | 2026/9/24(木) | 先着 【Bチケット】タイトル思い付かないけど来たら絶対楽しいミニワンマン～納涼編～
  4589160001 | 2026/9/24(木) | 先着 シンギュラリティ TOUR2026 『PROVIDENCE』
  4589170001 | 2026/9/25(金) | 先着 シンギュラリティ ONE-MAN TOUR2026 『PROVIDENCE』
  4592820001 | 2026/9/25(金) | 先着 TABOO×RENGEKI 2MANEVENT「忌撃」
  4581090001 | 2026/9/28(月) | 先着 水上クリニックRYO生誕祭「俺って超絶カッコいいよなあ?」
  4593170001 | 2026/9/29(火) | 先着 LAYCLE「ここが地元」と言い張るツアー 福岡編ばい 2MAN
  4563290001 | 2026/9/30(水) | 先着 トライアルマキナ会
  4586510001 | 2026/10/1(木) | 先着 水上クリニック主催 出張診療 医療系侵略計画-大阪-
  4580020001 | 2026/10/1(木) | 先着 透明少女 kosuke生誕祭 「天地返し」 愛マシ咲きマシ声大きめ幸せマシマシでお願いします
  4518500001 | 2026/10/1(木) | 先着 黒蜜47都道府県ONEMAN TOUR「純愛」～千葉～
  4586580001 | 2026/10/2(金) | 先着 水上クリニック主催出張診療 医療系侵略計画-名古屋-
  4592240001 | 2026/10/2(金) | 先着 HIZAKI TOUR 2026「ASTRAIA」
  4590640001 | 2026/10/3(土) | 先着 【2F最前】ANNIVERSARY LIVE -TOKYO- Dear Raiders.【DA
  4592750001 | 2026/10/3(土) | 先着 ダウト19～20周年記念47都道府県TOUR 「ダウト鬼念火」
  4575000001 | 2026/10/4(日) | 先着 Lotto聖誕祭「38」 -黒服限定GIG- DAY1
  4593430001 | 2026/10/4(日) | 先着 ダウト19～20周年記念47都道府県TOUR 「ダウト鬼念火」
  4593440001 | 2026/10/4(日) | 先着 【地元民割】ダウト19～20周年記念47都道府県TOUR 「ダウト鬼念火」
  4566170001 | 2026/10/4(日) | 先着 Sick2 Oneman Tour 『83億の“マウス”へ』
  4575190001 | 2026/10/5(月) | 先着 Lotto聖誕祭「38」 -黒服限定GIG- DAY2 emmuree / the god a
  4586450001 | 2026/10/6(火) | 先着 ホタル結成25周年&再結成10周年 2時間ドラマシリーズ 歌謡サスペンス激情 傑作選「8390
  4575240001 | 2026/10/6(火) | 先着 黒蜜 47都道府県 ONEMAN TOUR 【純愛】 -鹿児島-
  4589180001 | 2026/10/7(水) | 先着 シンギュラリティ ONE-MAN TOUR2026 『PROVIDENCE』
  4574470001 | 2026/10/8(木) | 先着 DAMNED Dr.Masaya生誕主催 2MAN『Luna Obscura』
  4591200001 | 2026/10/8(木) | 先着 <Sチケット>Deathpair 解散公演【The Final】
  4591230001 | 2026/10/8(木) | 先着 <Aチケット>Deathpair 解散公演【The Final】
  4580560001 | 2026/10/9(金) | 先着 ヤミテラ ONEMAN TOUR 関西制圧
  4589540001 | 2026/10/9(金) | 先着 NUL. LIVE 2026 K’s Birthday Live
  4493090001 | 2026/10/10(土) | 先着 ビバラッシュ ビバラッシュ 10th ANNIVERSARY TOUR「フルチャージ」
  4580120001 | 2026/10/10(土) | 先着 ヤミテラ ヤミテラ ONEMAN TOUR 関西制圧
  4502460001 | 2026/10/11(日) | 先着 ビバラッシュ 10th ANNIVERSARY TOUR「フルチャージ」
  4593650001 | 2026/10/11(日) | 先着 【S】『White out』
  4593660001 | 2026/10/11(日) | 先着 【A】『White out』
  0693470001 | 2026/10/18(日) | 先着 ユナイト
  4564510001 | 2026/10/19(月) | 先着 透明少女×モザヰク×ハオ×Co′COON「東西ビッグバン-東京編-」
  4578220001 | 2026/10/19(月) | 先着 最強の中二病 水希生誕無料単独公演
  4582720001 | 2026/10/20(火) | 先着 「THE☆IWAINA☆祭夜」 Ricky.A.P Birthday Live 2026
  4584670001 | 2026/10/20(火) | 先着 透明少女単独「時々雨」
  4591260001 | 2026/10/20(火) | 先着 蜈蚣 halloween oneman『誘拐日和』
  4581150001 | 2026/10/20(火) | 先着 SHINJUKU LOFT 50th ANNIVERSARY 「2TO2 vol,18」
  4585250001 | 2026/10/21(水) | 先着 cubrick presents「二転三転」vol.111
  4581410001 | 2026/10/21(水) | 抽選 Sick2 Halloween Oneman Tour 『ハロウィンは渋谷?今年は東名阪だろ!
  4591820001 | 2026/10/21(水) | 抽選 ホタル結成25周年&再結成10周年 2時間ドラマシリーズ 歌謡サスペンス激情 傑作選「路地裏の
  4581340001 | 2026/10/22(木) | 抽選 Sick2 Halloween Oneman Tour 『ハロウィンは渋谷?今年は東名阪だろ!
  4514410001 | 2026/10/22(木) | 先着 黒蜜47都道府県ONEMAN TOUR「純愛」～栃木～
  4587750001 | 2026/10/23(金) | 先着 L主催「地獄へようこそ」
  4564120001 | 2026/10/24(土) | 抽選 Sick2 Oneman Tour 『83億の“マウス”へ』
  4578060001 | 2026/10/25(日) | 先着 IKUMA BIRTHDAY LIVE 2026 「Nexus 4」
  4588510001 | 2026/10/25(日) | 先着 NoGoD 単独大布教-TOUR 2026- EXPERIMENTAL STAGE～FINAL
  4591190001 | 2026/10/26(月) | 先着 Human is Dead act.31
  4582270001 | 2026/10/27(火) | 先着 L-MEME × tzkwym 「血湧き肉躍る-番外編-」
  4569490001 | 2026/10/27(火) | 先着 蛾と蝶単独公演「ガチョウハロウィンナイト2026」
  4584550001 | 2026/10/28(水) | 抽選 Sick2 Sick2 Halloween Oneman Tour 『ハロウィンは渋谷?今年は
  4590340001 | 2026/10/28(水) | 先着 MEME× tzkwym 「血湧き肉躍る-ハロウィン-」
  4584070001 | 2026/10/30(金) | 先着 透明少女ホラーナイト「滴る」
  4574570001 | 2026/10/30(金) | 先着 ザアザア HALLOWEENONEMANSHOW～私の中の悪魔～
  4592800001 | 2026/10/30(金) | 先着 DAMILA 主催BLOODY MARY SHOW-666- Episode5 鮮血に飾るHA
  4591020001 | 2026/10/31(土) | 先着 誘拐日和 蜈蚣 halloween oneman
  4582870001 | 2026/10/31(土) | 先着 Leetspeak monsters 2026 Halloween Onemanshow Da
  4589480001 | 2026/10/31(土) | 先着 NETH PRIERE CAIN HALLOWEEN単独公演 「鬼詩廻世2026-名古屋編-」
  4492720001 | 2026/10/31(土) | 先着 ビバラッシュ 10th ANNIVERSARY TOUR「フルチャージ」
  4492740001 | 2026/11/1(日) | 先着 ビバラッシュ 10th ANNIVERSARY TOUR「フルチャージ」
  4561890001 | 2026/11/2(月) | 先着 NETH PRIERE CAIN 8周年記念単独公演TOUR「叛虐謳歌-福岡編-」
  4588530001 | 2026/11/2(月) | 先着 NoGoD 単独大布教-TOUR 2026- EXPERIMENTAL STAGE～FINAL
  4588540001 | 2026/11/3(火・祝) | 先着 NoGoD 単独大布教-TOUR 2026- EXPERIMENTAL STAGE～FINAL
  4562190001 | 2026/11/3(火・祝) | 先着 NETH PRIERE CAIN 8周年記念単独公演TOUR「叛虐謳歌-広島編-」
  4566540001 | 2026/11/4(水) | 抽選 ゼラOneman Tour 『Kinetic Horror Show』
  4592230001 | 2026/11/5(木) | 先着 HIZAKI TOUR 2026 「ASTRAIA」
  4580920001 | 2026/11/6(金) | 先着 ヤミテラ ONEMAN TOUR 関西制圧
  4586360001 | 2026/11/6(金) | 先着 MAMA. 関東TOUR 「湖に沈んだ街」
  4592960001 | 2026/11/6(金) | 先着 HIZAKI TOUR 2026「ASTRAIA」
  0586030005 | 2026/11/6(金) | 先着 R指定
  4515940001 | 2026/11/6(金) | 先着 黒蜜47都道府県ONEMAN TOUR 「純愛」～滋賀～
  4576810001 | 2026/11/7(土) | 抽選 BabyKingdom 休園ワンマンライブツアー『UNITED HEARTS』
  4581950001 | 2026/11/7(土) | 先着 Remnant of xxx
  4588570001 | 2026/11/7(土) | 先着 NoGoD 単独大布教-TOUR 2026- EXPERIMENTAL STAGE～FINAL
  4493190001 | 2026/11/7(土) | 先着 ビバラッシュ 10th ANNIVERSARY TOUR「フルチャージ」
  4578150001 | 2026/11/7(土) | 先着 ダウト19～20周年記念47都道府県TOUR 「ダウト鬼念火」
  4584160001 | 2026/11/7(土) | 先着 ヤミテラ ONEMAN TOUR 関西制圧
  4592990001 | 2026/11/7(土) | 先着 HIZAKI TOUR 2026「ASTRAIA」
  4576820001 | 2026/11/8(日) | 抽選 BabyKingdom 休園ワンマンライブツアー『UNITED HEARTS』
  4588590001 | 2026/11/8(日) | 先着 NoGoD 単独大布教-TOUR 2026- EXPERIMENTAL STAGE～FINAL
  4589360001 | 2026/11/8(日) | 先着 黒蜜47都道府県ONEMAN TOUR「純愛」～和歌山～
  4493200001 | 2026/11/8(日) | 先着 ビバラッシュ 10th ANNIVERSARY TOUR 「フルチャージ」
  4578160001 | 2026/11/8(日) | 先着 ダウト19～20周年記念47都道府県TOUR 「ダウト鬼念火」
  4579030001 | 2026/11/9(月) | 先着 『暴【CAUTION】伍典』
  4591450001 | 2026/11/9(月) | 抽選 透明少女主催「DDT」
  4513710001 | 2026/11/9(月) | 先着 黒蜜47都道府県ONEMAN TOUR「純愛」～大阪～
  4584640001 | 2026/11/10(火) | 先着 Sick2×月時雨に花束を共同主催『病+月～やみつき～』
  4562760001 | 2026/11/10(火) | 抽選 ELISE ONEMAN 「冬のHeartsツアー’26」
  4586730001 | 2026/11/13(金) | 先着 MAMA. 関東TOUR『湖に沈んだ街』
  4588010001 | 2026/11/13(金) | 抽選 あの世定期集会『お姫様倶楽部』第ニ夜 企画･制作 おいでよ!幽霊ズ
  4582330001 | 2026/11/14(土) | 先着 Redo ONEMAN Tour「ECLIPSE ～UMBRA～」
  4588460001 | 2026/11/14(土) | 先着 Motion「裏」 heidi.
  4561920001 | 2026/11/15(日) | 抽選 NETH PRIERE CAIN 8周年記念単独公演TOUR「叛虐謳歌-三重編-」
  4561930001 | 2026/11/16(月) | 抽選 NETH PRIERE CAIN 8周年記念単独公演TOUR「叛虐謳歌-名古屋編-」
  4587210001 | 2026/11/17(火) | 先着 透明少女ワンマンライブ「人生未遂」
  4514760001 | 2026/11/18(水) | 先着 黒蜜47都道府県ONEMAN TOUR「純愛」～福岡～
  4554220001 | 2026/11/18(水) | 抽選 Sick2 presents 『Sick2 BOX 2026-EAST-』
  4570840001 | 2026/11/18(水) | 先着 BabyKingdom 休園ワンマンライブツアー『UNITED HEARTS』
  4570850001 | 2026/11/18(水) | 先着 【ペア】BabyKingdom 休園ワンマンライブツアー
  4578080001 | 2026/11/20(金) | 先着 MUCHU☆FES 2MAN!! Neu:NOIZ ☆ heidi.
  4585030001 | 2026/11/20(金) | 先着 まみれた隆世脱退単独公演「止マルナ。」
  4493650001 | 2026/11/21(土) | 先着 ビバラッシュ 10th ANNIVERSARY TOUR「フルチャージ」
  4577110001 | 2026/11/21(土) | 先着 ダウト19～20周年記念47都道府県TOUR「ダウト鬼念火」
  4588500001 | 2026/11/21(土) | 先着 Emotion「裏」 heidi.
  4587000001 | 2026/11/21(土) | 先着 まみれた新メンバー加入単独公演 「進メ。」
  2083720001 | 2026/11/22(日) | 抽選 有村竜太朗 有村竜太朗 TOUR 2026-2027「デも/demo #3」
  4582250001 | 2026/11/22(日) | 先着 Redo ONEMAN Tour 「ECLIPSE ～UMBRA～」
  4493670001 | 2026/11/22(日) | 先着 ビバラッシュ 10th ANNIVERSARY TOUR「フルチャージ」
  4582340001 | 2026/11/23(月・祝) | 先着 Redo ONEMAN Tour「ECLIPSE ～UMBRA～」
  4554370001 | 2026/11/24(火) | 抽選 Sick2 presents 『Sick2 BOX 2026-WEST-』
  4578090001 | 2026/11/24(火) | 抽選 グラビティ ONEMAN 音楽 -myu生誕祭2026-
  4566610001 | 2026/11/24(火) | 先着 えんそく主催3MAN 「無差別攻劇、初冬。～闇に灯る痕跡～」
  4587110001 | 2026/11/26(木) | 抽選 MAMA. 関東TOUR 「湖に沈んだ街」FINAL
  4576830001 | 2026/11/29(日) | 抽選 BabyKingdom 休園ワンマンライブツアー『UNITED HEARTS』
  4566550001 | 2026/11/30(月) | 抽選 ゼラ Oneman Tour 『Kinetic Horror Show』
  4584020001 | 2026/11/30(月) | 抽選 『Aiming』Multiple
  4518720001 | 2026/11/30(月) | 先着 黒蜜47都道府県ONEMAN TOUR「純愛」～静岡～ 黒蜜
  4564870001 | 2026/12/2(水) | 抽選 Sick2 Oneman Tour Final 『女の子を騙すだけの簡単なお仕事です。Vol.
  4514160001 | 2026/12/3(木) | 先着 黒蜜47都道府県ONEMAN TOUR「純愛」～沖縄～
  4514170001 | 2026/12/4(金) | 先着 黒蜜47都道府県ONEMAN TOUR「純愛」～沖縄～
  4588620001 | 2026/12/4(金) | 先着 NICOLAS ONEMAN 「ANOMALY」
  4571500001 | 2026/12/5(土) | 先着 BabyKingdom 休園ワンマンライブツアー 『UNITED HEARTS』
  4584560001 | 2026/12/5(土) | 先着 Redo ONEMAN Tour 「ECLIPSE ～UMBRA～」
  0719780001 | 2026/12/5(土) | 先着 DIAURA
  4581730001 | 2026/12/5(土) | 先着 ダウト19～20周年記念47都道府県TOUR 「ダウト鬼念火」
  4581740001 | 2026/12/5(土) | 先着 【地元民割チケット】ダウト19～20周年記念47都道府県TOUR 「ダウト鬼念火」
  4582320001 | 2026/12/6(日) | 抽選 Redo ONEMAN Tour 「ECLIPSE ～UMBRA～」
  4587620001 | 2026/12/6(日) | 先着 プラトリウム
  4566780001 | 2026/12/9(水) | 抽選 関東強制ログイン
  4585570001 | 2026/12/9(水) | 先着 BabyKingdom×哀と凛人の無所属共同主催ライブ
  4579500001 | 2026/12/11(金) | 先着 DAMNED ONEMAN TOUR2026～2027『Cure』
  4585590001 | 2026/12/12(土) | 先着 鬼ヶ島vs浅葱 「桃鬼伝来物語II」
  4576840001 | 2026/12/12(土) | 抽選 BabyKingdom 休園ワンマンライブツアー『UNITED HEARTS』
  4582260001 | 2026/12/12(土) | 抽選 Redo ONEMAN Tour「ECLIPSE ～UMBRA～」
  4572070001 | 2026/12/13(日) | 先着 BabyKingdom 休園ワンマンライブツアー UNITED HEARTS
  0976840001 | 2026/12/19(土) | 先着 えんそく
  4570800001 | 2026/12/19(土) | 先着 BabyKingdom 休園ワンマンライブツアー 『UNITED HEARTS』
  4570820001 | 2026/12/19(土) | 先着 【ペアチケット】BabyKingdom 休園ワンマンライブツアー 『UNITED HEARTS
  4578230001 | 2026/12/22(火) | 先着 glamscure presents madoka生誕祭「COUNT//XXV」
  4591380001 | 2026/12/22(火) | 先着 蜈蚣 東名クリスマスワンマンツアー『メリクリ』
  4565900001 | 2026/12/24(木) | 抽選 KAKURIYO PANDA.2nd Anniversary year企画5弾 クリスマスsp
  4576850001 | 2026/12/25(金) | 抽選 BabyKingdom 休園ワンマンライブツアー『UNITED HEARTS』
  4577860001 | 2026/12/26(土) | 先着 ダウト19～20周年記念47都道府県TOUR 「ダウト鬼念火」
  0001980001 | 2026/12/27(日) | 抽選 Plastic Tree 年末公演2026ゆくプラくるプラ～Songs for The Flo
  4588630001 | 2026/12/28(月) | 先着 NICOLAS ONEMAN 「進化論」Theory of evolution 2026
  4582960001 | 2026/12/31(木) | 抽選 ELISE ONEMAN COUNTDOWN 2026-2027 「FAMILIA」
  4575070001 | 2027/1/10(日) | 先着 カメレオ KAMELEO 15th LIVE ～めちゃ×15みなさんのおかげでした～
  4581820001 | 2027/1/15(金) | 抽選 DAMNED ONEMAN TOUR2026～2027『Cure』
  4573710001 | 2027/1/23(土) | 抽選 ka-yu THE LIVE -January 2027-
  4590070001 | 2027/1/29(金) | 先着 東名阪単独救難行脚「流転」
  4581920001 | 2027/1/31(日) | 抽選 DAMNED ONEMAN TOUR2026～2027『Cure』
  4579760001 | 2027/2/4(木) | 先着 DAMNED ONEMAN TOUR2026～2027『Cure』
  4579340001 | 2027/2/5(金) | 先着 DAMNED ONEMAN TOUR2026～2027『Cure』
  4569190001 | 2027/2/13(土) | 先着 NICOLAS ONEMAN TOUR 2026-2027 「TABOO」
  4586380001 | 2027/2/17(水) | 抽選 BLAZE東名阪単独救難行脚 「流転」
  4586660001 | 2027/2/17(水) | 先着 [布教チケット]BLAZE東名阪単独救難行脚 「流転」
  4580410001 | 2027/2/18(木) | 先着 DAMNED ONEMAN TOUR2026～2027『Cure』
  4586530001 | 2027/2/18(木) | 先着 東名阪単独救難行脚「流転」
  4587290001 | 2027/2/18(木) | 先着 東名阪単独救難行脚「流転」[布教チケット]
  4580680001 | 2027/2/19(金) | 先着 DAMNED ONEMAN TOUR2026～2027『Cure』
  4580790001 | 2027/3/7(日) | 先着 DAMNED DAMNEDAMNED ONEMAN TOUR2026～2027『Cure』
