p30: 50枚 受付前10 | 累計uniq受付前 2 (DB未収録 2)
p31 ERR HTTP Error 503: Service Unavailable
p32: 50枚 受付前3 | 累計uniq受付前 5 (DB未収録 4)
p33: 50枚 受付前2 | 累計uniq受付前 7 (DB未収録 6)
p34: 50枚 受付前3 | 累計uniq受付前 8 (DB未収録 7)
p35: 50枚 受付前0 | 累計uniq受付前 8 (DB未収録 7)
p36: 50枚 受付前3 | 累計uniq受付前 10 (DB未収録 9)
p37: 50枚 受付前3 | 累計uniq受付前 11 (DB未収録 10)
p38: 50枚 受付前2 | 累計uniq受付前 12 (DB未収録 11)
p39: 50枚 受付前2 | 累計uniq受付前 13 (DB未収録 12)
p40: 50枚 受付前4 | 累計uniq受付前 15 (DB未収録 13)
p41 ERR HTTP Error 503: Service Unavailable
p42 ERR HTTP Error 503: Service Unavailable
p43: 50枚 受付前4 | 累計uniq受付前 16 (DB未収録 14)
p44: 50枚 受付前3 | 累計uniq受付前 19 (DB未収録 17)
p45: 50枚 受付前7 | 累計uniq受付前 22 (DB未収録 20)
p46: 50枚 受付前4 | 累計uniq受付前 24 (DB未収録 22)
p47: 50枚 受付前3 | 累計uniq受付前 25 (DB未収録 23)
p48: 50枚 受付前1 | 累計uniq受付前 25 (DB未収録 23)
p49 ERR HTTP Error 503: Service Unavailable
p50: 50枚 受付前3 | 累計uniq受付前 27 (DB未収録 24)
p51: 50枚 受付前3 | 累計uniq受付前 29 (DB未収録 26)
p52: 50枚 受付前4 | 累計uniq受付前 32 (DB未収録 29)
p53 ERR HTTP Error 503: Service Unavailable
p54: 50枚 受付前3 | 累計uniq受付前 34 (DB未収録 31)
p55: 50枚 受付前4 | 累計uniq受付前 38 (DB未収録 35)
p56: 50枚 受付前2 | 累計uniq受付前 39 (DB未収録 36)
p57 ERR HTTP Error 503: Service Unavailable
p58: 50枚 受付前5 | 累計uniq受付前 41 (DB未収録 38)
p59: 50枚 受付前6 | 累計uniq受付前 44 (DB未収録 41)
p60: 50枚 受付前5 | 累計uniq受付前 48 (DB未収録 45)
p61: 50枚 受付前8 | 累計uniq受付前 54 (DB未収録 51)
p62: 50枚 受付前5 | 累計uniq受付前 56 (DB未収録 53)
=== 受付前(発売前) DB未収録 53件 → tmp/eplus_presale.json ===
  2933580002 | 2026/10/12(月・祝) | 先着 中村佳穂 NAKAMURA KAHO Billboard Live TOUR うたのげんざいち
  2818490001 | 2026/10/13(火) | 抽選 パンダドラゴン ツーショット撮影会 なるき/たいが 聖誕記念2shot撮影会2026
  3958560001 | 2026/10/17(土) | 先着 ナナクロニクル かける聖誕祭 2026
  0534530001 | 2026/10/18(日) | 先着 LiSA
  3958700001 | 2026/10/18(日) | 先着 ナナクロニクル おと聖誕祭 2026
  4428210001 | 2026/10/19(月) | 先着 株式会社DDユニット対バンライブ「オノマトペ」 「オノマトペ2」
  4589980001 | 2026/10/20(火) | 先着 上田正樹&内田勘太郎 Singing the Soul & Play the Slide 20
  2826230002 | 2026/10/25(日) | 先着 藤川千愛 at Billboard Live YOKOHAMA
  4571360001 | 2026/10/25(日) | 先着 甲南女子大学 よつば祭 LIL LEAGUE SPECIAL LIVE
  1261160001 | 2026/10/27(火) | 先着 HOT STUFF presents Ruby Tuesday 70
  4592340002 | 2026/10/29(木) | 先着 橋本さとし Satoshi Hashimoto 「ALIVE」-act1-
  0004730004 | 2026/10/31(土) | 先着 小柳ゆき Billboard Live 2026
  4588190001 | 2026/11/1(日) | 先着 MON7A <東京都市大学 第97回世田谷祭>TOSHI MUSIC 2026
  0115690001 | 2026/11/6(金) | 先着 三浦大知
  0024790001 | 2026/11/7(土) | 先着 DA PUMP <追加公演>
  4592950001 | 2026/11/8(日) | 先着 めろめろぱんちRound17 天体観測
  4104700001 | 2026/11/8(日) | 先着 meli melo osaka in toyonaka【music】
  4565780001 | 2026/11/8(日) | 先着 さだまさしコンサートツアー2026神さまの言うとおり
  0872320001 | 2026/11/10(火) | 先着 まらしぃ 「幻想遊戯演奏会 2026」
  0009970001 | 2026/11/11(水) | 抽選 谷山浩子
  0011630001 | 2026/11/12(木) | 先着 ゴスペラーズ
  4580970001 | 2026/11/14(土) | 先着 石井一孝 Autumn Live 2026 <Dear,Me... 明日の僕へ～>
  0005930001 | 2026/11/14(土) | 先着 杉山清貴
  0084810001 | 2026/11/21(土) | 先着 清水ミチコ 40th BEST～「SHOW MUST GOING MY WAY」
  4363550001 | 2026/11/23(月・祝) | 先着 サーカス/庄野真代/渡辺真知子 時代を彩る歌姫たち
  0042760001 | 2026/11/23(月・祝) | 先着 access
  0115600001 | 2026/11/24(火) | 先着 松任谷由実
  4306490002 | 2026/11/27(金) | 先着 ハナレグミ faraway so close 2026 ～ハナレグミ with sweet t
  2260330001 | 2026/11/27(金) | 先着 柴田聡子
  3613620001 | 2026/11/29(日) | 先着 Musical Lovers 2026
  3719600001 | 2026/11/30(月) | 先着 多田周子 コンサート Lumiere DOYO + vol.3
  4588660001 | 2026/12/2(水) | 先着 サーカス ～心をつなぐハーモニー～ 思い出の名曲コンサート
  4583170001 | 2026/12/3(木) | 先着 anzu 10th anniversary 焦点 -show ten- release liv
  4592430001 | 2026/12/3(木) | 先着 Urey oneman show「〆vol.3 ～Turn the Tables～」
  0133150001 | 2026/12/4(金) | 先着 ASKA
  0006340001 | 2026/12/6(日) | 先着 辛島美登里 クリスマスディナー&ライブ 2026
  0007190001 | 2026/12/13(日) | 先着 中村雅俊
  4561700001 | 2026/12/13(日) | 先着 福士誠治 Acoustic Live「冬灯 -ふゆあかり-」
  4582580001 | 2026/12/14(月) | 抽選 上田タカヒロ BAND LIVE TOUR 2026 ”Beautiful Human”
  0022440001 | 2026/12/18(金) | 先着 角松敏生
  4578920001 | 2026/12/19(土) | 先着 曾我泰久 Xmas LIVE TOUR ～ POP&ROCK 2026 Manipulatio
  4593520001 | 2026/12/20(日) | 先着 ～ジジイがChristmasにやってくる!～バブルガム･ブラザーズ LAST LIVE Vol
  0003220001 | 2026/12/21(月) | 先着 杏里
  1465430001 | 2026/12/22(火) | 先着 GENERATIONS
  4565820001 | 2026/12/22(火) | 先着 渡辺満里奈
  0000690001 | 2026/12/23(水) | 先着 石井竜也
  4577090001 | 2026/12/24(木) | 先着 曾我泰久 Xmas LIVE TOUR ～ POP&ROCK 2026
  0171670001 | 2026/12/26(土) | 先着 FUNKIST
  4588970001 | 2026/12/26(土) | 先着 【day1-2nd】→Pia-no-jaC← スペシャルライブ&セッション →Pia-no-j
  4588980001 | 2026/12/27(日) | 先着 【day2-1st】→Pia-no-jaC← 2026 大忘年会Vol.18 ～大阪編～ プロ
  4589000001 | 2026/12/27(日) | 先着 【day2-2nd】→Pia-no-jaC← 2026 大忘年会Vol.18 ～大阪編～ プロ
  0007190012 | 2027/1/8(金) | 先着 中村雅俊
  4181730001 | 2027/1/13(水) | 先着 カキンツハルカ
