classic          未掲載 0件 (exit 0)
idol             未掲載 11件 (exit 0)
enka             未掲載 16件 (exit 0)
hiphop-rap       未掲載 2件 (exit 0)
visual           未掲載 164件 (exit 0)
voiceactor-live  未掲載 7件 (exit 0)
anime-song       未掲載 0件 (exit 0)
k-pop-asian      未掲載 1件 (exit 0)
jazz-fusion      未掲載 11件 (exit 0)
festival         未掲載 0件 (exit 0)

=== 合計 306件（重複除き）→ tmp/ep_presale_all_0830.json ===
   classic          0
   idol             11
   enka             16
   hiphop-rap       2
   visual           164
   voiceactor-live  7
   anime-song       0
   k-pop-asian      1
   jazz-fusion      11
   festival         0
