候補 99件 → 新規アーティスト 32組
  ○ id6038 橋本さとし | 公演4(会場2) 枠4 | 2026-10-29〜2026-10-31
      ＋他公演を回収: 2026-11-06 Billboard Live OSAKA
      ＋他公演を回収: 2026-11-10 Billboard Live YOKOHAMA
      ＋他公演を回収: 2026-11-10 Billboard Live YOKOHAMA
  ○ id6039 小柳ゆき | 公演8(会場3) 枠8 | 2026-10-31〜2026-11-10
  ○ id6040 MON7A | 公演1(会場1) 枠1 | 2026-11-01〜2026-11-01
  ○ id6041 めろめろぱんちRound17 | 公演1(会場1) 枠1 | 2026-11-08〜2026-11-08
  ○ id6042 石井一孝 | 公演2(会場1) 枠2 | 2026-11-14〜2026-11-14
  ○ id6043 サーカス/庄野真代/渡辺真知子 | 公演1(会場1) 枠1 | 2026-11-23〜2026-11-23
  ○ id6044 ハナレグミ | 公演4(会場2) 枠4 | 2026-11-27〜2026-12-13
  ○ id6045 anzu | 公演1(会場1) 枠1 | 2026-12-03〜2026-12-03
  ○ id6046 Urey | 公演1(会場1) 枠1 | 2026-12-03〜2026-12-03
  ○ id6047 福士誠治 | 公演2(会場1) 枠2 | 2026-12-13〜2026-12-14
      ＋他公演を回収: 2026-12-10 Spotify O-nest
  ○ id6048 上田タカヒロ | 公演4(会場2) 枠4 | 2026-12-10〜2026-12-14
  ○ id6049 ～ジジイがChristmasにやってくる!～バブルガム･ブラザーズ | 公演2(会場1) 枠2 | 2026-12-20〜2026-12-20
  ○ id6050 【day1-2nd】→Pia-no-jaC← スペシャルライブ&セッション →Pia-no-jaC← | 公演1(会場1) 枠1 | 2026-12-26〜2026-12-26
  ○ id6051 【day2-1st】→Pia-no-jaC← 2026 大忘年会Vol.18 ～大阪編～ プロデュースHIRO | 公演1(会場1) 枠1 | 2026-12-27〜2026-12-27
  ○ id6052 【day2-2nd】→Pia-no-jaC← 2026 大忘年会Vol.18 ～大阪編～ プロデュースHAYATO | 公演1(会場1) 枠1 | 2026-12-27〜2026-12-27
      ＋他公演を回収: 2026-09-16 BLAZE GOTANDA
  ○ id6053 清春 | 公演4(会場2) 枠4 | 2026-11-02〜2026-11-04
  ○ id6054 極悪華麗GIG#56 | 公演1(会場1) 枠1 | 2026-11-03〜2026-11-03
  ○ id6055 終活クラブ/セックスマシーン!! | 公演1(会場1) 枠1 | 2026-11-05〜2026-11-05
  ○ id6056 <Hammer Head Shark×水平線> 月見ル君想フ22周年記念公演 “Abyss” | 公演1(会場1) 枠1 | 2026-11-08〜2026-11-08
  ○ id6057 橘高文彦&本城聡章 | 公演2(会場2) 枠2 | 2026-11-08〜2026-11-21
  ○ id6058 kanazawa | 公演1(会場1) 枠1 | 2026-11-13〜2026-11-13
  ○ id6059 13.3g | 公演6(会場2) 枠6 | 2026-11-15〜2026-12-20
      ＋他公演を回収: 2026-11-30 Billboard Live YOKOHAMA
  ○ id6060 ブギ連 | 公演6(会場3) 枠6 | 2026-11-16〜2026-11-30
      ＋他公演を回収: 2026-11-16 
  ○ id6061 [マンスリーヒカシュー2026] | 公演2(会場1) 枠2 | 2026-11-16〜2026-11-16
  ○ id6062 X-pt. | 公演1(会場1) 枠1 | 2026-11-21〜2026-11-21
  ○ id6063 鈴木茂 | 公演4(会場2) 枠4 | 2026-11-22〜2026-11-28
  ○ id6064 パナフェス2026 | 公演1(会場1) 枠1 | 2026-11-23〜2026-11-23
  ○ id6065 おとぎ話 | 公演1(会場1) 枠1 | 2026-11-26〜2026-11-26
  ○ id6066 古正寺恵巳生誕ライブ2026 | 公演2(会場1) 枠2 | 2026-09-27〜2026-09-27
  ○ id6067 二見颯一&青山新 | 公演10(会場2) 枠10 | 2026-11-15〜2026-11-22
  ○ id6068 丘みどりコンサート | 公演2(会場2) 枠2 | 2026-10-07〜2026-11-26
  ○ id6069 石川さゆりプレミアムアコースティックコンサート | 公演1(会場1) 枠1 | 2026-11-28〜2026-11-28
=== 32エントリ生成 → tmp/eplus_built.json ===
