=== e+ 投入ゲート ===
  エントリ 33件 / 照合したURL 55本
  A 実ページの枠合計 66 / ビルドの枠合計 59
  B 公演の取りこぼし 4件

🚨 A 枠数が合わない 8件（**投入しない**）:
   id6045   ハナレグミ                    実ページ0枠 ≠ ビルド1枠
      URL: https://eplus.jp/sf/detail/4306490002-P0030002P021001
      ビルド: 先着一般発売（東京都 11/27公演）9/2 12:00発売
   id6049   上田タカヒロ                   実ページ2枠 ≠ ビルド1枠
      URL: https://eplus.jp/sf/detail/0527630001-P0030007P021001
      ページ: 抽選S席受付 2026-09-05〜2026-09-11
      ページ: 先着一般発売 2026-09-19〜2026-12-09
      ビルド: 先着一般発売（東京都 12/10公演）9/19 21:00発売
   id6049   上田タカヒロ                   実ページ2枠 ≠ ビルド1枠
      URL: https://eplus.jp/sf/detail/4582580001-P0030001P021001
      ページ: 抽選S席受付 2026-09-05〜2026-09-11
      ページ: 先着一般発売 2026-09-19〜2026-12-13
      ビルド: 先着一般発売（大阪府 12/14公演）9/19 21:00発売
   id6060   13.3g                    実ページ3枠 ≠ ビルド1枠
      URL: https://eplus.jp/sf/detail/3732430001-P0030049P021001
      ページ: 抽選プレオーダー受付 2026-08-30〜2026-09-09
      ページ: 抽選2次プレオーダー受付 2026-09-12〜2026-09-17
      ページ: 先着一般販売 2026-09-26〜2026-12-19
      ビルド: 先着一般販売（東京都 12/20公演）9/26 10:00発売
   id6068   二見颯一&青山新                 実ページ2枠 ≠ ビルド1枠
      URL: https://eplus.jp/sf/detail/4125060001-P0030011P021001
      ページ: 抽選【会場観覧チケット】プレオーダー受付 2026-08-29〜2026-09-04
      ページ: 先着【会場観覧チケット】一般発売 2026-09-14〜2026-11-11
      ビルド: 先着【会場観覧チケット】一般発売（兵庫県 11/15 12:30公演）9/14 11:00発売
   id6068   二見颯一&青山新                 実ページ2枠 ≠ ビルド1枠
      URL: https://eplus.jp/sf/detail/4125060001-P0030011P021002
      ページ: 抽選【会場観覧チケット】プレオーダー受付 2026-08-29〜2026-09-04
      ページ: 先着【会場観覧チケット】一般発売 2026-09-14〜2026-11-11
      ビルド: 先着【会場観覧チケット】一般発売（兵庫県 11/15 16:00公演）9/14 11:00発売
   id6068   二見颯一&青山新                 実ページ2枠 ≠ ビルド1枠
      URL: https://eplus.jp/sf/detail/4125060001-P0030012P021001
      ページ: 抽選【会場観覧チケット】プレオーダー受付 2026-08-29〜2026-09-04
      ページ: 先着【会場観覧チケット】一般発売 2026-09-14〜2026-11-18
      ビルド: 先着【会場観覧チケット】一般発売（東京都 11/22 12:30公演）9/14 11:00発売
   id6068   二見颯一&青山新                 実ページ2枠 ≠ ビルド1枠
      URL: https://eplus.jp/sf/detail/4125060001-P0030012P021002
      ページ: 抽選【会場観覧チケット】プレオーダー受付 2026-08-29〜2026-09-04
      ページ: 先着【会場観覧チケット】一般発売 2026-09-14〜2026-11-18
      ビルド: 先着【会場観覧チケット】一般発売（東京都 11/22 16:00公演）9/14 11:00発売

🚨 B 同じ公演名の他の公演がアーティストページにある 4件（**投入しない**）:
   id6054   清春 ＋3公演
      2026-09-16 BLAZE GOTANDA  https://eplus.jp/sf/detail/0084320001-P0030471P021001
      2026-11-02 Billboard Live TOKYO  https://eplus.jp/sf/detail/0084320009-P0030478P021002
      2026-11-04 Billboard Live OSAKA  https://eplus.jp/sf/detail/0084320009-P0030474P021002
   id6061   ブギ連 ブギる心～外伝 ＋3公演
      2026-11-16 Billboard Live TOKYO  https://eplus.jp/sf/detail/2940860002-P0030010P021002
      2026-11-18 Billboard Live OSAKA  https://eplus.jp/sf/detail/2940860002-P0030012P021002
      2026-11-30 Billboard Live YOKOHAMA  https://eplus.jp/sf/detail/2940860002-P0030011P021002
   id6064   鈴木茂「LAGOON」発売50周年記念ライブ ＋2公演
      2026-11-22 Billboard Live OSAKA  https://eplus.jp/sf/detail/1852010003-P0030038P021002
      2026-11-28 Billboard Live TOKYO  https://eplus.jp/sf/detail/1852010003-P0030039P021002
   id6068   二見颯一&青山新 ライブツアー2026 ＋1公演
      2026-11-22   https://eplus.jp/sf/detail/4125060001-P0030013P021001

=== ❌ FAIL: 枠または公演が落ちている。直してから再ビルドすること ===
