rock-indies      未掲載 42件 (exit 0)
idol             未掲載 0件 (exit 0)
classic          未掲載 0件 (exit 0)
enka             未掲載 0件 (exit 0)
hiphop-rap       未掲載 0件 (exit 0)
visual           未掲載 0件 (exit 0)
voiceactor-live  未掲載 0件 (exit 0)
anime-song       未掲載 0件 (exit 0)
k-pop-asian      未掲載 0件 (exit 0)
jazz-fusion      未掲載 0件 (exit 0)
festival         未掲載 0件 (exit 0)

=== 合計 94件（重複除き）→ tmp/ep_presale_all_0830.json ===
   rock-indies      42
   idol             0
   classic          0
   enka             0
   hiphop-rap       0
   visual           0
   voiceactor-live  0
   anime-song       0
   k-pop-asian      0
   jazz-fusion      0
   festival         0
