p30: 50枚 受付前0 | 累計uniq受付前 0 (DB未収録 0)
p31: 50枚 受付前1 | 累計uniq受付前 1 (DB未収録 1)
p32: 50枚 受付前0 | 累計uniq受付前 1 (DB未収録 1)
p33 ERR HTTP Error 503: Service Unavailable
p34: 50枚 受付前0 | 累計uniq受付前 1 (DB未収録 1)
p35: 50枚 受付前1 | 累計uniq受付前 2 (DB未収録 2)
p36 ERR HTTP Error 503: Service Unavailable
p37: 50枚 受付前0 | 累計uniq受付前 2 (DB未収録 2)
p38: 50枚 受付前2 | 累計uniq受付前 4 (DB未収録 4)
p39: 50枚 受付前2 | 累計uniq受付前 5 (DB未収録 5)
p40: 50枚 受付前1 | 累計uniq受付前 6 (DB未収録 6)
p41: 50枚 受付前6 | 累計uniq受付前 11 (DB未収録 11)
p42 ERR HTTP Error 503: Service Unavailable
p43 ERR HTTP Error 503: Service Unavailable
p44: 50枚 受付前0 | 累計uniq受付前 11 (DB未収録 11)
p45 ERR HTTP Error 503: Service Unavailable
p46: 50枚 受付前2 | 累計uniq受付前 13 (DB未収録 13)
p47 ERR HTTP Error 503: Service Unavailable
p48: 50枚 受付前3 | 累計uniq受付前 16 (DB未収録 16)
p49: 50枚 受付前1 | 累計uniq受付前 17 (DB未収録 17)
p50: 50枚 受付前1 | 累計uniq受付前 18 (DB未収録 18)
p51: 50枚 受付前0 | 累計uniq受付前 18 (DB未収録 18)
p52: 50枚 受付前1 | 累計uniq受付前 19 (DB未収録 19)
p53: 50枚 受付前3 | 累計uniq受付前 22 (DB未収録 22)
p54: 50枚 受付前4 | 累計uniq受付前 26 (DB未収録 26)
p55: 50枚 受付前3 | 累計uniq受付前 28 (DB未収録 28)
p56 ERR HTTP Error 503: Service Unavailable
p57: 50枚 受付前5 | 累計uniq受付前 32 (DB未収録 32)
p58: 50枚 受付前4 | 累計uniq受付前 35 (DB未収録 35)
p59: 50枚 受付前3 | 累計uniq受付前 38 (DB未収録 38)
p60: 50枚 受付前2 | 累計uniq受付前 40 (DB未収録 40)
p61: 50枚 受付前3 | 累計uniq受付前 41 (DB未収録 41)
p62: 50枚 受付前2 | 累計uniq受付前 42 (DB未収録 42)
=== 受付前(発売前) DB未収録 42件 → tmp/eplus_presale.json ===
  2597450001 | 2026/10/12(月・祝) | 先着 kobore
  4578350001 | 2026/10/18(日) | 抽選 TOKIWA FES 2026「フレデリック × This is LAST」
  4575460001 | 2026/10/24(土) | 先着 go!go!vanillas〈静岡県立大学 剣祭〉
  1359660001 | 2026/10/24(土) | 先着 夜の本気ダンス
  3489640001 | 2026/10/24(土) | 先着 RENO 【1部】RMizm Vol.5 -LIVE-/【2部】RMizm Vol.5-TAL
  4586820001 | 2026/10/25(日) | 抽選 シンガーズハイ<駿河台大学 駿輝祭>
  4580800001 | 2026/10/25(日) | 先着 1st Full album『CAMP』Release tour “新世界へ!!”大阪編@LI
  4581860001 | 2026/10/26(月) | 先着 DRUMGODS vol.34 ～ 360° ～
  4589110001 | 2026/10/26(月) | 先着 【一般】FUSE 20th Anniversary
  1261160001 | 2026/10/27(火) | 先着 HOT STUFF presents Ruby Tuesday 70
  4582620001 | 2026/10/27(火) | 先着 SHINJUKU LOFT 50th ANNIVERSARY『ENDSCAPE vol.63』
  0084320009 | 2026/11/2(月) | 先着 清春
  4593760001 | 2026/11/3(火・祝) | 先着 極悪華麗GIG#56(仮)揚げ物カレー?
  4591810001 | 2026/11/5(木) | 先着 終活クラブ/セックスマシーン!! だれが清水温泉や -MINAMI WHEEL EDITION
  4554840001 | 2026/11/7(土) | 先着 A(c)presents 「金沢一生青春FESTIVAL 2026」 ～ vanvanV4 4
  4192180001 | 2026/11/7(土) | 先着 語りのバンドマン 2026
  4593940001 | 2026/11/8(日) | 先着 <Hammer Head Shark×水平線> 月見ル君想フ22周年記念公演 “Abyss”
  4574790001 | 2026/11/8(日) | 先着 橘高文彦&本城聡章 Acoustic Sessions 「Dream On Guitars T
  4580860001 | 2026/11/13(金) | 先着 kanazawa vanvanV4 45th Anniversary
  0178780001 | 2026/11/14(土) | 先着 9mm Parabellum Bullet
  3709460001 | 2026/11/14(土) | 先着 やさしいひとたち。
  0284410001 | 2026/11/14(土) | 先着 佐野元春 & THE COYOTE BAND
  1948790001 | 2026/11/15(日) | 先着 リーガルリリー
  1161170001 | 2026/11/15(日) | 先着 GLIM SPANKY
  3732430001 | 2026/11/15(日) | 抽選 13.3g ONE MAN LIVE ”CLAIM” OSAKA
  2940860002 | 2026/11/16(月) | 先着 ブギ連 ブギる心～外伝
  4531580001 | 2026/11/16(月) | 先着 [マンスリーヒカシュー2026] 11月編 もんどりを打って正義感が宙に浮くのを制止する
  4531630001 | 2026/11/16(月) | 先着 [マンスリーヒカシュー2026] 11月編 もんどりを打って正義感が宙に浮くのを制止する
  4587300001 | 2026/11/21(土) | 先着 X-pt. 20th Anniversary Live SPECIAL THANKS THE 
  4574110001 | 2026/11/21(土) | 先着 橘高文彦&本城聡章 Acoustic Sessions「Dream On Guitars To
  2179150001 | 2026/11/21(土) | 先着 DYGL
  1852010003 | 2026/11/22(日) | 先着 鈴木茂「LAGOON」発売50周年記念ライブ
  4580820001 | 2026/11/23(月・祝) | 先着 パナフェス2026 feat. COMING KOBE
  4594570001 | 2026/11/23(月・祝) | 先着 鶴 5周目の47都道府県ツアー「鶴フェスへの道」長崎県公演
  0557640001 | 2026/11/23(月・祝) | 先着 山中さわお & ELPIS
  0007660001 | 2026/11/23(月・祝) | 先着 POLYSICS 突然ワンマンシリーズvol.3～シャチホコれ名古屋!～
  2127270001 | 2026/11/23(月・祝) | 抽選 神はサイコロを振らない
  0243200001 | 2026/11/25(水) | 先着 People In The Box
  4594540001 | 2026/11/26(木) | 先着 おとぎ話 ”おとぎ話 F” OTOGIVANASHI Tour 2026
  0000230001 | 2026/11/27(金) | 抽選 THE ALFEE
  0907410001 | 2026/11/27(金) | 先着 奇妙礼太郎BAND
  0146670001 | 2026/11/29(日) | 先着 ザ50回転ズ
