=== 期限切れチェック (today=2026-08-31) ===

[index.html] 全4019件 → 期限切れ削除候補(公演終了済) 66件 / ⚠️要再確認(公演は未来・要WebFetch) 199件
  id=108: ブルーマングループ / ブルーマングループ2026 新宿公演 @ THEATER MILANO-Za（東急歌舞伎町タワー6階） (2026-08-30) [全販売終了, 開催終了2026-08-30]
     - グループ割発売（3名以上）: 2026-08-29 soldout=False
     - 一般発売: 2026-08-30 soldout=False
  id=121: アンジェラ・アキ / アンジェラ・アキ Tour 2026 SHADOW WORK @ 全国ツアー (2026-08-30) [全販売終了, 開催終了2026-08-30]
     - 一般発売.（山口 8/2公演）〜7/31 23:59: 2026-07-31 soldout=False
     - 一般発売（京都 8/5公演）〜8/4 23:59: 2026-08-04 soldout=False
     - 一般発売（岡山 8/21公演）〜8/5 23:59: 2026-08-05 soldout=False
     - 一般発売（栃木 8/11公演）〜8/10 23:59: 2026-08-10 soldout=False
     - 一般発売（千葉 8/14公演）〜8/13 23:59: 2026-08-13 soldout=False
     - 一般発売（宮城・山形 8/28〜8/30公演）〜8/29 23:59: 2026-08-29 soldout=False
  id=196: Antonio Najarro Dance Company / Antonio Najarro Dance Company『ボレロ』 @ 川口リリア／新国立劇場 中劇場(東京)／愛知県芸術劇場 (2026-08-30) [全販売終了, 開催終了2026-08-30]
     - 埼玉公演 一般発売: 2026-08-19 soldout=False
     - 愛知公演 一般発売: 2026-08-24 soldout=False
     - 東京公演 一般発売: 2026-08-27 soldout=False
  id=300: 山崎玲奈／内海啓貴／山口乃々華／七瀬恋彩／皆本麻帆 ほか / メインランドジャパン ファンタジースペシャル ブロードウェイミュージカル『ピーター・パン』 @ 全国ツアー（御園座／YCC県民文化ホール 大ホール） (2026-08-30) [全販売終了, 開催終了2026-08-30]
     - 一般発売（愛知 8/22〜8/23公演）〜8/22 23:59: 2026-08-22 soldout=False
     - 一般発売（山梨 8/29〜8/30公演）〜8/29 23:59: 2026-08-29 soldout=False
  id=358: blast / blast ブラスト！ @ 全国ツアー（東京エレクトロンホール宮城／シェルターなんようホール／水戸市民会館／宇都宮市文化会館／大宮ソニックシティ／市川市文化会館／東急シアターオーブ／ホクト文化ホール／アクトシティ浜松／Niterraホール／オリックス劇場／広島文化学園HBGホール／福岡サンパレス／熊本城ホール） (2026-08-30) [全販売終了, 開催終了2026-08-30]
     - 一般発売（宮城・山形 7/25〜7/26）: 2026-07-23 soldout=False
     - 一般発売（長野 8/2）: 2026-07-31 soldout=False
     - 一般発売（茨城・栃木・埼玉・千葉・東京 7/29〜8/16）: 2026-08-15 soldout=False
     - 一般発売（広島 8/19）: 2026-08-17 soldout=False
     - 一般発売（熊本 8/20）: 2026-08-18 soldout=False
     - 一般発売（福岡 8/21〜8/22）: 2026-08-21 soldout=False
     - 一般発売（愛知 8/24〜8/25）: 2026-08-23 soldout=False
     - 一般発売（大阪 8/28〜8/30）: 2026-08-27 soldout=False
     - 一般発売（静岡・アクトシティ浜松 8/26）: 2026-08-25 soldout=False
  id=369: 荒川静香／高橋大輔／坂本花織 ほか / Friends on Ice 2026 @ KOSE新横浜スケートセンター (2026-08-30) [全販売終了, 開催終了2026-08-30]
     - 一般発売: 2026-08-30 soldout=False
  id=387: ミュージカル『テニスの王子様』4thシーズン / ミュージカル『テニスの王子様』4thシーズン 全国大会 青学vs立海 前編 @ 全国ツアー(呉信用金庫ホール／福岡市民ホール／タチカワステージガーデン ほか) (2026-08-30) [全販売終了, 開催終了2026-08-30]
     - 広島公演(7/31〜8/2) 一般発売: 2026-07-30 soldout=False
     - 福岡公演(8/14〜8/16) 一般発売: 2026-08-13 soldout=False
     - 東京凱旋(8/22〜8/30) 一般発売: 2026-08-27 soldout=False
  id=494: 足立佳奈 / ADACHI KANA 9th Anniversary Live -good day- @ Shibuya WWW (2026-08-30) [全販売終了, 開催終了2026-08-30]
     - 一般発売（東京 8/30公演）〜8/29 23:59: 2026-08-29 soldout=False
  id=533: ＧＡＬＮＥＲＹＵＳ / ＧＡＬＮＥＲＹＵＳ 2026 @ セカンド・クラッチ(広島) (2026-08-30) [全販売終了, 開催終了2026-08-30]
     - 一般発売（広島 8/30公演）〜8/20 23:59: 2026-08-20 soldout=False
  id=539: Cloudy / Cloudy ツアー 2026 @ 全国ツアー（KYOTO MUSE／金沢vanvanV4／CRAZYMAMA 2nd Room） (2026-08-30) [全販売終了, 開催終了2026-08-30]
     - 一般発売（京都 8/22公演）〜8/13 23:59: 2026-08-13 soldout=False
     - 一般発売（石川 8/23公演）〜8/13 23:59: 2026-08-13 soldout=False
     - 一般発売（岡山 8/30公演）〜8/29 23:59: 2026-08-29 soldout=False
  id=543: 交感ひろば@SPACE ZERO Part30 LIVE Light Mellow Vol.9 / 交感ひろば@SPACE ZERO Part30 LIVE Light Mellow Vol.9 2026 @ こくみん共済 ｃｏｏｐ ホール／スペース・ゼロ(東京) (2026-08-30) [全販売終了, 開催終了2026-08-30]
     - 一般発売（東京 8/30公演）〜8/29 23:59: 2026-08-29 soldout=False
  id=872: KOIAI / KOIAI @ NAGOYA JAMMIN' (2026-08-30) [全販売終了, 開催終了2026-08-30]
     - 一般発売（大阪 7/20公演）〜7/17 23:59: 2026-07-17 soldout=False
     - 一般発売（宮城 7/26公演）〜7/25 23:59: 2026-07-25 soldout=False
     - 一般発売（福岡 8/10公演）〜8/9 23:59: 2026-08-09 soldout=False
     - 一般発売（愛知 8/30公演）〜8/29 23:59: 2026-08-29 soldout=False
  id=939: まつもと市民芸術館プロデュース『松本のオフィーリア』 / まつもと市民芸術館プロデュース『松本のオフィーリア』 @ まつもと市民芸術館 小ホール (2026-08-30) [全販売終了, 開催終了2026-08-30]
     - 一般発売（長野 8/27〜8/30公演）〜8/27 23:59: 2026-08-27 soldout=True
  id=997: 舞台映像上映 Reライブシアター KERA CROSS 第6弾『消失』 / 舞台映像上映 Reライブシアター KERA CROSS 第6弾『消失』（2025年紀伊國屋サザンシアターTAKASHIMAYAにて収録） @ 幸田町民会館 つばきホール (2026-08-30) [全販売終了, 開催終了2026-08-30]
     - 一般発売（愛知 8/30公演）〜8/29 23:59: 2026-08-29 soldout=False
  id=1001: ロルカフェスティバル2026 〜沃野の月〜 / ロルカフェスティバル2026 〜沃野の月〜 @ 天王洲銀河劇場 (2026-08-30) [全販売終了, 開催終了2026-08-30]
     - 一般発売（東京 8/29・8/30公演）〜8/24 23:59: 2026-08-24 soldout=False
  id=1006: 神戸新開地・喜楽館 8月【朝席・夜席】 / 神戸新開地・喜楽館 8月【朝席・夜席】 @ 神戸新開地・喜楽館 (2026-08-30) [全販売終了, 開催終了2026-08-30]
     - 一般発売（兵庫 8/2朝席公演）〜8/1 23:59: 2026-08-01 soldout=False
     - 一般発売（兵庫 8/7夜席公演）〜8/6 23:59: 2026-08-06 soldout=False
     - 一般発売（兵庫 8/8夜席公演）〜8/7 23:59: 2026-08-07 soldout=False
     - 一般発売（兵庫 8/9夜席公演）〜8/8 23:59: 2026-08-08 soldout=False
     - 一般発売（兵庫 8/16朝席公演）〜8/15 23:59: 2026-08-15 soldout=False
     - 一般発売（兵庫 8/19夜席公演）〜8/18 23:59: 2026-08-18 soldout=False
     - 一般発売（兵庫 8/22夜席公演）〜8/21 23:59: 2026-08-21 soldout=False
     - 一般発売（兵庫 8/23朝席公演）〜8/22 23:59: 2026-08-22 soldout=False
     - 一般発売（兵庫 8/23夜席公演）〜8/22 23:59: 2026-08-22 soldout=False
     - 一般発売（兵庫 8/30夜席公演）〜8/29 23:59: 2026-08-29 soldout=False
  id=1015: ブロードウェイミュージカル『ピーター・パン』（山梨） / 青山メインランドファンタジースペシャル ブロードウェイミュージカル『ピーター・パン』 @ YCC県民文化ホール 大ホール (2026-08-30) [全販売終了, 開催終了2026-08-30]
     - 一般発売（山梨 8/29・8/30公演）〜8/29 23:59: 2026-08-29 soldout=False
  id=1065: ｕｎｒａｔｏ＃１４ 『夢去りて、オルフェ』 / ｕｎｒａｔｏ＃１４ 『夢去りて、オルフェ』 @ 東京芸術劇場 シアターウエスト (2026-08-30) [全販売終了, 開催終了2026-08-30]
     - 一般発売（東京 8/21〜8/30公演）〜8/27 23:59: 2026-08-27 soldout=False
  id=1066: 2026年劇団☆新感線46周年興行・夏公演 SHINKANSEN☆RSP 怪奇骨董音楽劇『アケチコ！～蒸気の黒ダイヤ、あるいは狂気の島～』 / 2026年劇団☆新感線46周年興行・夏公演 SHINKANSEN☆RSP 怪奇骨董音楽劇『アケチコ！～蒸気の黒ダイヤ、あるいは狂気の島～』 @ 全国ツアー（キャナルシティ劇場／ＥＸ ＴＨＥＡＴＥＲ ＡＲＩＡＫＥ／フェスティバルホール） (2026-08-30) [全販売終了, 開催終了2026-08-30]
     - 一般発売（大阪 8/20〜8/30公演）〜8/27 23:59: 2026-08-27 soldout=False
  id=1242: 仙台貨物 / 仙台貨物 @ 全国ツアー（川崎CLUB CITTA’／Spotify O-EAST） (2026-08-29) [開催終了2026-08-29]
     - 一般発売（神奈川 8/28公演）〜8/27 23:59: 2026-08-27 soldout=False
     - 追加一般先着（東京 8/29公演）〜8/28 23:59: 2026-08-28 soldout=True
     - 視聴券受付【配信】（8/29公演）〜9/4 22:00: 2026-09-04 soldout=False
  id=1267: 闘宝伝承38 闘宝伝承×闘宝伝笑 / 闘宝伝承38 闘宝伝承×闘宝伝笑 @ 大阪沖縄会館 (2026-08-30) [全販売終了, 開催終了2026-08-30]
     - 一般発売（大阪・沖縄 8/30公演）〜8/28 23:59: 2026-08-28 soldout=False
  id=1637: 初音ミク「マジカルミライ 2026」 / 初音ミク「マジカルミライ 2026」 @ 全国ツアー（インテックス大阪 3・4号館／幕張メッセ 国際展示場 9ホール／幕張メッセ 国際展示場 1～3ホール） (2026-08-30) [開催終了2026-08-30]
     - 配信チケット受付【ライブ】【動画配信】（全国 8/30〜9/5公演）〜9/5 16:00: 2026-09-05 soldout=False
  id=1758: みんなでうたうオーケストラコンサート / みんなでうたうオーケストラコンサート @ カネヨシプレイス 小ホール (2026-08-30) [全販売終了, 開催終了2026-08-30]
     - 一般発売（愛知 8/30公演）〜8/29 23:59: 2026-08-29 soldout=False
  id=1783: 0歳児からのコンサート / 0歳児からのコンサート @ 高山市民文化会館 大ホール (2026-08-30) [全販売終了, 開催終了2026-08-30]
     - 一般発売（岐阜 8/30公演）〜8/23 23:59: 2026-08-23 soldout=False
  id=1816: 三井住友海上管弦楽団第45回定期演奏会 / 三井住友海上管弦楽団第45回定期演奏会 @ 東京芸術劇場 コンサートホール (2026-08-30) [全販売終了, 開催終了2026-08-30]
     - 一般発売（東京 8/30公演）〜8/29 23:59: 2026-08-29 soldout=False
  id=1893: トモチンのフィッシングSHOW / トモチンのフィッシングSHOW @ 心斎橋角座 (2026-08-30) [全販売終了, 開催終了2026-08-30]
     - 一般発売（大阪 8/30公演）〜8/27 23:59: 2026-08-27 soldout=False
  id=1904: 劇団かもめんたる 第16回公演『ピノキオの元カノ』 / 劇団かもめんたる 第16回公演『ピノキオの元カノ』 @ 本多劇場 (2026-08-23) [開催終了2026-08-23]
     - 一般発売（東京 8/19〜8/23公演）〜8/16 23:59: 2026-08-16 soldout=False
     - 視聴券受付【配信】（東京 8/19〜8/23公演）〜10/4 21:00: 2026-10-04 soldout=False
  id=1944: 第5回 ザハール・ブロン ヴァイオリン・マスタークラスin宗次ホール 聴講券 / 第5回 ザハール・ブロン ヴァイオリン・マスタークラスin宗次ホール 聴講券 @ 宗次ホール (2026-08-30) [全販売終了, 開催終了2026-08-30]
     - 一般発売（愛知 8/23〜8/30公演）〜8/16 23:59: 2026-08-16 soldout=False
  id=1986: 『観世流能楽』×『ワールド イズ ダンシング』in結崎 / 『観世流能楽』×『ワールド イズ ダンシング』in結崎 @ 奈良県川西文化会館 コスモスホール (2026-08-30) [全販売終了, 開催終了2026-08-30]
     - 一般発売（奈良 8/30公演）〜8/29 23:59: 2026-08-29 soldout=False
  id=2163: JIRO OMA Presents タイムレスチューンズ～時を超えるメロディ Vol.2～ / JIRO OMA Presents タイムレスチューンズ～時を超えるメロディ Vol.2～ @ 日本橋三井ホール (2026-08-30) [全販売終了, 開催終了2026-08-30]
     - 一般発売（東京 8/30公演）〜8/29 23:59: 2026-08-29 soldout=False
  id=2244: 「第三舞台2026」『パレイドリア』 / 「第三舞台2026」『パレイドリア』 @ 紀伊國屋ホール (2026-08-30) [全販売終了, 開催終了2026-08-30]
     - 一般発売（東京 8/9〜8/30公演）〜8/27 23:59: 2026-08-27 soldout=False
  id=2370: 攻殻機動隊展 Ghost and the Shell 関西巡回展 / 攻殻機動隊展 Ghost and the Shell 関西巡回展 @ 兵庫県立美術館 ギャラリー棟3階 (2026-08-30) [全販売終了, 開催終了2026-08-30]
     - 一般発売（会期中）（兵庫 7/17〜8/30公演）〜8/30 12:00: 2026-08-30 soldout=False
  id=2378: 「小野忠弘 ―創作の軌跡、新しい光―」展 / 「小野忠弘 ―創作の軌跡、新しい光―」展 @ 福井県立美術館 (2026-08-30) [全販売終了, 開催終了2026-08-30]
     - 一般発売 当日券（福井 7/18〜8/30公演）〜8/30 12:00: 2026-08-30 soldout=False
  id=2386: 特別展「はっけん!たいけん!恐竜ランド」 / 特別展「はっけん!たいけん!恐竜ランド」 @ 岐阜市科学館 (2026-08-30) [全販売終了, 開催終了2026-08-30]
     - 一般発売 当日券（岐阜 7/18〜8/30公演）〜8/30 16:00: 2026-08-30 soldout=False
  id=2438: ノサカラボ 朗読劇 アルセーヌ・ルパン#6 RECIT NOIR「水晶の栓」 / ノサカラボ 朗読劇 アルセーヌ・ルパン#6 RECIT NOIR「水晶の栓」 @ 東京建物 ぴあ シアター (2026-08-30) [全販売終了, 開催終了2026-08-30]
     - 一般発売（東京 8/29〜8/30公演）〜8/27 23:59: 2026-08-27 soldout=False
  id=2519: 真アギト展(東北・仙台会場) / 真アギト展(東北・仙台会場) @ 全国ツアー（仙台駅前イービーンズ3F／9F／東日本放送 ぐりりホール） (2026-08-30) [全販売終了, 開催終了2026-08-30]
     - 一般発売（宮城 8/16〜8/23公演）〜8/22 23:59: 2026-08-22 soldout=False
     - 当日券（先着）【音声ガイド引換】（宮城 8/7〜8/30公演）〜8/30 17:00: 2026-08-30 soldout=False
     - 当日入場券／一般発売（先着）（宮城 8/8〜8/30公演）〜8/30 17:00: 2026-08-30 soldout=False
  id=2525: 岩田屋本店 天神開業90周年「THE FACT MUSIC AWARDS EXHIBITION - VISION FESTA(DIVE INTO THE STARS)」 / 岩田屋本店 天神開業90周年「THE FACT MUSIC AWARDS EXHIBITION - VISION FESTA(DIVE INTO THE STARS)」 @ 岩田屋本店 本館7階 大催事場 (2026-08-30) [全販売終了, 開催終了2026-08-30]
     - 当日券【日時指定券】【日時指定】（福岡 8/2公演）〜8/2 8:00: 2026-08-02 soldout=False
     - 一般発売【期間内有効券】（福岡 8/2〜8/30公演）〜8/30 14:00: 2026-08-30 soldout=False
  id=2541: 誕生85周年記念 トムとジェリー展 君が笑うと、僕も笑っちゃう / 誕生85周年記念 トムとジェリー展 君が笑うと、僕も笑っちゃう @ 金沢21世紀美術館 市民ギャラリーA (2026-08-30) [全販売終了, 開催終了2026-08-30]
     - 一般発売 当日券（石川 7/31〜8/30公演）〜8/30 17:30: 2026-08-30 soldout=False
  id=2617: 第569回 花形演芸会 / 第569回 花形演芸会 @ 渋谷区文化総合センター大和田 伝承ホール (2026-08-30) [全販売終了, 開催終了2026-08-30]
     - 一般発売（東京 8/30公演）〜8/25 23:59: 2026-08-25 soldout=False
  id=2625: Krush.191 / Krush.191 @ 後楽園ホール (2026-08-30) [全販売終了, 開催終了2026-08-30]
     - 一般発売（東京 8/30公演）〜8/29 23:59: 2026-08-29 soldout=False
  id=2733: Lee Jiham JAPAN CONCERT 2026 / Lee Jiham JAPAN CONCERT 2026 @ FC LIVE SHINJUKU (2026-08-30) [全販売終了, 開催終了2026-08-30]
     - 一般発売（東京 8/23〜8/30公演）〜8/29 23:59: 2026-08-29 soldout=False
  id=2801: 北海道ペット&ファミリー EXPO 2026 / 北海道ペット&ファミリー EXPO 2026 @ 大和ハウス プレミストドーム (2026-08-30) [全販売終了, 開催終了2026-08-30]
     - 一般発売（北海道 8/29〜8/30公演）〜8/29 23:59: 2026-08-29 soldout=False
  id=2849: 舞台「てらこや青義堂 師匠、走る」 / 舞台「てらこや青義堂 師匠、走る」 @ サンシャイン劇場 (2026-08-30) [全販売終了, 開催終了2026-08-30]
     - 一般発売（東京 8/14〜8/30公演）〜8/27 23:59: 2026-08-27 soldout=False
  id=2984: 【WEリーグ】三菱重工浦和レッズレディース対ノジマステラ神奈川相模原 WEリーグ リーグ戦 / 【WEリーグ】三菱重工浦和レッズレディース対ノジマステラ神奈川相模原 WEリーグ リーグ戦 @ 浦和駒場スタジアム (2026-08-30) [全販売終了, 開催終了2026-08-30]
     - 一般発売（埼玉 8/30公演）〜8/29 23:59: 2026-08-29 soldout=False
  id=3097: 龍宮城 / 龍宮城 @ 全国ツアー（Zepp Nagoya／Zepp Namba／Zepp Fukuoka） (2026-08-28) [全販売終了, 開催終了2026-08-28]
     - 先着一般発売（愛知県 8/7 14:30公演）〜8/5 18:00: 2026-08-05 soldout=False
     - 先着一般発売（愛知県 8/7 18:30公演）〜8/5 18:00: 2026-08-05 soldout=False
     - 先着一般発売（大阪府 8/9 14:00公演）〜8/6 18:00: 2026-08-06 soldout=False
     - 先着一般発売（大阪府 8/9 18:00公演）〜8/6 18:00: 2026-08-06 soldout=False
     - 先着一般発売（福岡県 8/28公演）〜8/27 20:00: 2026-08-27 soldout=False
  id=3219: HAKUBA Mountain Festival 2026 / HAKUBA Mountain Festival 2026 @ 白馬八方尾根うさぎ平 (2026-08-30) [全販売終了, 開催終了2026-08-30]
     - 一般発売（長野 8/29〜8/30公演）〜8/29 23:59: 2026-08-29 soldout=False
  id=3231: 『EVENING / BREAKFAST with YOSHIKI 2026 in TOKYO JAPAN』 100th ANNIVERSARY / 『EVENING / BREAKFAST with YOSHIKI 2026 in TOKYO JAPAN』 100th ANNIVERSARY @ グランドハイアット東京 ボールルーム (2026-08-30) [全販売終了, 開催終了2026-08-30]
     - 《追加公演》一般発売（東京 8/27〜8/28公演）〜8/27 23:59: 2026-08-27 soldout=False
  id=3245: Sansan KBCオーガスタゴルフトーナメント2026 / Sansan KBCオーガスタゴルフトーナメント2026 @ 芥屋ゴルフ倶楽部 (2026-08-30) [全販売終了, 開催終了2026-08-30]
     - 一般発売（福岡 8/27〜8/30公演）〜8/28 23:59: 2026-08-28 soldout=False
  id=3309: 【動画配信】第76回関西吹奏楽コンクール / 【動画配信】第76回関西吹奏楽コンクール @ PIA LIVE STREAM (2026-08-30) [全販売終了, 開催終了2026-08-30]
     - 一般発売（全国 8/22〜8/30公演）〜8/30 18:30: 2026-08-30 soldout=False
  id=3411: 新日本プロレス<下関大会> / 新日本プロレス<下関大会> @ 海峡メッセ下関 展示見本市会場 (2026-08-30) [全販売終了, 開催終了2026-08-30]
     - 一般発売（山口 8/30公演）〜8/30 16:00: 2026-08-30 soldout=False
  id=3435: 第28回にっぽんど真ん中祭り / 第28回にっぽんど真ん中祭り @ 全国ツアー（テレビ塔パレード会場／久屋大通公園会場 メインステージ） (2026-08-30) [全販売終了, 開催終了2026-08-30]
     - 会期中料金（29日1dayフリーパス）（愛知 8/29〜8/30公演）〜8/29 8:30: 2026-08-29 soldout=False
     - 会期中料金（30日1dayフリーパス）（愛知 8/29〜8/30公演）〜8/30 8:30: 2026-08-30 soldout=False
     - 会期中料金（愛知 8/29〜8/30公演）〜8/30 17:30: 2026-08-30 soldout=False
  id=3457: ギラヴァンツ北九州対松本山雅FC 明治安田J3リーグ / ギラヴァンツ北九州対松本山雅FC 明治安田J3リーグ @ ミクニワールドスタジアム北九州 (2026-08-30) [全販売終了, 開催終了2026-08-30]
     - 一般発売（福岡 8/30公演）〜8/29 23:59: 2026-08-29 soldout=False
     - 一般発売【テーブルシート販売】（福岡 8/30公演）〜8/29 23:59: 2026-08-29 soldout=False
  id=3512: わんにゃん夜ふかし縁日 / わんにゃん夜ふかし縁日 @ 万代島多目的広場 大かま (2026-08-30) [全販売終了, 開催終了2026-08-30]
     - 一般発売（新潟 8/29〜8/30公演）〜8/29 23:59: 2026-08-29 soldout=False
  id=3569: EXILE THE SECOND / EXILE THE SECOND @ LaLa arena TOKYO-BAY (2026-08-30) [全販売終了, 開催終了2026-08-30]
     - 一般発売（千葉 8/29公演）〜8/24 23:59: 2026-08-24 soldout=False
     - 一般発売（千葉 8/30公演）〜8/25 23:59: 2026-08-25 soldout=False
  id=3698: チェ・ユリ / チェ・ユリ @ 浜離宮朝日ホール (2026-08-30) [全販売終了, 開催終了2026-08-30]
     - 一般発売（東京 8/30公演）〜8/28 23:59: 2026-08-28 soldout=False
  id=3727: 爆生!!お笑い in 大宮 / 爆生!!お笑い in 大宮 @ 大宮ソニックシティ 大ホール (2026-08-30) [全販売終了, 開催終了2026-08-30]
     - 一般発売（埼玉 8/30公演）〜8/25 23:59: 2026-08-25 soldout=False
  id=3794: 怪談五人羽織 / 怪談五人羽織 @ 広島JMSアステールプラザ 中ホール (2026-08-30) [全販売終了, 開催終了2026-08-30]
     - 一般発売（広島 8/30公演）〜8/13 23:59: 2026-08-13 soldout=False
     - 一般発売（広島 8/30公演）〜8/27 18:00: 2026-08-27 soldout=False
  id=4137: Etoneige / Etoneige @ 全国ツアー（恵比寿ザ・ガーデンホール／プラザマーム） (2026-08-30) [全販売終了, 開催終了2026-08-30]
     - 一般発売（東京 8/29公演）〜8/28 23:59: 2026-08-28 soldout=False
     - 一般発売（東京 8/30公演）〜8/29 23:59: 2026-08-29 soldout=False
  id=4321: 【WEリーグ】アルビレックス新潟レディース対マイナビ仙台 WEリーグ リーグ戦 / 【WEリーグ】アルビレックス新潟レディース対マイナビ仙台 WEリーグ リーグ戦 @ デンカビッグスワンスタジアム (2026-08-30) [全販売終了, 開催終了2026-08-30]
     - 一般発売（新潟 8/30公演）〜8/29 23:59: 2026-08-29 soldout=False
  id=4358: 「劇場版 魔法少女まどか☆マギカ〈ワルプルギスの廻天〉」舞台挨拶 / 「劇場版 魔法少女まどか☆マギカ〈ワルプルギスの廻天〉」舞台挨拶 @ 全国ツアー（新宿バルト9／ユナイテッド・シネマ豊洲／チネチッタ／横浜ブルク13） (2026-08-30) [全販売終了, 開催終了2026-08-30]
     - 一般発売（東京 8/29公演）8/18 10:00発売: 2026-08-18 soldout=True
     - 一般発売（東京 8/29公演）8/18 10:00発売: 2026-08-18 soldout=True
     - 一般発売（神奈川 8/30公演）8/18 10:00発売: 2026-08-18 soldout=True
     - 一般発売（神奈川 8/30公演）8/18 10:00発売: 2026-08-18 soldout=True
  id=4454: AKABANE SONIC 2026 / AKABANE SONIC 2026 @ 北國新聞赤羽ホール (2026-08-30) [全販売終了, 開催終了2026-08-30]
     - 一般発売（石川 8/29〜8/30公演）〜8/29 23:59: 2026-08-29 soldout=False
  id=4484: 新井深絵 / 新井深絵 @ 城東スギタクレストホール (2026-08-30) [全販売終了, 開催終了2026-08-30]
     - 一般発売（大阪 8/30公演）〜8/27 23:59: 2026-08-27 soldout=False
  id=4873: A Villa idol festival HOKKAIDO 2026 / A Villa idol festival HOKKAIDO 2026 @ 安平町ときわ公園 (2026-08-30) [全販売終了, 開催終了2026-08-30]
     - 一般発売（北海道 8/29〜8/30公演）〜8/29 23:59: 2026-08-29 soldout=False
  id=4918: 第76回 関西吹奏楽コンクール / 第76回 関西吹奏楽コンクール @ 全国ツアー（ひこね市文化プラザ グランドホール／堺市民芸術文化ホール（フェニーチェ堺） 大ホール） (2026-08-30) [全販売終了, 開催終了2026-08-30]
     - 一般発売【小学生の部、中学生小編成の部、高等学校小編成の部】（滋賀 8/22〜8/24公演）〜8/24 13:02: 2026-08-24 soldout=False
     - 一般発売【中学生A部門、高等学校A部門】（大阪 8/29〜8/30公演）〜8/30 19:00: 2026-08-30 soldout=False
  id=4970: 映画『しびれ』完成披露舞台挨拶 / 映画『しびれ』完成披露舞台挨拶 @ TOHOシネマズ六本木ヒルズ (2026-08-30) [全販売終了, 開催終了2026-08-30]
     - 一般発売（東京 8/30公演）8/25 10:00発売: 2026-08-25 soldout=True
  id=4991: 『見えない娘 THE INVISIBLES』公開記念舞台挨拶 / 『見えない娘 THE INVISIBLES』公開記念舞台挨拶 @ TOHOシネマズ日比谷 (2026-08-30) [全販売終了, 開催終了2026-08-30]
     - 一般発売（東京 8/30公演）〜8/29 16:00: 2026-08-29 soldout=False

  ⚠️ 以下は「公演がまだ未来」or saleEndUnknown=true。機械判定だけで削除しないこと。
     売り場URLをWebFetchで実態確認 → 新販売枠(一般/コンビニ先行/当日券)が出ていれば該当ticketを追加して変換、
     予定枚数終了/中止が確定したものだけ削除（抽選結果待ち・一般未発表は残置）:
  id=100: 丸美屋食品ミュージカル / 丸美屋食品ミュージカル『アニー』 @ 新国立劇場 中劇場／梅田芸術劇場 シアター・ドラマシティ／愛知県芸術劇場 大ホール／東京エレクトロンホール宮城 (2026-08-30) [全販売終了, 開催終了2026-08-30]
     URL: https://t.pia.jp/pia/event/event.do?eventBundleCd=b2564614
     - 一般発売（大阪 8/6〜8/11公演）〜7/21 23:59: 2026-07-21
     - 一般発売（宮城・東京 8/22〜8/23公演）〜8/20 23:59: 2026-08-20
     - 一般発売（愛知 8/28〜8/30公演）〜8/30 15:30: 2026-08-30
  id=130: 宝塚歌劇団 雪組 / 宝塚歌劇 雪組『ポーの一族』 @ 宝塚大劇場／東京宝塚劇場 (2026-10-17) [全販売終了]
     URL: https://t.pia.jp/pia/event/event.do?eventBundleCd=b2666575
     - 一般発売（東京 9/19公演）8/9 10:00発売: 2026-08-09
  id=174: 鈴木直樹／田中和音 ほか / 第二回「午後の音楽会」～ジャズ・シーンの軌跡～ @ 杉並公会堂 小ホール (2026-08-31) [全販売終了]
     URL: https://t.pia.jp/pia/event/event.do?eventCd=2601427
     - 一般発売: 2026-08-30
  id=614: ＩＫＫＯ ＤＲＡＭＡＴＩＣ ～ＢＥＡＵＴＹ ＭＵＳＩＣ ＳＨＯＷ～ 美のカリスマ ｗｉｔｈ イケメン男子 / ＩＫＫＯ ＤＲＡＭＡＴＩＣ ～ＢＥＡＵＴＹ ＭＵＳＩＣ ＳＨＯＷ～ 美のカリスマ ｗｉｔｈ イケメン男子 2026 @ Niterra日本特殊陶業市民会館 フォレストホール (2026-09-02) [全販売終了]
     URL: https://t.pia.jp/pia/event/event.do?eventCd=2623358
     - 一般発売（愛知 9/2公演）〜8/30 23:59: 2026-08-30
  id=631: OKINAWAFES Milafete エスコンフィールドHOKKAIDO / OKINAWAFES Milafete エスコンフィールドHOKKAIDO 2026 @ エスコンフィールドＨＯＫＫＡＩＤＯ (2026-09-06) [全販売終了]
     URL: https://t.pia.jp/pia/event/event.do?eventBundleCd=b2668544
     - 一般発売（北海道 9/5〜9/6公演）〜8/18 23:59: 2026-08-18
  id=673: THE BACK HORN / THE BACK HORN 2026 @ LIQUIDROOM (2026-09-04) [全販売終了]
     URL: https://t.pia.jp/pia/event/event.do?eventBundleCd=b2668655
     - 一般発売（愛知 8/29公演）〜8/20 23:59: 2026-08-20
  id=682: Junna / Junna コンサートツアー 2026 @ 全国ツアー (2026-09-12) [全販売終了]
     URL: https://t.pia.jp/pia/event/event.do?eventBundleCd=b2667476
     - 一般発売（宮城 7/18公演）〜7/17 23:59: 2026-07-17
     - 一般発売（愛知 7/20公演）〜7/19 23:59: 2026-07-19
     - 一般発売（香川 8/8公演）〜7/23 23:59: 2026-07-23
     - 一般発売（大阪 8/9公演）〜7/23 23:59: 2026-07-23
     - 一般発売（福岡 7/25公演）〜7/24 23:59: 2026-07-24
     - 一般発売（熊本 7/26公演）〜7/25 23:59: 2026-07-25
     - 一般発売（岡山 8/11公演）〜7/26 23:59: 2026-07-26
     - 一般発売（石川 8/15公演）〜7/30 23:59: 2026-07-30
     - 一般発売（長野 8/16公演）〜7/30 23:59: 2026-07-30
     - 一般発売（東京 8/22公演）〜8/21 23:59: 2026-08-21
     - 一般発売（北海道 9/12公演）〜8/27 23:59: 2026-08-27
  id=732: ピュアミュージック 2026 「残暑お見舞いツアー」 / ピュアミュージック 2026 「残暑お見舞いツアー」 @ スペードボックス (2026-09-06) [全販売終了]
     URL: https://t.pia.jp/pia/event/event.do?eventCd=2618952
     - 一般発売（愛知 9/6公演）〜8/27 23:59: 2026-08-27
  id=966: 神戸新開地・喜楽館 8月【昼席】 / 神戸新開地・喜楽館 ８月【昼席】 @ 神戸新開地・喜楽館 (2026-08-31) [全販売終了]
     URL: https://t.pia.jp/pia/event/event.do?eventCd=2620437
     - 一般発売（兵庫 8/3〜8/9公演）〜8/8 23:59: 2026-08-08
     - 一般発売（兵庫 8/10〜8/16公演）〜8/15 23:59: 2026-08-15
     - 一般発売（兵庫 8/17〜8/23公演）〜8/22 23:59: 2026-08-22
     - 一般発売（兵庫 8/24〜8/30公演）〜8/29 23:59: 2026-08-29
     - 一般発売（兵庫 8/31公演）〜8/30 23:59: 2026-08-30
  id=1078: 大竹しのぶ ＬＩＶＥ×ＡＣＴ 「ＮＡ・ＮＩ・ＭＯ・ＮＯ」 / 大竹しのぶ ＬＩＶＥ×ＡＣＴ 「ＮＡ・ＮＩ・ＭＯ・ＮＯ」 @ スパイラルホール (2026-08-31) [全販売終了]
     URL: https://t.pia.jp/pia/event/event.do?eventCd=2622039
     - 一般発売（東京 8/20〜8/31公演）〜8/27 23:59: 2026-08-27
  id=1091: Ｔｈｅ ｐａｉｎｔｅｒｓ / Ｔｈｅ ｐａｉｎｔｅｒｓ @ 京郷アートヒル (2026-08-31) [全販売終了]
     URL: https://t.pia.jp/pia/event/event.do?eventCd=2624198
     - 当日引換券（全国 6/26〜6/30公演）〜6/29 23:59: 2026-06-29
     - 当日引換券（全国 7/1〜7/31公演）〜7/30 23:59: 2026-07-30
     - 当日引換券（全国 8/1〜8/31公演）〜8/30 23:59: 2026-08-30
  id=1554: 高嶋ちさ子のザワつく!昭和歌謡祭 2026 / 高嶋ちさ子のザワつく!昭和歌謡祭 2026 @ 国立代々木競技場 第一体育館 (2026-12-15) [全販売終了]
     URL: https://t.pia.jp/pia/event/event.do?eventCd=2625233
     - 2次プレリザーブ（東京 12/15公演）〜8/11 23:59: 2026-08-11
     - 一般発売（福岡 9/12公演）8/22 10:00発売: 2026-08-22
     - 先行（宮城 11/14公演）〜8/25 11:00: 2026-08-25
  id=1593: LADYBABY / LADYBABY @ Spotify O-EAST (2026-12-01) [全販売終了]
     URL: https://t.pia.jp/pia/event/event.do?eventCd=2621504
     - プレリザーブ3次（東京 12/1公演）〜8/30 23:59: 2026-08-30
  id=1613: THE GOOD-BYE / THE GOOD-BYE @ 全国ツアー（KT Zepp Yokohama／ダイアモンドホール／なんばHatch） (2026-09-04) [全販売終了]
     URL: https://t.pia.jp/pia/event/event.do?eventCd=2622614
     - 一般発売（愛知 8/26公演）〜8/17 23:59: 2026-08-17
     - 一般発売（大阪 8/27公演）〜8/18 23:59: 2026-08-18
     - 一般発売（神奈川 9/4公演）〜8/27 23:59: 2026-08-27
  id=2206: FULL METAL JAPAN 2026 ～Powered by WACKEN～ / FULL METAL JAPAN 2026 ～Powered by WACKEN～ @ ぴあアリーナMM (2026-10-25) [全販売終了]
     URL: https://t.pia.jp/pia/event/event.do?eventBundleCd=b2667009
     - プレリザーブ（神奈川 10/24〜10/25公演）〜8/23 23:59: 2026-08-23
  id=2215: JAILHOUSE presents 「Hello End Vol.6」 / JAILHOUSE presents 「Hello End Vol.6」 @ ボトムライン (2026-09-04) [全販売終了]
     URL: https://t.pia.jp/pia/event/event.do?eventCd=2623521
     - 一般発売（愛知 9/4公演）〜8/26 23:59: 2026-08-26
  id=2265: 原田知世 / 原田知世 @ 全国ツアー（かつしかシンフォニーヒルズ モーツァルトホール／愛知県芸術劇場 コンサートホール／京都コンサートホール 大ホール／軽井沢大賀ホール／サントリーホール 大ホール） (2026-08-31) [全販売終了]
     URL: https://t.pia.jp/pia/event/event.do?eventBundleCd=b2667138
     - 一般発売（京都 8/23公演）〜8/20 23:59: 2026-08-20
     - 一般発売（東京 8/31公演）〜8/20 23:59: 2026-08-20
  id=2267: T.C.R.横浜銀蝿R.S. / T.C.R.横浜銀蝿R.S. @ 全国ツアー（DRUM LOGOS／ペニーレーン24／ダイアモンドホール／LIVE VANQUISH） (2026-09-06) [全販売終了]
     URL: https://t.pia.jp/pia/event/event.do?eventCd=2618759
     - 一般発売（北海道 8/23公演）〜8/13 23:59: 2026-08-13
     - 一般発売（愛知 8/29公演）〜8/20 23:59: 2026-08-20
     - 一般発売（福岡 9/5公演）〜8/27 23:59: 2026-08-27
     - 一般発売（広島 9/6公演）〜8/27 23:59: 2026-08-27
  id=2322: ツワモノたちの記憶～E.L.L.50周年プロジェクト・スペシャルトーク～vol.1 / ツワモノたちの記憶～E.L.L.50周年プロジェクト・スペシャルトーク～vol.1 @ ell.SIZE (2026-08-31) [全販売終了]
     URL: https://t.pia.jp/pia/event/event.do?eventCd=2627330
     - 一般発売（愛知 8/31公演）〜8/30 23:59: 2026-08-30
  id=2341: GANG PARADE / GANG PARADE @ 全国ツアー (2026-09-06) [全販売終了]
     URL: https://t.pia.jp/pia/event/event.do?eventCd=2603094
     - 一般発売（広島 9/5公演）8/8 10:00発売: 2026-08-08
  id=2401: 木根尚登 / 木根尚登 @ たましんRISURUホール 大ホール (2026-11-20) [全販売終了]
     URL: https://t.pia.jp/pia/event/event.do?eventCd=2612129
     - 先行（東京 11/20公演）〜7/13 23:59: 2026-07-13
     - 一般発売（東京 11/20公演）8/9 10:00発売: 2026-08-09
  id=2415: 笑福亭鶴瓶×サンドウィッチマンLIVE『シルエット』 / 笑福亭鶴瓶×サンドウィッチマンLIVE『シルエット』 @ ニッショーホール (2026-09-13) [全販売終了]
     URL: https://t.pia.jp/pia/event/event.do?eventCd=2624199
     - 一般発売（東京 9/13公演）8/8 10:00発売: 2026-08-08
  id=2416: J亭スピンオフ企画44 白酒・一之輔 大手町二人会 / J亭スピンオフ企画44 白酒・一之輔 大手町二人会 @ 日経ホール (2026-09-14) [全販売終了]
     URL: https://t.pia.jp/pia/event/event.do?eventCd=2623320
     - 一般発売（東京 9/14公演）8/8 10:00発売: 2026-08-08
  id=2666: 新宿末廣亭8月余一会 / 新宿末廣亭8月余一会 @ 新宿末広亭 (2026-08-31) [全販売終了]
     URL: https://t.pia.jp/pia/event/event.do?eventCd=2628359
     - 一般発売（東京 8/31公演）〜8/29 23:59: 2026-08-29
  id=2748: 熊本地震10年復興コンサート「FUTURE」 / 熊本地震10年復興コンサート「FUTURE」 @ 熊本城ホール メインホール (2026-10-18) [全販売終了]
     URL: https://t.pia.jp/pia/event/event.do?eventCd=2626277
     - 先行（熊本 10/18公演）7/17 10:00発売: 2026-08-07
  id=2749: 黒夢 / 黒夢 @ 全国ツアー（TOYOTA ARENA TOKYO／東京ガーデンシアター） (2026-09-06) [全販売終了]
     URL: https://t.pia.jp/pia/event/event.do?eventBundleCd=b2668277
     - 当日引換券（東京 7/17〜7/19公演）〜7/18 23:59: 2026-07-18
     - 一般発売（東京 9/6公演）〜8/24 23:59: 2026-08-24
  id=2778: Palette Parade 5周年ワンマンライブ『だから僕らは色を重ねる』 / Palette Parade 5周年ワンマンライブ『だから僕らは色を重ねる』 @ LINE CUBE SHIBUYA (2026-09-08) [全販売終了]
     URL: https://t.pia.jp/pia/event/event.do?eventCd=2627785
     - 一般発売（東京 9/8公演）〜8/30 23:59: 2026-08-30
  id=2997: 真空ジェシカのイベン父ちゃん・イベアンドトシ / 真空ジェシカのイベン父ちゃん・イベアンドトシ @ 有楽町よみうりホール (2026-09-16) [全販売終了]
     URL: https://t.pia.jp/pia/event/event.do?eventCd=2622298
     - 一般発売（東京 9/16公演）8/16 10:00発売: 2026-08-16
  id=3032: センチミリメンタル / センチミリメンタル @ 全国ツアー（NHK大阪ホール／SAWARAPIA 大ホール／電力ホール／Niterra日本特殊陶業市民会館ビレッジホール／広島JMSアステールプラザ中ホール） (2026-10-04) [全販売終了]
     URL: https://eplus.jp/sf/detail/3342000001-P0030038P021001
     - 抽選○プレオーダー受付（大阪府 10/2公演）〜8/30 23:59: 2026-08-30
     - 抽選プレオーダー受付（福岡県 10/4公演）〜8/19 23:59: 2026-08-19
  id=3085: 浦島坂田船 / 浦島坂田船 @ 全国ツアー（LaLa arena TOKYO-BAY／大阪城ホール／有明アリーナ／神戸ワールド記念ホール） (2026-10-25) [全販売終了]
     URL: https://eplus.jp/sf/detail/1067170001-P0030269P021002
     - 先着一般発売（千葉県 8/7公演）〜8/3 18:00: 2026-08-03
     - 先着一般発売（千葉県 8/8公演）〜8/3 18:00: 2026-08-03
     - 先着一般発売（大阪府 8/22公演）〜8/21 20:00: 2026-08-21
     - 先着一般発売（大阪府 8/23公演）〜8/22 20:00: 2026-08-22
     - 抽選最速先行（東京都 10/10公演）〜8/2 23:59: 2026-08-02
     - ☆X先行（東京都 10/10公演）〜8/24 23:59: 2026-08-24
     - ☆X先行（東京都 10/11公演）〜8/24 23:59: 2026-08-24
     - ☆X先行（兵庫県 10/24公演）〜8/24 23:59: 2026-08-24
     - ☆X先行（兵庫県 10/25公演）〜8/24 23:59: 2026-08-24
  id=3116: CUTIE STREET 梅田みゆ 生誕祭 2026 / CUTIE STREET 梅田みゆ 生誕祭 2026 @ SGC HALL ARIAKE (2026-09-14) [全販売終了]
     URL: https://t.pia.jp/pia/event/event.do?eventBundleCd=b2669934
     - 一般発売（東京 9/14公演）8/22 10:00発売: 2026-08-22
  id=3119: THE PAINS OF BEING PURE AT HEART / THE PAINS OF BEING PURE AT HEART @ WWW X (2026-11-13) [全販売終了]
     URL: https://t.pia.jp/pia/event/event.do?eventCd=2626870
     - 一般発売（東京 11/13公演）8/22 10:00発売: 2026-08-22
  id=3120: シャイトープ / シャイトープ @ 豊洲PIT (2026-09-05) [全販売終了]
     URL: https://t.pia.jp/pia/event/event.do?eventCd=2615760
     - 一般発売（東京 9/5公演）8/22 10:00発売: 2026-08-22
  id=3127: 遊佐未森 / 遊佐未森 @ TOKYO FMホール (2026-10-10) [全販売終了]
     URL: https://t.pia.jp/pia/event/event.do?eventCd=2628355
     - 一般発売（東京 10/10公演）8/22 10:00発売: 2026-08-22
  id=3169: 野村義男 / 野村義男 @ I’M A SHOW (2026-10-09) [全販売終了]
     URL: https://t.pia.jp/pia/event/event.do?eventCd=2626547
     - 一般発売（東京 10/9公演）8/23 10:00発売: 2026-08-23
  id=3271: MUCC / MUCC @ 水戸市民会館 グロービスホール (2026-09-06) [全販売終了]
     URL: https://t.pia.jp/pia/event/event.do?eventCd=2628242
     - 一般発売（茨城 9/5公演）〜8/27 23:59: 2026-08-27
     - 一般発売（茨城 9/6公演）〜8/27 23:59: 2026-08-27
  id=3273: Xnterstellar Music Festival 2026 / Xnterstellar Music Festival 2026 @ 仁川広域市 (2026-10-04) [全販売終了]
     URL: https://t.pia.jp/pia/event/event.do?eventBundleCd=b2669777
     - オフィシャル2次（全国 10/3〜10/4公演）〜8/30 23:59: 2026-08-30
  id=3315: イモトアヤコのすっぴんしゃん10周年イベント～大大大感謝祭～ / イモトアヤコのすっぴんしゃん10周年イベント～大大大感謝祭～ @ 草月ホール (2026-09-05) [全販売終了]
     URL: https://t.pia.jp/pia/event/event.do?eventCd=2628676
     - 一般発売（東京 9/5公演）〜8/27 23:59: 2026-08-27
  id=3323: RUSH BALL 2026 EXTRA SHOW / RUSH BALL 2026 EXTRA SHOW @ Yogibo HOLY MOUNTAIN (2026-08-31) [全販売終了]
     URL: https://t.pia.jp/pia/event/event.do?eventCd=2629784
     - 一般発売（大阪 8/31公演）〜8/30 23:59: 2026-08-30
  id=3401: おかげ横丁 第413回 8月みそか寄席 / おかげ横丁 第413回 8月みそか寄席 @ おかげ横丁 すし久 (2026-08-31) [全販売終了]
     URL: https://t.pia.jp/pia/event/event.do?eventCd=2630211
     - 一般発売（三重 8/31公演）〜8/30 23:59: 2026-08-30
  id=3430: 榛葉樹人＆今井俊輔 コンサート in 仙台 Vol.4 / 榛葉樹人＆今井俊輔 コンサート in 仙台 Vol.4 @ 仙台市宮城野区文化センター パトナホール (2026-10-24) [全販売終了]
     URL: (URLなし)
     - 一般発売（宮城 10/24公演）8/29発売: 2026-08-29
  id=3441: 黒フェス2026～白黒歌合戦～ / 黒フェス2026～白黒歌合戦～ @ 豊洲PIT (2026-09-06) [全販売終了]
     URL: https://t.pia.jp/pia/event/event.do?eventCd=2621860
     - 一般発売（東京 9/6公演）〜8/27 23:59: 2026-08-27
  id=3474: Galileo Galilei / Galileo Galilei @ 全国ツアー（ペニーレーン24／なんばHatch／名古屋ReNY limited／LIVE VANQUISH／DRUM Be-1／Zepp Haneda（TOKYO）） (2026-11-22) [全販売終了]
     URL: https://t.pia.jp/pia/event/event.do?eventCd=2621985
     - プレリザーブ（大阪 11/14公演）〜8/9 23:59: 2026-08-09
     - プレリザーブ（愛知 11/15公演）〜8/9 23:59: 2026-08-09
     - プレリザーブ（広島 11/20公演）〜8/9 23:59: 2026-08-09
     - プレリザーブ（福岡 11/18公演）〜8/10 23:59: 2026-08-10
     - 先行（北海道 11/3公演）〜8/11 23:59: 2026-08-11
     - プレリザーブ（東京 11/22公演）〜8/30 23:59: 2026-08-30
  id=3488: Little Glee Monster / Little Glee Monster @ 全国ツアー（東京エレクトロンホール宮城／あきた芸術劇場ミルハス 大ホール／水戸市民会館 グロービスホール／カナモトホール／本多の森北電ホール／ホクト文化ホール 大ホール／倉敷市民会館／広島上野学園ホール） (2027-01-15) [全販売終了]
     URL: https://t.pia.jp/pia/event/event.do?eventCd=2629978
     - 2次プレリザーブ（宮城・秋田 11/1〜11/3公演）〜8/20 23:59: 2026-08-20
     - プレリザーブ2次（茨城 10/25公演）〜8/20 23:59: 2026-08-20
     - 2次プレリザーブ（北海道 R9年 1/15公演）〜8/20 23:59: 2026-08-20
     - 2次プレリザーブ（岡山・広島 12/12〜12/13公演）〜8/20 23:59: 2026-08-20
     - 先行（石川・長野 11/21〜11/22公演）〜8/30 23:59: 2026-08-30
     - 3次プレリザーブ（宮城・秋田 11/1〜11/3公演）〜8/30 23:59: 2026-08-30
     - プレリザーブ3次（茨城 10/25公演）〜8/30 23:59: 2026-08-30
     - 3次プレリザーブ（北海道 R9年 1/15公演）〜8/30 23:59: 2026-08-30
     - 3次プレリザーブ（岡山・広島 12/12〜12/13公演）〜8/30 23:59: 2026-08-30
     - 2次プレリザーブ（熊本 12/5公演）〜8/30 23:59: 2026-08-30
     - 2次プレリザーブ（福岡 12/6公演）〜8/30 23:59: 2026-08-30
  id=3489: Luciela / Luciela @ Yogibo META VALLEY (2026-11-08) [全販売終了]
     URL: https://t.pia.jp/pia/event/event.do?eventCd=2629171
     - 空蝉リリース記念先着先行（大阪 11/8公演）〜8/30 23:59: 2026-08-30
  id=3509: 第56回田辺花火大会 / 第56回田辺花火大会 @ 田辺市扇ヶ浜 (2026-10-03) [全販売終了]
     URL: https://t.pia.jp/pia/event/event.do?eventCd=2629630
     - 一般発売（和歌山 10/3公演）8/26 10:00発売: 2026-08-26
  id=3513: 大相撲九月場所 / 大相撲九月場所 @ 両国国技館 (2026-09-27) [全販売終了]
     URL: https://t.pia.jp/pia/event/event.do?eventBundleCd=b2669864
     - 一般発売（東京 9/13〜9/27公演）8/8 10:00発売: 2026-08-08
     - 一般発売（1人マス）（東京 9/13〜9/27公演）8/8 10:00発売: 2026-08-08
     - 一般発売（2人マス）（東京 9/13〜9/27公演）8/8 10:00発売: 2026-08-08
     - 一般発売（3人マス）（東京 9/13〜9/27公演）8/8 10:00発売: 2026-08-08
     - 一般発売（4人マス）（東京 9/13〜9/27公演）8/8 10:00発売: 2026-08-08
     - 一般発売（5人マス）（東京 9/13〜9/27公演）8/8 10:00発売: 2026-08-08
     - 一般発売（6人マス）（東京 9/13〜9/27公演）8/8 10:00発売: 2026-08-08
  id=3527: 中村敦 / 中村敦 @ 全国ツアー（本八幡Route Fourteen／南青山MANDALA） (2026-10-14) [全販売終了]
     URL: https://t.pia.jp/pia/event/event.do?eventCd=2630531
     - 一般発売（千葉・東京 10/13〜10/14公演）8/29 12:00発売: 2026-08-29
  id=3530: 林哲司 SONG FILE SPECIAL ～シティポップ HITS セレクション 2026～ / 林哲司 SONG FILE SPECIAL ～シティポップ HITS セレクション 2026～ @ かつしかシンフォニーヒルズ モーツァルトホール (2026-10-13) [全販売終了]
     URL: https://t.pia.jp/pia/event/event.do?eventCd=2626329
     - 一般発売（東京 10/13公演）8/29 10:00発売: 2026-08-29
  id=3546: 岡崎歌舞伎特別公演 / 岡崎歌舞伎特別公演 @ 岡崎市民会館 あおいホール (2026-11-16) [全販売終了]
     URL: https://t.pia.jp/pia/event/event.do?eventCd=2623725
     - 一般発売（愛知 11/14〜11/16公演）8/29 10:00発売: 2026-08-29
  id=3572: 奥野真哉 / 奥野真哉 @ LIQUIDROOM (2026-12-02) [全販売終了]
     URL: https://t.pia.jp/pia/event/event.do?eventCd=2628582
     - 一般発売（東京 12/2公演）8/30 10:00発売: 2026-08-30
  id=3573: 横須賀芸術劇場リニューアル記念 YOKOSUKA Re:EM CLUB ～ENTERTAINMENT&MUSIC LIVE～ Re:EM STAGE 【DAY1】／【DAY2】 / 横須賀芸術劇場リニューアル記念 YOKOSUKA Re:EM CLUB ～ENTERTAINMENT&MUSIC LIVE～ Re:EM STAGE 【DAY1】／【DAY2】 @ よこすか芸術劇場 (2026-10-18) [全販売終了]
     URL: https://t.pia.jp/pia/event/event.do?eventCd=2630120
     - 一般発売（神奈川 10/17公演）8/30 10:00発売: 2026-08-30
     - 一般発売（神奈川 10/18公演）8/30 10:00発売: 2026-08-30
  id=3577: ロックロックこんにちは!ver.28 ～にゃーロック!ホームズ～ / ロックロックこんにちは!ver.28 ～にゃーロック!ホームズ～ @ Zepp Namba（OSAKA） (2026-09-18) [全販売終了]
     URL: https://t.pia.jp/pia/event/event.do?eventCd=2628028
     - 一般発売（大阪 9/17公演）8/29 10:00発売: 2026-08-29
     - 一般発売（大阪 9/18公演）8/29 10:00発売: 2026-08-29
  id=3585: 新国立劇場の演劇 上村聡史演劇芸術監督シーズン開幕2作品通し券 / 新国立劇場の演劇 上村聡史演劇芸術監督シーズン開幕2作品通し券 @ 新国立劇場 中劇場／小劇場 (2026-11-11) [全販売終了]
     URL: https://t.pia.jp/pia/event/event.do?eventCd=2629431
     - 一般発売【平日マチネセット】（東京 11/11公演）8/30 10:00発売: 2026-08-30
  id=3587: 宝塚歌劇宙組 全国ツアー公演 ミュージカル・プレイ『再会』／スパーキング・イルミネイト『Diamond IMPULSE』 / 宝塚歌劇宙組 全国ツアー公演 ミュージカル・プレイ『再会』／スパーキング・イルミネイト『Diamond IMPULSE』 @ 梅田芸術劇場メインホール (2026-10-30) [全販売終了]
     URL: https://t.pia.jp/pia/event/event.do?eventCd=2617652
     - 一般発売（大阪 10/27〜10/30公演）8/30 10:00発売: 2026-08-30
  id=3592: 2026伝承ホール寺子屋 「渋谷金王丸伝説」&歌舞伎リーディング / 2026伝承ホール寺子屋 「渋谷金王丸伝説」&歌舞伎リーディング @ 渋谷区文化総合センター大和田 伝承ホール (2026-10-25) [全販売終了]
     URL: https://t.pia.jp/pia/event/event.do?eventCd=2624459
     - 一般発売（東京 10/25公演）8/25 10:00発売: 2026-08-25
  id=3594: 真一文字の会 ～春風亭一之輔勉強会～ / 真一文字の会 ～春風亭一之輔勉強会～ @ 東京証券会館 ホール (2026-09-16) [全販売終了]
     URL: https://t.pia.jp/pia/event/event.do?eventCd=2629373
     - 一般発売（東京 9/16公演）8/16 10:00発売: 2026-08-16
  id=3609: N響オーチャード定期2026／2027 東横シリーズ in 横浜<傑作ピアノ協奏曲&三大バレエ音楽><第138回> / N響オーチャード定期2026／2027 東横シリーズ in 横浜<傑作ピアノ協奏曲&三大バレエ音楽><第138回> @ 横浜みなとみらいホール 大ホール (2026-11-23) [全販売終了]
     URL: https://t.pia.jp/pia/event/event.do?eventCd=2600460
     - 一般発売（神奈川 11/23公演）8/29 10:00発売: 2026-08-29
  id=3682: 東レ パン パシフィック オープンテニストーナメント2026 / 東レ パン パシフィック オープンテニストーナメント2026 @ 有明コロシアム (2026-11-01) [全販売終了]
     URL: https://t.pia.jp/pia/event/event.do?eventBundleCd=b2669666
     - セブン-イレブン先行【単日券】（東京 10/26〜11/1公演）〜8/7 9:59: 2026-08-07
     - プリセール【7日通し券（月～日）・3日通し券（金～日）】（東京 10/26〜10/30公演）〜8/30 23:59: 2026-08-30
     - プリセール【ホスピタリティチケット】（東京 10/26〜11/1公演）〜8/30 23:59: 2026-08-30
  id=3683: 『超かぐや姫!』ムビチケカード型前売り券 / 『超かぐや姫!』ムビチケカード型前売り券 @ 全国の上映劇場 (2026-09-18) [全販売終了]
     URL: https://t.pia.jp/pia/event/event.do?eventBundleCd=b2669906
     - 一般発売（全国 9/18公演）〜8/20 23:59: 2026-08-20
  id=3696: Stray Kids / Stray Kids @ 全国ツアー（MUFGスタジアム／バンテリンドーム ナゴヤ／京セラドーム大阪／みずほペイペイドーム） (2026-10-24) [全販売終了]
     URL: https://t.pia.jp/pia/event/event.do?eventBundleCd=b2670074
     - ぴあNICOSカード限定先行（東京・愛知・大阪・福岡 8/29〜10/24公演）8/7 20:00発売: 2026-08-11
     - セブン-イレブン先行（東京・愛知・大阪・福岡 8/29〜10/24公演）8/12 12:00発売: 2026-08-16
  id=3739: SHIBUYA MUSIC CROSSOVER 2026 #7 / SHIBUYA MUSIC CROSSOVER 2026 #7 @ 渋谷区文化総合センター大和田 伝承ホール (2026-11-14) [全販売終了]
     URL: https://t.pia.jp/pia/event/event.do?eventCd=2604217
     - 一般発売（東京 11/14公演）8/22 10:00発売: 2026-08-22
  id=3743: Uru / Uru @ 全国ツアー（昭和女子大学 人見記念講堂／神戸国際会館こくさいホール） (2026-09-24) [全販売終了]
     URL: https://t.pia.jp/pia/event/event.do?eventBundleCd=b2665148
     - 一般発売（東京 9/3公演）8/15 10:00発売: 2026-08-15
     - 一般発売（兵庫 9/24公演）8/15 10:00発売: 2026-08-15
  id=3766: 国立能楽堂 9月特別公演 / 国立能楽堂 9月特別公演 @ 国立能楽堂 (2026-09-25) [全販売終了]
     URL: https://t.pia.jp/pia/event/event.do?eventCd=2631168
     - 一般発売（東京 9/25公演）8/10 10:00発売: 2026-08-10
  id=3872: PM AGENCY 40th ANNIVERSARY LIVE スーパー大感謝祭 / PM AGENCY 40th ANNIVERSARY LIVE スーパー大感謝祭 @ 沖縄コンベンションセンター 展示棟 (2026-11-14) [全販売終了]
     URL: https://t.pia.jp/pia/event/event.do?eventBundleCd=b2668938
     - 一般発売（沖縄 11/14公演）8/8 10:00発売: 2026-08-08
  id=3875: ミュージカル「タイムトラベラーズ・ワイフ」 / ミュージカル「タイムトラベラーズ・ワイフ」 @ 全国ツアー（EX THEATER ARIAKE／オリックス劇場） (2026-10-08) [全販売終了]
     URL: https://t.pia.jp/pia/event/event.do?eventBundleCd=b2670261
     - 一般発売（東京 9/5〜9/24公演）8/8 10:00発売: 2026-08-08
     - 一般発売（大阪 10/2〜10/8公演）8/8 10:00発売: 2026-08-08
  id=3896: 伊藤蘭 クリスマスディナー&コンサート / 伊藤蘭 クリスマスディナー&コンサート @ 神戸ポートピアホテル・大輪田の間 (2026-12-18) [全販売終了]
     URL: https://t.pia.jp/pia/event/event.do?eventCd=2629855
     - 一般発売（兵庫 12/18公演）8/17 10:00発売: 2026-08-17
  id=3907: 桂三度日本公演～桂三度入門十五周年記念祭～ / 桂三度日本公演～桂三度入門十五周年記念祭～ @ なんばグランド花月 (2026-10-07) [全販売終了]
     URL: https://t.pia.jp/pia/event/event.do?eventCd=2631228
     - 一般発売（大阪 10/7公演）8/22 12:30発売: 2026-08-22
  id=3937: 万筆舎『R3』刊行記念落語会 / 万筆舎『R3』刊行記念落語会 @ 座・高円寺2 (2026-10-13) [全販売終了]
     URL: https://t.pia.jp/pia/event/event.do?eventCd=2625598
     - 一般発売（東京 10/13公演）8/15 10:00発売: 2026-08-15
  id=3965: 読売ジャイアンツ対横浜DeNAベイスターズ 公式戦 / 読売ジャイアンツ対横浜DeNAベイスターズ 公式戦 @ 東京ドーム (2026-10-03) [全販売終了]
     URL: https://t.pia.jp/pia/event/event.do?eventCd=2630890
     - 一般発売（東京 10/3公演）8/22 11:00発売: 2026-08-22
  id=3967: 第一回 五圓會 ～三遊派落語研究会～ / 第一回 五圓會 ～三遊派落語研究会～ @ 日本橋公会堂（日本橋劇場） (2026-12-22) [全販売終了]
     URL: https://t.pia.jp/pia/event/event.do?eventCd=2630515
     - 一般発売（東京 12/22公演）8/24 10:00発売: 2026-08-24
  id=4014: 新宿二丁目プロレス vol.44 ミックスデー / 新宿二丁目プロレス vol.44 ミックスデー @ AiSOTOPE LOUNGE (2026-09-01) [全販売終了]
     URL: https://t.pia.jp/pia/event/event.do?eventCd=2630975
     - 一般発売（東京 9/1公演）〜8/27 23:59: 2026-08-27
  id=4015: 田村ゆかり / 田村ゆかり @ SGC HALL ARIAKE (2026-09-05) [全販売終了]
     URL: https://t.pia.jp/pia/event/event.do?eventCd=2629760
     - プレリザーブ（東京 9/5公演）8/10 12:00発売: 2026-08-16
  id=4033: CARCASS / CARCASS @ SPACE ODD (2026-09-18) [全販売終了]
     URL: https://t.pia.jp/pia/event/event.do?eventCd=2631284
     - プレリザーブ（東京 9/18公演）〜8/16 23:59: 2026-08-16
  id=4034: syudou / syudou @ Kanadevia Hall (2026-09-23) [全販売終了]
     URL: https://t.pia.jp/pia/event/event.do?eventCd=2625337
     - プレリザーブ（東京 9/23公演）〜8/23 23:59: 2026-08-23
  id=4035: 紫 今 / 紫 今 @ 渋谷CLUB QUATTRO (2026-10-03) [全販売終了]
     URL: https://t.pia.jp/pia/event/event.do?eventCd=2625136
     - プレリザーブ2次（東京 10/3公演）〜8/16 23:59: 2026-08-16
  id=4036: Little Parade / Little Parade @ SkyシアターMBS (2026-10-03) [全販売終了]
     URL: https://t.pia.jp/pia/event/event.do?eventCd=2629363
     - オフィシャル先行（大阪 10/3公演）〜8/20 23:59: 2026-08-20
  id=4039: FMY RADIO CRUSH / FMY RADIO CRUSH @ 周南RISING HALL (2026-10-10) [全販売終了]
     URL: https://t.pia.jp/pia/event/event.do?eventCd=2629023
     - プリセール（山口 10/10公演）〜8/23 23:59: 2026-08-23
  id=4041: MAYSON’s PARTY / MAYSON’s PARTY @ LOUD AFFECTION (2026-10-29) [全販売終了]
     URL: https://t.pia.jp/pia/event/event.do?eventCd=2630752
     - プレリザーブ（秋田・神奈川・新潟・長野・静岡・京都・香川 10/3〜10/29公演）〜8/30 23:59: 2026-08-30
  id=4042: 三浦大知 / 三浦大知 @ 全国ツアー（長良川国際会議場 メインホール／富士市文化会館ロゼシアター 大ホール／盛岡市民文化ホール 大ホール／仙台サンプラザホール） (2026-10-31) [全販売終了]
     URL: https://t.pia.jp/pia/event/event.do?eventCd=2623175
     - プレリザーブ（岩手・宮城 10/30〜10/31公演）〜8/25 11:00: 2026-08-25
     - 4次プレリザーブ（岐阜・静岡 10/17〜10/18公演）〜8/30 23:59: 2026-08-30
  id=4051: K-Drama OST Tribute Concert 2026 / K-Drama OST Tribute Concert 2026 @ 横浜BUNTAI (2026-11-10) [全販売終了]
     URL: https://t.pia.jp/pia/event/event.do?eventBundleCd=b2670325
     - プレイガイド最速先行（神奈川 11/10公演）〜8/18 23:59: 2026-08-18
  id=4068: Insheart / Insheart @ 福岡トヨタホールスカラエスパシオ (2026-10-17) [全販売終了]
     URL: https://t.pia.jp/pia/event/event.do?eventCd=2620239
     - 5次プレリザーブ（福岡 10/17公演）〜8/24 23:59: 2026-08-24
  id=4074: シャインポスト BRiGHT STARS FESTIVAL 2026 / シャインポスト BRiGHT STARS FESTIVAL 2026 @ ぴあアリーナMM (2026-09-13) [全販売終了]
     URL: https://t.pia.jp/pia/event/event.do?eventBundleCd=b2669034
     - ぴあ先着先行（神奈川 9/12公演）〜8/20 23:59: 2026-08-20
     - ぴあ先着先行（神奈川 9/13公演）〜8/20 23:59: 2026-08-20
  id=4079: Eve / Eve @ 全国ツアー（トーサイクラシックホール岩手 大ホール／栃木県総合文化センター メインホール／フェニックス・プラザ エルピス 大ホール／アクトシティ浜松 大ホール／ロームシアター京都 メインホール／倉敷市民会館／広島文化学園HBGホール／松山市民会館 大ホール／熊本城ホール メインホール） (2027-06-13) [全販売終了]
     URL: https://t.pia.jp/pia/event/event.do?eventBundleCd=b2670151
     - 先行（岩手・栃木・福井・静岡・京都・岡山・広島・愛媛・熊本 R9年 4/11〜6/13公演）〜8/27 23:59: 2026-08-27
  id=4080: 澤野弘之 × THE SOUND OF GUNDAM - 機動戦士ガンダムUC・NT・HATHAWAY Concert - / 澤野弘之 × THE SOUND OF GUNDAM - 機動戦士ガンダムUC・NT・HATHAWAY Concert - @ 東京ガーデンシアター (2027-02-27) [全販売終了]
     URL: https://t.pia.jp/pia/event/event.do?eventBundleCd=b2670108
     - 一般発売（東京 R9年 2/27公演）8/29 10:00発売: 2026-08-29
  id=4084: セブンス・ベガ / セブンス・ベガ @ 全国ツアー（Spotify O-EAST／エレクトリック・レディ・ランド／梅田BananaHall／LIVE HOUSE OP’s） (2027-02-14) [全販売終了]
     URL: https://t.pia.jp/pia/event/event.do?eventBundleCd=b2670226
     - 先行（東京・愛知・大阪・福岡 R9年 2/7〜2/14公演）〜8/23 23:59: 2026-08-23
  id=4085: East Of Eden / East Of Eden @ 全国ツアー（昭和女子大学 人見記念講堂／ヒューリックホール東京） (2027-01-30) [全販売終了]
     URL: https://t.pia.jp/pia/event/event.do?eventCd=2631907
     - 先行（東京 R9年 1/30公演）〜8/18 23:59: 2026-08-18
     - 先行（東京 9/26公演）〜8/23 23:59: 2026-08-23
  id=4088: TRiDENT / TRiDENT @ NAGOYA JAMMIN’ (2027-01-09) [全販売終了]
     URL: https://t.pia.jp/pia/event/event.do?eventBundleCd=b2667781
     - プレリザーブ（愛知 R9年 1/9公演）〜8/30 23:59: 2026-08-30
  id=4089: 花宮初奈 / 花宮初奈 @ TACHIKAWA STAGE GARDEN (2026-12-31) [全販売終了]
     URL: https://t.pia.jp/pia/event/event.do?eventCd=2625344
     - オフィシャル先行（東京 12/31公演）〜8/11 23:59: 2026-08-11
  id=4094: KAWAII LAB. SESSION / KAWAII LAB. SESSION @ 有明アリーナ (2026-12-13) [全販売終了]
     URL: https://t.pia.jp/pia/event/event.do?eventCd=2631397
     - プレリザーブ（東京 12/12〜12/13公演）〜8/16 23:59: 2026-08-16
  id=4095: 稲葉浩志 / 稲葉浩志 @ 全国ツアー（長良川国際会議場 メインホール／三重県文化会館 大ホール） (2026-12-20) [全販売終了]
     URL: https://t.pia.jp/pia/event/event.do?eventBundleCd=b2669355
     - 先行（北海道・宮城・秋田・福島・茨城・栃木・群馬・神奈川・石川・福井・山梨・岐阜・三重・京都・奈良・和歌山・岡山・広島・山口・香川・愛媛・福岡・大分・沖縄 9/18〜12/20公演）〜8/25 23:59: 2026-08-25
  id=4099: KOTORI pre. TORI ROCK FESTIVAL'26 / KOTORI pre. TORI ROCK FESTIVAL'26 @ 豊洲PIT (2026-12-05) [全販売終了]
     URL: https://t.pia.jp/pia/event/event.do?eventBundleCd=b2669467
     - 先行（東京 12/4〜12/5公演）〜8/23 23:59: 2026-08-23
  id=4100: Khalid / Khalid @ 東京ガーデンシアター (2026-12-03) [全販売終了]
     URL: https://t.pia.jp/pia/event/event.do?eventBundleCd=b2669789
     - 先行【GOLD席】（東京 12/3公演）〜8/16 23:59: 2026-08-16
     - 先行【SS席/S席/A席】（東京 12/3公演）〜8/16 23:59: 2026-08-16
     - 先行【VIPアップグレード】（東京 12/3公演）〜8/16 23:59: 2026-08-16
  id=4102: Alaska Jam / Alaska Jam @ 渋谷CLUB QUATTRO (2026-12-02) [全販売終了]
     URL: https://t.pia.jp/pia/event/event.do?eventCd=2617117
     - プレリザーブ2次（東京 12/2公演）〜8/30 23:59: 2026-08-30
  id=4106: 放送50周年記念 第20回「徹子の部屋」コンサート / 放送50周年記念 第20回「徹子の部屋」コンサート @ 東京国際フォーラム ホールA (2026-11-27) [全販売終了]
     URL: https://t.pia.jp/pia/event/event.do?eventCd=2616808
     - 先行（東京 11/27公演）〜8/18 23:59: 2026-08-18
  id=4108: 大貫妙子 / 大貫妙子 @ 昭和女子大学 人見記念講堂 (2026-11-22) [全販売終了]
     URL: https://t.pia.jp/pia/event/event.do?eventCd=2628174
     - プレリザーブ2次（東京 11/22公演）〜8/25 23:59: 2026-08-25
  id=4114: Yung Kai / Yung Kai @ 恵比寿ザ・ガーデンホール (2026-11-19) [全販売終了]
     URL: https://t.pia.jp/pia/event/event.do?eventBundleCd=b2670313
     - オフィシャル2次抽選先行【GOLDスタンディング】（東京 11/19公演）〜8/30 23:59: 2026-08-30
     - オフィシャル2次抽選先行【VIPアップグレード】（東京 11/19公演）〜8/30 23:59: 2026-08-30
     - オフィシャル2次抽選先行【スタンディング】（東京 11/19公演）〜8/30 23:59: 2026-08-30
  id=4117: RAINCOVER / RAINCOVER @ KYOTO MUSE (2026-11-15) [全販売終了]
     URL: https://t.pia.jp/pia/event/event.do?eventCd=2625334
     - 先行（京都 11/15公演）〜8/16 23:59: 2026-08-16
  id=4118: 神はサイコロを振らない / 神はサイコロを振らない @ 全国ツアー（Zepp Sapporo／Zepp Nagoya／Zepp Osaka Bayside／Zepp Fukuoka／Zepp Haneda（TOKYO）） (2026-12-06) [全販売終了]
     URL: https://t.pia.jp/pia/event/event.do?eventCd=2623285
     - 先行（北海道・愛知・大阪・福岡 11/14〜11/29公演）〜8/23 23:59: 2026-08-23
     - 先行（東京 12/6公演）〜8/23 23:59: 2026-08-23
     - 最速先行（北海道・愛知・大阪・福岡 11/14〜11/29公演）〜8/30 23:59: 2026-08-30
     - 最速先行（東京 12/6公演）〜8/30 23:59: 2026-08-30
  id=4121: MASS OF THE FERMENTING DREGS / MASS OF THE FERMENTING DREGS @ LIQUIDROOM (2027-11-07) [全販売終了]
     URL: https://t.pia.jp/pia/event/event.do?eventCd=2631947
     - オフィシャル最速先着先行（東京 R9年 11/7公演）〜8/23 23:59: 2026-08-23
  id=4140: 風見和香 / 風見和香 @ KT Zepp Yokohama (2026-08-31) [全販売終了]
     URL: https://t.pia.jp/pia/event/event.do?eventCd=2623494
     - 一般発売（神奈川 8/31公演）〜8/20 23:59: 2026-08-20
  id=4145: 須田景凪 / 須田景凪 @ REDSUN (2026-09-06) [全販売終了]
     URL: https://t.pia.jp/pia/event/event.do?eventCd=2627176
     - 3次プレリザーブ（石川 9/6公演）〜8/16 23:59: 2026-08-16
  id=4146: さかしたひかる / さかしたひかる @ 全国ツアー（LIVE HOUSE FEVER／心斎橋JANUS） (2026-09-14) [全販売終了]
     URL: https://t.pia.jp/pia/event/event.do?eventCd=2629370
     - 先行（東京 9/8公演）〜8/12 23:59: 2026-08-12
     - 先行（大阪 9/14公演）〜8/16 23:59: 2026-08-16
  id=4148: BANQUET!! / BANQUET!! @ Yogibo HOLY MOUNTAIN (2026-09-08) [全販売終了]
     URL: https://t.pia.jp/pia/event/event.do?eventCd=2628342
     - 先行（大阪 9/8公演）〜8/25 12:00: 2026-08-25
  id=4150: FIVE O ONE / FIVE O ONE @ 全国ツアー（SGC HALL ARIAKE／オリックス劇場／神戸文化ホール 大ホール） (2026-09-27) [全販売終了]
     URL: https://t.pia.jp/pia/event/event.do?eventCd=2629146
     - プレリザーブ（東京 9/11〜9/13公演）〜8/16 23:59: 2026-08-16
     - 先行（大阪・兵庫 9/26〜9/27公演）〜8/16 23:59: 2026-08-16
  id=4151: ITAMI GREENJAM’26 / ITAMI GREENJAM’26 @ 昆陽池公園 (2026-09-13) [全販売終了]
     URL: https://t.pia.jp/pia/event/event.do?eventBundleCd=b2670333
     - 一般販売（兵庫 9/12〜9/13公演）〜8/24 23:59: 2026-08-24
  id=4153: 高尾奏音／櫻井陽菜 / 高尾奏音／櫻井陽菜 @ ランドマークホール (2026-09-13) [全販売終了]
     URL: https://t.pia.jp/pia/event/event.do?eventCd=2631424
     - 先行（神奈川 9/13公演）〜8/16 23:59: 2026-08-16
  id=4154: PERSONA LIVE TOUR 2026 - Resonance - / PERSONA LIVE TOUR 2026 - Resonance - @ Zepp Namba（OSAKA） (2026-09-13) [全販売終了]
     URL: https://t.pia.jp/pia/event/event.do?eventBundleCd=b2668974
     - プレリザーブ（大阪 9/13公演）〜8/14 23:59: 2026-08-14
  id=4155: 高橋愛 / 高橋愛 @ TOKYO FMホール (2026-09-14) [全販売終了]
     URL: https://t.pia.jp/pia/event/event.do?eventCd=2631154
     - 先行（東京 9/14公演）〜8/13 23:59: 2026-08-13
  id=4164: 島袋寛子 / 島袋寛子 @ 全国ツアー（大宮ソニックシティ 大ホール／SGC HALL ARIAKE／フェスティバルホール／Niterra日本特殊陶業市民会館 フォレストホール） (2026-11-04) [全販売終了]
     URL: https://t.pia.jp/pia/event/event.do?eventCd=2628973
     - 一般発売（福岡 10/9公演）8/29 10:00発売: 2026-08-29
     - 一般発売（大阪 10/4公演）8/29 10:00発売: 2026-08-29
     - 一般発売（愛知 10/30公演）8/29 10:00発売: 2026-08-29
  id=4165: ETERNAL FIGHTER TAKERU DEEPEST RESPECT / ETERNAL FIGHTER TAKERU DEEPEST RESPECT @ 豊洲PIT (2026-09-24) [全販売終了]
     URL: https://t.pia.jp/pia/event/event.do?eventBundleCd=b2669304
     - プレリザーブ（東京 9/24公演）〜8/18 23:59: 2026-08-18
  id=4166: 毛利泰士とザ・ベスト コンサート2026 / 毛利泰士とザ・ベスト コンサート2026 @ なんばHatch (2026-09-24) [全販売終了]
     URL: https://t.pia.jp/pia/event/event.do?eventCd=2629482
     - 2次プレリザーブ（大阪 9/24公演）〜8/30 23:59: 2026-08-30
  id=4169: DEEN / DEEN @ 京都劇場 (2026-09-27) [全販売終了]
     URL: https://t.pia.jp/pia/event/event.do?eventCd=2629677
     - 一般発売（京都 9/26〜9/27公演）8/22 10:00発売: 2026-08-22
  id=4172: Bocchi / Bocchi @ WWW X (2026-09-26) [全販売終了]
     URL: https://t.pia.jp/pia/event/event.do?eventBundleCd=b2670225
     - プレリザーブ（東京 9/26公演）〜8/16 23:59: 2026-08-16
  id=4174: Lead / Lead @ 全国ツアー（I’M A SHOW／Lives NAGOYA） (2026-09-27) [全販売終了]
     URL: https://t.pia.jp/pia/event/event.do?eventCd=2630529
     - 一般発売.（愛知 8/22公演）〜8/20 23:59: 2026-08-20
     - 3次プレリザーブ（東京 9/27公演）〜8/24 23:59: 2026-08-24
  id=4175: THE PREDATORS / THE PREDATORS @ 全国ツアー（Zepp DiverCity（TOKYO）／ダイアモンドホール／なんばHatch） (2026-10-01) [全販売終了]
     URL: https://t.pia.jp/pia/event/event.do?eventCd=2626509
     - 一般発売（大阪 9/29公演）8/30 10:00発売: 2026-08-30
     - 一般発売（愛知 9/28公演）8/30 10:00発売: 2026-08-30
     - 一般発売（東京 10/1公演）8/30 10:00発売: 2026-08-30
  id=4197: 演芸写真家 橘蓮二プロデュース 春風亭一之輔×桂二葉 二人会2026 / 演芸写真家 橘蓮二プロデュース 春風亭一之輔×桂二葉 二人会2026 @ 京都芸術劇場 春秋座（京都芸術大学内） (2026-10-23) [全販売終了]
     URL: https://t.pia.jp/pia/event/event.do?eventCd=2630713
     - 一般発売（京都 10/23公演）8/26 10:00発売: 2026-08-26
  id=4205: 第570回 花形演芸会 / 第570回 花形演芸会 @ 渋谷区文化総合センター大和田 伝承ホール (2026-09-23) [全販売終了]
     URL: https://t.pia.jp/pia/event/event.do?eventCd=2631590
     - 一般発売（東京 9/23公演）8/18 10:00発売: 2026-08-18
  id=4255: フィルハーモニー・シリーズ オーケストラ・アンサンブル金沢 第506回定期公演 / フィルハーモニー・シリーズ オーケストラ・アンサンブル金沢 第506回定期公演 @ 石川県立音楽堂 コンサートホール (2026-11-27) [全販売終了]
     URL: https://t.pia.jp/pia/event/event.do?eventCd=2541073
     - 一般発売（石川 11/27公演）8/27 10:00発売: 2026-08-27
  id=4268: APF SAPPHIRE CUP 2026 / APF SAPPHIRE CUP 2026 @ 曳舟文化センター 劇場ホール (2026-09-19) [全販売終了]
     URL: https://t.pia.jp/pia/event/event.do?eventCd=2632466
     - 一般発売（東京 9/19公演）8/19 10:00発売: 2026-08-19
  id=4272: 横浜DeNAベイスターズ対阪神タイガース／公式戦 / 横浜DeNAベイスターズ対阪神タイガース／公式戦 @ 横浜スタジアム (2026-09-26) [全販売終了]
     URL: https://t.pia.jp/pia/event/event.do?eventCd=2632092
     - 一般販売（神奈川 9/25〜9/26公演）8/18 12:00発売: 2026-08-18
  id=4319: ハロー【一花】イチハナ～一之輔相談室～ / ハロー【一花】イチハナ～一之輔相談室～ @ 座・高円寺2 (2026-09-02) [全販売終了]
     URL: https://t.pia.jp/pia/event/event.do?eventCd=2626773
     - 一般発売（東京 9/2公演）8/16 10:00発売: 2026-08-16
  id=4325: カウントダウン ミュージカル コンサート 2026-2027 / カウントダウン ミュージカル コンサート 2026-2027 @ 東京国際フォーラム ホールA (2026-12-31) [全販売終了]
     URL: https://t.pia.jp/pia/event/event.do?eventCd=2622602
     - 先行（東京 12/31公演）8/19 10:00発売: 2026-08-30
  id=4326: Kis-My-Ft2 / Kis-My-Ft2 @ 全国ツアー（LaLa arena TOKYO-BAY／広島グリーンアリーナ／朱鷺メッセ 新潟コンベンションセンター） (2026-09-20) [全販売終了]
     URL: https://t.pia.jp/pia/event/event.do?eventBundleCd=b2668966
     - 一般発売（千葉 9/4〜9/6公演）8/16 12:00発売: 2026-08-16
     - 一般発売（広島 9/12〜9/13公演）8/16 12:00発売: 2026-08-16
     - 一般発売（新潟 9/19〜9/20公演）8/16 12:00発売: 2026-08-16
  id=4332: 宮川大聖 / 宮川大聖 @ 全国ツアー（ペニーレーン24／DRUM LOGOS／エレクトリック・レディ・ランド／Takara Osaka／SENDAI GIGS／Zepp Haneda（TOKYO）） (2027-01-05) [全販売終了]
     URL: https://t.pia.jp/pia/event/event.do?eventCd=2626035
     - 2次プレリザーブ（北海道 12/20公演）〜8/30 23:59: 2026-08-30
     - 2次プレリザーブ（愛知 11/14公演）〜8/30 23:59: 2026-08-30
     - 2次プレリザーブ（大阪 11/15公演）〜8/30 23:59: 2026-08-30
     - 2次プレリザーブ（宮城 11/22公演）〜8/30 23:59: 2026-08-30
     - プレリザーブ2次（東京 R9年 1/5公演）〜8/30 23:59: 2026-08-30
  id=4334: ONE OK ROCK / ONE OK ROCK @ 全国ツアー（ZOZOマリンスタジアム／宮城・セキスイハイムスーパーアリーナ（グランディ・21）） (2026-09-06) [全販売終了]
     URL: https://t.pia.jp/pia/event/event.do?eventBundleCd=b2669955
     - 公演 一般発売【クロークチケット】（宮城 8/25公演）〜8/24 23:59: 2026-08-24
     - 公演 一般発売【クロークチケット】（宮城 8/26公演）〜8/25 23:59: 2026-08-25
     - 一般発売【駐車券】（宮城 8/25〜8/26公演）〜8/25 23:59: 2026-08-25
     - 一般発売【JR仙台駅東口発臨時直行往復バス券】（宮城 8/25〜8/26公演）〜8/25 23:59: 2026-08-25
  id=4346: 「試し卸し叩き」 / 「試し卸し叩き」 @ 新宿バティオス (2026-09-06) [全販売終了]
     URL: https://t.pia.jp/pia/event/event.do?eventCd=2631017
     - 先行（東京 9/6公演）8/18 18:00発売: 2026-08-23
  id=4360: TVアニメ 『凶乱令嬢ニア・リストン 病弱令嬢に転生した神殺しの武人の華麗なる無双録』1話・2話・3話 最速上映会&スペシャルイベント / TVアニメ 『凶乱令嬢ニア・リストン 病弱令嬢に転生した神殺しの武人の華麗なる無双録』1話・2話・3話 最速上映会&スペシャルイベント @ esports TOKYO BAY studio (2026-09-22) [全販売終了]
     URL: https://t.pia.jp/pia/event/event.do?eventCd=2629368
     - 先行（東京 9/22公演）〜8/30 23:59: 2026-08-30
  id=4372: THE JAPANESE PRIDE / THE JAPANESE PRIDE @ 全国ツアー（LIVE HOUSE FEVER／Party’z／新神楽） (2026-12-22) [全販売終了]
     URL: https://t.pia.jp/pia/event/event.do?eventCd=2629790
     - 先行（東京・愛知・大阪 12/9〜12/22公演）〜8/30 23:59: 2026-08-30
  id=4373: 椎名林檎 / 椎名林檎 @ 全国ツアー（あきた芸術劇場ミルハス 大ホール／市川市文化会館 大ホール／東京国際フォーラム ホールA／アクトシティ浜松 大ホール／神戸国際会館こくさいホール／松山市民会館 大ホール／iichiko グランシアタ） (2026-11-26) [全販売終了]
     URL: https://t.pia.jp/pia/event/event.do?eventBundleCd=b2670162
     - プレリザーブ（秋田・千葉・東京・静岡・兵庫・愛媛・大分 10/30〜11/26公演）〜8/20 23:59: 2026-08-20
     - 先行【全国】（秋田・千葉・東京・静岡・兵庫・愛媛・大分 10/30〜11/26公演）〜8/30 23:59: 2026-08-30
  id=4374: 上白石萌音 / 上白石萌音 @ 全国ツアー（横浜赤レンガパーク野外特設ステージ／西原商会アリーナ） (2026-10-04) [全販売終了]
     URL: https://t.pia.jp/pia/event/event.do?eventCd=2628884
     - プリセール（神奈川 10/3公演）〜8/28 17:59: 2026-08-28
     - プリセール（神奈川 10/4公演）〜8/28 17:59: 2026-08-28
     - プリセール（鹿児島 9/20公演）〜8/28 23:59: 2026-08-28
     - プリセール（鹿児島 9/21公演）〜8/28 23:59: 2026-08-28
  id=4384: STARフェス / STARフェス @ ぴあアリーナMM (2026-10-11) [全販売終了]
     URL: https://t.pia.jp/pia/event/event.do?eventCd=2630954
     - オフィシャル先行（神奈川 10/10〜10/11公演）〜8/30 23:59: 2026-08-30
  id=4385: ばってん少女隊 / ばってん少女隊 @ 全国ツアー（仙台 darwin／恵比寿ザ・ガーデンホール／梅田BananaHall／SOUND SHOWER ark／DRUM LOGOS／SGC HALL ARIAKE） (2027-02-13) [全販売終了]
     URL: https://t.pia.jp/pia/event/event.do?eventCd=2626338
     - プレリザーブ（宮城・東京 9/6〜11/3公演）〜8/23 23:59: 2026-08-23
     - プレリザーブ（大阪 10/3公演）〜8/23 23:59: 2026-08-23
     - プレリザーブ（静岡 10/12公演）〜8/23 23:59: 2026-08-23
     - プレリザーブ（福岡 11/15公演）〜8/23 23:59: 2026-08-23
     - 先行（東京 R9年 2/13公演）〜8/30 23:59: 2026-08-30
  id=4386: BUDDiiS / BUDDiiS @ 東京ガーデンシアター (2027-01-16) [全販売終了]
     URL: https://t.pia.jp/pia/event/event.do?eventCd=2629662
     - プレリザーブ（東京 R9年 1/16公演）〜8/30 23:59: 2026-08-30
  id=4387: PEOPLE 1 / PEOPLE 1 @ 京王アリーナTOKYO (2026-12-06) [全販売終了]
     URL: https://t.pia.jp/pia/event/event.do?eventCd=2626417
     - 先行（東京 12/5〜12/6公演）〜8/30 23:59: 2026-08-30
  id=4388: HOSHIKUMA MINAMI / HOSHIKUMA MINAMI @ 全国ツアー（渋谷CLUB QUATTRO／名古屋クラブクアトロ／梅田クラブクアトロ） (2026-12-09) [全販売終了]
     URL: https://t.pia.jp/pia/event/event.do?eventBundleCd=b2668851
     - 先行（東京・愛知・大阪 12/2〜12/9公演）〜8/30 23:59: 2026-08-30
  id=4389: Owarai-night Sensation 『DJ KOO presents ちゃんKOOお笑いLIVE!! vol.8 in OSAKA』 / Owarai-night Sensation 『DJ KOO presents ちゃんKOOお笑いLIVE!! vol.8 in OSAKA』 @ 東京建物 Brillia HALL 箕面 大ホール (2026-10-08) [全販売終了]
     URL: https://t.pia.jp/pia/event/event.do?eventBundleCd=b2670280
     - プレリザーブ（大阪 10/8公演）〜8/30 23:59: 2026-08-30
  id=4390: NEE / NEE @ ボトムライン (2026-10-24) [全販売終了]
     URL: https://t.pia.jp/pia/event/event.do?eventCd=2629150
     - プレリザーブ（愛知 10/24公演）〜8/26 23:59: 2026-08-26
  id=4391: BEEEEM FES vol.10 -New Generation- / BEEEEM FES vol.10 -New Generation- @ 白金高輪 SELENE b2 (2026-09-15) [全販売終了]
     URL: https://t.pia.jp/pia/event/event.do?eventCd=2631212
     - プレリザーブ（東京 9/15公演）〜8/26 23:59: 2026-08-26
  id=4393: AQ / AQ @ ダンスホール新世紀 (2026-10-12) [全販売終了]
     URL: https://t.pia.jp/pia/event/event.do?eventCd=2632172
     - プレリザーブ（東京 10/12公演）〜8/25 23:59: 2026-08-25
  id=4394: バズリズム LIVE 2026 / バズリズム LIVE 2026 @ 横浜アリーナ (2026-11-08) [全販売終了]
     URL: https://t.pia.jp/pia/event/event.do?eventBundleCd=b2670399
     - 最速先行（神奈川 11/6〜11/8公演）〜8/25 23:59: 2026-08-25
  id=4395: BEEEEM FES vol.9 Supported by michellMacaron / BEEEEM FES vol.9 Supported by michellMacaron @ Spotify O-EAST (2026-09-10) [全販売終了]
     URL: https://t.pia.jp/pia/event/event.do?eventCd=2631890
     - プレリザーブ（東京 9/10公演）〜8/25 23:59: 2026-08-25
  id=4397: TOOBOE / TOOBOE @ 全国ツアー（CASINO DRIVE／ペニーレーン24／仙台 darwin／Shibuya LOVEZ／KT Zepp Yokohama／金沢EIGHT HALL／長野CLUB JUNK BOX／静岡UMBER／ダイアモンドホール／KYOTO MUSE／BIGCAT／神戸VARIT.／米子laughs／LIVE VANQUISH／DIME／DRUM LOGOS／熊本B.9 V2／鹿児島SRホール／LINE CUBE SHIBUYA） (2027-02-21) [全販売終了]
     URL: https://t.pia.jp/pia/event/event.do?eventBundleCd=b2669512
     - 一般発売（東京 8/21公演）〜8/20 23:59: 2026-08-20
     - 先行【全国】（北海道・宮城・東京・神奈川・石川・長野・静岡・愛知・京都・大阪・兵庫・鳥取・広島・香川・福岡・熊本・鹿児島 11/7〜R9年 2/21公演）〜8/24 23:59: 2026-08-24
     - 当日券発売（東京 8/21公演）〜8/21 20:00: 2026-08-21
  id=4398: 比嘉ゆめの生誕祭2026『～ユメノハナシ～』 / 比嘉ゆめの生誕祭2026『～ユメノハナシ～』 @ Spotify O-WEST (2026-09-26) [全販売終了]
     URL: https://t.pia.jp/pia/event/event.do?eventCd=2632368
     - 一般発売（東京 9/26公演）8/30 22:00発売: 2026-08-30
  id=4399: FOMARE / FOMARE @ Gメッセ群馬 (2026-10-12) [全販売終了]
     URL: https://t.pia.jp/pia/event/event.do?eventCd=2619530
     - 先行（群馬 10/12公演）〜8/24 23:59: 2026-08-24
  id=4400: MASTERPIECE 2026 / MASTERPIECE 2026 @ 岐阜市文化センター (2026-11-29) [全販売終了]
     URL: https://t.pia.jp/pia/event/event.do?eventBundleCd=b2668940
     - 先行（岐阜 11/28〜11/29公演）〜8/24 23:59: 2026-08-24
  id=4402: UNLIMITS / UNLIMITS @ 全国ツアー（柏ALIVE／F.A.D YOKOHAMA／磐田FMSTAGE） (2026-12-06) [全販売終了]
     URL: https://t.pia.jp/pia/event/event.do?eventCd=2626998
     - 先行（千葉・神奈川・静岡 10/31〜12/6公演）〜8/23 23:59: 2026-08-23
  id=4405: EDEN’s CLINE Live turn 4 / EDEN’s CLINE Live turn 4 @ unravel tokyo (2026-10-03) [全販売終了]
     URL: https://t.pia.jp/pia/event/event.do?eventCd=2632029
     - 先行（東京 10/3公演）〜8/23 23:59: 2026-08-23
  id=4406: Girls2 / Girls2 @ 全国ツアー（福岡国際会議場 メインホール／NHK大阪ホール） (2026-10-18) [全販売終了]
     URL: https://t.pia.jp/pia/event/event.do?eventCd=2632404
     - プレリザーブ（福岡 10/4公演）〜8/23 23:59: 2026-08-23
     - プレリザーブ（大阪 10/18公演）〜8/23 23:59: 2026-08-23
  id=4408: SATANIC PARTY 2026 / SATANIC PARTY 2026 @ Spotify O-EAST (2026-11-01) [全販売終了]
     URL: https://t.pia.jp/pia/event/event.do?eventCd=2626823
     - オフィシャル先行2次（東京 11/1公演）〜8/23 23:59: 2026-08-23
     - 餓鬼割先行2次（東京 11/1公演）〜8/23 23:59: 2026-08-23
  id=4409: 清水翔太 / 清水翔太 @ 日本武道館 (2026-10-09) [全販売終了]
     URL: https://t.pia.jp/pia/event/event.do?eventBundleCd=b2669341
     - プレリザーブ（東京 10/9公演）〜8/23 23:59: 2026-08-23
  id=4410: 玉置浩二 / 玉置浩二 @ 日本武道館 (2026-11-05) [全販売終了]
     URL: https://t.pia.jp/pia/event/event.do?eventCd=2630176
     - プレリザーブ2次（東京 11/4〜11/5公演）〜8/23 23:59: 2026-08-23
  id=4411: ChouCho / ChouCho @ duo MUSIC EXCHANGE (2026-10-25) [全販売終了]
     URL: https://t.pia.jp/pia/event/event.do?eventCd=2630760
     - プレリザーブ（東京 10/25公演）〜8/23 23:59: 2026-08-23
  id=4412: T.M.Revolution / T.M.Revolution @ 全国ツアー（堺市民芸術文化ホール（フェニーチェ堺） 大ホール／カルッツかわさき（川崎市スポーツ・文化総合センター）ホール／愛知県芸術劇場 大ホール） (2026-12-27) [全販売終了]
     URL: https://t.pia.jp/pia/event/event.do?eventBundleCd=b2669838
     - 最速先行（大阪 11/21公演）〜8/23 23:59: 2026-08-23
     - 最速先行（大阪 11/22公演）〜8/23 23:59: 2026-08-23
     - 最速先行（神奈川 12/21公演）〜8/23 23:59: 2026-08-23
     - 最速先行（神奈川 12/22公演）〜8/23 23:59: 2026-08-23
     - 最速先行（愛知 12/26公演）〜8/23 23:59: 2026-08-23
     - 最速先行（愛知 12/27公演）〜8/23 23:59: 2026-08-23
  id=4413: DeNeel / DeNeel @ 全国ツアー（SPACE ODD／新栄シャングリラ／Yogibo HOLY MOUNTAIN） (2026-11-27) [全販売終了]
     URL: https://t.pia.jp/pia/event/event.do?eventBundleCd=b2669562
     - プレリザーブ（愛知 11/8公演）〜8/30 23:59: 2026-08-30
  id=4415: Tohji / Tohji @ 東京ドーム (2026-11-17) [全販売終了]
     URL: https://t.pia.jp/pia/event/event.do?eventBundleCd=b2670415
     - 先行（東京 11/17公演）〜8/23 23:59: 2026-08-23
     - 先行【Tシャツ付き】（東京 11/17公演）〜8/23 23:59: 2026-08-23
  id=4416: PENTAGON / PENTAGON @ 全国ツアー（Zepp DiverCity（TOKYO）／Zepp Namba（OSAKA）） (2026-10-03) [全販売終了]
     URL: https://t.pia.jp/pia/event/event.do?eventCd=2632037
     - 最速先行（東京・大阪 10/1〜10/3公演）〜8/23 23:59: 2026-08-23
  id=4417: 2026 LEE SANG JUN SHOW 45 WORLD TOUR in TOKYO / 2026 LEE SANG JUN SHOW 45 WORLD TOUR in TOKYO @ 日本教育会館 一ツ橋ホール (2026-09-21) [全販売終了]
     URL: https://t.pia.jp/pia/event/event.do?eventBundleCd=b2670242
     - 先行（東京 9/21公演）〜8/23 23:59: 2026-08-23
  id=4418: Osaka GLOW Glow-in-the-Dark Dance Performance&Experience / Osaka GLOW Glow-in-the-Dark Dance Performance&Experience @ STUDIO WREXX (2027-03-21) [全販売終了]
     URL: https://t.pia.jp/pia/event/event.do?eventCd=2631839
     - オフィシャル先行（大阪 10/24〜R9年 3/21公演）〜8/23 23:59: 2026-08-23
  id=4420: Suchmos / Suchmos @ 全国ツアー（ゼビオアリーナ仙台／Kアリーナ横浜／GLION ARENA KOBE／マリンメッセ福岡B館） (2027-05-02) [全販売終了]
     URL: https://t.pia.jp/pia/event/event.do?eventBundleCd=b2668000
     - 先行（宮城・神奈川・兵庫・福岡 R9年 3/13〜5/2公演）〜8/21 23:59: 2026-08-21
  id=4422: yeti let you notice / yeti let you notice @ 全国ツアー（Shibuya WWW／鶴舞DAYTRIP／CONPASS／福岡・UTERO） (2026-11-28) [全販売終了]
     URL: https://t.pia.jp/pia/event/event.do?eventBundleCd=b2669302
     - 先行（東京・愛知・大阪・福岡 10/4〜11/28公演）〜8/20 23:59: 2026-08-20
  id=4423: The Performance Zero / The Performance Zero @ Zepp DiverCity（TOKYO） (2026-10-12) [全販売終了]
     URL: https://t.pia.jp/pia/event/event.do?eventBundleCd=b2670473
     - プレリザーブ（東京 10/12公演）〜8/30 23:59: 2026-08-30
  id=4436: GLAY / GLAY @ 全国ツアー（朱鷺メッセ 新潟コンベンションセンター／北海きたえーる／マリンメッセ福岡A館／広島グリーンアリーナ／Aichi Sky Expo（愛知県国際展示場） 展示ホールA） (2027-02-07) [全販売終了]
     URL: https://t.pia.jp/pia/event/event.do?eventCd=2627147
     - プレリザーブ（新潟 12/5公演）〜8/25 23:59: 2026-08-25
     - プレリザーブ（北海道 12/13公演）〜8/25 23:59: 2026-08-25
     - プレリザーブ（福岡 12/19〜12/20公演）〜8/25 23:59: 2026-08-25
     - プレリザーブ（広島 R9年 1/30〜1/31公演）〜8/25 23:59: 2026-08-25
     - プレリザーブ（愛知 R9年 2/7公演）〜8/25 23:59: 2026-08-25
  id=4439: Owarai-night Sensation 『DJ KOO presents ちゃんKOOお笑いLIVE!! vol.7』 / Owarai-night Sensation 『DJ KOO presents ちゃんKOOお笑いLIVE!! vol.7』 @ 杉並公会堂 大ホール (2026-09-24) [全販売終了]
     URL: https://t.pia.jp/pia/event/event.do?eventBundleCd=b2670238
     - プレリザーブ2次（東京 9/24公演）〜8/30 23:59: 2026-08-30
  id=4471: ano / ano @ 東京ガーデンシアター (2026-09-04) [全販売終了]
     URL: https://t.pia.jp/pia/event/event.do?eventBundleCd=b2562014
     - 一般発売（東京 9/4公演）〜8/26 23:59: 2026-08-26
  id=4479: ABEDON / ABEDON @ 全国ツアー（SENDAI GIGS／KT Zepp Yokohama／Zepp Nagoya） (2026-09-11) [全販売終了]
     URL: https://t.pia.jp/pia/event/event.do?eventCd=2601375
     - 一般発売（宮城 9/11公演）〜8/25 23:59: 2026-08-25
     - 一般発売（神奈川 9/3公演）〜8/25 23:59: 2026-08-25
     - 一般発売.（愛知 8/29公演）〜8/28 23:59: 2026-08-28
  id=4611: MET JAZZ TOKYO: DAY 0 / MET JAZZ TOKYO: DAY 0 @ オーチャードホール (2026-11-29) [全販売終了]
     URL: https://t.pia.jp/pia/event/event.do?eventCd=2630568
     - 一般発売（東京 11/29公演）8/22 12:00発売: 2026-08-22
  id=4656: LINKL PLANET / LINKL PLANET @ 全国ツアー（duo MUSIC EXCHANGE／NAGOYA JAMMIN'／ESAKA MUSE） (2026-11-08) [全販売終了]
     URL: https://eplus.jp/sf/detail/3739940001
     - 先着先行（東京 10/17 13:30公演）〜8/23 23:59: 2026-08-23
     - 先着先行（東京 10/17 17:30公演）〜8/23 23:59: 2026-08-23
     - 先着先行（愛知 11/7 13:30公演）〜8/23 23:59: 2026-08-23
     - 先着先行（愛知 11/7 17:30公演）〜8/23 23:59: 2026-08-23
     - 先着先行（大阪 11/8 13:00公演）〜8/23 23:59: 2026-08-23
     - 先着先行（大阪 11/8 17:00公演）〜8/23 23:59: 2026-08-23
     - 一般発売（愛知 11/7公演）8/29 10:00発売: 2026-08-29
  id=4726: 世界のMIDORI 再び七尾へ!! 能登復興支援事業 オーケストラ・アンサンブル金沢 第25回七尾定期公演 / 世界のMIDORI 再び七尾へ!! 能登復興支援事業 オーケストラ・アンサンブル金沢 第25回七尾定期公演 @ 七尾市文化ホール 大ホール (2026-11-28) [全販売終了]
     URL: https://t.pia.jp/pia/event/event.do?eventCd=2629338
     - 一般発売（石川 11/28公演）8/28 10:00発売: 2026-08-28
  id=4779: 新日本フィル「第九」特別演奏会2026 スターツハートフルコンサート / 新日本フィル「第九」特別演奏会2026 スターツハートフルコンサート @ サントリーホール 大ホール (2026-12-19) [全販売終了]
     URL: https://t.pia.jp/pia/event/event.do?eventCd=2627213
     - 一般発売（東京 12/19公演）8/29 10:00発売: 2026-08-29
  id=4808: Evoken Fest 2026 / Evoken Fest 2026 @ 全国ツアー（神田明神ホール／HOLIDAY SHINJUKU） (2026-08-31) [全販売終了]
     URL: https://t.pia.jp/pia/event/event.do?eventCd=2633551
     - 一般発売（東京 8/29〜8/31公演）〜8/30 23:59: 2026-08-30
  id=4812: 末延麻裕子／ジェイコブ・コーラー / 末延麻裕子／ジェイコブ・コーラー @ 玉川せせらぎホール（玉川区民会館） (2026-11-28) [全販売終了]
     URL: https://t.pia.jp/pia/event/event.do?eventCd=2628402
     - 末延麻裕子（東京 11/28公演）8/22 11:00発売: 2026-08-30
  id=4823: 浪漫派マシュマロ / 浪漫派マシュマロ @ 全国ツアー（ペニーレーン24／Zepp Shinjuku（TOKYO）／GORILLA HALL OSAKA／SIX ONE Live STAR／DIME） (2027-01-29) [全販売終了]
     URL: https://t.pia.jp/pia/event/event.do?eventBundleCd=b2669171
     - プレリザーブ【運命も神様も邪魔すんなよ、じゃあまた明日ねツアー】（北海道・東京・大阪・広島・香川 10/18〜R9年 1/29公演）8/21 18:00発売: 2026-08-30
  id=4863: 『拝啓、親愛なる魔法使いのあなたへ -lapis lazuli-』 / 『拝啓、親愛なる魔法使いのあなたへ -lapis lazuli-』 @ 六行会ホール (2026-10-04) [全販売終了]
     URL: https://t.pia.jp/pia/event/event.do?eventBundleCd=b2670341
     - プレリザーブ（東京 9/30〜10/4公演）8/22 18:00発売: 2026-08-26
  id=4868: ヒビキpiano ALL CLASSIC TOUR 2026 / ヒビキpiano ALL CLASSIC TOUR 2026 @ 全国ツアー（ロームシアター京都 サウスホール／めぐろパーシモンホール 小ホール） (2026-11-22) [全販売終了]
     URL: https://t.pia.jp/pia/event/event.do?eventCd=2626476
     - 先行（京都 11/14公演）8/22 11:00発売: 2026-08-30
     - 先行（東京 11/22公演）8/22 11:00発売: 2026-08-30
  id=4912: 弁論2026 / 弁論2026 @ 全国ツアー（東京エレクトロンホール宮城／SAWARAPIA 大ホール／ロームシアター京都 メインホール／東京ガーデンシアター） (2026-12-04) [全販売終了]
     URL: https://t.pia.jp/pia/event/event.do?eventCd=2623645
     - 一般発売（宮城 11/4公演）8/22 10:00発売: 2026-08-22
     - 一般発売（福岡 11/11公演）8/22 10:00発売: 2026-08-22
     - 一般発売（京都 11/24公演）8/22 10:00発売: 2026-08-22
     - 一般発売（東京 12/4公演）8/22 10:00発売: 2026-08-22
  id=4934: センダイガールズプロレスリング<大阪大会> / センダイガールズプロレスリング<大阪大会> @ 176BOX (2026-11-01) [全販売終了]
     URL: https://t.pia.jp/pia/event/event.do?eventCd=2632064
     - 一般発売（大阪 11/1公演）8/30 10:00発売: 2026-08-30
  id=4950: INFINITE / INFINITE @ 京王アリーナTOKYO メインアリーナ (2026-09-23) [全販売終了]
     URL: https://t.pia.jp/pia/event/event.do?eventCd=2633161
     - プレリザーブ（東京 9/22〜9/23公演）〜8/30 23:59: 2026-08-30
  id=4951: ウルフルズ / ウルフルズ @ フェスティバルホール (2026-12-31) [全販売終了]
     URL: https://t.pia.jp/pia/event/event.do?eventCd=2628863
     - プレリザーブ（大阪 12/31公演）〜8/30 23:59: 2026-08-30
  id=4957: TOWER RECORDS “NO MUSIC, NO LIFE.” presents UNFRAMED-30th Anniversary Live Series- / TOWER RECORDS “NO MUSIC, NO LIFE.” presents UNFRAMED-30th Anniversary Live Series- @ Zepp Sapporo (2026-10-04) [全販売終了]
     URL: https://t.pia.jp/pia/event/event.do?eventCd=2633427
     - 最速先行（北海道 10/4公演）〜8/27 23:59: 2026-08-27
  id=4958: "darlin. 10th ANNIVERSARY" / "darlin. 10th ANNIVERSARY" @ LIQUIDROOM (2026-11-02) [全販売終了]
     URL: https://t.pia.jp/pia/event/event.do?eventBundleCd=b2670417
     - 最速先行（東京 11/2公演）〜8/24 23:59: 2026-08-24
  id=4959: マイケル・シェンカー・グループ / マイケル・シェンカー・グループ @ Zepp Namba（OSAKA） (2026-10-26) [全販売終了]
     URL: https://t.pia.jp/pia/event/event.do?eventCd=2632195
     - 先行（大阪 10/26公演）〜8/30 23:59: 2026-08-30
  id=4960: 森山直太朗 / 森山直太朗 @ 全国ツアー（Zepp Sapporo／Zepp Haneda（TOKYO）／KT Zepp Yokohama／Zepp Nagoya／Zepp Namba（OSAKA）／Zepp Fukuoka） (2026-12-10) [全販売終了]
     URL: https://t.pia.jp/pia/event/event.do?eventBundleCd=b2670241
     - 最速先行（北海道・東京・神奈川・愛知・大阪・福岡 10/22〜12/10公演）〜8/27 23:59: 2026-08-27
  id=4966: ミッション:出井ンポッシブル3 / ミッション:出井ンポッシブル3 @ なかのZERO 小ホール (2026-09-24) [全販売終了]
     URL: https://t.pia.jp/pia/event/event.do?eventCd=2632849
     - 先行（東京 9/24公演）〜8/27 23:59: 2026-08-27
  id=4971: 映画『ホーム スイート ホーム』公開記念舞台挨拶 / 映画『ホーム スイート ホーム』公開記念舞台挨拶 @ 全国ツアー（ユナイテッド・シネマ アクアシティお台場／イオンシネマ板橋／kino cinema 新宿／大阪ステーションシティシネマ／ミッドランドスクエアシネマ） (2026-09-06) [全販売終了]
     URL: https://t.pia.jp/pia/event/event.do?eventBundleCd=b2669792
     - 一般発売（東京 9/4公演）8/25 10:00発売: 2026-08-25
     - 一般発売【イオンシネマ板橋】（東京 9/5公演）8/25 10:00発売: 2026-08-25
     - 一般発売【kino cinema 新宿】（東京 9/5公演）8/25 10:00発売: 2026-08-25
     - 一般発売（大阪 9/6公演）8/25 10:00発売: 2026-08-25
     - 一般発売（愛知 9/6公演）8/25 10:00発売: 2026-08-25
  id=4987: TVアニメ『魔法騎士レイアース』ジャパンプレミア / TVアニメ『魔法騎士レイアース』ジャパンプレミア @ TOHOシネマズ六本木ヒルズ (2026-10-03) [全販売終了]
     URL: https://t.pia.jp/pia/event/event.do?eventCd=2630999
     - 一般発売（東京 10/3公演）8/25 10:00発売: 2026-08-25
  id=5014: RAY YUZUKA AUTUMN EVENT 2026 “Salon de RAY” / RAY YUZUKA AUTUMN EVENT 2026 “Salon de RAY” @ 全国ツアー（銀座ブロッサム（中央会館）／東京建物 Brillia HALL 箕面 大ホール） (2026-09-19) [全販売終了]
     URL: https://t.pia.jp/pia/event/event.do?eventBundleCd=b2670376
     - 先行（東京・大阪 9/9〜9/19公演）〜8/26 23:59: 2026-08-26
     - 先行（東京・大阪 9/9〜9/19公演）8/22 12:00発売: 2026-08-27
  id=5030: 『縁の手紙』完成披露上映会 / 『縁の手紙』完成披露上映会 @ グランドシネマサンシャイン 池袋 (2026-09-04) [全販売終了]
     URL: https://t.pia.jp/pia/event/event.do?eventCd=2631151
     - 一般発売（東京 9/4公演）8/22 10:00発売: 2026-08-22
  id=5031: TVアニメ『超巡!超条先輩』キャスト舞台挨拶付き先行上映会 / TVアニメ『超巡!超条先輩』キャスト舞台挨拶付き先行上映会 @ ユナイテッド・シネマ アクアシティお台場 (2026-09-08) [全販売終了]
     URL: https://t.pia.jp/pia/event/event.do?eventCd=2630427
     - 一般発売（東京 9/8公演）8/22 10:00発売: 2026-08-22
  id=5157: MY FLAGMENT / MY FLAGMENT @ 豊洲PIT (2027-03-10) [全販売終了]
     URL: https://t.pia.jp/pia/event/event.do?eventBundleCd=b2670475
     - 最速先行（東京 R9年 3/10公演）〜8/30 23:59: 2026-08-30
  id=5161: Ctrl + Us / Ctrl + Us @ LIVE HOUSE Pangea (2027-02-12) [全販売終了]
     URL: https://t.pia.jp/pia/event/event.do?eventCd=2633559
     - 最速先行（大阪 R9年 2/12公演）〜8/30 23:59: 2026-08-30
  id=5191: フラガリアメモリーズ READING THEATER -BOUQUET RECEPTION- / フラガリアメモリーズ READING THEATER -BOUQUET RECEPTION- @ ヒューリックホール東京 (2027-02-07) [全販売終了]
     URL: https://t.pia.jp/pia/event/event.do?eventCd=2630717
     - 先行（東京 R9年 2/6〜2/7公演）〜8/30 23:59: 2026-08-30
  id=5239: 『東京リベンジャーズ』三天戦争編放送直前威弁斗～聞こえるか?時代の足音が!～ / 『東京リベンジャーズ』三天戦争編放送直前威弁斗～聞こえるか?時代の足音が!～ @ TOHOシネマズ六本木ヒルズ (2026-09-06) [全販売終了]
     URL: https://t.pia.jp/pia/event/event.do?eventBundleCd=b2670267
     - 一般発売（東京 9/6公演）8/29 12:00発売: 2026-08-29
  id=5432: 高岩遼 / 高岩遼 Billboard Live Tour @ 全国ツアー（Billboard Live YOKOHAMA／Billboard Live OSAKA） (2026-11-13) [全販売終了]
     URL: https://eplus.jp/sf/detail/2701050002-P0030003P021001
     - 抽選オフィシャル先行（神奈川 11/3 16:00公演）〜8/30 23:59: 2026-08-30
     - 抽選オフィシャル先行（神奈川 11/3 19:00公演）〜8/30 23:59: 2026-08-30
     - 抽選オフィシャル先行（大阪 11/13 18:00公演）〜8/30 23:59: 2026-08-30
     - 抽選オフィシャル先行（大阪 11/13 21:00公演）〜8/30 23:59: 2026-08-30
  id=5498: ANI-ROCK FES.2026「僕のヒーローアカデミア PLUS ULTRA LIVE」 / ANI-ROCK FES.2026「僕のヒーローアカデミア PLUS ULTRA LIVE」 @ 国立代々木競技場 第一体育館 (2026-11-23) [全販売終了]
     URL: https://t.pia.jp/pia/event/event.do?eventBundleCd=b2667821
     - 一般発売（東京 11/22公演）8/28 12:00発売: 2026-08-28
     - 一般発売（東京 11/23公演）8/28 12:00発売: 2026-08-28
  id=5503: The Ravens / The Ravens @ UNIT (2026-11-26) [全販売終了]
     URL: https://t.pia.jp/pia/event/event.do?eventCd=2634343
     - 一般発売（東京 11/26公演）8/29 10:00発売: 2026-08-29
  id=5510: PURPLE BUBBLE / PURPLE BUBBLE @ LIVE SQUARE 2nd LINE (2026-11-01) [全販売終了]
     URL: https://t.pia.jp/pia/event/event.do?eventCd=2634324
     - 一般発売（大阪 11/1公演）8/29 10:00発売: 2026-08-29
  id=5542: 大阪桐蔭高等学校吹奏楽部 サンタコンサートin福山 / 大阪桐蔭高等学校吹奏楽部 サンタコンサートin福山 @ ふくやま芸術文化ホール リーデンローズ 大ホール (2026-12-06) [全販売終了]
     URL: https://t.pia.jp/pia/event/event.do?eventCd=2600395
     - 一般発売（広島 12/6公演）8/29 10:00発売: 2026-08-29
  id=5579: 映画『白鳥とコウモリ』舞台挨拶 / 映画『白鳥とコウモリ』舞台挨拶 @ 丸の内ピカデリー (2026-09-04) [全販売終了]
     URL: https://t.pia.jp/pia/event/event.do?eventBundleCd=b2670671
     - 一般発売（東京 9/3公演）8/29 10:00発売: 2026-08-29
     - 一般発売（東京 9/4公演）8/29 10:00発売: 2026-08-29
