=== 3件 適用 / 発売日引き継ぎ 2枠 / 非ぴあ据置 0枠 / 残り隠れ枠 135 (backup: index.html.bak_0830_heal_stale) ===

🛡️ 生きた枠が消えるので適用しなかった 16件（ぴあの混雑ページ疑い。実ページを単発で確認してから手で直すこと）:
  id=21 ORANGE RANGE ← 消えるはずだった公演: 山口 10/31公演
  id=579 二見颯一 ← 消えるはずだった公演: 兵庫 9/4・奈良 9/5公演
  id=1216 Ｍｙ Ｌｉｔｔｌｅ Ｌｏｖｅｒ ☆ Ａｋｋｏ Ｂａｎ ← 消えるはずだった公演: 鹿児島 10/30公演
  id=1334 a flood of circle ← 消えるはずだった公演: 京都・兵庫・奈良 9/15〜10/17公演
  id=2047 スターダスト☆レビュー ← 消えるはずだった公演: 宮崎 11/1公演
  id=2496 高嶋ちさ子 12人のヴァイオリニスト コンサートツア ← 消えるはずだった公演: 三重 9/19公演, 大分 R9年 1/16公演, 大阪 12/11公演, 高知 12/12公演
  id=2500 「ドラゴンクエスト」ウインドオーケストラコンサート ← 消えるはずだった公演: 千葉 9/23公演
  id=3035 7ORDER ← 消えるはずだった公演: 大阪府 10/9公演, 東京都 10/16公演
  id=3053 徳永英明 ← 消えるはずだった公演: 北海道 11/21公演
  id=3533 布袋寅泰 ← 消えるはずだった公演: 新潟 9/26公演, 石川 9/19公演
  id=3573 横須賀芸術劇場リニューアル記念 YOKOSUKA R ← 消えるはずだった公演: 神奈川 10/18公演
  id=3585 新国立劇場の演劇 上村聡史演劇芸術監督シーズン開幕2 ← 消えるはずだった公演: 東京 11/11公演
  id=3610 仙台フィルハーモニー管弦楽団 ← 消えるはずだった公演: 宮城 9/11〜9/12公演, 宮城 9/2公演
  id=3971 僕らの別荘 全国ツアー 2026 ← 消えるはずだった公演: 北海道・宮城・東京・愛知・福岡・沖縄 8/23〜R9年 3/27公演
  id=4175 THE PREDATORS ← 消えるはずだった公演: 愛知 9/28公演, 東京 10/1公演
  id=4340 ENPLEX × Hello! Project 名古 ← 消えるはずだった公演: 愛知 9/3公演

🚨 買える枠ゼロ = 削除候補 64件（ユーザーOK後に削除）:
  id=130 宝塚歌劇団 雪組
  id=642 陰陽座
  id=1071 ミュージカル『ニコラ・テスラ～エジソンが恐れた孤高の天才～』
  id=1554 高嶋ちさ子のザワつく!昭和歌謡祭 2026
  id=2223 宝塚歌劇星組 宝塚大劇場公演 三井住友VISAカードシアター『RRR×TAKA“R”AZUKA ～√Rama～(アールアールアール バイ タカラヅカ ～ルートラーマ～)』
  id=2341 GANG PARADE
  id=2401 木根尚登
  id=2415 笑福亭鶴瓶×サンドウィッチマンLIVE『シルエット』
  id=2416 J亭スピンオフ企画44 白酒・一之輔 大手町二人会
  id=2626 センダイガールズプロレスリング
  id=2997 真空ジェシカのイベン父ちゃん・イベアンドトシ
  id=3116 CUTIE STREET 梅田みゆ 生誕祭 2026
  id=3119 THE PAINS OF BEING PURE AT HEART
  id=3120 シャイトープ
  id=3127 遊佐未森
  id=3169 野村義男
  id=3509 第56回田辺花火大会
  id=3513 大相撲九月場所
  id=3527 中村敦
  id=3530 林哲司 SONG FILE SPECIAL ～シティポップ HITS セレクション 2026～
  id=3546 岡崎歌舞伎特別公演
  id=3572 奥野真哉
  id=3577 ロックロックこんにちは!ver.28 ～にゃーロック!ホームズ～
  id=3587 宝塚歌劇宙組 全国ツアー公演 ミュージカル・プレイ『再会』／スパーキング・イルミネイト『Diamond IMPULSE』
  id=3592 2026伝承ホール寺子屋 「渋谷金王丸伝説」&歌舞伎リーディング
  id=3594 真一文字の会 ～春風亭一之輔勉強会～
  id=3609 N響オーチャード定期2026／2027 東横シリーズ in 横浜<傑作ピアノ協奏曲&三大バレエ音楽><第138回>
  id=3739 SHIBUYA MUSIC CROSSOVER 2026 #7
  id=3743 Uru
  id=3766 国立能楽堂 9月特別公演
  id=3872 PM AGENCY 40th ANNIVERSARY LIVE スーパー大感謝祭
  id=3875 ミュージカル「タイムトラベラーズ・ワイフ」
  id=3896 伊藤蘭 クリスマスディナー&コンサート
  id=3907 桂三度日本公演～桂三度入門十五周年記念祭～
  id=3937 万筆舎『R3』刊行記念落語会
  id=3965 読売ジャイアンツ対横浜DeNAベイスターズ 公式戦
  id=3967 第一回 五圓會 ～三遊派落語研究会～
  id=4080 澤野弘之 × THE SOUND OF GUNDAM - 機動戦士ガンダムUC・NT・HATHAWAY Concert -
  id=4164 島袋寛子
  id=4169 DEEN
  id=4197 演芸写真家 橘蓮二プロデュース 春風亭一之輔×桂二葉 二人会2026
  id=4205 第570回 花形演芸会
  id=4255 フィルハーモニー・シリーズ オーケストラ・アンサンブル金沢 第506回定期公演
  id=4268 APF SAPPHIRE CUP 2026
  id=4272 横浜DeNAベイスターズ対阪神タイガース／公式戦
  id=4319 ハロー【一花】イチハナ～一之輔相談室～
  id=4326 Kis-My-Ft2
  id=4358 「劇場版 魔法少女まどか☆マギカ〈ワルプルギスの廻天〉」舞台挨拶
  id=4611 MET JAZZ TOKYO: DAY 0
  id=4726 世界のMIDORI 再び七尾へ!! 能登復興支援事業 オーケストラ・アンサンブル金沢 第25回七尾定期公演
  id=4779 新日本フィル「第九」特別演奏会2026 スターツハートフルコンサート
  id=4912 弁論2026
  id=4934 センダイガールズプロレスリング<大阪大会>
  id=4970 映画『しびれ』完成披露舞台挨拶
  id=4971 映画『ホーム スイート ホーム』公開記念舞台挨拶
  id=4987 TVアニメ『魔法騎士レイアース』ジャパンプレミア
  id=5030 『縁の手紙』完成披露上映会
  id=5031 TVアニメ『超巡!超条先輩』キャスト舞台挨拶付き先行上映会
  id=5239 『東京リベンジャーズ』三天戦争編放送直前威弁斗～聞こえるか?時代の足音が!～
  id=5498 ANI-ROCK FES.2026「僕のヒーローアカデミア PLUS ULTRA LIVE」
  id=5503 The Ravens
  id=5510 PURPLE BUBBLE
  id=5542 大阪桐蔭高等学校吹奏楽部 サンタコンサートin福山
  id=5579 映画『白鳥とコウモリ』舞台挨拶
