[1/120] 21 convert 7枠
[2/120] 130 買える枠ゼロ→削除候補（単独リトライ2回でも0枠）
[3/120] 579 convert 5枠
[4/120] 642 買える枠ゼロ→削除候補（単独リトライ2回でも0枠）
[5/120] 650 convert 1枠
[6/120] 824 convert 10枠
[7/120] 915 convert 5枠
[8/120] 950 convert 9枠
[9/120] 1071 買える枠ゼロ→削除候補（単独リトライ2回でも0枠）
[10/120] 1216 convert 1枠
[11/120] 1334 convert 16枠
[12/120] 1554 買える枠ゼロ→削除候補（単独リトライ2回でも0枠）
[13/120] 2047 convert 4枠
[14/120] 2223 買える枠ゼロ→削除候補（単独リトライ2回でも0枠）
[15/120] 2239 convert 14枠
[16/120] 2341 買える枠ゼロ→削除候補（単独リトライ2回でも0枠）
[17/120] 2401 買える枠ゼロ→削除候補（単独リトライ2回でも0枠）
[18/120] 2415 買える枠ゼロ→削除候補（単独リトライ2回でも0枠）
[19/120] 2416 買える枠ゼロ→削除候補（単独リトライ2回でも0枠）
[20/120] 2496 convert 16枠
[21/120] 2500 convert 4枠
[22/120] 2564 convert 5枠
[23/120] 2626 買える枠ゼロ→削除候補（単独リトライ2回でも0枠）
[24/120] 2997 買える枠ゼロ→削除候補（単独リトライ2回でも0枠）
[25/120] 3035 convert 2枠
[26/120] 3053 convert 7枠
[27/120] 3057 NO_PIA_URL ⚠️非ぴあ＝要WebFetch
[28/120] 3116 買える枠ゼロ→削除候補（単独リトライ2回でも0枠）
[29/120] 3119 買える枠ゼロ→削除候補（単独リトライ2回でも0枠）
[30/120] 3120 買える枠ゼロ→削除候補（単独リトライ2回でも0枠）
[31/120] 3127 買える枠ゼロ→削除候補（単独リトライ2回でも0枠）
[32/120] 3141 convert 10枠
[33/120] 3169 買える枠ゼロ→削除候補（単独リトライ2回でも0枠）
[34/120] 3430 NO_PIA_URL ⚠️非ぴあ＝要WebFetch
[35/120] 3509 買える枠ゼロ→削除候補（単独リトライ2回でも0枠）
[36/120] 3513 買える枠ゼロ→削除候補（単独リトライ2回でも0枠）
[37/120] 3514 NO_PIA_URL ⚠️非ぴあ＝要WebFetch
[38/120] 3527 買える枠ゼロ→削除候補（単独リトライ2回でも0枠）
[39/120] 3530 買える枠ゼロ→削除候補（単独リトライ2回でも0枠）
[40/120] 3533 convert 13枠
[41/120] 3546 買える枠ゼロ→削除候補（単独リトライ2回でも0枠）
[42/120] 3572 買える枠ゼロ→削除候補（単独リトライ2回でも0枠）
[43/120] 3573 convert 1枠
[44/120] 3577 買える枠ゼロ→削除候補（単独リトライ2回でも0枠）
[45/120] 3584 convert 1枠
[46/120] 3585 convert 4枠
[47/120] 3586 convert 2枠
[48/120] 3587 買える枠ゼロ→削除候補（単独リトライ2回でも0枠）
[49/120] 3588 convert 1枠
[50/120] 3592 買える枠ゼロ→削除候補（単独リトライ2回でも0枠）
[51/120] 3594 買える枠ゼロ→削除候補（単独リトライ2回でも0枠）
[52/120] 3609 買える枠ゼロ→削除候補（単独リトライ2回でも0枠）
[53/120] 3610 convert 6枠
[54/120] 3630 convert 1枠
[55/120] 3631 convert 2枠
[56/120] 3739 買える枠ゼロ→削除候補（単独リトライ2回でも0枠）
[57/120] 3743 買える枠ゼロ→削除候補（単独リトライ2回でも0枠）
[58/120] 3750 convert 3枠
[59/120] 3751 convert 1枠
[60/120] 3766 買える枠ゼロ→削除候補（単独リトライ2回でも0枠）
[61/120] 3779 convert 1枠
[62/120] 3831 🔁RETRY 0枠は偽陽性→1枠を回収
[62/120] 3831 convert 1枠
[63/120] 3872 買える枠ゼロ→削除候補（単独リトライ2回でも0枠）
[64/120] 3875 買える枠ゼロ→削除候補（単独リトライ2回でも0枠）
[65/120] 3896 買える枠ゼロ→削除候補（単独リトライ2回でも0枠）
[66/120] 3907 買える枠ゼロ→削除候補（単独リトライ2回でも0枠）
[67/120] 3937 買える枠ゼロ→削除候補（単独リトライ2回でも0枠）
[68/120] 3965 買える枠ゼロ→削除候補（単独リトライ2回でも0枠）
[69/120] 3967 買える枠ゼロ→削除候補（単独リトライ2回でも0枠）
[70/120] 3971 convert 1枠
[71/120] 3973 convert 1枠
[72/120] 3974 convert 1枠
[73/120] 4080 買える枠ゼロ→削除候補（単独リトライ2回でも0枠）
[74/120] 4164 買える枠ゼロ→削除候補（単独リトライ2回でも0枠）
[75/120] 4169 買える枠ゼロ→削除候補（単独リトライ2回でも0枠）
[76/120] 4175 convert 1枠
[77/120] 4184 convert 1枠
[78/120] 4197 買える枠ゼロ→削除候補（単独リトライ2回でも0枠）
[79/120] 4205 買える枠ゼロ→削除候補（単独リトライ2回でも0枠）
[80/120] 4249 convert 3枠
[81/120] 4255 買える枠ゼロ→削除候補（単独リトライ2回でも0枠）
[82/120] 4268 買える枠ゼロ→削除候補（単独リトライ2回でも0枠）
[83/120] 4272 買える枠ゼロ→削除候補（単独リトライ2回でも0枠）
[84/120] 4319 買える枠ゼロ→削除候補（単独リトライ2回でも0枠）
[85/120] 4326 買える枠ゼロ→削除候補（単独リトライ2回でも0枠）
[86/120] 4340 convert 4枠
[87/120] 4358 買える枠ゼロ→削除候補（単独リトライ2回でも0枠）
[88/120] 4398 🔁RETRY 0枠は偽陽性→1枠を回収
[88/120] 4398 convert 1枠
[89/120] 4490 convert 12枠
[90/120] 4611 買える枠ゼロ→削除候補（単独リトライ2回でも0枠）
[91/120] 4656 NO_PIA_URL ⚠️非ぴあ＝要WebFetch
[92/120] 4726 買える枠ゼロ→削除候補（単独リトライ2回でも0枠）
[93/120] 4779 買える枠ゼロ→削除候補（単独リトライ2回でも0枠）
[94/120] 4912 買える枠ゼロ→削除候補（単独リトライ2回でも0枠）
[95/120] 4928 convert 1枠
[96/120] 4934 買える枠ゼロ→削除候補（単独リトライ2回でも0枠）
[97/120] 4970 買える枠ゼロ→削除候補（単独リトライ2回でも0枠）
[98/120] 4971 買える枠ゼロ→削除候補（単独リトライ2回でも0枠）
[99/120] 4987 買える枠ゼロ→削除候補（単独リトライ2回でも0枠）
[100/120] 4998 convert 1枠
[101/120] 5030 買える枠ゼロ→削除候補（単独リトライ2回でも0枠）
[102/120] 5031 買える枠ゼロ→削除候補（単独リトライ2回でも0枠）
[103/120] 5062 convert 1枠
[104/120] 5209 convert 1枠
[105/120] 5239 買える枠ゼロ→削除候補（単独リトライ2回でも0枠）
[106/120] 5498 買える枠ゼロ→削除候補（単独リトライ2回でも0枠）
[107/120] 5503 買える枠ゼロ→削除候補（単独リトライ2回でも0枠）
[108/120] 5510 買える枠ゼロ→削除候補（単独リトライ2回でも0枠）
[109/120] 5511 convert 1枠
[110/120] 5542 買える枠ゼロ→削除候補（単独リトライ2回でも0枠）
[111/120] 5543 🔁RETRY 0枠は偽陽性→1枠を回収
[111/120] 5543 convert 1枠
[112/120] 5579 買える枠ゼロ→削除候補（単独リトライ2回でも0枠）
[113/120] 5581 convert 1枠
[114/120] 5582 convert 1枠
[115/120] 5583 convert 1枠
[116/120] 5637 convert 1枠
[117/120] 5698 convert 1枠
[118/120] 5699 convert 1枠
[119/120] 5715 convert 1枠
[120/120] 5729 convert 2枠

=== convert 52 / 削除候補 64 / 🚨ぴあURL無効化 0 → tmp/heal_stale.json (適用は --apply) ===
