[ 1/29] id=1333  アナタ・ボリビア               URL7本 → 12枠 (11s)
[ 2/29] id=503   ＡＲＴ－ＳＣＨＯＯＬ             URL2本 → 1枠 (13s)
[ 3/29] id=1149  いぎなり東北産                URL2本 → 2枠 (16s)
[ 4/29] id=876   斉藤和義                   URL2本 → 3枠 (19s)
[ 5/29] id=1203  徳永ゆうき                  URL5本 → 8枠 (25s)
[ 6/29] id=2500  「ドラゴンクエスト」ウインドオーケストラコン URL3本 → 4枠 (30s)
[ 7/29] id=1634  中村雅俊                   URL4本 → 4枠 (34s)
[ 8/29] id=3370  ネパールの詩心～四季と祭り～         URL5本 → 8枠 (41s)
  !! id=824 取得失敗 https://t.pia.jp/pia/event/event.do?eventBundleCd=b2668681
[ 9/29] id=824   HUSKING BEE            URL2本 → 1枠 (46s)
[10/29] id=3735  パパイヤ鈴木の踊る昭和歌謡☆ディスコパラダイ URL2本 → 4枠 (48s)
[11/29] id=3129  Pearl Drums 80th Anniv URL2本 → 6枠 (51s)
[12/29] id=2327  持田香織                   URL3本 → 6枠 (56s)
[13/29] id=1390  Rockon Social Club     URL6本 → 8枠 (64s)
[14/29] id=4189  第88回 扇辰・喬太郎の会          URL2本 → 4枠 (66s)
[15/29] id=3752  爆笑ファンタジスタ!夢の競演!!       URL2本 → 4枠 (69s)
[16/29] id=4249  ミュージカル『メイビー、ハッピーエンディング URL3本 → 8枠 (74s)
[17/29] id=3501  WAHAHA本舗PRESENTS ワハハ本舗 URL4本 → 12枠 (80s)
[18/29] id=2471  秋川雅史（T）                URL5本 → 5枠 (86s)
[19/29] id=4727  オリックスPresents 新日本フィルハー URL2本 → 4枠 (89s)
[20/29] id=3775  コバケンとその仲間たちオーケストラ 史上最高 URL2本 → 4枠 (91s)
[21/29] id=3818  東京シティ・フィルハーモニック管弦楽団 第九 URL2本 → 4枠 (93s)
[22/29] id=4293  東京フィルハーモニー交響楽団 ベートーヴェン URL4本 → 12枠 (99s)
[23/29] id=4870  ピアニスト務川慧悟によるSolistiade URL2本 → 4枠 (102s)
[24/29] id=4729  宮川彬良vs新日本フィル 超!ジルベスター・ URL2本 → 8枠 (104s)
[25/29] id=4730  龍角散Presents 新日本フィルハーモニ URL2本 → 4枠 (107s)
[26/29] id=1835  牛田智大室内楽プロジェクト Vol.4 若き URL7本 → 9枠 (116s)
[27/29] id=4998  全国花火師競技大会「第5回にし阿波の花火」  URL2本 → 2枠 (118s)
[28/29] id=3840  第74回全日本剣道選手権大会／第65回全日本 URL2本 → 4枠 (121s)
[29/29] id=3956  令和8年冬巡業 大相撲長崎場所        URL2本 → 4枠 (123s)
完了 → tmp/merge_fetched_0824.json
