  6070 OK
  6071 OK
  6072 OK
  6073 OK
  6074 OK
  6075 OK
  6076 OK
  6077 OK
  6078 OK
  6079 OK
  6080 OK
  6081 OK
  6082 OK
  6083 OK
  6084 OK
  6085 OK
  6086 OK
  6087 OK
  6088 OK
  6089 OK
  6090 OK
  6091 OK
  6092 OK
  6093 OK
  6094 OK
  6095 OK
  6096 OK
  6097 OK
  6098 OK
  6099 OK
  6100 OK
  6101 OK
  6102 OK
  6103 OK
  6104 OK
  6105 OK
  6106 OK
  6107 OK
  6108 OK
  6109 OK
  6110 OK
  6111 OK
  6112 OK
  6113 OK
  6114 OK
  6115 OK
  6116 OK
  6117 OK
  6118 OK
  6119 OK
  6120 OK
  6121 OK
  6122 OK
  6123 OK
  6124 OK
  6125 OK
  6126 OK
  6127 OK
  6128 skip(売切)
  6129 OK
  6130 OK
  6131 OK
  6132 OK
  6133 OK
  6134 OK
  6135 OK
  6136 OK
  6137 OK
  6138 OK
  6139 OK
  6140 OK
  6141 OK
  6142 OK
  6143 OK
  6144 OK
  6145 OK
  6146 OK
  6147 OK
  6148 OK
  6149 OK
  6150 OK
  6151 OK
  6152 OK
  6153 OK
  6154 OK
  6155 OK
  6156 OK
  6157 OK
  6158 OK
  6159 OK
  6160 OK
  6161 OK
  6162 OK
  6163 OK
  6164 OK
  6165 OK
  6166 OK
  6167 OK
  6168 OK
  6169 OK
  6170 OK
  6171 OK
  6172 OK
構築 102 件 / skip [6128]

!!!!!!!!!!!!!!!!!!!!!!!!!!!!!!!!!!!!!!!!!!!!!!!!!!!!!!!!!!!!
\u26a0\ufe0f 取りこぼし 1件（買える枠なのに取り込めなかった＝要対応）:
   id6128 [FETCH-ERR] when='ぴあが混雑ページに飛ばした（券種は読めていない）: http://sorry.pia.jp/nt2/pia/?mark=type-L10' | https://ticket.pia.jp/pia/event.do?eventCd=2609192
→ parse_when/kenshu/状態判定にこの表記を足してから再構築すること。
!!!!!!!!!!!!!!!!!!!!!!!!!!!!!!!!!!!!!!!!!!!!!!!!!!!!!!!!!!!!
