
--- 画面の先頭15件 (today=2026-08-31 07:08) ---
  2026-08-31  🔵発売開始  さだまさしコンサートツアー2026 神さまの言うとおり
  2026-08-31  🔵発売開始  ORANGE RANGE LIVE TOUR 2026-2027（結成25周
  2026-08-31  🔵発売開始  ミュージカル『SHOWMAN～4番目の影武者』
  2026-08-31  🔵発売開始  ミュージカル『101ダルメシアンズ』
  2026-08-31  🔵発売開始  『時をかける少女』20周年記念 細田守の原点/展 大阪会場
  2026-08-31  🔵発売開始  マーラー祝祭オーケストラ
  2026-08-31  🔵発売開始  林家たい平 独演会 「30年目の芝浜」
  2026-08-31  🔵発売開始  STARDOM Path of Thunder 2026
  2026-08-31  🔵発売開始  さだ工務店
  2026-08-31  🔵発売開始  水曜日のカンパネラ
  2026-08-31  🔵発売開始  劇団四季「オペラ座の怪人」1月／名古屋
  2026-08-31  🔵発売開始  劇団四季「オペラ座の怪人」2月／名古屋
  2026-08-31  🔵発売開始  劇団四季「オペラ座の怪人」3月／名古屋
  2026-08-31  🔵発売開始  劇団四季「リトルマーメイド」／舞浜 「シェフ・ミッキー」セットチケット
  2026-08-31  🔵発売開始  劇団四季「リトルマーメイド」／舞浜 東京ディズニーリゾート(R)セットチケッ

=== 並び順違反: 日付逆転 0 / 同日順序 0 / rank逆転 0 ===
（参考）発売時刻前＝発売開始🔵として並ぶ枠を持つカード: 1072 件
=== 隠れ枠(startDate==date<=today) 87 枠 ===
  ⚠️ 当日ヒール漏れの可能性。heal_stale_deadlines を流すこと。
     （ヒール後も残る分＝買える枠ゼロの削除候補待ち／w.pia.jp直販で機械照合不可、は正当な残存）
     - さだまさしコンサートツアー2026 神さまの言うとおり | プリセール（愛知 11/24〜11/25公演）8/31 10:00発売
     - ミュージカル『101ダルメシアンズ』 | 文化庁子供舞台芸術鑑賞体験支援事業【先着受付】（東京 10/17〜10/27公演）8/31 10:00発売
     - ミュージカル『101ダルメシアンズ』 | 文化庁子供舞台芸術鑑賞体験支援事業【先着受付】（大阪 11/7〜11/14公演）8/31 10:00発売
     - 『時をかける少女』20周年記念 細田守の原点/展 大阪会場 | 一般発売【前売】（大阪 10/28〜R9年 1/4公演）8/31 10:00発売
     - マーラー祝祭オーケストラ | 一般発売（東京 12/27公演）8/31 10:00発売
     - 林家たい平 独演会 「30年目の芝浜」 | 一般発売（東京 12/17公演）8/31 10:00発売
     - STARDOM Path of Thunder 2026 | 一般発売（栃木 10/18公演）8/31 12:00発売
     - さだ工務店 | プリセール（愛知 R9年 1/17公演）8/31 10:00発売
     - 水曜日のカンパネラ | 一般発売（石川 10/24公演）8/31 10:00発売
     - 劇団四季「オペラ座の怪人」1月／名古屋 | プリセール（愛知 R9年 1/1〜1/31公演）8/31 10:00発売
