=== reconcile_pia (today=2026-08-30) 対象32件 ===

❌ id=505 石若駿トリオ | 登録7枠 / ぴあ買える4枠
💤 id=549 坂本冬美 | 登録6枠 / ぴあ買える4枠
    💤STALE 登録「一般発売（大阪 9/14公演）〜9/7 23:59」(2026-09-07) がぴあの買える枠に無い
    💤STALE 登録「一般発売（愛知 R9年 1/11公演）9/20 10:00発売」(2026-09-20) がぴあの買える枠に無い
💤 id=945 ミュージカル『SHOWMAN～4番目の影武者』 | 登録7枠 / ぴあ買える3枠
    💤STALE 登録「一般発売（東京 9/1〜9/13公演）〜9/10 23:59」(2026-09-10) がぴあの買える枠に無い
❌ id=1634 中村雅俊 | 登録5枠 / ぴあ買える4枠
❌ id=1835 牛田智大室内楽プロジェクト Vol.4 若き日の肖像 | 登録9枠 / ぴあ買える6枠
💤 id=2047 スターダスト☆レビュー | 登録5枠 / ぴあ買える4枠
    💤STALE 登録「一般発売（岩手・宮城 12/4〜12/5公演）10/24 10:00発売」(2026-10-24) がぴあの買える枠に無い
❌ id=2254 杉山清貴 | 登録12枠 / ぴあ買える11枠
❌ id=2327 持田香織 | 登録6枠 / ぴあ買える3枠
❌ id=2342 クレイジーケンバンド | 登録30枠 / ぴあ買える15枠
💤 id=2500 「ドラゴンクエスト」ウインドオーケストラコンサート | 登録9枠 / ぴあ買える4枠
    💤STALE 登録「一般発売（千葉 9/23公演）〜9/22 23:59」(2026-09-22) がぴあの買える枠に無い
❌ id=2990 森高千里 | 登録19枠 / ぴあ買える9枠
❌ id=2998 東京ポッド許可局 2026 秋の祭典 板橋大山大会 | 登録4枠 / ぴあ買える2枠
❌ id=3370 ネパールの詩心～四季と祭り～ | 登録8枠 / ぴあ買える4枠
❌ id=3410 キボリノコンノ展 食べたい!木彫りアートの世界 | 登録8枠 / ぴあ買える4枠
❌ id=3501 WAHAHA本舗PRESENTS ワハハ本舗特別公演「エンド | 登録16枠 / ぴあ買える8枠
💤 id=3507 「おかあさんといっしょ」ファンターネ!がやってきた | 登録6枠 / ぴあ買える2枠
    ❌FETCH ぴあが混雑ページに飛ばした（券種は読めていない）: http://sorry.pia.jp/nt2/pia/?mark= | https://t.pia.jp/pia/event/event.do?eventCd=2626234
    💤STALE 登録「一般発売（埼玉 R9年 2/23公演）11/1 10:00発売」(2026-11-01) がぴあの買える枠に無い
    💤STALE 登録「一般発売（埼玉 R9年 2/23公演）11/1 10:00発売」(2026-11-01) がぴあの買える枠に無い
💤 id=3879 カキンツハルカ | 登録4枠 / ぴあ買える2枠
    💤STALE 登録「一般発売（岐阜 R9年 2/13公演）10/17 9:30発売」(2026-10-17) がぴあの買える枠に無い
❌ id=3889 Maverick Mom | 登録3枠 / ぴあ買える2枠
    ❌QC-PREF 県「大阪」にぴあの「東京」が入っていない| プレリザーブ（大阪 11/12公演）〜8/31 23:59
    ❌QC-PERF 公演日「11/12」≠ ぴあ「10/6」| プレリザーブ（大阪 11/12公演）〜8/31 23:59
❌ id=4093 ANISON PREMIUM LIVE ささきいさお×堀江美 | 登録4枠 / ぴあ買える2枠
❌ id=4189 第88回 扇辰・喬太郎の会 | 登録4枠 / ぴあ買える2枠
❌ id=4195 大名古屋らくご祭2026 | 登録10枠 / ぴあ買える4枠
❌ id=4249 ミュージカル『メイビー、ハッピーエンディング』 | 登録6枠 / ぴあ買える3枠
❌ id=4293 東京フィルハーモニー交響楽団 ベートーヴェン「第九」特別演奏 | 登録12枠 / ぴあ買える6枠
❌ id=4771 サントリーホール クリスマスコンサート 2026 バッハ・コ | 登録5枠 / ぴあ買える3枠
❌ id=4772 サントリーホールのクリスマス2026 | 登録4枠 / ぴあ買える3枠
❌ id=4801 さとう。 | 登録4枠 / ぴあ買える2枠
❌ id=4845 キユーピー スペシャル サントリーホール ニューイヤー・コン | 登録6枠 / ぴあ買える3枠
❌ id=4870 ピアニスト務川慧悟によるSolistiadeマスタークラス第 | 登録3枠 / ぴあ買える2枠
❌ id=5085 髭 | 登録6枠 / ぴあ買える3枠
❌ id=5111 おかあさんといっしょ ファンターネ!とあそぼ | 登録4枠 / ぴあ買える2枠
❌ id=5392 「果てない ～甦る母篇～」 | 登録4枠 / ぴあ買える2枠
❌ id=5585 北海道コンサドーレ札幌対いわきFC 明治安田J2リーグ | 登録5枠 / ぴあ買える2枠

=== 集計: OK 0 / 🚨MISSING 0 / ⚠️DROP 0 / 💤STALE 8 / ❌FETCH 1 / ❌QC 2 ===
=== QC照合カバレッジ: 照合できた枠 206/241 / 未照合 skip35(同締切の枠が複数で対を確定できない) ===
   ※未照合の枠は「正しい」と確認できていない枠。QC 0＝全部正しい、ではない。
→ ❌QC＝バッジの表示が実ページと違う（PERF1 / PREF1）。
   投入/pushはブロック。該当を直してから再実行すること。
