=== reconcile_pia (today=2026-08-24) 対象60件 ===

🚨 id=446 福岡ソフトバンクホークス | 登録0枠 / ぴあ買える7枠
    🚨MISSING ぴあに [受付中] 〜9/6 13:00 (2026-09-06) があるが登録に無い | 一般発売 ／ 【ぴあ特別シート】福岡ソフトバンクホークス対埼玉西武ライオンズ 公
    🚨MISSING ぴあに [受付中] 〜9/10 18:00 (2026-09-10) があるが登録に無い | 一般発売 ／ 【ぴあ特別シート】福岡ソフトバンクホークス対北海道日本ハムファイタ
    🚨MISSING ぴあに [受付中] 〜9/11 18:00 (2026-09-11) があるが登録に無い | 一般発売 ／ 【ぴあ特別シート】福岡ソフトバンクホークス対千葉ロッテマリーンズ 
    🚨MISSING ぴあに [受付中] 〜9/13 13:30 (2026-09-13) があるが登録に無い | 一般発売 ／ 【ぴあ特別シート】福岡ソフトバンクホークス対千葉ロッテマリーンズ 
    🚨MISSING ぴあに [受付中] 〜9/23 14:00 (2026-09-23) があるが登録に無い | 一般発売 ／ 【ぴあ特別シート】福岡ソフトバンクホークス対埼玉西武ライオンズ 公
    🚨MISSING ぴあに [受付中] 〜9/26 18:00 (2026-09-26) があるが登録に無い | 一般発売 ／ 【ぴあ特別シート】福岡ソフトバンクホークス 終盤戦応援キャンペーン
    🚨MISSING ぴあに [受付中] 〜9/26 18:00 (2026-09-26) があるが登録に無い | 一般発売 ／ 【ぴあ特別シート】福岡ソフトバンクホークス対東北楽天ゴールデンイー
    🔁RETRY id=753 単独2回試しても0枠（本物の可能性・要確認）
✅ id=753 渡辺真知子 | 登録0=ぴあ0 一致
    🔁RETRY id=1401 単独2回試しても0枠（本物の可能性・要確認）
✅ id=1401 いきものがかり | 登録0=ぴあ0 一致
    🔁RETRY id=2206 単独2回試しても0枠（本物の可能性・要確認）
✅ id=2206 FULL METAL JAPAN 2026 ～P | 登録0=ぴあ0 一致
🚨 id=2744 大橋ちっぽけ | 登録0枠 / ぴあ買える7枠
    🚨MISSING ぴあに [受付中] 〜9/17 23:59 (2026-09-17) があるが登録に無い | 一般発売 ／ 大橋ちっぽけ
    🚨MISSING ぴあに [受付中] 〜9/29 23:59 (2026-09-29) があるが登録に無い | 一般発売 ／ 大橋ちっぽけ
    🚨MISSING ぴあに [受付中] 〜10/8 23:59 (2026-10-08) があるが登録に無い | 一般発売 ／ 大橋ちっぽけ
    🚨MISSING ぴあに [受付中] 〜10/13 23:59 (2026-10-13) があるが登録に無い | 一般発売（１０／１８公演） ／ 大橋ちっぽけ
    🚨MISSING ぴあに [受付中] 〜10/16 23:59 (2026-10-16) があるが登録に無い | 一般発売【岡山公演】 ／ 大橋ちっぽけ
    🚨MISSING ぴあに [受付中] 〜10/29 23:59 (2026-10-29) があるが登録に無い | 一般発売 ／ 大橋ちっぽけ
    🚨MISSING ぴあに [受付中] 〜10/31 23:59 (2026-10-31) があるが登録に無い | 一般発売【広島公演】 ／ 大橋ちっぽけ
    🔁RETRY id=2748 単独2回試しても0枠（本物の可能性・要確認）
✅ id=2748 熊本地震10年復興コンサート「FUTURE」 | 登録0=ぴあ0 一致
    🔁RETRY id=2752 単独2回試しても0枠（本物の可能性・要確認）
✅ id=2752 Chevon | 登録0=ぴあ0 一致
    🔁RETRY id=3169 単独2回試しても0枠（本物の可能性・要確認）
✅ id=3169 野村義男 | 登録0=ぴあ0 一致
    🔁RETRY id=3178 単独2回試しても0枠（本物の可能性・要確認）
✅ id=3178 dolce“偏愛”落語会 | 登録0=ぴあ0 一致
    🔁RETRY id=3484 単独2回試しても0枠（本物の可能性・要確認）
✅ id=3484 マカロニえんぴつ | 登録0=ぴあ0 一致
    🔁RETRY id=3696 単独2回試しても0枠（本物の可能性・要確認）
✅ id=3696 Stray Kids | 登録0=ぴあ0 一致
    🔁RETRY id=4035 単独2回試しても0枠（本物の可能性・要確認）
✅ id=4035 紫 今 | 登録0=ぴあ0 一致
    🔁RETRY id=4036 単独2回試しても0枠（本物の可能性・要確認）
✅ id=4036 Little Parade | 登録0=ぴあ0 一致
    🔁RETRY id=4039 単独2回試しても0枠（本物の可能性・要確認）
✅ id=4039 FMY RADIO CRUSH | 登録0=ぴあ0 一致
🚨 id=4043 Ms.OOJA | 登録0枠 / ぴあ買える1枠
    🚨MISSING ぴあに [受付中] 〜9/16 23:59 (2026-09-16) があるが登録に無い | プリセール ／ Ｍｓ．ＯＯＪＡ
    🔁RETRY id=4051 単独2回試しても0枠（本物の可能性・要確認）
✅ id=4051 K-Drama OST Tribute Conc | 登録0=ぴあ0 一致
    🔁RETRY id=4055 単独2回試しても0枠（本物の可能性・要確認）
✅ id=4055 純名里沙 | 登録0=ぴあ0 一致
🚨 id=4056 音田雅則 | 登録0枠 / ぴあ買える3枠
    🚨MISSING ぴあに [受付中] 〜8/30 23:59 (2026-08-30) があるが登録に無い | 「音田雅則」サンデーフォーク特別先行
    🚨MISSING ぴあに [受付中] 〜9/6 23:59 (2026-09-06) があるが登録に無い | 「音田雅則」2次プレリザーブ
    🚨MISSING ぴあに [受付中] 〜8/30 23:59 (2026-08-30) があるが登録に無い | 「音田雅則」プレリザーブ◯
    🔁RETRY id=4059 単独2回試しても0枠（本物の可能性・要確認）
✅ id=4059 Midnight Grand Orchestra | 登録0=ぴあ0 一致
    🔁RETRY id=4066 単独2回試しても0枠（本物の可能性・要確認）
✅ id=4066 新サクラ大戦 the Stage ～誠伝 TSU | 登録0=ぴあ0 一致
    🔁RETRY id=4080 単独2回試しても0枠（本物の可能性・要確認）
✅ id=4080 澤野弘之 × THE SOUND OF GUND | 登録0=ぴあ0 一致
    🔁RETRY id=4081 単独2回試しても0枠（本物の可能性・要確認）
✅ id=4081 梅田サイファー | 登録0=ぴあ0 一致
    🔁RETRY id=4084 単独2回試しても0枠（本物の可能性・要確認）
✅ id=4084 セブンス・ベガ | 登録0=ぴあ0 一致
    🔁RETRY id=4085 単独2回試しても0枠（本物の可能性・要確認）
✅ id=4085 East Of Eden | 登録0=ぴあ0 一致
    🔁RETRY id=4087 単独2回試しても0枠（本物の可能性・要確認）
✅ id=4087 WHITE ASH | 登録0=ぴあ0 一致
    🔁RETRY id=4089 単独2回試しても0枠（本物の可能性・要確認）
✅ id=4089 花宮初奈 | 登録0=ぴあ0 一致
    🔁RETRY id=4094 単独2回試しても0枠（本物の可能性・要確認）
✅ id=4094 KAWAII LAB. SESSION | 登録0=ぴあ0 一致
    🔁RETRY id=4099 単独2回試しても0枠（本物の可能性・要確認）
✅ id=4099 KOTORI pre. TORI ROCK FE | 登録0=ぴあ0 一致
    🔁RETRY id=4100 単独2回試しても0枠（本物の可能性・要確認）
✅ id=4100 Khalid | 登録0=ぴあ0 一致
    🔁RETRY id=4106 単独2回試しても0枠（本物の可能性・要確認）
✅ id=4106 放送50周年記念 第20回「徹子の部屋」コンサー | 登録0=ぴあ0 一致
    🔁RETRY id=4107 単独2回試しても0枠（本物の可能性・要確認）
✅ id=4107 ロックアンセム2026 EX | 登録0=ぴあ0 一致
🚨 id=4113 鼓童×初音ミク 響演 ～和楽器スペシャルライブ～ | 登録0枠 / ぴあ買える1枠
    🚨MISSING ぴあに [受付中] 〜8/26 23:59 (2026-08-26) があるが登録に無い | 鼓童×初音ミク 響演 －和楽器スペシャルライブ－〔東京〕
    🔁RETRY id=4117 単独2回試しても0枠（本物の可能性・要確認）
✅ id=4117 RAINCOVER | 登録0=ぴあ0 一致
🚨 id=4118 神はサイコロを振らない | 登録0枠 / ぴあ買える2枠
    🚨MISSING ぴあに [受付中] 〜8/30 23:59 (2026-08-30) があるが登録に無い | ぴあ最速先行
    🚨MISSING ぴあに [受付中] 〜8/30 23:59 (2026-08-30) があるが登録に無い | ぴあ最速先行
    🔁RETRY id=4121 単独2回試しても0枠（本物の可能性・要確認）
✅ id=4121 MASS OF THE FERMENTING D | 登録0=ぴあ0 一致
    🔁RETRY id=4150 単独2回試しても0枠（本物の可能性・要確認）
✅ id=4150 FIVE O ONE | 登録0=ぴあ0 一致
🚨 id=4156 IRIS MONDO | 登録0枠 / ぴあ買える1枠
    🚨MISSING ぴあに [受付中] 〜1/23 23:59 (2027-01-23) があるが登録に無い | 一般発売 ／ ＩＲＩＳ ＭＯＮＤＯ
    🔁RETRY id=4165 単独2回試しても0枠（本物の可能性・要確認）
✅ id=4165 ETERNAL FIGHTER TAKERU D | 登録0=ぴあ0 一致
    🔁RETRY id=4172 単独2回試しても0枠（本物の可能性・要確認）
✅ id=4172 Bocchi | 登録0=ぴあ0 一致
🚨 id=4332 宮川大聖 | 登録0枠 / ぴあ買える1枠
    🚨MISSING ぴあに [発売前] 8/24 12:00発売 (2026-08-30) があるが登録に無い | 「宮川大聖」2次プレリザーブ
    🔁RETRY id=4402 単独2回試しても0枠（本物の可能性・要確認）
✅ id=4402 UNLIMITS | 登録0=ぴあ0 一致
    🔁RETRY id=4404 単独2回試しても0枠（本物の可能性・要確認）
✅ id=4404 iri | 登録0=ぴあ0 一致
    🔁RETRY id=4405 単独2回試しても0枠（本物の可能性・要確認）
✅ id=4405 EDEN’s CLINE Live turn 4 | 登録0=ぴあ0 一致
    🔁RETRY id=4406 単独2回試しても0枠（本物の可能性・要確認）
✅ id=4406 Girls2 | 登録0=ぴあ0 一致
    🔁RETRY id=4408 単独2回試しても0枠（本物の可能性・要確認）
✅ id=4408 SATANIC PARTY 2026 | 登録0=ぴあ0 一致
    🔁RETRY id=4409 単独2回試しても0枠（本物の可能性・要確認）
✅ id=4409 清水翔太 | 登録0=ぴあ0 一致
    🔁RETRY id=4410 単独1回試しても0枠（本物の可能性・要確認）
❌ id=4410 玉置浩二 | 登録0枠 / ぴあ買える0枠
    ❌FETCH ぴあが混雑ページに飛ばした（券種は読めていない）: http://sorry.pia.jp/nt2/pia/?mark= | https://t.pia.jp/pia/event/event.do?eventCd=2630176
    🔁RETRY id=4411 単独2回試しても0枠（本物の可能性・要確認）
✅ id=4411 ChouCho | 登録0=ぴあ0 一致
    🔁RETRY id=4412 単独2回試しても0枠（本物の可能性・要確認）
✅ id=4412 T.M.Revolution | 登録0=ぴあ0 一致
    🔁RETRY id=4413 単独2回試しても0枠（本物の可能性・要確認）
✅ id=4413 DeNeel | 登録0=ぴあ0 一致
    🔁RETRY id=4414 単独2回試しても0枠（本物の可能性・要確認）
✅ id=4414 TRUST RECORDS presents.P | 登録0=ぴあ0 一致
    🔁RETRY id=4415 単独2回試しても0枠（本物の可能性・要確認）
✅ id=4415 Tohji | 登録0=ぴあ0 一致
    🔁RETRY id=4416 単独2回試しても0枠（本物の可能性・要確認）
✅ id=4416 PENTAGON | 登録0=ぴあ0 一致
    🔁RETRY id=4418 単独2回試しても0枠（本物の可能性・要確認）
✅ id=4418 Osaka GLOW Glow-in-the-D | 登録0=ぴあ0 一致
    🔁RETRY id=4420 単独2回試しても0枠（本物の可能性・要確認）
✅ id=4420 Suchmos | 登録0=ぴあ0 一致
    🔁RETRY id=4422 単独2回試しても0枠（本物の可能性・要確認）
✅ id=4422 yeti let you notice | 登録0=ぴあ0 一致
    🔁RETRY id=4423 単独2回試しても0枠（本物の可能性・要確認）
✅ id=4423 The Performance Zero | 登録0=ぴあ0 一致
    🔁RETRY id=4424 単独2回試しても0枠（本物の可能性・要確認）
✅ id=4424 シャッポ | 登録0=ぴあ0 一致
    🔁RETRY id=4425 単独2回試しても0枠（本物の可能性・要確認）
✅ id=4425 スミワタルトリオ | 登録0=ぴあ0 一致
    🔁RETRY id=4916 単独2回試しても0枠（本物の可能性・要確認）
✅ id=4916 吉原あさひ・鈴々舎美馬 二人会 お楽しみトーク付 | 登録0=ぴあ0 一致

=== 集計: OK 51 / 🚨MISSING 23 / ⚠️DROP 0 / 💤STALE 0 / ❌FETCH 1 / ❌QC 0 ===
=== QC照合カバレッジ: 照合できた枠 0/0 ===
=== 🔁0枠リトライ: 発動52件 / うち0件は枠が復活（一括時の0枠は偽陽性） / 残り52件は単独でも0枠 ===
→ 🚨/⚠️ は取りこぼし。該当エントリをぴあ機械パースで枠追加して修正すること。
