=== reconcile_pia (today=2026-08-30) 対象33件 ===

    🔁RETRY id=457 単独2回試しても0枠（本物の可能性・要確認）
✅ id=457 野村萬斎／観世喜正 ほか | 登録0=ぴあ0 一致
    🔁RETRY id=832 単独2回試しても0枠（本物の可能性・要確認）
✅ id=832 ふたりエッヂ | 登録0=ぴあ0 一致
    🔁RETRY id=903 単独2回試しても0枠（本物の可能性・要確認）
✅ id=903 TOKAI ROCK FES.2026 | 登録0=ぴあ0 一致
    🔁RETRY id=944 単独2回試しても0枠（本物の可能性・要確認）
✅ id=944 マセキ芸人コレクション in 長野 | 登録0=ぴあ0 一致
    🔁RETRY id=958 単独2回試しても0枠（本物の可能性・要確認）
✅ id=958 松竹芸能70周年特別企画 松原タニシの怪談七十物 | 登録0=ぴあ0 一致
    🔁RETRY id=990 単独2回試しても0枠（本物の可能性・要確認）
✅ id=990 第6回 入船亭扇七 ネタ下ろしひとり会 怪談三昧 | 登録0=ぴあ0 一致
    🔁RETRY id=991 単独2回試しても0枠（本物の可能性・要確認）
✅ id=991 第9回 柳家小太郎 ネタ下ろしひとり会 | 登録0=ぴあ0 一致
    🔁RETRY id=1018 単独2回試しても0枠（本物の可能性・要確認）
✅ id=1018 大槻能楽堂自主公演能 能の魅力を探るシリーズ | 登録0=ぴあ0 一致
    🔁RETRY id=1038 単独2回試しても0枠（本物の可能性・要確認）
✅ id=1038 よしもとお笑いライブｉｎ所沢 | 登録0=ぴあ0 一致
    🔁RETRY id=1160 単独2回試しても0枠（本物の可能性・要確認）
✅ id=1160 音楽と髭達２０２６ ＜臨時駐車券＞ | 登録0=ぴあ0 一致
    🔁RETRY id=1344 単独2回試しても0枠（本物の可能性・要確認）
✅ id=1344 THE GREATEST ROCK FUKUOK | 登録0=ぴあ0 一致
    🔁RETRY id=1427 単独2回試しても0枠（本物の可能性・要確認）
✅ id=1427 交感ひろば@SPACE ZERO Part30  | 登録0=ぴあ0 一致
    🔁RETRY id=1537 単独2回試しても0枠（本物の可能性・要確認）
✅ id=1537 Be my Girl（ex神が残した夢を喰う。） | 登録0=ぴあ0 一致
    🔁RETRY id=1871 単独2回試しても0枠（本物の可能性・要確認）
✅ id=1871 旭堂南龍 怪談噺の会～陽気な怪談・陰気な怪談～ | 登録0=ぴあ0 一致
    🔁RETRY id=1881 単独2回試しても0枠（本物の可能性・要確認）
✅ id=1881 小林正枝ヴァイオリンリサイタル2026 | 登録0=ぴあ0 一致
    🔁RETRY id=2157 単独2回試しても0枠（本物の可能性・要確認）
✅ id=2157 サムライロックフェス2026 | 登録0=ぴあ0 一致
    🔁RETRY id=2234 単独2回試しても0枠（本物の可能性・要確認）
✅ id=2234 権太楼ざんまい～柳家権太楼定期独演会～ | 登録0=ぴあ0 一致
    🔁RETRY id=2603 単独2回試しても0枠（本物の可能性・要確認）
✅ id=2603 浦和レッズ対横浜F・マリノス 明治安田J1リーグ | 登録0=ぴあ0 一致
    🔁RETRY id=2641 単独2回試しても0枠（本物の可能性・要確認）
✅ id=2641 新日本プロレス Unbound Co.トークショ | 登録0=ぴあ0 一致
    🔁RETRY id=2756 単独2回試しても0枠（本物の可能性・要確認）
✅ id=2756 侍ジャパンU-18壮行試合 高校日本代表 対 大 | 登録0=ぴあ0 一致
    🔁RETRY id=2932 単独2回試しても0枠（本物の可能性・要確認）
✅ id=2932 第45回 東京都小学生バンドフェスティバル「フロ | 登録0=ぴあ0 一致
    🔁RETRY id=2933 単独2回試しても0枠（本物の可能性・要確認）
✅ id=2933 第39回 東京都マーチングコンテスト | 登録0=ぴあ0 一致
    🔁RETRY id=2973 単独2回試しても0枠（本物の可能性・要確認）
✅ id=2973 名古屋グランパス対ファジアーノ岡山 明治安田J1 | 登録0=ぴあ0 一致
    🔁RETRY id=3465 単独2回試しても0枠（本物の可能性・要確認）
✅ id=3465 スキップとローファー展 | 登録0=ぴあ0 一致
    🔁RETRY id=3480 単独2回試しても0枠（本物の可能性・要確認）
✅ id=3480 ディズニー・ワールド・ビート 2026:5th  | 登録0=ぴあ0 一致
    🔁RETRY id=3496 単独2回試しても0枠（本物の可能性・要確認）
✅ id=3496 白鳥の湖-湖に沈む誓い- | 登録0=ぴあ0 一致
    🔁RETRY id=3666 単独2回試しても0枠（本物の可能性・要確認）
✅ id=3666 OSAKAビアガーデンプロレス | 登録0=ぴあ0 一致
    🔁RETRY id=3793 単独2回試しても0枠（本物の可能性・要確認）
✅ id=3793 北野誠と観る 特撰上方落語の会! VOL.2 | 登録0=ぴあ0 一致
    🔁RETRY id=4375 単独2回試しても0枠（本物の可能性・要確認）
✅ id=4375 GACKT 魔王シンフォニー 2026 -INF | 登録0=ぴあ0 一致
    🔁RETRY id=4459 単独2回試しても0枠（本物の可能性・要確認）
✅ id=4459 ニューオリンズジャズフェスティバル | 登録0=ぴあ0 一致
    🔁RETRY id=4968 単独2回試しても0枠（本物の可能性・要確認）
✅ id=4968 アニメ『ケロロ軍曹』20周年御礼!～舞台挨拶付き | 登録0=ぴあ0 一致
    🔁RETRY id=5032 単独2回試しても0枠（本物の可能性・要確認）
✅ id=5032 『ナギダイアリー』ジャパンプレミア | 登録0=ぴあ0 一致

=== 集計: OK 32 / 🚨MISSING 0 / ⚠️DROP 0 / 💤STALE 0 / ❌FETCH 0 / ❌QC 0 ===
=== QC照合カバレッジ: 照合できた枠 0/0 ===
=== 🔁0枠リトライ: 発動32件 / うち0件は枠が復活（一括時の0枠は偽陽性） / 残り32件は単独でも0枠 ===
