[1/62] id=130   宝塚歌劇団 雪組                 soldout    ぴあ1券種が予定枚数終了
[2/62] id=642   陰陽座                      soldout    ぴあ1券種が予定枚数終了
[3/62] id=1071  ミュージカル『ニコラ・テスラ～エジソンが恐れた孤 soldout    ぴあ2券種が予定枚数終了
[4/62] id=1554  高嶋ちさ子のザワつく!昭和歌謡祭 2026    nosold     予定枚数終了の表示なし（抽選受付終了）
[5/62] id=2223  宝塚歌劇星組 宝塚大劇場公演 三井住友VISAカ soldout    ぴあ2券種が予定枚数終了
[6/62] id=2341  GANG PARADE              soldout    ぴあ1券種が予定枚数終了
[7/62] id=2401  木根尚登                     soldout    ぴあ1券種が予定枚数終了
[8/62] id=2415  笑福亭鶴瓶×サンドウィッチマンLIVE『シルエッ soldout    ぴあ1券種が予定枚数終了
[9/62] id=2416  J亭スピンオフ企画44 白酒・一之輔 大手町二人 soldout    ぴあ1券種が予定枚数終了
[10/62] id=2626  センダイガールズプロレスリング          soldout    ぴあ1券種が予定枚数終了
[11/62] id=2997  真空ジェシカのイベン父ちゃん・イベアンドトシ   soldout    ぴあ1券種が予定枚数終了
[12/62] id=3116  CUTIE STREET 梅田みゆ 生誕祭 20 soldout    ぴあ1券種が予定枚数終了
[13/62] id=3119  THE PAINS OF BEING PURE  soldout    ぴあ1券種が予定枚数終了
[14/62] id=3120  シャイトープ                   soldout    ぴあ1券種が予定枚数終了
[15/62] id=3127  遊佐未森                     soldout    ぴあ1券種が予定枚数終了
[16/62] id=3169  野村義男                     soldout    ぴあ1券種が予定枚数終了
[17/62] id=3509  第56回田辺花火大会               soldout    ぴあ1券種が予定枚数終了
[18/62] id=3513  大相撲九月場所                  soldout    ぴあ7券種が予定枚数終了
[19/62] id=3527  中村敦                      soldout    ぴあ1券種が予定枚数終了
[20/62] id=3530  林哲司 SONG FILE SPECIAL ～シ soldout    ぴあ1券種が予定枚数終了
[21/62] id=3546  岡崎歌舞伎特別公演                soldout    ぴあ1券種が予定枚数終了
[22/62] id=3572  奥野真哉                     soldout    ぴあ1券種が予定枚数終了
[23/62] id=3577  ロックロックこんにちは!ver.28 ～にゃーロ soldout    ぴあ2券種が予定枚数終了
[24/62] id=3587  宝塚歌劇宙組 全国ツアー公演 ミュージカル・プレ soldout    ぴあ1券種が予定枚数終了
[25/62] id=3592  2026伝承ホール寺子屋 「渋谷金王丸伝説」&歌 soldout    ぴあ1券種が予定枚数終了
[26/62] id=3594  真一文字の会 ～春風亭一之輔勉強会～       soldout    ぴあ1券種が予定枚数終了
[27/62] id=3609  N響オーチャード定期2026／2027 東横シリ soldout    ぴあ1券種が予定枚数終了
[28/62] id=3739  SHIBUYA MUSIC CROSSOVER  soldout    ぴあ1券種が予定枚数終了
[29/62] id=3743  Uru                      soldout    ぴあ1券種が予定枚数終了
[30/62] id=3766  国立能楽堂 9月特別公演             soldout    ぴあ1券種が予定枚数終了
[31/62] id=3872  PM AGENCY 40th ANNIVERSA soldout    ぴあ1券種が予定枚数終了
[32/62] id=3875  ミュージカル「タイムトラベラーズ・ワイフ」    soldout    ぴあ2券種が予定枚数終了
[33/62] id=3896  伊藤蘭 クリスマスディナー&コンサート      soldout    ぴあ1券種が予定枚数終了
[34/62] id=3907  桂三度日本公演～桂三度入門十五周年記念祭～    soldout    ぴあ1券種が予定枚数終了
[35/62] id=3937  万筆舎『R3』刊行記念落語会           soldout    ぴあ1券種が予定枚数終了
[36/62] id=3965  読売ジャイアンツ対横浜DeNAベイスターズ 公式 soldout    ぴあ1券種が予定枚数終了
[37/62] id=3967  第一回 五圓會 ～三遊派落語研究会～       soldout    ぴあ1券種が予定枚数終了
[38/62] id=4080  澤野弘之 × THE SOUND OF GUND soldout    ぴあ1券種が予定枚数終了
[39/62] id=4164  島袋寛子                     soldout    ぴあ1券種が予定枚数終了
[40/62] id=4169  DEEN                     soldout    ぴあ1券種が予定枚数終了
[41/62] id=4197  演芸写真家 橘蓮二プロデュース 春風亭一之輔×桂 soldout    ぴあ1券種が予定枚数終了
[42/62] id=4205  第570回 花形演芸会              soldout    ぴあ1券種が予定枚数終了
[43/62] id=4255  フィルハーモニー・シリーズ オーケストラ・アンサ soldout    ぴあ1券種が予定枚数終了
[44/62] id=4268  APF SAPPHIRE CUP 2026    soldout    ぴあ1券種が予定枚数終了
[45/62] id=4272  横浜DeNAベイスターズ対阪神タイガース／公式戦 soldout    ぴあ1券種が予定枚数終了
[46/62] id=4319  ハロー【一花】イチハナ～一之輔相談室～      soldout    ぴあ1券種が予定枚数終了
[47/62] id=4326  Kis-My-Ft2               soldout    ぴあ3券種が予定枚数終了
[48/62] id=4611  MET JAZZ TOKYO: DAY 0    soldout    ぴあ1券種が予定枚数終了
[49/62] id=4726  世界のMIDORI 再び七尾へ!! 能登復興支援 soldout    ぴあ1券種が予定枚数終了
[50/62] id=4779  新日本フィル「第九」特別演奏会2026 スターツ soldout    ぴあ1券種が予定枚数終了
[51/62] id=4912  弁論2026                   soldout    ぴあ4券種が予定枚数終了
[52/62] id=4934  センダイガールズプロレスリング<大阪大会>    soldout    ぴあ1券種が予定枚数終了
[53/62] id=4971  映画『ホーム スイート ホーム』公開記念舞台挨拶 soldout    ぴあ5券種が予定枚数終了
[54/62] id=4987  TVアニメ『魔法騎士レイアース』ジャパンプレミア soldout    ぴあ1券種が予定枚数終了
[55/62] id=5030  『縁の手紙』完成披露上映会            soldout    ぴあ1券種が予定枚数終了
[56/62] id=5031  TVアニメ『超巡!超条先輩』キャスト舞台挨拶付き soldout    ぴあ1券種が予定枚数終了
[57/62] id=5239  『東京リベンジャーズ』三天戦争編放送直前威弁斗～ soldout    ぴあ1券種が予定枚数終了
[58/62] id=5498  ANI-ROCK FES.2026「僕のヒーロー soldout    ぴあ2券種が予定枚数終了
[59/62] id=5503  The Ravens               soldout    ぴあ1券種が予定枚数終了
[60/62] id=5510  PURPLE BUBBLE            soldout    ぴあ1券種が予定枚数終了
[61/62] id=5542  大阪桐蔭高等学校吹奏楽部 サンタコンサートin福 soldout    ぴあ1券種が予定枚数終了
[62/62] id=5579  映画『白鳥とコウモリ』舞台挨拶          soldout    ぴあ2券種が予定枚数終了

=== 予定枚数終了に変更 26枠 / 解除 0枠 (backup: index.html.bak_0831_soldout) ===
