=== lg=01 rlsStatus=0102 -> tmp/_sw_01_0102_0903.json ===
lg=01  rlsStatus=0102  総件数=672

=== バケツ 1個 ===
  ALL                                    672件
[1/1] ALL                                総 672 取得 525 ページ到達69/68

未掲載(eventCd未登録)の候補 = 62件
written tmp/_sw_01_0102_0903.json
=== lg=01 rlsStatus=0202 -> tmp/_sw_01_0202_0903.json ===
lg=01  rlsStatus=0202  総件数=39

=== バケツ 1個 ===
  ALL                                    39件
[1/1] ALL                                総  39 取得  35 ページ到達5/4

未掲載(eventCd未登録)の候補 = 12件
written tmp/_sw_01_0202_0903.json
=== lg=02 rlsStatus=0102 -> tmp/_sw_02_0102_0903.json ===
lg=02  rlsStatus=0102  総件数=382

=== バケツ 1個 ===
  ALL                                    382件
[1/1] ALL                                総 382 取得 310 ページ到達40/39

未掲載(eventCd未登録)の候補 = 30件
written tmp/_sw_02_0102_0903.json
=== lg=02 rlsStatus=0202 -> tmp/_sw_02_0202_0903.json ===
lg=02  rlsStatus=0202  総件数=20

=== バケツ 1個 ===
  ALL                                    20件
[1/1] ALL                                総  20 取得  16 ページ到達3/2

未掲載(eventCd未登録)の候補 = 2件
written tmp/_sw_02_0202_0903.json
=== lg=03 rlsStatus=0102 -> tmp/_sw_03_0102_0903.json ===
lg=03  rlsStatus=0102  総件数=65

=== バケツ 1個 ===
  ALL                                    65件
[1/1] ALL                                総  65 取得  50 ページ到達8/7

未掲載(eventCd未登録)の候補 = 13件
written tmp/_sw_03_0102_0903.json
=== lg=03 rlsStatus=0202 -> tmp/_sw_03_0202_0903.json ===
lg=03  rlsStatus=0202  総件数=None

=== バケツ 1個 ===
  ALL                                    None件
[1/1] ALL                                総None 取得   5 ページ到達2/0

未掲載(eventCd未登録)の候補 = 0件
written tmp/_sw_03_0202_0903.json
=== lg=04 rlsStatus=0102 -> tmp/_sw_04_0102_0903.json ===
lg=04  rlsStatus=0102  総件数=38

=== バケツ 1個 ===
  ALL                                    38件
[1/1] ALL                                総  38 取得  29 ページ到達5/4

未掲載(eventCd未登録)の候補 = 3件
written tmp/_sw_04_0102_0903.json
=== lg=04 rlsStatus=0202 -> tmp/_sw_04_0202_0903.json ===
lg=04  rlsStatus=0202  総件数=None

=== バケツ 1個 ===
  ALL                                    None件
[1/1] ALL                                総None 取得   0 ページ到達2/0

未掲載(eventCd未登録)の候補 = 0件
written tmp/_sw_04_0202_0903.json
=== lg=05 rlsStatus=0102 -> tmp/_sw_05_0102_0903.json ===
lg=05  rlsStatus=0102  総件数=27

=== バケツ 1個 ===
  ALL                                    27件
[1/1] ALL                                総  27 取得  26 ページ到達4/3

未掲載(eventCd未登録)の候補 = 1件
written tmp/_sw_05_0102_0903.json
=== lg=05 rlsStatus=0202 -> tmp/_sw_05_0202_0903.json ===
lg=05  rlsStatus=0202  総件数=None

=== バケツ 1個 ===
  ALL                                    None件
[1/1] ALL                                総None 取得   0 ページ到達2/0

未掲載(eventCd未登録)の候補 = 0件
written tmp/_sw_05_0202_0903.json
=== lg=06 rlsStatus=0102 -> tmp/_sw_06_0102_0903.json ===
lg=06  rlsStatus=0102  総件数=127

=== バケツ 1個 ===
  ALL                                    127件
[1/1] ALL                                総 127 取得 111 ページ到達14/13

未掲載(eventCd未登録)の候補 = 17件
written tmp/_sw_06_0102_0903.json
=== lg=06 rlsStatus=0202 -> tmp/_sw_06_0202_0903.json ===
lg=06  rlsStatus=0202  総件数=None

=== バケツ 1個 ===
  ALL                                    None件
[1/1] ALL                                総None 取得   6 ページ到達2/0

未掲載(eventCd未登録)の候補 = 0件
written tmp/_sw_06_0202_0903.json
=== lg=07 rlsStatus=0102 -> tmp/_sw_07_0102_0903.json ===
lg=07  rlsStatus=0102  総件数=328

=== バケツ 1個 ===
  ALL                                    328件
[1/1] ALL                                総 328 取得 311 ページ到達34/33

未掲載(eventCd未登録)の候補 = 38件
written tmp/_sw_07_0102_0903.json
=== lg=07 rlsStatus=0202 -> tmp/_sw_07_0202_0903.json ===
lg=07  rlsStatus=0202  総件数=None

=== バケツ 1個 ===
  ALL                                    None件
[1/1] ALL                                総None 取得   2 ページ到達2/0

未掲載(eventCd未登録)の候補 = 0件
written tmp/_sw_07_0202_0903.json
=== 全バケツ完了 ===
