lg=07 total=629 pages=63
parsed items: 483 (fetched up to page 64)
already in DB (eventCd一致): 445 | NOT in DB (new candidates): 38
  うち 33件は同名の既存エントリあり＝投入時に統合を検討（旧実装はここを丸ごと捨てていた）
written tmp/_sweepbucket_07_1.json
 NEW |  | iPS細胞研究基金チャリティ コンサート ～音楽 | 2027/2/9(火) | 東京都
 NEW |  | 1時間のハロウィン・クラシックス with ウエ | 2026/10/31(土) | 東京都
 NEW |  | ウエンツ瑛士のこわくないハロウィン・クラシックス | 2026/10/31(土) | 東京都
 NEW |  | 映像の世紀コンサート | 2026/12/17(木) | 東京都
 NEW |  | NHK交響楽団 第2072回 定期公演Aプログラ | 2026/10/17(土) ・ 2026/1 | 東京都
 NEW |  | NHK交響楽団 第2074回 定期公演Aプログラ | 2026/11/7(土) ・ 2026/11 | 東京都
 NEW |  | NHK交響楽団 第2073回 定期公演Cプログラ | 2026/10/23(金) ・ 2026/1 | 東京都
 NEW |  | NHK交響楽団 第2075回 定期公演Cプログラ | 2026/11/13(金) ・ 2026/1 | 東京都
 NEW |  | オリックスPresents 新日本フィルハーモニ | 2027/1/3(日) | 東京都
 NEW |  | キユーピー スペシャル サントリーホール ニュー | 2027/1/1(金・祝) | 東京都
 NEW |  | 藝大フィルハーモニア管弦楽団定期演奏会 | 2026/11/6(金) | 埼玉県
 NEW |  | 第23回子どもたちと芸術家の出あう街～真夜中の音 | 2027/1/31(日) | 東京都
 NEW |  | コバケンとその仲間たちオーケストラ 史上最高の第 | 2026/12/8(火) | 東京都
 NEW |  | サントリーホール開館40周年記念 ウィーン・フォ | 2026/12/31(木) | 東京都
 NEW |  | サントリーホール クリスマスコンサート 2026 | 2026/12/24(木) | 東京都
 NEW |  | サントリーホールのクリスマス2026 | 2026/12/25(金) | 東京都
 NEW |  | 新日本フィル ニューイヤー・コンサート2027  | 2027/1/9(土) | 東京都
 NEW |  | 第4回タクティカートオーケストラ定期演奏会 マー | 2026/11/8(日) | 神奈川県
 NEW |  | テオドール・クルレンツィス指揮 ユートピア管弦楽 | 2026/11/23(月・祝) | 東京都
 NEW |  | 東京藝大シンフォニーオーケストラ定期演奏会 第7 | 2026/11/19(木) | 埼玉県
 NEW |  | 東京交響楽団 | 2026/10/17(土) | 神奈川県
 NEW |  | 東京交響楽団 | 2026/11/28(土) | 東京都
 NEW |  | 東京交響楽団 | 2026/12/4(金) | 東京都
 NEW |  | 東京交響楽団 | 2027/2/28(日) | 神奈川県
 NEW |  | 東京シティ・フィルハーモニック管弦楽団 第九特別 | 2026/12/28(月) | 東京都
