lg=01 total=848 pages=85
parsed items: 738 (fetched up to page 86)
already in DB (eventCd一致): 704 | NOT in DB (new candidates): 34
  うち 31件は同名の既存エントリあり＝投入時に統合を検討（旧実装はここを丸ごと捨てていた）
written tmp/_sweepbucket_01_7.json
 NEW |  | 宇都宮隆 | 2026/11/28(土) | 東京都
 NEW |  | Ａｌｌ Ｉ Ｃｌａｃｋｓ | 2026/10/25(日) | 東京都
 NEW |  | COUNTRY YARD | 2026/11/2(月) | 東京都
 NEW |  | 9mm Parabellum Bullet | 2027/2/23(火・祝) | 東京都
 NEW |  | 小杉十郎太 | 2026/10/31(土) | 東京都
 NEW |  | Ｃｏｓｍｉｃ Ｍａｕｖｅ | 2027/2/6(土) | 東京都
 NEW |  | 後藤真希 | 2026/11/3(火・祝) | 東京都
 NEW |  | 2026 Golden Moon Concert | 2026/11/6(金) | 東京都
 NEW |  | saccharin | 2027/1/10(日) ・ 2027/1/ | 東京都／大阪府
 NEW |  | サニーデイ・サービス | 2026/12/18(金) | 東京都
 NEW |  | 神聖かまってちゃん | 2026/12/27(日) | 東京都
 NEW |  | 杉山清貴 | 2026/12/5(土) ・ 2026/12 | 東京都
 NEW |  | 高田漣 presents アコースティックギター | 2026/10/9(金) | 東京都
 NEW |  | 武満徹没後30年「ASOBIBA TAKEMIT | 2026/10/26(月) | 東京都
 NEW |  | 月詠み | 2026/12/1(火) | 東京都
 NEW |  | 手嶌葵 | 2027/1/30(土) | 東京都
 NEW |  | 中村敦 | 2026/10/13(火) ・ 2026/1 | 千葉県／東京都
 NEW |  | 中村雅俊 | 2027/1/8(金) | 東京都
 NEW |  | 林ゆうき | 2026/12/27(日) | 東京都
 NEW |  | パソコン音楽クラブ | 2026/11/25(水) | 東京都
 NEW |  | パパイヤ鈴木の踊る昭和歌謡☆ディスコパラダイス！ | 2026/11/4(水) | 東京都
 NEW |  | 髭 | 2026/11/28(土) | 東京都
 NEW |  | HOME | 2026/11/20(金) | 東京都
 NEW |  | Homecomings | 2026/12/19(土) | 東京都
 NEW |  | MAZRI no MATSURI | 2026/10/20(火) | 東京都
