lg=01  rlsStatus=0102  総件数=621

=== バケツ 1個 ===
  ALL                                    621件
[1/1] ALL                                総 621 取得 504 ページ到達64/63

未掲載(eventCd未登録)の候補 = 62件
written tmp/_sw_01_0102_0901.json
lg=01  rlsStatus=0202  総件数=35

=== バケツ 1個 ===
  ALL                                    35件
[1/1] ALL                                総  35 取得  31 ページ到達5/4

未掲載(eventCd未登録)の候補 = 9件
written tmp/_sw_01_0202_0901.json
lg=02  rlsStatus=0102  総件数=373

=== バケツ 1個 ===
  ALL                                    373件
[1/1] ALL                                総 373 取得 309 ページ到達39/38

未掲載(eventCd未登録)の候補 = 74件
written tmp/_sw_02_0102_0901.json
lg=02  rlsStatus=0202  総件数=21

=== バケツ 1個 ===
  ALL                                    21件
[1/1] ALL                                総  21 取得  17 ページ到達4/3

未掲載(eventCd未登録)の候補 = 5件
written tmp/_sw_02_0202_0901.json
lg=03  rlsStatus=0102  総件数=121

=== バケツ 1個 ===
  ALL                                    121件
[1/1] ALL                                総 121 取得  82 ページ到達14/13

未掲載(eventCd未登録)の候補 = 12件
written tmp/_sw_03_0102_0901.json
lg=03  rlsStatus=0202  総件数=None

=== バケツ 1個 ===
  ALL                                    None件
[1/1] ALL                                総None 取得   4 ページ到達2/0

未掲載(eventCd未登録)の候補 = 0件
written tmp/_sw_03_0202_0901.json
lg=04  rlsStatus=0102  総件数=46

=== バケツ 1個 ===
  ALL                                    46件
[1/1] ALL                                総  46 取得  36 ページ到達6/5

未掲載(eventCd未登録)の候補 = 5件
written tmp/_sw_04_0102_0901.json
lg=04  rlsStatus=0202  総件数=None

=== バケツ 1個 ===
  ALL                                    None件
[1/1] ALL                                総None 取得   0 ページ到達2/0

未掲載(eventCd未登録)の候補 = 0件
written tmp/_sw_04_0202_0901.json
lg=05  rlsStatus=0102  総件数=29

=== バケツ 1個 ===
  ALL                                    29件
[1/1] ALL                                総  29 取得  27 ページ到達4/3

未掲載(eventCd未登録)の候補 = 3件
written tmp/_sw_05_0102_0901.json
lg=05  rlsStatus=0202  総件数=None

=== バケツ 1個 ===
  ALL                                    None件
[1/1] ALL                                総None 取得   0 ページ到達2/0

未掲載(eventCd未登録)の候補 = 0件
written tmp/_sw_05_0202_0901.json
lg=06  rlsStatus=0102  総件数=124

=== バケツ 1個 ===
  ALL                                    124件
[1/1] ALL                                総 124 取得 110 ページ到達14/13

未掲載(eventCd未登録)の候補 = 22件
written tmp/_sw_06_0102_0901.json
lg=06  rlsStatus=0202  総件数=None

=== バケツ 1個 ===
  ALL                                    None件
[1/1] ALL                                総None 取得   7 ページ到達2/0

未掲載(eventCd未登録)の候補 = 0件
written tmp/_sw_06_0202_0901.json
lg=07  rlsStatus=0102  総件数=325

=== バケツ 1個 ===
  ALL                                    325件
[1/1] ALL                                総 325 取得 307 ページ到達34/33

未掲載(eventCd未登録)の候補 = 52件
written tmp/_sw_07_0102_0901.json
lg=07  rlsStatus=0202  総件数=None

=== バケツ 1個 ===
  ALL                                    None件
[1/1] ALL                                総None 取得   1 ページ到達2/0

未掲載(eventCd未登録)の候補 = 0件
written tmp/_sw_07_0202_0901.json
