lg=02  rlsStatus=0101  総件数=1871
  sg=0200109 寄席・お笑い が 1002件 → 地域で割る

=== バケツ 16個 ===
  sg=0200101 演劇                          260件
  sg=0200102 朗読・リーディング                   44件
  sg=0200103 ミュージカル・ショー                  258件
  sg=0200104 人形劇・キャラクター                  20件
  sg=0200105 バレエ・ダンス                     119件
  sg=0200106 パフォーマンス                     34件
  sg=0200108 歌舞伎・古典芸能                    133件
  sg=0200109 寄席・お笑い / 関東甲信越              490件
  sg=0200109 寄席・お笑い / 関西                 246件
  sg=0200109 寄席・お笑い / 中部                 85件
  sg=0200109 寄席・お笑い / 九州・沖縄              103件
  sg=0200109 寄席・お笑い / 北海道                34件
  sg=0200109 寄席・お笑い / 中国・四国              50件
  sg=0200109 寄席・お笑い / 東北                 47件
  sg=0200109 寄席・お笑い / 北陸                 31件
  sg=0200199 演劇その他                       19件
[1/16] sg=0200101 演劇                      総 260 取得 173 ページ到達27/26
[2/16] sg=0200102 朗読・リーディング               総  44 取得  35 ページ到達6/5
[3/16] sg=0200103 ミュージカル・ショー              総 258 取得  87 ページ到達27/26
[4/16] sg=0200104 人形劇・キャラクター              総  20 取得  11 ページ到達3/2
[5/16] sg=0200105 バレエ・ダンス                 総 119 取得  92 ページ到達13/12
[6/16] sg=0200106 パフォーマンス                 総  34 取得  22 ページ到達5/4
[7/16] sg=0200108 歌舞伎・古典芸能                総 133 取得 120 ページ到達15/14
[8/16] sg=0200109 寄席・お笑い / 関東甲信越          総 490 取得 476 ページ到達50/49
[9/16] sg=0200109 寄席・お笑い / 関西             総 246 取得 153 ページ到達26/25
[10/16] sg=0200109 寄席・お笑い / 中部             総  85 取得  83 ページ到達10/9
[11/16] sg=0200109 寄席・お笑い / 九州・沖縄          総 103 取得  75 ページ到達12/11
[12/16] sg=0200109 寄席・お笑い / 北海道            総  34 取得  34 ページ到達5/4
[13/16] sg=0200109 寄席・お笑い / 中国・四国          総  50 取得  49 ページ到達6/5
[14/16] sg=0200109 寄席・お笑い / 東北             総  47 取得  43 ページ到達6/5
[15/16] sg=0200109 寄席・お笑い / 北陸             総  31 取得  31 ページ到達5/4
[16/16] sg=0200199 演劇その他                   総  19 取得  18 ページ到達3/2

未掲載(eventCd未登録)の候補 = 679件
written tmp/sweep_engeki_0101_0830.json
