lg=02 total=266 pages=27
parsed items: 172 (fetched up to page 28)
already in DB (eventCd一致): 157 | NOT in DB (new candidates): 15
  うち 13件は同名の既存エントリあり＝投入時に統合を検討（旧実装はここを丸ごと捨てていた）
written tmp/_sweepbucket_02_1.json
 NEW |  | 「water」 | 2026/9/27(日) ～ 2026/10 | 東京都
 NEW |  | 演劇女子部「TIME REPEAT」 | 2026/10/16(金) ～ 2026/1 | 東京都
 NEW |  | 30-DELUX NEXT STAGE THEA | 2026/10/10(土) ・ 2026/1 | 大阪府
 NEW |  | 『ジャングル』 | 2026/10/10(土) ～ 2026/1 | 神奈川県
 NEW |  | 前進座創立95周年記念公演 『出雲の阿国』 | 2026/10/8(木) ～ 2026/10 | 大阪府
 NEW |  | 【動画配信】weekly everyday第8回 | 2026/9/30(水) ～ 2026/10 | 
 NEW |  | 庭劇団ペニノ『埋火(うずみび)』 | 2026/11/7(土) ・ 2026/11 | 富山県
 NEW |  | 「果てない ～甦る母篇～」 | 2026/11/7(土) ～ 2026/12 | 東京都
 NEW |  | 舞台芸術祭「秋の隕石2026東京」 アナカルシス | 2026/10/16(金) ・ 2026/1 | 東京都
 NEW |  | 舞台芸術祭「秋の隕石2026東京」 アヒェ・エン | 2026/10/31(土) ・ 2026/1 | 東京都
 NEW |  | 舞台芸術祭「秋の隕石2026東京」 クリストファ | 2026/10/17(土) ・ 2026/1 | 東京都
 NEW |  | 舞台芸術祭「秋の隕石2026東京」 ジュンコエモ | 2026/10/16(金) ・ 2026/1 | 東京都
 NEW |  | 舞台「呪術廻戦」－渋谷事変前編－ | 2026/11/14(土) ～ 2026/1 | 東京都
 NEW |  | 舞台「ぼくのドラゴンがごはんを食べない!!」 | 2026/11/5(木) ～ 2026/11 | 東京都
 NEW |  | 第8回公演「ヴォイツェック」 | 2026/11/20(金) ～ 2026/1 | 東京都
