lg=01  rlsStatus=0102  総件数=646

=== バケツ 1個 ===
  ALL                                    646件
[1/1] ALL                                総 646 取得 510 ページ到達66/65

未掲載(eventCd未登録)の候補 = 62件
written tmp/_sw_01_0102_0902.json
lg=01  rlsStatus=0202  総件数=38

=== バケツ 1個 ===
  ALL                                    38件
[1/1] ALL                                総  38 取得  34 ページ到達5/4

未掲載(eventCd未登録)の候補 = 7件
written tmp/_sw_01_0202_0902.json
lg=02  rlsStatus=0102  総件数=369

=== バケツ 1個 ===
  ALL                                    369件
[1/1] ALL                                総 369 取得 303 ページ到達38/37

未掲載(eventCd未登録)の候補 = 43件
written tmp/_sw_02_0102_0902.json
lg=02  rlsStatus=0202  総件数=23

=== バケツ 1個 ===
  ALL                                    23件
[1/1] ALL                                総  23 取得  19 ページ到達4/3

未掲載(eventCd未登録)の候補 = 1件
written tmp/_sw_02_0202_0902.json
lg=03  rlsStatus=0102  総件数=63

=== バケツ 1個 ===
  ALL                                    63件
[1/1] ALL                                総  63 取得  47 ページ到達8/7

未掲載(eventCd未登録)の候補 = 11件
written tmp/_sw_03_0102_0902.json
lg=03  rlsStatus=0202  総件数=None

=== バケツ 1個 ===
  ALL                                    None件
[1/1] ALL                                総None 取得   5 ページ到達2/0

未掲載(eventCd未登録)の候補 = 1件
written tmp/_sw_03_0202_0902.json
lg=04  rlsStatus=0102  総件数=40

=== バケツ 1個 ===
  ALL                                    40件
[1/1] ALL                                総  40 取得  30 ページ到達5/4

未掲載(eventCd未登録)の候補 = 3件
written tmp/_sw_04_0102_0902.json
lg=04  rlsStatus=0202  総件数=None

=== バケツ 1個 ===
  ALL                                    None件
[1/1] ALL                                総None 取得   0 ページ到達2/0

未掲載(eventCd未登録)の候補 = 0件
written tmp/_sw_04_0202_0902.json
lg=05  rlsStatus=0102  総件数=29

=== バケツ 1個 ===
  ALL                                    29件
[1/1] ALL                                総  29 取得  28 ページ到達4/3

未掲載(eventCd未登録)の候補 = 2件
written tmp/_sw_05_0102_0902.json
lg=05  rlsStatus=0202  総件数=None

=== バケツ 1個 ===
  ALL                                    None件
[1/1] ALL                                総None 取得   0 ページ到達2/0

未掲載(eventCd未登録)の候補 = 0件
written tmp/_sw_05_0202_0902.json
lg=06  rlsStatus=0102  総件数=118

=== バケツ 1個 ===
  ALL                                    118件
[1/1] ALL                                総 118 取得 104 ページ到達13/12

未掲載(eventCd未登録)の候補 = 17件
written tmp/_sw_06_0102_0902.json
lg=06  rlsStatus=0202  総件数=None

=== バケツ 1個 ===
  ALL                                    None件
[1/1] ALL                                総None 取得   7 ページ到達2/0

未掲載(eventCd未登録)の候補 = 0件
written tmp/_sw_06_0202_0902.json
lg=07  rlsStatus=0102  総件数=310

=== バケツ 1個 ===
  ALL                                    310件
[1/1] ALL                                総 310 取得 293 ページ到達32/31

未掲載(eventCd未登録)の候補 = 30件
written tmp/_sw_07_0102_0902.json
lg=07  rlsStatus=0202  総件数=None

=== バケツ 1個 ===
  ALL                                    None件
[1/1] ALL                                総None 取得   2 ページ到達2/0

未掲載(eventCd未登録)の候補 = 0件
written tmp/_sw_07_0202_0902.json
