lg=01 total=702 pages=71
parsed items: 578 (fetched up to page 72)
already in DB (eventCd一致): 554 | NOT in DB (new candidates): 24
  うち 21件は同名の既存エントリあり＝投入時に統合を検討（旧実装はここを丸ごと捨てていた）
written tmp/_sweepbucket_01_12.json
 NEW |  | UP-T FESTIVAL WEST Vol.2 | 2026/10/15(木) | 大阪府
 NEW |  | ウルフルズ | 2026/12/31(木) | 大阪府
 NEW |  | 神山智洋 | 2026/10/14(水) ・ 2026/1 | 大阪府
 NEW |  | 9mm Parabellum Bullet | 2027/1/31(日) | 大阪府
 NEW |  | 倉木麻衣 | 2026/11/29(日) | 大阪府
 NEW |  | saccharin | 2027/1/10(日) ・ 2027/1/ | 東京都／大阪府
 NEW |  | Chevon 平安神宮 奉納 Special L | 2026/10/10(土) | 京都府
 NEW |  | 私立恵比寿中学 | 2026/11/8(日) | 兵庫県
 NEW |  | 神聖かまってちゃん | 2026/11/20(金) | 大阪府
 NEW |  | Ｊ | 2026/11/26(木) | 大阪府
 NEW |  | タブレット純 魅惑の歌謡ショー | 2026/10/14(水) | 大阪府
 NEW |  | 月詠み | 2026/11/18(水) | 大阪府
 NEW |  | 手嶌葵 | 2026/12/19(土) | 兵庫県
 NEW |  | 西村ケント(g) | 2026/12/25(金) | 大阪府
 NEW |  | バンドじゃないもん！MAXX NAKAYOSHI | 2026/11/9(月) | 大阪府
 NEW |  | HOME | 2026/11/4(水) ・ 2026/11 | 京都府／大阪府
 NEW |  | Homecomings | 2026/11/20(金) | 大阪府
 NEW |  | 名誉伝説 | 2026/12/16(水) | 大阪府
 NEW |  | ヤバイＴシャツ屋さん | 2026/10/8(木) | 大阪府
 NEW |  | 山崎ハコ | 2026/10/17(土) | 大阪府
 NEW |  | ルサンチマン | 2026/11/20(金) | 大阪府
 NEW |  | レトロリロン | 2026/11/3(火・祝) | 大阪府
 NEW |  | ROAD TO 武道館 MISSION！ 2大都 | 2026/11/5(木) | 大阪府
 NEW |  | wacci | 2026/12/26(土) | 奈良県
