lg=01  rlsStatus=0102  総件数=752

=== バケツ 1個 ===
  ALL                                    752件
[1/1] ALL                                総 752 取得 577 ページ到達77/76

未掲載(eventCd未登録)の候補 = 89件
written tmp/_sw_01_0102_0904.json
lg=01  rlsStatus=0202  総件数=43

=== バケツ 1個 ===
  ALL                                    43件
[1/1] ALL                                総  43 取得  42 ページ到達6/5

未掲載(eventCd未登録)の候補 = 17件
written tmp/_sw_01_0202_0904.json
lg=02  rlsStatus=0102  総件数=400

=== バケツ 1個 ===
  ALL                                    400件
[1/1] ALL                                総 400 取得 320 ページ到達41/40

未掲載(eventCd未登録)の候補 = 43件
written tmp/_sw_02_0102_0904.json
lg=02  rlsStatus=0202  総件数=22

=== バケツ 1個 ===
  ALL                                    22件
[1/1] ALL                                総  22 取得  18 ページ到達4/3

未掲載(eventCd未登録)の候補 = 2件
written tmp/_sw_02_0202_0904.json
lg=03  rlsStatus=0102  総件数=76

=== バケツ 1個 ===
  ALL                                    76件
[1/1] ALL                                総  76 取得  56 ページ到達9/8

未掲載(eventCd未登録)の候補 = 14件
written tmp/_sw_03_0102_0904.json
lg=03  rlsStatus=0202  総件数=None

=== バケツ 1個 ===
  ALL                                    None件
[1/1] ALL                                総None 取得   4 ページ到達2/0

未掲載(eventCd未登録)の候補 = 0件
written tmp/_sw_03_0202_0904.json
lg=04  rlsStatus=0102  総件数=42

=== バケツ 1個 ===
  ALL                                    42件
[1/1] ALL                                総  42 取得  34 ページ到達6/5

未掲載(eventCd未登録)の候補 = 7件
written tmp/_sw_04_0102_0904.json
lg=04  rlsStatus=0202  総件数=None

=== バケツ 1個 ===
  ALL                                    None件
[1/1] ALL                                総None 取得   2 ページ到達2/0

未掲載(eventCd未登録)の候補 = 2件
written tmp/_sw_04_0202_0904.json
lg=05  rlsStatus=0102  総件数=27

=== バケツ 1個 ===
  ALL                                    27件
[1/1] ALL                                総  27 取得  26 ページ到達4/3

未掲載(eventCd未登録)の候補 = 1件
written tmp/_sw_05_0102_0904.json
lg=05  rlsStatus=0202  総件数=None

=== バケツ 1個 ===
  ALL                                    None件
[1/1] ALL                                総None 取得   0 ページ到達2/0

未掲載(eventCd未登録)の候補 = 0件
written tmp/_sw_05_0202_0904.json
lg=06  rlsStatus=0102  総件数=127

=== バケツ 1個 ===
  ALL                                    127件
[1/1] ALL                                総 127 取得 115 ページ到達14/13

未掲載(eventCd未登録)の候補 = 18件
written tmp/_sw_06_0102_0904.json
lg=06  rlsStatus=0202  総件数=11

=== バケツ 1個 ===
  ALL                                    11件
[1/1] ALL                                総  11 取得   9 ページ到達3/2

未掲載(eventCd未登録)の候補 = 3件
written tmp/_sw_06_0202_0904.json
lg=07  rlsStatus=0102  総件数=353

=== バケツ 1個 ===
  ALL                                    353件
[1/1] ALL                                総 353 取得 335 ページ到達37/36

未掲載(eventCd未登録)の候補 = 41件
written tmp/_sw_07_0102_0904.json
lg=07  rlsStatus=0202  総件数=None

=== バケツ 1個 ===
  ALL                                    None件
[1/1] ALL                                総None 取得   1 ページ到達2/0

未掲載(eventCd未登録)の候補 = 0件
written tmp/_sw_07_0202_0904.json
