候補 197件 → 新規アーティスト 97組
  ○ id6173 水クリミニ単独診療～HiROM生誕祭～ | 公演1(会場1) 枠1 | 2026-09-06〜2026-09-06
  ○ id6174 水上クリニックRYO生誕祭 | 公演1(会場1) 枠1 | 2026-09-28〜2026-09-28
  ○ id6175 EDGE | 公演5(会場1) 枠5 | 2026-09-09〜2026-09-22
  ○ id6176 『往古来今』 | 公演1(会場1) 枠1 | 2026-09-20〜2026-09-20
  ○ id6177 妄走トラップ | 公演1(会場1) 枠1 | 2026-09-07〜2026-09-07
  ○ id6178 透明少女ホラーナイト | 公演1(会場1) 枠1 | 2026-10-30〜2026-10-30
  ○ id6179 透明少女ワンマン | 公演1(会場1) 枠1 | 2026-10-12〜2026-10-12
  ○ id6180 透明少女主催 | 公演2(会場1) 枠2 | 2026-11-09〜2026-11-09
      ＋他公演を回収: 2026-09-05 BlackHole
      ＋他公演を回収: 2026-10-05 BlackHole
  ○ id6181 BlackHole | 公演3(会場1) 枠3 | 2026-09-05〜2026-10-05
  ○ id6182 黒蜜主催『黒蜜の日』 | 公演1(会場1) 枠1 | 2026-09-06〜2026-09-06
  ○ id6183 黒蜜の日 | 公演1(会場1) 枠1 | 2026-09-07〜2026-09-07
  ○ id6184 ヤミテラTOUR | 公演1(会場1) 枠1 | 2026-09-07〜2026-09-07
  ○ id6185 rivabook | 公演1(会場1) 枠1 | 2026-09-08〜2026-09-08
  ○ id6186 トライアルマキナ会 | 公演1(会場1) 枠1 | 2026-09-30〜2026-09-30
  ○ id6187 みちゃき生誕祭 | 公演1(会場1) 枠1 | 2026-09-09〜2026-09-09
  ○ id6188 ザ･ピアノエラ | 公演3(会場1) 枠3 | 2026-12-05〜2026-12-06
  ○ id6189 ブザフェス～10th | 公演1(会場0) 枠1 | 2026-08-31〜2026-08-31
  ○ id6190 Milky | 公演4(会場1) 枠4 | 2026-09-02〜2026-09-02
  ○ id6191 Ambition | 公演1(会場1) 枠1 | 2026-09-28〜2026-09-28
  ○ id6192 THE_PiTY.主催TOUR | 公演1(会場1) 枠1 | 2026-09-03〜2026-09-03
  ○ id6193 セツ生誕記念ワンマン | 公演1(会場1) 枠1 | 2026-10-05〜2026-10-05
  ⚠️ Zeke 4455470001: option10 > JSON-LD5 取りこぼしの可能性
      ＋他公演を回収: 2026-09-29 Live House 獅子王
      ＋他公演を回収: 2026-10-19 心斎橋CLAPPER
      ＋他公演を回収: 2026-10-20 今池 CLUB 3STAR
      ＋他公演を回収: 2026-10-28 Live House 獅子王
      ＋他公演を回収: 2026-11-11 BlackHole
  ○ id6194 Zeke | 公演10(会場6) 枠10 | 2026-09-12〜2026-11-11
  ○ id6195 CHAOSS | 公演1(会場1) 枠1 | 2026-09-09〜2026-09-09
  ○ id6196 cubrick×SUPERKNOVA | 公演1(会場1) 枠1 | 2026-11-19〜2026-11-19
  ○ id6197 赤羽ReNY | 公演1(会場1) 枠1 | 2026-10-06〜2026-10-06
  ○ id6198 KISAKI | 公演1(会場1) 枠1 | 2026-10-24〜2026-10-24
  ⚠️ Hyogoクリスマス･ジャズ･フェスティバル2026 0141250001: option6 > JSON-LD5 取りこぼしの可能性
  ○ id6199 Hyogoクリスマス･ジャズ･フェスティバル2026 | 公演5(会場3) 枠5 | 2026-12-11〜2026-12-18
  ○ id6200 ANGEL-TAKA☆Ricky.A.P | 公演1(会場1) 枠1 | 2026-09-25〜2026-09-25
  ○ id6201 【B】月時雨に花束を presents Ryuji Birthday 「龍神祭2026」 | 公演1(会場1) 枠1 | 2026-09-20〜2026-09-20
  ○ id6202 蜈蚣5連夜 | 公演10(会場1) 枠10 | 2026-09-18〜2026-09-22
  ○ id6203 TABOO×RENGEKI | 公演2(会場1) 枠2 | 2026-09-25〜2026-09-25
      ＋他公演を回収: 2026-09-04 Yogibo HOLY MOUNTAIN
      ＋他公演を回収: 2026-09-28 BlackHole
  ○ id6204 病Sick2 | 公演3(会場3) 枠3 | 2026-09-03〜2026-09-28
      ＋他公演を回収: 2026-10-09 川崎Serbian Night
      ＋他公演を回収: 2026-10-11 渋谷REX
      ＋他公演を回収: 2026-10-12 浦和ナルシス
  ○ id6205 HOLLOWGRAM | 公演4(会場4) 枠4 | 2026-10-04〜2026-10-12
  ○ id6206 Ruiza主催イベントTour | 公演1(会場1) 枠1 | 2026-09-11〜2026-09-11
  ○ id6207 「血湧き肉躍る」 | 公演1(会場1) 枠1 | 2026-09-18〜2026-09-18
  ○ id6208 DAMNED | 公演1(会場1) 枠1 | 2026-09-11〜2026-09-11
  ○ id6209 SPEEDDISK | 公演1(会場1) 枠1 | 2026-09-17〜2026-09-17
  ○ id6210 松本怜生トークショー〈森ノ宮医療大学 | 公演1(会場1) 枠1 | 2026-10-24〜2026-10-24
  ○ id6211 ヨビノリたくみトークショー〈九州大学 | 公演1(会場1) 枠1 | 2026-11-01〜2026-11-01
  ○ id6212 岡本信彦トークショー | 公演1(会場1) 枠1 | 2026-10-18〜2026-10-18
  ○ id6213 久保ユリカトークショー | 公演1(会場1) 枠1 | 2026-11-01〜2026-11-01
  ○ id6214 石川界人トークショー〈実践女子大学常磐祭〉 | 公演1(会場1) 枠1 | 2026-09-26〜2026-09-26
  ○ id6215 岩瀬洋志トークショー | 公演1(会場1) 枠1 | 2026-09-27〜2026-09-27
  ○ id6216 秋のからっ風こんさぁと〈日本工業大学 | 公演1(会場1) 枠1 | 2026-10-25〜2026-10-25
  ○ id6217 簡秀吉トークショー | 公演1(会場1) 枠1 | 2026-10-31〜2026-10-31
  ○ id6218 大阪公立大学 | 公演2(会場1) 枠2 | 2026-10-31〜2026-10-31
  ○ id6219 高橋健介トークショー～ポジティブ足りてなくない!?～ | 公演2(会場1) 枠2 | 2026-11-03〜2026-11-03
  ○ id6220 就実大学なでしこ祭 | 公演1(会場1) 枠1 | 2026-10-26〜2026-10-26
  ○ id6221 くらしき作陽大学･作陽短期大学翔陽祭 | 公演1(会場1) 枠1 | 2026-10-26〜2026-10-26
  ○ id6222 梅花女子大学 | 公演1(会場1) 枠1 | 2026-10-24〜2026-10-24
  ○ id6223 野村康太トークショー〈郡山女子大学 | 公演1(会場1) 枠1 | 2026-10-10〜2026-10-10
  ○ id6224 久留米大学医学部 | 公演1(会場1) 枠1 | 2026-10-24〜2026-10-24
  ○ id6225 仲里依紗トークショーin城北祭 | 公演1(会場1) 枠1 | 2026-11-07〜2026-11-07
  ○ id6226 吉川愛トークショーin優花祭 | 公演1(会場1) 枠1 | 2026-11-01〜2026-11-01
  ○ id6227 SKRYU | 公演1(会場1) 枠1 | 2026-11-01〜2026-11-01
  ○ id6228 松本怜生トークショー | 公演1(会場1) 枠1 | 2026-10-18〜2026-10-18
  ○ id6229 【VIP】KAZAMI Birthday Presents 『THE SINGER』 | 公演1(会場1) 枠1 | 2026-09-15〜2026-09-15
  ○ id6230 【通常チケット】KAZAMI Birthday Presents 『THE SINGER』 | 公演1(会場1) 枠1 | 2026-09-15〜2026-09-15
  ○ id6231 TVアニメ『忘却バッテリー』スペシャルイベント | 公演2(会場1) 枠2 | 2026-11-29〜2026-11-29
  ○ id6232 「魔入りました!入間くん」 スペシャルイベント DEVIL’S PARTY!(デビパ)2 み～んな悪魔だよ!問題児(アブノーマル)スペシャル!! | 公演2(会場1) 枠2 | 2026-09-27〜2026-09-27
  ○ id6233 【先行】FUSE 20th Anniversary | 公演1(会場1) 枠1 | 2026-10-26〜2026-10-26
  ○ id6234 -神-メトリー皇月結音 | 公演1(会場1) 枠1 | 2026-09-07〜2026-09-07
  ○ id6235 『暴 | 公演1(会場1) 枠1 | 2026-11-09〜2026-11-09
      ＋他公演を回収: 2026-09-05 EDGE ikebukuro
  ○ id6236 見世物小屋は終わらない | 公演2(会場1) 枠2 | 2026-09-05〜2026-10-07
  ○ id6237 【特典付き】Ambition 2nd Anniversary 『Ambition-GENESIS-』 | 公演1(会場1) 枠1 | 2026-11-09〜2026-11-09
  ○ id6238 【一般】Ambition 2nd Anniversary 『Ambition-GENESIS-』 | 公演1(会場1) 枠1 | 2026-11-09〜2026-11-09
  ○ id6239 未唯mie | 公演1(会場1) 枠1 | 2026-09-19〜2026-09-19
  ○ id6240 渡辺真知子、トワ･エ･モワ、サーカス | 公演2(会場2) 枠2 | 2026-09-23〜2026-11-07
  ○ id6241 三越劇場プレミアムコンサート | 公演1(会場1) 枠1 | 2026-09-22〜2026-09-22
  ○ id6242 渡辺真知子コンサート2026 | 公演3(会場2) 枠3 | 2026-10-11〜2026-10-20
      ＋他公演を回収: 2026-10-03 Billboard Live TOKYO
  ○ id6243 川畑要 | 公演6(会場3) 枠6 | 2026-09-19〜2026-10-03
  ○ id6244 篝火音楽会 | 公演1(会場1) 枠1 | 2026-09-16〜2026-09-16
  ○ id6245 Fine | 公演1(会場1) 枠1 | 2026-09-26〜2026-09-26
  ○ id6246 THE& | 公演7(会場5) 枠7 | 2026-09-13〜2026-09-27
  ○ id6247 東京ヒーローズ主催 | 公演1(会場1) 枠1 | 2026-10-09〜2026-10-09
  ○ id6248 渋谷La.mamaの満塁ホームラン | 公演1(会場1) 枠1 | 2026-11-17〜2026-11-17
  ⚠️ SBE 4503060001: option7 > JSON-LD5 取りこぼしの可能性
      ＋他公演を回収: 2026-11-08 盛岡Club Change WAVE
      ＋他公演を回収: 2026-11-13 WWW
  ○ id6249 SBE | 公演7(会場7) 枠7 | 2026-09-05〜2026-11-13
  ○ id6250 十九代目梅雨将軍2man | 公演1(会場1) 枠1 | 2026-09-17〜2026-09-17
  ○ id6251 ボロフェスタ2026 | 公演5(会場2) 枠5 | 2026-10-31〜2026-11-03
  ○ id6252 鹿オープンイベント”鹿翠 | 公演1(会場1) 枠1 | 2026-10-18〜2026-10-18
  ⚠️ LOFT9 2980300005: option13 > JSON-LD3 取りこぼしの可能性
      ＋他公演を回収: 2026-09-17 LOFT9 Shibuya
      ＋他公演を回収: 2026-09-18 LOFT9 Shibuya
      ＋他公演を回収: 2026-09-19 LOFT9 Shibuya
  ○ id6253 LOFT9 | 公演5(会場1) 枠5 | 2026-09-17〜2026-09-19
  ○ id6254 UMEDA | 公演1(会場1) 枠1 | 2026-09-12〜2026-09-12
  ○ id6255 扉の鍵 | 公演1(会場1) 枠1 | 2026-10-09〜2026-10-09
  ○ id6256 Hearts+ | 公演1(会場1) 枠1 | 2026-11-03〜2026-11-03
  ○ id6257 ヒカシュー×XOXO | 公演1(会場1) 枠1 | 2026-10-02〜2026-10-02
  ○ id6258 KAZOO | 公演1(会場1) 枠1 | 2026-09-22〜2026-09-22
  ○ id6259 OPTIMYSTIC | 公演2(会場1) 枠2 | 2026-12-09〜2026-12-09
  ⚠️ プピリットパロ 3446540001: option20 > JSON-LD5 取りこぼしの可能性
      ＋他公演を回収: 2026-11-03 磐田FM STAGE
      ＋他公演を回収: 2026-11-07 HEAVEN’S ROCK熊谷 VJ-1
      ＋他公演を回収: 2026-11-14 SILVER MACHINE Sapporo
      ＋他公演を回収: 2026-11-23 RAD NINE
      ＋他公演を回収: 2026-11-29 naked music cafe&bar
      ＋他公演を回収: 2026-12-04 八王子MATCH VOX
      ＋他公演を回収: 2026-12-12 SOUND SPACE RIZIN’
      ＋他公演を回収: 2027-01-16 宇都宮STUDIO KENT
      ＋他公演を回収: 2027-01-17 FLYING SON
      ＋他公演を回収: 2027-01-22 F.A.D YOKOHAMA
      ＋他公演を回収: 2027-01-30 ALMIGHTY
      ＋他公演を回収: 2027-01-31 LIVE HOUSE Pangea
      ＋他公演を回収: 2027-02-25 LIQUIDROOM
  ○ id6260 プピリットパロ | 公演18(会場18) 枠18 | 2026-09-28〜2027-02-25
  ○ id6261 愛はズボーンPresents | 公演1(会場1) 枠1 | 2026-11-14〜2026-11-14
  ○ id6262 PISTOL | 公演1(会場1) 枠1 | 2026-11-23〜2026-11-23
  ○ id6263 KOKOKARA | 公演1(会場1) 枠1 | 2026-10-03〜2026-10-03
  ○ id6264 【振替公演】THE BOOGIE JACK 25周年×太陽と虎 15周年=40周年【 ROCK METORA 】 | 公演1(会場1) 枠1 | 2026-09-06〜2026-09-06
  ○ id6265 HINONABE | 公演1(会場1) 枠1 | 2026-09-07〜2026-09-07
  ○ id6266 books | 公演1(会場1) 枠1 | 2026-10-03〜2026-10-03
  ○ id6267 青山新･木村徹二･風輪 | 公演2(会場2) 枠2 | 2026-09-11〜2026-12-17
  ○ id6268 令和･歌の祭典 | 公演1(会場1) 枠1 | 2026-11-27〜2026-11-27
  ○ id6269 我ら演歌第7世代! | 公演1(会場1) 枠1 | 2026-10-31〜2026-10-31
=== 97エントリ生成 → tmp/eplus_built.json ===
