=== バッジ（買える枠）が1枚も出ないエントリ（today=2026-08-31）===
  公演が今日まで … 11件（翌朝の削除ルートで消える＝正常）
  公演まで30日以内 … 44件（前売り終了なら自然だが要確認）
  🚨公演まで31日より先 … 83件（1か月以上先なのに買えない＝取り込み漏れを疑う）

【🚨要対応】公演まで31日より先なのに買える枠が0
  あと 33日 id4035  [jpop     ] 公演2026-10-03 枠1  紫 今
           https://t.pia.jp/pia/event/event.do?eventCd=2625136
  あと 33日 id4036  [jpop     ] 公演2026-10-03 枠1  Little Parade
           https://t.pia.jp/pia/event/event.do?eventCd=2629363
  あと 33日 id4405  [jpop     ] 公演2026-10-03 枠1  EDEN’s CLINE Live turn 4
           https://t.pia.jp/pia/event/event.do?eventCd=2632029
  あと 33日 id4416  [kpop     ] 公演2026-10-03 枠1  PENTAGON
           https://t.pia.jp/pia/event/event.do?eventCd=2632037
  あと 34日 id3032  [jpop     ] 公演2026-10-04 枠2  センチミリメンタル
           https://eplus.jp/sf/detail/3342000001-P0030038P021001
  あと 34日 id3273  [yougaku  ] 公演2026-10-04 枠1  Xnterstellar Music Festival 2026
           https://t.pia.jp/pia/event/event.do?eventBundleCd=b2669777
  あと 34日 id4374  [jpop     ] 公演2026-10-04 枠4  上白石萌音
           https://t.pia.jp/pia/event/event.do?eventCd=2628884
  あと 34日 id4863  [engeki   ] 公演2026-10-04 枠1  『拝啓、親愛なる魔法使いのあなたへ -lapis lazuli-』
           https://t.pia.jp/pia/event/event.do?eventBundleCd=b2670341
  あと 34日 id4957  [jpop     ] 公演2026-10-04 枠1  TOWER RECORDS “NO MUSIC, NO LIFE.”
           https://t.pia.jp/pia/event/event.do?eventCd=2633427
  あと 38日 id4389  [owarai   ] 公演2026-10-08 枠1  Owarai-night Sensation 『DJ KOO pre
           https://t.pia.jp/pia/event/event.do?eventBundleCd=b2670280
  あと 39日 id4409  [jpop     ] 公演2026-10-09 枠1  清水翔太
           https://t.pia.jp/pia/event/event.do?eventBundleCd=b2669341
  あと 40日 id4039  [jpop     ] 公演2026-10-10 枠1  FMY RADIO CRUSH
           https://t.pia.jp/pia/event/event.do?eventCd=2629023
  あと 41日 id4384  [jpop     ] 公演2026-10-11 枠1  STARフェス
           https://t.pia.jp/pia/event/event.do?eventCd=2630954
  あと 42日 id4393  [jpop     ] 公演2026-10-12 枠1  AQ
           https://t.pia.jp/pia/event/event.do?eventCd=2632172
  あと 42日 id4399  [jpop     ] 公演2026-10-12 枠1  FOMARE
           https://t.pia.jp/pia/event/event.do?eventCd=2619530
  あと 42日 id4423  [jpop     ] 公演2026-10-12 枠1  The Performance Zero
           https://t.pia.jp/pia/event/event.do?eventBundleCd=b2670473
  あと 47日 id4068  [jpop     ] 公演2026-10-17 枠1  Insheart
           https://t.pia.jp/pia/event/event.do?eventCd=2620239
  あと 48日 id2748  [jpop     ] 公演2026-10-18 枠1  熊本地震10年復興コンサート「FUTURE」
           https://t.pia.jp/pia/event/event.do?eventCd=2626277
  あと 48日 id4406  [jpop     ] 公演2026-10-18 枠2  Girls2
           https://t.pia.jp/pia/event/event.do?eventCd=2632404
  あと 54日 id3430  [classic  ] 公演2026-10-24 枠1  榛葉樹人＆今井俊輔 コンサート in 仙台 Vol.4
           http://www.morinohibiki.com/bbs/in_vol4_1.html
  あと 54日 id3696  [kpop     ] 公演2026-10-24 枠2  Stray Kids
           https://t.pia.jp/pia/event/event.do?eventBundleCd=b2670074
  あと 54日 id4390  [jpop     ] 公演2026-10-24 枠1  NEE
           https://t.pia.jp/pia/event/event.do?eventCd=2629150
  あと 55日 id2206  [jpop     ] 公演2026-10-25 枠1  FULL METAL JAPAN 2026 ～Powered by 
           https://t.pia.jp/pia/event/event.do?eventBundleCd=b2667009
  あと 55日 id3085  [jpop     ] 公演2026-10-25 枠9  浦島坂田船
           https://eplus.jp/sf/detail/1067170001-P0030269P021002
  あと 55日 id4411  [anime    ] 公演2026-10-25 枠1  ChouCho
           https://t.pia.jp/pia/event/event.do?eventCd=2630760
  あと 56日 id4959  [yougaku  ] 公演2026-10-26 枠1  マイケル・シェンカー・グループ
           https://t.pia.jp/pia/event/event.do?eventCd=2632195
  あと 59日 id4041  [jpop     ] 公演2026-10-29 枠1  MAYSON’s PARTY
           https://t.pia.jp/pia/event/event.do?eventCd=2630752
  あと 61日 id4042  [jpop     ] 公演2026-10-31 枠2  三浦大知
           https://t.pia.jp/pia/event/event.do?eventCd=2623175
  あと 62日 id3682  [sports   ] 公演2026-11-01 枠3  東レ パン パシフィック オープンテニストーナメント2026
           https://t.pia.jp/pia/event/event.do?eventBundleCd=b2669666
  あと 62日 id4408  [jpop     ] 公演2026-11-01 枠2  SATANIC PARTY 2026
           https://t.pia.jp/pia/event/event.do?eventCd=2626823
  あと 63日 id4958  [jpop     ] 公演2026-11-02 枠1  "darlin. 10th ANNIVERSARY"
           https://t.pia.jp/pia/event/event.do?eventBundleCd=b2670417
  あと 66日 id4410  [jpop     ] 公演2026-11-05 枠1  玉置浩二
           https://t.pia.jp/pia/event/event.do?eventCd=2630176
  あと 69日 id3489  [jpop     ] 公演2026-11-08 枠1  Luciela
           https://t.pia.jp/pia/event/event.do?eventCd=2629171
  あと 69日 id4394  [jpop     ] 公演2026-11-08 枠1  バズリズム LIVE 2026
           https://t.pia.jp/pia/event/event.do?eventBundleCd=b2670399
  あと 69日 id4656  [jpop     ] 公演2026-11-08 枠7  LINKL PLANET
           https://eplus.jp/sf/detail/3739940001
  あと 71日 id4051  [kpop     ] 公演2026-11-10 枠1  K-Drama OST Tribute Concert 2026
           https://t.pia.jp/pia/event/event.do?eventBundleCd=b2670325
  あと 74日 id5432  [jazz     ] 公演2026-11-13 枠4  高岩遼
           https://eplus.jp/sf/detail/2701050002-P0030003P021001
  あと 76日 id4117  [jpop     ] 公演2026-11-15 枠1  RAINCOVER
           https://t.pia.jp/pia/event/event.do?eventCd=2625334
  あと 78日 id4415  [jpop     ] 公演2026-11-17 枠2  Tohji
           https://t.pia.jp/pia/event/event.do?eventBundleCd=b2670415
  あと 80日 id4114  [yougaku  ] 公演2026-11-19 枠3  Yung Kai
           https://t.pia.jp/pia/event/event.do?eventBundleCd=b2670313
  あと 83日 id3474  [jpop     ] 公演2026-11-22 枠6  Galileo Galilei
           https://t.pia.jp/pia/event/event.do?eventCd=2621985
  あと 83日 id4108  [jpop     ] 公演2026-11-22 枠1  大貫妙子
           https://t.pia.jp/pia/event/event.do?eventCd=2628174
  あと 83日 id4868  [classic  ] 公演2026-11-22 枠2  ヒビキpiano ALL CLASSIC TOUR 2026
           https://t.pia.jp/pia/event/event.do?eventCd=2626476
  あと 87日 id4373  [jpop     ] 公演2026-11-26 枠2  椎名林檎
           https://t.pia.jp/pia/event/event.do?eventBundleCd=b2670162
  あと 88日 id4106  [jpop     ] 公演2026-11-27 枠1  放送50周年記念 第20回「徹子の部屋」コンサート
           https://t.pia.jp/pia/event/event.do?eventCd=2616808
  あと 88日 id4413  [jpop     ] 公演2026-11-27 枠1  DeNeel
           https://t.pia.jp/pia/event/event.do?eventBundleCd=b2669562
  あと 89日 id4422  [jpop     ] 公演2026-11-28 枠1  yeti let you notice
           https://t.pia.jp/pia/event/event.do?eventBundleCd=b2669302
  あと 89日 id4812  [classic  ] 公演2026-11-28 枠1  末延麻裕子／ジェイコブ・コーラー
           https://t.pia.jp/pia/event/event.do?eventCd=2628402
  あと 90日 id4400  [jpop     ] 公演2026-11-29 枠1  MASTERPIECE 2026
           https://t.pia.jp/pia/event/event.do?eventBundleCd=b2668940
  あと 92日 id1593  [jpop     ] 公演2026-12-01 枠1  LADYBABY
           https://t.pia.jp/pia/event/event.do?eventCd=2621504
  あと 93日 id4102  [jpop     ] 公演2026-12-02 枠1  Alaska Jam
           https://t.pia.jp/pia/event/event.do?eventCd=2617117
  あと 94日 id4100  [yougaku  ] 公演2026-12-03 枠3  Khalid
           https://t.pia.jp/pia/event/event.do?eventBundleCd=b2669789
  あと 96日 id4099  [jpop     ] 公演2026-12-05 枠1  KOTORI pre. TORI ROCK FESTIVAL'26
           https://t.pia.jp/pia/event/event.do?eventBundleCd=b2669467
  あと 97日 id4118  [jpop     ] 公演2026-12-06 枠4  神はサイコロを振らない
           https://t.pia.jp/pia/event/event.do?eventCd=2623285
  あと 97日 id4387  [jpop     ] 公演2026-12-06 枠1  PEOPLE 1
           https://t.pia.jp/pia/event/event.do?eventCd=2626417
  あと 97日 id4402  [jpop     ] 公演2026-12-06 枠1  UNLIMITS
           https://t.pia.jp/pia/event/event.do?eventCd=2626998
  あと100日 id4388  [jpop     ] 公演2026-12-09 枠1  HOSHIKUMA MINAMI
           https://t.pia.jp/pia/event/event.do?eventBundleCd=b2668851
  あと101日 id4960  [jpop     ] 公演2026-12-10 枠1  森山直太朗
           https://t.pia.jp/pia/event/event.do?eventBundleCd=b2670241
  あと104日 id4094  [jpop     ] 公演2026-12-13 枠1  KAWAII LAB. SESSION
           https://t.pia.jp/pia/event/event.do?eventCd=2631397
  あと106日 id1554  [jpop     ] 公演2026-12-15 枠3  高嶋ちさ子のザワつく!昭和歌謡祭 2026
           https://t.pia.jp/pia/event/event.do?eventCd=2625233
  あと111日 id4095  [jpop     ] 公演2026-12-20 枠1  稲葉浩志
           https://t.pia.jp/pia/event/event.do?eventBundleCd=b2669355
  あと113日 id4372  [jpop     ] 公演2026-12-22 枠1  THE JAPANESE PRIDE
           https://t.pia.jp/pia/event/event.do?eventCd=2629790
  あと118日 id4412  [jpop     ] 公演2026-12-27 枠6  T.M.Revolution
           https://t.pia.jp/pia/event/event.do?eventBundleCd=b2669838
  あと122日 id4089  [jpop     ] 公演2026-12-31 枠1  花宮初奈
           https://t.pia.jp/pia/event/event.do?eventCd=2625344
  あと122日 id4325  [musical  ] 公演2026-12-31 枠1  カウントダウン ミュージカル コンサート 2026-2027
           https://t.pia.jp/pia/event/event.do?eventCd=2622602
  あと122日 id4951  [jpop     ] 公演2026-12-31 枠1  ウルフルズ
           https://t.pia.jp/pia/event/event.do?eventCd=2628863
  あと127日 id4332  [jpop     ] 公演2027-01-05 枠5  宮川大聖
           https://t.pia.jp/pia/event/event.do?eventCd=2626035
  あと131日 id4088  [jpop     ] 公演2027-01-09 枠1  TRiDENT
           https://t.pia.jp/pia/event/event.do?eventBundleCd=b2667781
  あと137日 id3488  [jpop     ] 公演2027-01-15 枠11  Little Glee Monster
           https://t.pia.jp/pia/event/event.do?eventCd=2629978
  あと138日 id4386  [jpop     ] 公演2027-01-16 枠1  BUDDiiS
           https://t.pia.jp/pia/event/event.do?eventCd=2629662
  あと151日 id4823  [engeki   ] 公演2027-01-29 枠1  浪漫派マシュマロ
           https://t.pia.jp/pia/event/event.do?eventBundleCd=b2669171
  あと152日 id4085  [jpop     ] 公演2027-01-30 枠2  East Of Eden
           https://t.pia.jp/pia/event/event.do?eventCd=2631907
  あと160日 id4436  [jpop     ] 公演2027-02-07 枠5  GLAY
           https://t.pia.jp/pia/event/event.do?eventCd=2627147
  あと160日 id5191  [engeki   ] 公演2027-02-07 枠1  フラガリアメモリーズ READING THEATER -BOUQUE
           https://t.pia.jp/pia/event/event.do?eventCd=2630717
  あと165日 id5161  [jpop     ] 公演2027-02-12 枠1  Ctrl + Us
           https://t.pia.jp/pia/event/event.do?eventCd=2633559
  あと166日 id4385  [jpop     ] 公演2027-02-13 枠5  ばってん少女隊
           https://t.pia.jp/pia/event/event.do?eventCd=2626338
  あと167日 id4084  [jpop     ] 公演2027-02-14 枠1  セブンス・ベガ
           https://t.pia.jp/pia/event/event.do?eventBundleCd=b2670226
  あと174日 id4397  [jpop     ] 公演2027-02-21 枠3  TOOBOE
           https://t.pia.jp/pia/event/event.do?eventBundleCd=b2669512
  あと191日 id5157  [jpop     ] 公演2027-03-10 枠1  MY FLAGMENT
           https://t.pia.jp/pia/event/event.do?eventBundleCd=b2670475
  あと202日 id4418  [kids     ] 公演2027-03-21 枠1  Osaka GLOW Glow-in-the-Dark Dance 
           https://t.pia.jp/pia/event/event.do?eventCd=2631839
  あと244日 id4420  [jpop     ] 公演2027-05-02 枠1  Suchmos
           https://t.pia.jp/pia/event/event.do?eventBundleCd=b2668000
  あと286日 id4079  [jpop     ] 公演2027-06-13 枠1  Eve
           https://t.pia.jp/pia/event/event.do?eventBundleCd=b2670151
  あと433日 id4121  [jpop     ] 公演2027-11-07 枠1  MASS OF THE FERMENTING DREGS
           https://t.pia.jp/pia/event/event.do?eventCd=2631947

→ 直し方: この id を reconcile_pia.py --ids で照合し、
   ぴあに買える枠があれば build_pia_entries で取り直す／無ければ削除ゲートへ回す。
【参考】公演まで30日以内で枠0（44件）
  あと  1日 id4014  公演2026-09-01  新宿二丁目プロレス vol.44 ミックスデー
  あと  2日 id614   公演2026-09-02  ＩＫＫＯ ＤＲＡＭＡＴＩＣ ～ＢＥＡＵＴＹ ＭＵＳＩＣ ＳＨＯＷ～ 
  あと  3日 id2866  公演2026-09-03  The BONEZ／SHADOWS
  あと  4日 id673   公演2026-09-04  THE BACK HORN
  あと  4日 id1613  公演2026-09-04  THE GOOD-BYE
  あと  4日 id2215  公演2026-09-04  JAILHOUSE presents 「Hello End Vol.
  あと  4日 id4471  公演2026-09-04  ano
  あと  5日 id3315  公演2026-09-05  イモトアヤコのすっぴんしゃん10周年イベント～大大大感謝祭～
  あと  5日 id4015  公演2026-09-05  田村ゆかり
  あと  6日 id631   公演2026-09-06  OKINAWAFES Milafete エスコンフィールドHOKKA
  あと  6日 id732   公演2026-09-06  ピュアミュージック 2026 「残暑お見舞いツアー」
  あと  6日 id2267  公演2026-09-06  T.C.R.横浜銀蝿R.S.
  あと  6日 id2749  公演2026-09-06  黒夢
  あと  6日 id3271  公演2026-09-06  MUCC
  あと  6日 id3441  公演2026-09-06  黒フェス2026～白黒歌合戦～
  … ほか29件
