=== 振り分け 76件 ===
   jpop       25
   classic    25
   owarai     8
   sports     4
   dento      3
   kids       3
   art        2
   yougaku    2
   engeki     2
   dinnershow 1
   musical    1

--- 振り分けから除外 11件（genre:"new"のまま残る）---
   id=5098 第46回マーチングバンド東京都大会
   id=5119 第2回 杉良太郎に会いたい
   id=5120 PBO主催 カクテル&バーフェスタ2026
   id=5122 第8回十勝清水にんにく肉まつり バーベキューセット引換券
   id=5127 榎木孝明／竹内永和（g）
   id=5131 AKT36 CONCERT 2026
   id=5132 音輪会
   id=5139 wave to earth
   id=5156 RUMBLE×JAG 2027
   id=5191 フラガリアメモリーズ READING THEATER -BOUQUET RECEPTION-
   id=5197 THE WORLD OF BIOHAZARD 30周年展〈12/19(土)～12/24(木)〉

新着プール残り: 11件
書き込み完了 / NEW_ORDER 11件
