pia filters per keyword: (none),rlsIn=03
entries=3048  registered pia codes=3734  excluded=1
keywords to query = 1234  (genres=jpop,yougaku,idol,jazz,anime,classic,dento,owarai,musical)
resume: 301 keywords already done
rough ETA: 113 min (wait=3.0s/keyword)
[1/1234] skip (done)
[2/1234] skip (done)
[3/1234] skip (done)
[4/1234] skip (done)
[5/1234] skip (done)
[6/1234] skip (done)
[7/1234] skip (done)
[8/1234] skip (done)
[9/1234] skip (done)
[10/1234] skip (done)
[11/1234] skip (done)
[12/1234] skip (done)
[13/1234] skip (done)
[14/1234] skip (done)
[15/1234] skip (done)
[16/1234] skip (done)
[17/1234] skip (done)
[18/1234] skip (done)
[19/1234] skip (done)
[20/1234] skip (done)
[21/1234] skip (done)
[22/1234] skip (done)
[23/1234] skip (done)
[24/1234] skip (done)
[25/1234] skip (done)
[26/1234] skip (done)
[27/1234] skip (done)
[28/1234] skip (done)
[29/1234] skip (done)
[30/1234] skip (done)
[31/1234] skip (done)
[32/1234] skip (done)
[33/1234] skip (done)
[34/1234] skip (done)
[35/1234] skip (done)
[36/1234] skip (done)
[37/1234] skip (done)
[38/1234] skip (done)
[39/1234] skip (done)
[40/1234] skip (done)
[41/1234] skip (done)
[42/1234] skip (done)
[43/1234] skip (done)
[44/1234] skip (done)
[45/1234] skip (done)
[46/1234] skip (done)
[47/1234] skip (done)
[48/1234] skip (done)
[49/1234] skip (done)
[50/1234] skip (done)
[51/1234] skip (done)
[52/1234] skip (done)
[53/1234] skip (done)
[54/1234] skip (done)
[55/1234] skip (done)
[56/1234] skip (done)
[57/1234] skip (done)
[58/1234] skip (done)
[59/1234] skip (done)
[60/1234] skip (done)
[61/1234] skip (done)
[62/1234] skip (done)
[63/1234] skip (done)
[64/1234] skip (done)
[65/1234] skip (done)
[66/1234] skip (done)
[67/1234] skip (done)
[68/1234] skip (done)
[69/1234] skip (done)
[70/1234] skip (done)
[71/1234] skip (done)
[72/1234] skip (done)
[73/1234] skip (done)
[74/1234] skip (done)
[75/1234] skip (done)
[76/1234] skip (done)
[77/1234] skip (done)
[78/1234] skip (done)
[79/1234] skip (done)
[80/1234] skip (done)
[81/1234] skip (done)
[82/1234] skip (done)
[83/1234] skip (done)
[84/1234] skip (done)
[85/1234] skip (done)
[86/1234] skip (done)
[87/1234] skip (done)
[88/1234] skip (done)
[89/1234] skip (done)
[90/1234] skip (done)
[91/1234] skip (done)
[92/1234] skip (done)
[93/1234] skip (done)
[94/1234] skip (done)
[95/1234] skip (done)
[96/1234] skip (done)
[97/1234] skip (done)
[98/1234] skip (done)
[99/1234] skip (done)
[100/1234] skip (done)
[101/1234] skip (done)
[102/1234] skip (done)
[103/1234] skip (done)
[104/1234] skip (done)
[105/1234] skip (done)
[106/1234] skip (done)
[107/1234] skip (done)
[108/1234] skip (done)
[109/1234] skip (done)
[110/1234] skip (done)
[111/1234] skip (done)
[112/1234] skip (done)
[113/1234] skip (done)
[114/1234] skip (done)
[115/1234] skip (done)
[116/1234] skip (done)
[117/1234] skip (done)
[118/1234] skip (done)
[119/1234] skip (done)
[120/1234] skip (done)
[121/1234] skip (done)
[122/1234] skip (done)
[123/1234] skip (done)
[124/1234] skip (done)
[125/1234] skip (done)
[126/1234] skip (done)
[127/1234] skip (done)
[128/1234] skip (done)
[129/1234] skip (done)
[130/1234] skip (done)
[131/1234] skip (done)
[132/1234] skip (done)
[133/1234] skip (done)
[134/1234] skip (done)
[135/1234] skip (done)
[136/1234] skip (done)
[137/1234] skip (done)
[138/1234] skip (done)
[139/1234] skip (done)
[140/1234] skip (done)
[141/1234] skip (done)
[142/1234] skip (done)
[143/1234] skip (done)
[144/1234] skip (done)
[145/1234] skip (done)
[146/1234] skip (done)
[147/1234] skip (done)
[148/1234] skip (done)
[149/1234] skip (done)
[150/1234] skip (done)
[151/1234] skip (done)
[152/1234] skip (done)
[153/1234] skip (done)
[154/1234] skip (done)
[155/1234] skip (done)
[156/1234] skip (done)
[157/1234] skip (done)
[158/1234] skip (done)
[159/1234] skip (done)
[160/1234] skip (done)
[161/1234] skip (done)
[162/1234] skip (done)
[163/1234] skip (done)
[164/1234] skip (done)
[165/1234] skip (done)
[166/1234] skip (done)
[167/1234] skip (done)
[168/1234] skip (done)
[169/1234] skip (done)
[170/1234] skip (done)
[171/1234] skip (done)
[172/1234] skip (done)
[173/1234] skip (done)
[174/1234] skip (done)
[175/1234] skip (done)
[176/1234] skip (done)
[177/1234] skip (done)
[178/1234] skip (done)
[179/1234] skip (done)
[180/1234] skip (done)
[181/1234] skip (done)
[182/1234] skip (done)
[183/1234] skip (done)
[184/1234] skip (done)
[185/1234] skip (done)
[186/1234] skip (done)
[187/1234] skip (done)
[188/1234] skip (done)
[189/1234] skip (done)
[190/1234] skip (done)
[191/1234] skip (done)
[192/1234] skip (done)
[193/1234] skip (done)
[194/1234] skip (done)
[195/1234] skip (done)
[196/1234] skip (done)
[197/1234] skip (done)
[198/1234] skip (done)
[199/1234] skip (done)
[200/1234] skip (done)
[201/1234] skip (done)
[202/1234] skip (done)
[203/1234] skip (done)
[204/1234] skip (done)
[205/1234] skip (done)
[206/1234] skip (done)
[207/1234] skip (done)
[208/1234] skip (done)
[209/1234] skip (done)
[210/1234] skip (done)
[211/1234] skip (done)
[212/1234] skip (done)
[213/1234] skip (done)
[214/1234] skip (done)
[215/1234] skip (done)
[216/1234] skip (done)
[217/1234] skip (done)
[218/1234] skip (done)
[219/1234] skip (done)
[220/1234] skip (done)
[221/1234] skip (done)
[222/1234] skip (done)
[223/1234] skip (done)
[224/1234] skip (done)
[225/1234] skip (done)
[226/1234] skip (done)
[227/1234] skip (done)
[228/1234] skip (done)
[229/1234] skip (done)
[230/1234] skip (done)
[231/1234] skip (done)
[232/1234] skip (done)
[233/1234] skip (done)
[234/1234] skip (done)
[235/1234] skip (done)
[236/1234] skip (done)
[237/1234] skip (done)
[238/1234] skip (done)
[239/1234] skip (done)
[240/1234] skip (done)
[241/1234] skip (done)
[242/1234] skip (done)
[243/1234] skip (done)
[244/1234] skip (done)
[245/1234] skip (done)
[246/1234] skip (done)
[247/1234] skip (done)
[248/1234] skip (done)
[249/1234] skip (done)
[250/1234] skip (done)
[251/1234] skip (done)
[252/1234] skip (done)
[253/1234] skip (done)
[254/1234] skip (done)
[255/1234] skip (done)
[256/1234] skip (done)
[257/1234] skip (done)
[258/1234] skip (done)
[259/1234] skip (done)
[260/1234] skip (done)
[261/1234] skip (done)
[262/1234] skip (done)
[263/1234] skip (done)
[264/1234] skip (done)
[265/1234] skip (done)
[266/1234] skip (done)
[267/1234] skip (done)
[268/1234] skip (done)
[269/1234] skip (done)
[270/1234] skip (done)
[271/1234] skip (done)
[272/1234] skip (done)
[273/1234] skip (done)
[274/1234] skip (done)
[275/1234] skip (done)
[276/1234] skip (done)
[277/1234] skip (done)
[278/1234] skip (done)
[279/1234] skip (done)
[280/1234] skip (done)
[281/1234] skip (done)
[282/1234] skip (done)
[283/1234] skip (done)
[284/1234] skip (done)
[285/1234] skip (done)
[286/1234] skip (done)
[287/1234] skip (done)
[288/1234] skip (done)
[289/1234] skip (done)
[290/1234] skip (done)
[291/1234] skip (done)
[292/1234] skip (done)
[293/1234] skip (done)
[294/1234] skip (done)
[295/1234] skip (done)
[296/1234] skip (done)
[297/1234] skip (done)
[298/1234] skip (done)
[299/1234] skip (done)
[300/1234] skip (done)
[301/1234] hits=1 missing=0
[302/1234] hits=4 missing=2
[303/1234] hits=0 missing=0
[304/1234] hits=3 missing=0
[305/1234] hits=3 missing=1
[306/1234] hits=2 missing=1
[307/1234] hits=1 missing=0
[308/1234] hits=2 missing=1
[309/1234] hits=3 missing=3
[310/1234] hits=5 missing=1
[311/1234] hits=3 missing=1
[312/1234] hits=4 missing=3
[313/1234] hits=1 missing=0
[314/1234] hits=1 missing=0
[315/1234] hits=1 missing=0
[316/1234] hits=1 missing=0
[317/1234] hits=2 missing=0
[318/1234] hits=1 missing=0
[319/1234] hits=4 missing=2
[320/1234] hits=2 missing=0
[321/1234] hits=4 missing=1
[322/1234] hits=0 missing=0
[323/1234] hits=6 missing=4
[324/1234] hits=1 missing=0
[325/1234] hits=1 missing=0
[326/1234] hits=1 missing=1
[327/1234] hits=5 missing=4
[328/1234] hits=3 missing=1
[329/1234] hits=3 missing=2
[330/1234] hits=1 missing=0
[331/1234] hits=1 missing=0
[332/1234] hits=1 missing=0
[333/1234] hits=1 missing=0
[334/1234] hits=1 missing=0
[335/1234] hits=1 missing=0
[336/1234] hits=2 missing=1
[337/1234] hits=1 missing=0
[338/1234] hits=1 missing=0
[339/1234] hits=2 missing=1
[340/1234] hits=1 missing=0
[341/1234] hits=1 missing=0
[342/1234] hits=1 missing=0
[343/1234] hits=1 missing=0
[344/1234] hits=1 missing=0
[345/1234] hits=1 missing=0
[346/1234] hits=1 missing=0
[347/1234] hits=1 missing=0
[348/1234] hits=1 missing=0
[349/1234] hits=1 missing=0
[350/1234] hits=1 missing=0
[351/1234] hits=1 missing=0
[352/1234] hits=2 missing=1
[353/1234] hits=1 missing=0
[354/1234] hits=1 missing=0
[355/1234] hits=1 missing=0
[356/1234] hits=1 missing=0
[357/1234] hits=1 missing=0
[358/1234] hits=1 missing=0
[359/1234] hits=7 missing=5
[360/1234] hits=1 missing=0
[361/1234] hits=1 missing=0
[362/1234] hits=2 missing=1
[363/1234] hits=1 missing=0
[364/1234] hits=1 missing=0
[365/1234] hits=1 missing=0
[366/1234] hits=1 missing=0
[367/1234] hits=2 missing=1
[368/1234] hits=1 missing=0
[369/1234] hits=1 missing=1
[370/1234] hits=1 missing=0
[371/1234] hits=1 missing=0
[372/1234] hits=1 missing=0
[373/1234] hits=1 missing=0
[374/1234] hits=1 missing=1
[375/1234] hits=4 missing=3
[376/1234] hits=2 missing=1
[377/1234] hits=2 missing=1
[378/1234] hits=8 missing=6
[379/1234] hits=1 missing=0
[380/1234] hits=1 missing=0
[381/1234] hits=44 missing=38
[382/1234] hits=1 missing=0
[383/1234] hits=2 missing=1
[384/1234] hits=1 missing=0
[385/1234] hits=1 missing=0
[386/1234] hits=1 missing=1
[387/1234] hits=1 missing=0
[388/1234] hits=1 missing=0
[389/1234] hits=25 missing=20
[390/1234] hits=1 missing=0
[391/1234] hits=1 missing=0
[392/1234] hits=7 missing=6
[393/1234] hits=1 missing=0
[394/1234] hits=1 missing=0
[395/1234] hits=1 missing=0
[396/1234] hits=1 missing=0
[397/1234] hits=2 missing=1
[398/1234] hits=1 missing=0
[399/1234] hits=1 missing=0
[400/1234] hits=2 missing=0
[401/1234] hits=1 missing=0
[402/1234] hits=1 missing=0
[403/1234] hits=1 missing=0
[404/1234] hits=1 missing=0
[405/1234] hits=1 missing=1
[406/1234] hits=1 missing=0
[407/1234] hits=1 missing=0
[408/1234] hits=1 missing=0
[409/1234] hits=4 missing=2
[410/1234] hits=0 missing=0
[411/1234] hits=1 missing=0
[412/1234] hits=1 missing=0
[413/1234] hits=1 missing=0
[414/1234] hits=1 missing=0
[415/1234] hits=1 missing=1
[416/1234] hits=1 missing=0
[417/1234] hits=1 missing=1
[418/1234] hits=1 missing=0
[419/1234] hits=6 missing=4
[420/1234] hits=1 missing=0
[421/1234] hits=2 missing=0
[422/1234] hits=1 missing=0
[423/1234] hits=1 missing=0
[424/1234] hits=1 missing=0
[425/1234] hits=1 missing=0
[426/1234] hits=2 missing=2
[427/1234] hits=23 missing=16
[428/1234] hits=1 missing=0
[429/1234] hits=1 missing=0
[430/1234] hits=1 missing=0
[431/1234] hits=1 missing=0
[432/1234] hits=1 missing=0
[433/1234] hits=1 missing=0
[434/1234] hits=1 missing=0
[435/1234] hits=1 missing=0
[436/1234] hits=1 missing=0
[437/1234] hits=1 missing=0
[438/1234] hits=1 missing=0
[439/1234] hits=1 missing=0
[440/1234] hits=1 missing=0
[441/1234] hits=5 missing=3
[442/1234] hits=3 missing=2
[443/1234] hits=1 missing=0
[444/1234] hits=1 missing=0
[445/1234] hits=4 missing=3
[446/1234] hits=1 missing=0
[447/1234] hits=1 missing=0
[448/1234] hits=1 missing=0
[449/1234] hits=1 missing=0
[450/1234] hits=1 missing=0
[451/1234] hits=3 missing=2
[452/1234] hits=1 missing=0
[453/1234] hits=1 missing=0
[454/1234] hits=1 missing=0
[455/1234] hits=1 missing=0
[456/1234] hits=15 missing=7
[457/1234] hits=1 missing=0
[458/1234] hits=1 missing=0
[459/1234] hits=1 missing=0
[460/1234] hits=1 missing=0
[461/1234] hits=1 missing=0
[462/1234] hits=1 missing=0
[463/1234] hits=3 missing=2
[464/1234] hits=1 missing=0
[465/1234] hits=3 missing=2
[466/1234] hits=3 missing=2
[467/1234] hits=1 missing=0
[468/1234] hits=1 missing=0
[469/1234] hits=1 missing=0
[470/1234] hits=1 missing=0
[471/1234] hits=1 missing=1
[472/1234] hits=1 missing=1
[473/1234] hits=1 missing=1
[474/1234] hits=1 missing=0
[475/1234] hits=1 missing=0
[476/1234] hits=1 missing=0
[477/1234] hits=1 missing=0
[478/1234] hits=1 missing=0
[479/1234] hits=1 missing=0
[480/1234] hits=1 missing=0
[481/1234] hits=1 missing=0
[482/1234] hits=2 missing=1
[483/1234] hits=2 missing=1
[484/1234] hits=3 missing=2
[485/1234] hits=6 missing=5
[486/1234] hits=1 missing=0
[487/1234] hits=1 missing=0
[488/1234] hits=1 missing=0
[489/1234] hits=7 missing=1
[490/1234] hits=3 missing=0
[491/1234] hits=4 missing=3
[492/1234] hits=2 missing=1
[493/1234] hits=6 missing=4
[494/1234] hits=6 missing=4
[495/1234] hits=4 missing=1
[496/1234] hits=1 missing=0
[497/1234] hits=3 missing=0
[498/1234] hits=2 missing=0
[499/1234] hits=1 missing=1
[500/1234] hits=2 missing=1
[501/1234] hits=49 missing=34
[502/1234] hits=5 missing=2
[503/1234] hits=7 missing=3
[504/1234] hits=1 missing=0
[505/1234] hits=1 missing=0
[506/1234] hits=3 missing=0
[507/1234] hits=10 missing=6
[508/1234] hits=2 missing=1
[509/1234] hits=3 missing=1
[510/1234] hits=10 missing=2
[511/1234] hits=10 missing=5
[512/1234] hits=14 missing=6
[513/1234] hits=1 missing=0
[514/1234] hits=3 missing=0
[515/1234] hits=4 missing=0
[516/1234] hits=7 missing=2
[517/1234] hits=2 missing=1
[518/1234] hits=1 missing=0
[519/1234] hits=7 missing=3
[520/1234] hits=3 missing=1
[521/1234] hits=6 missing=3
[522/1234] hits=1 missing=0
[523/1234] hits=1 missing=0
[524/1234] hits=1 missing=0
[525/1234] hits=1 missing=0
[526/1234] hits=1 missing=0
[527/1234] hits=1 missing=0
[528/1234] hits=5 missing=4
[529/1234] hits=5 missing=0
[530/1234] hits=1 missing=0
[531/1234] hits=2 missing=1
[532/1234] hits=1 missing=0
[533/1234] hits=4 missing=0
[534/1234] hits=4 missing=0
[535/1234] hits=1 missing=0
[536/1234] hits=2 missing=2
[537/1234] hits=1 missing=0
[538/1234] hits=1 missing=0
[539/1234] hits=1 missing=0
[540/1234] hits=5 missing=3
[541/1234] hits=1 missing=0
[542/1234] hits=1 missing=0
[543/1234] hits=2 missing=1
[544/1234] hits=1 missing=0
[545/1234] hits=1 missing=0
[546/1234] hits=4 missing=3
[547/1234] hits=4 missing=1
[548/1234] hits=3 missing=3
[549/1234] hits=1 missing=0
[550/1234] hits=4 missing=2
[551/1234] hits=3 missing=0
[552/1234] hits=1 missing=1
[553/1234] hits=1 missing=1
[554/1234] hits=1 missing=0
[555/1234] hits=10 missing=2
[556/1234] hits=1 missing=1
[557/1234] hits=3 missing=2
[558/1234] hits=11 missing=9
[559/1234] hits=7 missing=3
[560/1234] hits=14 missing=7
[561/1234] hits=3 missing=0
[562/1234] hits=4 missing=1
[563/1234] hits=3 missing=0
[564/1234] hits=1 missing=0
[565/1234] hits=1 missing=0
[566/1234] hits=1 missing=0
[567/1234] hits=1 missing=0
[568/1234] hits=2 missing=0
[569/1234] hits=9 missing=5
[570/1234] hits=1 missing=0
[571/1234] hits=1 missing=0
[572/1234] hits=1 missing=1
[573/1234] hits=2 missing=0
[574/1234] hits=3 missing=2
[575/1234] hits=4 missing=1
[576/1234] hits=2 missing=0
[577/1234] hits=7 missing=4
[578/1234] hits=7 missing=5
[579/1234] hits=1 missing=0
[580/1234] hits=14 missing=0
[581/1234] hits=1 missing=0
[582/1234] hits=1 missing=0
[583/1234] hits=1 missing=0
[584/1234] hits=1 missing=0
[585/1234] hits=1 missing=0
[586/1234] hits=1 missing=0
[587/1234] hits=1 missing=1
[588/1234] hits=1 missing=0
[589/1234] hits=2 missing=1
[590/1234] hits=5 missing=4
[591/1234] hits=1 missing=0
[592/1234] hits=2 missing=1
[593/1234] hits=3 missing=2
[594/1234] hits=1 missing=0
[595/1234] hits=1 missing=0
[596/1234] hits=1 missing=1
[597/1234] hits=1 missing=0
[598/1234] hits=5 missing=4
[599/1234] hits=1 missing=0
[600/1234] hits=13 missing=9
[601/1234] hits=1 missing=0
[602/1234] hits=1 missing=0
[603/1234] hits=1 missing=0
[604/1234] hits=1 missing=1
[605/1234] hits=1 missing=0
[606/1234] hits=1 missing=0
[607/1234] hits=1 missing=0
[608/1234] hits=1 missing=0
[609/1234] hits=1 missing=0
[610/1234] hits=1 missing=0
[611/1234] hits=1 missing=0
[612/1234] hits=1 missing=0
[613/1234] hits=3 missing=2
[614/1234] hits=2 missing=1
[615/1234] hits=1 missing=0
[616/1234] hits=2 missing=0
[617/1234] hits=1 missing=0
[618/1234] hits=3 missing=2
[619/1234] hits=1 missing=0
[620/1234] hits=5 missing=4
[621/1234] hits=8 missing=3
[622/1234] hits=1 missing=1
[623/1234] hits=1 missing=0
[624/1234] hits=4 missing=1
[625/1234] hits=1 missing=0
[626/1234] hits=1 missing=0
[627/1234] hits=1 missing=0
[628/1234] hits=1 missing=0
[629/1234] hits=1 missing=0
[630/1234] hits=2 missing=1
[631/1234] hits=1 missing=1
[632/1234] hits=1 missing=0
[633/1234] hits=14 missing=7
[634/1234] hits=5 missing=1
[635/1234] hits=1 missing=1
[636/1234] hits=1 missing=0
[637/1234] hits=0 missing=0
[638/1234] hits=1 missing=0
[639/1234] hits=1 missing=0
[640/1234] hits=1 missing=0
[641/1234] hits=1 missing=0
[642/1234] hits=1 missing=0
[643/1234] hits=1 missing=0
[644/1234] hits=3 missing=1
[645/1234] hits=2 missing=2
[646/1234] hits=1 missing=0
[647/1234] hits=1 missing=0
[648/1234] hits=1 missing=0
[649/1234] hits=1 missing=0
[650/1234] hits=2 missing=1
[651/1234] hits=2 missing=0
[652/1234] hits=2 missing=1
[653/1234] hits=4 missing=3
[654/1234] hits=0 missing=0
[655/1234] hits=5 missing=3
[656/1234] hits=9 missing=5
[657/1234] hits=5 missing=2
[658/1234] hits=1 missing=0
[659/1234] hits=2 missing=1
[660/1234] hits=2 missing=1
[661/1234] hits=3 missing=2
[662/1234] hits=9 missing=4
[663/1234] hits=9 missing=1
[664/1234] hits=1 missing=0
[665/1234] hits=1 missing=0
[666/1234] hits=2 missing=1
[667/1234] hits=1 missing=0
[668/1234] hits=1 missing=0
[669/1234] hits=1 missing=0
[670/1234] hits=1 missing=0
[671/1234] hits=1 missing=0
[672/1234] hits=2 missing=2
[673/1234] hits=3 missing=1
[674/1234] hits=4 missing=2
[675/1234] hits=2 missing=0
[676/1234] hits=1 missing=0
[677/1234] hits=2 missing=1
[678/1234] hits=1 missing=0
[679/1234] hits=1 missing=0
[680/1234] hits=2 missing=0
[681/1234] hits=1 missing=0
[682/1234] hits=1 missing=0
[683/1234] hits=1 missing=0
[684/1234] hits=5 missing=4
[685/1234] hits=3 missing=0
[686/1234] hits=9 missing=4
[687/1234] hits=1 missing=0
[688/1234] hits=1 missing=0
[689/1234] hits=1 missing=0
[690/1234] hits=1 missing=0
[691/1234] hits=2 missing=1
[692/1234] hits=1 missing=0
[693/1234] hits=1 missing=1
[694/1234] hits=1 missing=1
[695/1234] hits=1 missing=0
[696/1234] hits=1 missing=1
[697/1234] hits=0 missing=0
[698/1234] hits=1 missing=0
[699/1234] hits=1 missing=0
[700/1234] hits=1 missing=0
[701/1234] hits=3 missing=1
[702/1234] hits=1 missing=0
[703/1234] hits=5 missing=4
[704/1234] hits=1 missing=0
[705/1234] hits=5 missing=4
[706/1234] hits=1 missing=0
[707/1234] hits=1 missing=0
[708/1234] hits=1 missing=0
[709/1234] hits=4 missing=3
[710/1234] hits=1 missing=0
[711/1234] hits=3 missing=0
[712/1234] hits=1 missing=0
[713/1234] hits=7 missing=3
[714/1234] hits=9 missing=1
[715/1234] hits=2 missing=2
[716/1234] hits=0 missing=0
[717/1234] hits=1 missing=0
[718/1234] hits=1 missing=0
[719/1234] hits=1 missing=1
[720/1234] hits=3 missing=2
[721/1234] hits=2 missing=1
[722/1234] hits=7 missing=2
[723/1234] hits=9 missing=4
[724/1234] hits=1 missing=0
[725/1234] hits=6 missing=1
[726/1234] hits=2 missing=0
[727/1234] hits=2 missing=1
[728/1234] hits=8 missing=6
[729/1234] hits=1 missing=0
[730/1234] hits=5 missing=3
[731/1234] hits=7 missing=4
[732/1234] hits=6 missing=5
[733/1234] hits=3 missing=0
[734/1234] hits=1 missing=0
[735/1234] hits=5 missing=1
[736/1234] hits=9 missing=5
[737/1234] hits=1 missing=1
[738/1234] hits=9 missing=0
[739/1234] hits=6 missing=2
[740/1234] hits=11 missing=4
[741/1234] hits=1 missing=0
[742/1234] hits=3 missing=2
[743/1234] hits=1 missing=0
[744/1234] hits=1 missing=0
[745/1234] hits=1 missing=0
[746/1234] hits=5 missing=4
[747/1234] hits=1 missing=0
[748/1234] hits=1 missing=0
[749/1234] hits=1 missing=0
[750/1234] hits=9 missing=8
[751/1234] hits=1 missing=0
[752/1234] hits=1 missing=0
[753/1234] hits=1 missing=0
[754/1234] hits=1 missing=0
[755/1234] hits=1 missing=0
[756/1234] hits=1 missing=0
[757/1234] hits=1 missing=0
[758/1234] hits=1 missing=0
[759/1234] hits=1 missing=0
[760/1234] hits=2 missing=0
[761/1234] hits=1 missing=0
[762/1234] hits=3 missing=2
[763/1234] hits=2 missing=0
[764/1234] hits=1 missing=0
[765/1234] hits=3 missing=2
[766/1234] hits=1 missing=0
[767/1234] hits=1 missing=0
[768/1234] hits=1 missing=0
[769/1234] hits=2 missing=0
[770/1234] hits=3 missing=2
[771/1234] hits=1 missing=0
[772/1234] hits=1 missing=0
[773/1234] hits=1 missing=0
[774/1234] hits=2 missing=0
[775/1234] hits=1 missing=0
[776/1234] hits=6 missing=5
[777/1234] hits=1 missing=0
[778/1234] hits=1 missing=0
[779/1234] hits=1 missing=0
[780/1234] hits=2 missing=1
[781/1234] hits=1 missing=0
[782/1234] hits=1 missing=0
[783/1234] hits=3 missing=2
[784/1234] hits=5 missing=3
[785/1234] hits=1 missing=1
[786/1234] hits=1 missing=1
[787/1234] hits=1 missing=0
[788/1234] hits=1 missing=0
[789/1234] hits=5 missing=0
[790/1234] hits=1 missing=0
[791/1234] hits=2 missing=1
[792/1234] hits=1 missing=0
[793/1234] hits=1 missing=0
[794/1234] hits=1 missing=0
[795/1234] hits=1 missing=0
[796/1234] hits=1 missing=1
[797/1234] hits=2 missing=1
[798/1234] hits=1 missing=0
[799/1234] hits=1 missing=0
[800/1234] hits=1 missing=0
[801/1234] hits=1 missing=0
[802/1234] hits=1 missing=0
[803/1234] hits=6 missing=5
[804/1234] hits=2 missing=1
[805/1234] hits=11 missing=2
[806/1234] hits=2 missing=1
[807/1234] hits=3 missing=0
[808/1234] hits=4 missing=2
[809/1234] hits=1 missing=0
[810/1234] hits=5 missing=4
[811/1234] hits=0 missing=0
[812/1234] hits=1 missing=0
[813/1234] hits=1 missing=0
[814/1234] hits=1 missing=0
[815/1234] hits=2 missing=0
[816/1234] hits=1 missing=0
[817/1234] hits=1 missing=0
[818/1234] hits=1 missing=0
[819/1234] hits=1 missing=0
[820/1234] hits=2 missing=1
[821/1234] hits=1 missing=0
[822/1234] hits=4 missing=4
[823/1234] hits=8 missing=2
[824/1234] hits=10 missing=6
[825/1234] hits=2 missing=0
[826/1234] hits=1 missing=0
[827/1234] hits=2 missing=0
[828/1234] hits=3 missing=1
[829/1234] hits=7 missing=1
[830/1234] hits=2 missing=0
[831/1234] hits=1 missing=1
[832/1234] hits=5 missing=1
[833/1234] hits=0 missing=0
[834/1234] hits=0 missing=0
[835/1234] hits=1 missing=0
[836/1234] hits=0 missing=0
[837/1234] hits=1 missing=0
[838/1234] hits=1 missing=0
[839/1234] hits=7 missing=2
[840/1234] hits=1 missing=0
[841/1234] hits=13 missing=6
[842/1234] hits=3 missing=1
[843/1234] hits=1 missing=0
[844/1234] hits=7 missing=3
[845/1234] hits=1 missing=0
[846/1234] hits=4 missing=2
[847/1234] hits=1 missing=0
[848/1234] hits=3 missing=2
[849/1234] hits=5 missing=3
[850/1234] hits=2 missing=1
[851/1234] hits=3 missing=0
[852/1234] hits=12 missing=7
[853/1234] hits=15 missing=12
[854/1234] hits=5 missing=1
[855/1234] hits=2 missing=1
[856/1234] hits=1 missing=0
[857/1234] hits=3 missing=1
[858/1234] hits=12 missing=5
[859/1234] hits=1 missing=0
[860/1234] hits=1 missing=0
[861/1234] hits=1 missing=0
[862/1234] hits=1 missing=0
[863/1234] hits=2 missing=0
[864/1234] hits=2 missing=0
[865/1234] hits=4 missing=1
[866/1234] hits=1 missing=0
[867/1234] hits=3 missing=1
[868/1234] hits=2 missing=1
[869/1234] hits=1 missing=0
[870/1234] hits=1 missing=0
[871/1234] hits=1 missing=0
[872/1234] hits=1 missing=0
[873/1234] hits=1 missing=0
[874/1234] hits=16 missing=13
[875/1234] hits=1 missing=0
[876/1234] hits=2 missing=0
[877/1234] hits=1 missing=0
[878/1234] hits=1 missing=0
[879/1234] hits=1 missing=0
[880/1234] hits=1 missing=0
[881/1234] hits=1 missing=0
[882/1234] hits=2 missing=0
[883/1234] hits=4 missing=1
[884/1234] hits=1 missing=0
[885/1234] hits=1 missing=0
[886/1234] hits=1 missing=0
[887/1234] hits=1 missing=0
[888/1234] hits=1 missing=0
[889/1234] hits=3 missing=0
[890/1234] hits=1 missing=0
[891/1234] hits=1 missing=0
[892/1234] hits=1 missing=0
[893/1234] hits=1 missing=0
[894/1234] hits=2 missing=0
[895/1234] hits=4 missing=0
[896/1234] hits=2 missing=0
[897/1234] hits=3 missing=2
[898/1234] hits=1 missing=0
[899/1234] hits=3 missing=2
[900/1234] hits=1 missing=0
[901/1234] hits=4 missing=1
[902/1234] hits=1 missing=0
[903/1234] hits=1 missing=0
[904/1234] hits=1 missing=0
[905/1234] hits=1 missing=1
[906/1234] hits=1 missing=1
[907/1234] hits=2 missing=0
[908/1234] hits=1 missing=0
[909/1234] hits=1 missing=0
[910/1234] hits=1 missing=0
[911/1234] hits=1 missing=0
[912/1234] hits=1 missing=0
[913/1234] hits=2 missing=1
[914/1234] hits=2 missing=1
[915/1234] hits=1 missing=0
[916/1234] hits=2 missing=0
[917/1234] hits=4 missing=3
[918/1234] hits=1 missing=0
[919/1234] hits=6 missing=4
[920/1234] hits=4 missing=0
[921/1234] hits=1 missing=0
[922/1234] hits=1 missing=0
[923/1234] hits=1 missing=0
[924/1234] hits=3 missing=2
[925/1234] hits=1 missing=0
[926/1234] hits=2 missing=1
[927/1234] hits=1 missing=0
[928/1234] hits=1 missing=0
[929/1234] hits=1 missing=0
[930/1234] hits=1 missing=0
[931/1234] hits=1 missing=0
[932/1234] hits=2 missing=0
[933/1234] hits=1 missing=0
[934/1234] hits=1 missing=0
[935/1234] hits=1 missing=0
[936/1234] hits=1 missing=0
[937/1234] hits=1 missing=0
[938/1234] hits=1 missing=1
[939/1234] hits=1 missing=0
[940/1234] hits=7 missing=5
[941/1234] hits=1 missing=0
[942/1234] hits=1 missing=0
[943/1234] hits=1 missing=0
[944/1234] hits=1 missing=0
[945/1234] hits=3 missing=1
[946/1234] hits=8 missing=6
[947/1234] hits=1 missing=0
[948/1234] hits=18 missing=14
[949/1234] hits=1 missing=0
[950/1234] hits=1 missing=0
[951/1234] hits=1 missing=0
[952/1234] hits=1 missing=0
[953/1234] hits=2 missing=0
[954/1234] hits=5 missing=3
[955/1234] hits=1 missing=0
[956/1234] hits=1 missing=0
[957/1234] hits=8 missing=6
[958/1234] hits=1 missing=0
[959/1234] hits=6 missing=2
[960/1234] hits=8 missing=7
[961/1234] hits=1 missing=0
[962/1234] hits=4 missing=2
[963/1234] hits=8 missing=5
[964/1234] hits=4 missing=2
[965/1234] hits=1 missing=0
[966/1234] hits=4 missing=3
[967/1234] hits=9 missing=5
[968/1234] hits=1 missing=0
[969/1234] hits=1 missing=0
[970/1234] hits=1 missing=0
[971/1234] hits=1 missing=0
[972/1234] hits=1 missing=0
[973/1234] hits=1 missing=0
[974/1234] hits=1 missing=0
[975/1234] hits=6 missing=5
[976/1234] hits=1 missing=0
[977/1234] hits=1 missing=0
[978/1234] hits=1 missing=0
[979/1234] hits=1 missing=0
[980/1234] hits=2 missing=1
[981/1234] hits=7 missing=3
[982/1234] hits=11 missing=3
[983/1234] hits=1 missing=0
[984/1234] hits=1 missing=0
[985/1234] hits=1 missing=0
[986/1234] hits=1 missing=0
[987/1234] hits=2 missing=1
[988/1234] hits=1 missing=0
[989/1234] hits=2 missing=1
[990/1234] hits=1 missing=0
[991/1234] hits=1 missing=0
[992/1234] hits=1 missing=0
[993/1234] hits=1 missing=0
[994/1234] hits=1 missing=0
[995/1234] hits=1 missing=0
[996/1234] hits=3 missing=2
[997/1234] hits=1 missing=0
[998/1234] hits=1 missing=0
[999/1234] hits=1 missing=0
[1000/1234] hits=1 missing=0
[1001/1234] hits=2 missing=1
[1002/1234] hits=1 missing=1
[1003/1234] hits=1 missing=0
[1004/1234] hits=3 missing=1
[1005/1234] hits=9 missing=6
[1006/1234] hits=6 missing=4
[1007/1234] hits=1 missing=0
[1008/1234] hits=2 missing=1
[1009/1234] hits=0 missing=0
[1010/1234] hits=0 missing=0
[1011/1234] hits=15 missing=10
[1012/1234] hits=1 missing=0
[1013/1234] hits=1 missing=1
[1014/1234] hits=1 missing=0
[1015/1234] hits=5 missing=2
[1016/1234] hits=1 missing=0
[1017/1234] hits=1 missing=0
[1018/1234] hits=1 missing=0
[1019/1234] hits=1 missing=0
[1020/1234] hits=4 missing=2
[1021/1234] hits=5 missing=4
[1022/1234] hits=2 missing=1
[1023/1234] hits=2 missing=1
[1024/1234] hits=5 missing=1
[1025/1234] hits=4 missing=2
[1026/1234] hits=7 missing=6
[1027/1234] hits=3 missing=2
[1028/1234] hits=3 missing=0
[1029/1234] hits=1 missing=0
[1030/1234] hits=15 missing=9
[1031/1234] hits=7 missing=5
[1032/1234] hits=2 missing=0
[1033/1234] hits=1 missing=0
[1034/1234] hits=1 missing=0
[1035/1234] hits=2 missing=1
[1036/1234] hits=1 missing=0
[1037/1234] hits=1 missing=0
[1038/1234] hits=1 missing=0
[1039/1234] hits=1 missing=0
[1040/1234] hits=1 missing=0
[1041/1234] hits=1 missing=0
[1042/1234] hits=6 missing=4
[1043/1234] hits=1 missing=0
[1044/1234] hits=6 missing=3
[1045/1234] hits=2 missing=1
[1046/1234] hits=2 missing=1
[1047/1234] hits=1 missing=0
[1048/1234] hits=4 missing=2
[1049/1234] hits=1 missing=0
[1050/1234] hits=2 missing=1
[1051/1234] hits=2 missing=1
[1052/1234] hits=2 missing=1
[1053/1234] hits=2 missing=1
[1054/1234] hits=6 missing=3
[1055/1234] hits=2 missing=2
[1056/1234] hits=0 missing=0
[1057/1234] hits=5 missing=4
[1058/1234] hits=0 missing=0
[1059/1234] hits=2 missing=1
[1060/1234] hits=0 missing=0
[1061/1234] hits=0 missing=0
[1062/1234] hits=1 missing=1
[1063/1234] hits=5 missing=3
[1064/1234] hits=2 missing=2
[1065/1234] hits=1 missing=0
[1066/1234] hits=0 missing=0
[1067/1234] hits=13 missing=8
[1068/1234] hits=5 missing=2
[1069/1234] hits=0 missing=0
[1070/1234] hits=0 missing=0
[1071/1234] hits=1 missing=0
[1072/1234] hits=7 missing=6
[1073/1234] hits=6 missing=3
[1074/1234] hits=10 missing=7
[1075/1234] hits=7 missing=2
[1076/1234] hits=0 missing=0
[1077/1234] hits=0 missing=0
[1078/1234] hits=2 missing=1
[1079/1234] hits=3 missing=2
[1080/1234] hits=2 missing=1
[1081/1234] hits=7 missing=3
[1082/1234] hits=1 missing=1
[1083/1234] hits=0 missing=0
[1084/1234] hits=1 missing=0
[1085/1234] hits=5 missing=4
[1086/1234] hits=2 missing=1
[1087/1234] hits=1 missing=1
[1088/1234] hits=2 missing=1
[1089/1234] hits=1 missing=0
[1090/1234] hits=1 missing=0
[1091/1234] hits=7 missing=5
[1092/1234] hits=3 missing=1
[1093/1234] hits=1 missing=1
[1094/1234] hits=5 missing=3
[1095/1234] hits=4 missing=2
[1096/1234] hits=0 missing=0
[1097/1234] hits=2 missing=1
[1098/1234] hits=1 missing=1
[1099/1234] hits=1 missing=0
[1100/1234] hits=1 missing=0
[1101/1234] hits=2 missing=0
[1102/1234] hits=5 missing=2
[1103/1234] hits=1 missing=0
[1104/1234] hits=1 missing=0
[1105/1234] hits=1 missing=0
[1106/1234] hits=1 missing=0
[1107/1234] hits=1 missing=0
[1108/1234] hits=1 missing=0
[1109/1234] hits=1 missing=0
[1110/1234] hits=1 missing=0
[1111/1234] hits=1 missing=0
[1112/1234] hits=1 missing=0
[1113/1234] hits=7 missing=4
[1114/1234] hits=4 missing=1
[1115/1234] hits=1 missing=0
[1116/1234] hits=7 missing=3
[1117/1234] hits=1 missing=0
[1118/1234] hits=2 missing=1
[1119/1234] hits=5 missing=3
[1120/1234] hits=10 missing=6
[1121/1234] hits=2 missing=0
[1122/1234] hits=3 missing=2
[1123/1234] hits=3 missing=1
[1124/1234] hits=2 missing=1
[1125/1234] hits=2 missing=1
[1126/1234] hits=1 missing=0
[1127/1234] hits=1 missing=0
[1128/1234] hits=6 missing=5
[1129/1234] hits=1 missing=0
[1130/1234] hits=1 missing=0
[1131/1234] hits=2 missing=1
[1132/1234] hits=1 missing=0
[1133/1234] hits=1 missing=0
[1134/1234] hits=1 missing=0
[1135/1234] hits=2 missing=1
[1136/1234] hits=1 missing=0
[1137/1234] hits=1 missing=0
[1138/1234] hits=1 missing=0
[1139/1234] hits=6 missing=5
[1140/1234] hits=3 missing=2
[1141/1234] hits=2 missing=0
[1142/1234] hits=7 missing=5
[1143/1234] hits=1 missing=0
[1144/1234] hits=27 missing=18
[1145/1234] hits=2 missing=1
[1146/1234] hits=1 missing=1
[1147/1234] hits=2 missing=1
[1148/1234] hits=1 missing=0
[1149/1234] hits=1 missing=0
[1150/1234] hits=1 missing=0
[1151/1234] hits=1 missing=0
[1152/1234] hits=1 missing=0
[1153/1234] hits=1 missing=0
[1154/1234] hits=1 missing=0
[1155/1234] hits=3 missing=0
[1156/1234] hits=2 missing=1
[1157/1234] hits=1 missing=0
[1158/1234] hits=1 missing=0
[1159/1234] hits=15 missing=4
[1160/1234] hits=1 missing=0
[1161/1234] hits=1 missing=0
[1162/1234] hits=8 missing=5
[1163/1234] hits=2 missing=0
[1164/1234] hits=3 missing=0
[1165/1234] hits=2 missing=1
[1166/1234] hits=1 missing=0
[1167/1234] hits=1 missing=0
[1168/1234] hits=2 missing=1
[1169/1234] hits=1 missing=0
[1170/1234] hits=6 missing=1
[1171/1234] hits=1 missing=0
[1172/1234] hits=6 missing=2
[1173/1234] hits=1 missing=0
[1174/1234] hits=1 missing=0
[1175/1234] hits=1 missing=0
[1176/1234] hits=3 missing=1
[1177/1234] hits=8 missing=4
[1178/1234] hits=2 missing=2
[1179/1234] hits=1 missing=0
[1180/1234] hits=3 missing=2
[1181/1234] hits=2 missing=0
[1182/1234] hits=13 missing=4
[1183/1234] hits=1 missing=0
[1184/1234] hits=1 missing=0
[1185/1234] hits=1 missing=0
[1186/1234] hits=2 missing=0
[1187/1234] hits=2 missing=1
[1188/1234] hits=2 missing=1
[1189/1234] hits=1 missing=0
[1190/1234] hits=1 missing=0
[1191/1234] hits=1 missing=0
[1192/1234] hits=2 missing=0
[1193/1234] hits=1 missing=0
[1194/1234] hits=1 missing=0
[1195/1234] hits=1 missing=0
[1196/1234] hits=2 missing=1
[1197/1234] hits=1 missing=0
[1198/1234] hits=1 missing=0
[1199/1234] hits=3 missing=2
[1200/1234] hits=5 missing=4
[1201/1234] hits=5 missing=3
[1202/1234] hits=4 missing=2
[1203/1234] hits=1 missing=0
[1204/1234] hits=1 missing=0
[1205/1234] hits=4 missing=2
[1206/1234] hits=4 missing=2
[1207/1234] hits=1 missing=0
[1208/1234] hits=3 missing=1
[1209/1234] hits=3 missing=1
[1210/1234] hits=1 missing=0
[1211/1234] hits=8 missing=5
[1212/1234] hits=2 missing=1
[1213/1234] hits=2 missing=1
[1214/1234] hits=6 missing=3
[1215/1234] hits=1 missing=0
[1216/1234] hits=2 missing=1
[1217/1234] hits=1 missing=0
[1218/1234] hits=1 missing=0
[1219/1234] hits=2 missing=0
[1220/1234] hits=1 missing=0
[1221/1234] hits=1 missing=0
[1222/1234] hits=13 missing=10
[1223/1234] hits=9 missing=4
[1224/1234] hits=12 missing=9
[1225/1234] hits=1 missing=0
[1226/1234] hits=7 missing=3
[1227/1234] hits=4 missing=2
[1228/1234] hits=1 missing=0
[1229/1234] hits=12 missing=9
[1230/1234] hits=2 missing=1
[1231/1234] hits=6 missing=4
[1232/1234] hits=180 missing=105
[1233/1234] hits=7 missing=6
[1234/1234] hits=4 missing=1
done. queried=1235  keywords_with_missing=519  candidate_codes=2084
report: tmp/missing_audit_0818.txt
