pia filters per keyword: (none),rlsIn=03
entries=2383  registered pia codes=2624  excluded=1
keywords to query = 412  (genres=jpop)
resume: 6 keywords already done
rough ETA: 52 min (wait=5.0s/keyword)
[1/412] skip (done)
[2/412] skip (done)
[3/412] skip (done)
[4/412] skip (done)
[5/412] skip (done)
[6/412] skip (done)
[7/412] hits=1 missing=0
[8/412] hits=0 missing=0
[9/412] hits=0 missing=0
[10/412] hits=1 missing=0
[11/412] hits=5 missing=2
[12/412] hits=13 missing=9
[13/412] hits=1 missing=0
[14/412] hits=1 missing=0
[15/412] hits=2 missing=1
[16/412] hits=2 missing=0
[17/412] hits=1 missing=0
[18/412] hits=10 missing=6
[19/412] hits=2 missing=1
[20/412] hits=20 missing=16
[21/412] hits=3 missing=1
[22/412] hits=1 missing=0
[23/412] hits=6 missing=5
[24/412] hits=1 missing=0
[25/412] hits=3 missing=2
[26/412] hits=1 missing=0
[27/412] hits=10 missing=7
[28/412] hits=6 missing=3
[29/412] hits=14 missing=12
[30/412] hits=0 missing=0
[31/412] hits=10 missing=7
[32/412] hits=18 missing=13
[33/412] hits=7 missing=4
[34/412] hits=8 missing=7
[35/412] hits=13 missing=10
[36/412] hits=1 missing=0
[37/412] hits=55 missing=39
[38/412] hits=0 missing=0
[39/412] hits=14 missing=11
[40/412] hits=15 missing=7
[41/412] hits=5 missing=2
[42/412] hits=13 missing=6
[43/412] hits=1 missing=0
[44/412] hits=13 missing=5
[45/412] hits=3 missing=1
[46/412] hits=1 missing=0
[47/412] hits=2 missing=1
[48/412] hits=1 missing=0
[49/412] hits=11 missing=8
[50/412] hits=4 missing=2
[51/412] hits=3 missing=1
[52/412] hits=1 missing=0
[53/412] hits=1 missing=0
[54/412] hits=15 missing=9
[55/412] hits=7 missing=3
[56/412] hits=4 missing=0
[57/412] hits=2 missing=1
[58/412] hits=14 missing=10
[59/412] hits=8 missing=7
[60/412] hits=7 missing=6
[61/412] hits=1 missing=0
[62/412] hits=8 missing=6
[63/412] hits=3 missing=0
[64/412] hits=5 missing=4
[65/412] hits=13 missing=4
[66/412] hits=5 missing=3
[67/412] hits=4 missing=2
[68/412] hits=61 missing=46
[69/412] hits=16 missing=15
[70/412] hits=5 missing=4
[71/412] hits=2 missing=1
[72/412] hits=9 missing=7
[73/412] hits=1 missing=0
[74/412] hits=1 missing=1
[75/412] hits=8 missing=5
[76/412] hits=6 missing=2
[77/412] hits=3 missing=2
[78/412] hits=10 missing=7
[79/412] hits=3 missing=2
[80/412] hits=1 missing=0
[81/412] hits=5 missing=4
[82/412] hits=1 missing=0
[83/412] hits=1 missing=0
[84/412] hits=2 missing=0
[85/412] hits=1 missing=0
[86/412] hits=1 missing=0
[87/412] hits=11 missing=7
[88/412] hits=67 missing=50
[89/412] hits=5 missing=3
[90/412] hits=4 missing=3
[91/412] hits=3 missing=3
[92/412] hits=4 missing=4
[93/412] hits=2 missing=0
[94/412] hits=1 missing=1
[95/412] hits=1 missing=0
[96/412] hits=0 missing=0
[97/412] hits=35 missing=23
[98/412] hits=3 missing=0
[99/412] hits=1 missing=0
[100/412] hits=5 missing=4
[101/412] hits=3 missing=1
[102/412] hits=4 missing=3
[103/412] hits=4 missing=3
[104/412] hits=1 missing=0
[105/412] hits=1 missing=0
[106/412] hits=8 missing=5
[107/412] hits=3 missing=2
[108/412] hits=1 missing=0
[109/412] hits=3 missing=1
[110/412] hits=6 missing=5
[111/412] hits=1 missing=0
[112/412] hits=1 missing=0
[113/412] hits=5 missing=4
[114/412] hits=1 missing=0
[115/412] hits=4 missing=3
[116/412] hits=18 missing=15
[117/412] hits=1 missing=0
[118/412] hits=7 missing=4
[119/412] hits=3 missing=2
[120/412] hits=3 missing=2
[121/412] hits=2 missing=0
[122/412] hits=1 missing=0
[123/412] hits=2 missing=0
[124/412] hits=1 missing=0
[125/412] hits=4 missing=3
[126/412] hits=2 missing=1
[127/412] hits=3 missing=2
[128/412] hits=9 missing=7
[129/412] hits=1 missing=0
[130/412] hits=2 missing=0
[131/412] hits=4 missing=4
[132/412] hits=3 missing=1
[133/412] hits=1 missing=1
[134/412] hits=1 missing=0
[135/412] hits=1 missing=0
[136/412] hits=1 missing=0
[137/412] hits=5 missing=3
[138/412] hits=1 missing=0
[139/412] hits=7 missing=6
[140/412] hits=1 missing=0
[141/412] hits=4 missing=2
[142/412] hits=20 missing=15
[143/412] hits=4 missing=2
[144/412] hits=4 missing=2
[145/412] hits=1 missing=0
[146/412] hits=2 missing=1
[147/412] hits=14 missing=10
[148/412] hits=8 missing=4
[149/412] hits=3 missing=1
[150/412] hits=10 missing=7
[151/412] hits=1 missing=0
[152/412] hits=1 missing=0
[153/412] hits=5 missing=3
[154/412] hits=6 missing=2
[155/412] hits=3 missing=1
[156/412] hits=1 missing=0
[157/412] hits=3 missing=2
[158/412] hits=6 missing=5
[159/412] hits=8 missing=6
[160/412] hits=5 missing=4
[161/412] hits=1 missing=0
[162/412] hits=1 missing=0
[163/412] hits=3 missing=2
[164/412] hits=2 missing=0
[165/412] hits=2 missing=1
[166/412] hits=1 missing=0
[167/412] hits=1 missing=0
[168/412] hits=1 missing=0
[169/412] hits=1 missing=1
[170/412] hits=1 missing=0
[171/412] hits=7 missing=6
[172/412] hits=1 missing=0
[173/412] hits=8 missing=7
[174/412] hits=9 missing=5
[175/412] hits=1 missing=0
[176/412] hits=1 missing=0
[177/412] hits=5 missing=3
[178/412] hits=0 missing=0
[179/412] hits=6 missing=4
[180/412] hits=2 missing=1
[181/412] hits=4 missing=2
[182/412] hits=2 missing=1
[183/412] hits=1 missing=0
[184/412] hits=2 missing=1
[185/412] hits=3 missing=3
[186/412] hits=5 missing=3
[187/412] hits=4 missing=3
[188/412] hits=3 missing=2
[189/412] hits=1 missing=0
[190/412] hits=1 missing=0
[191/412] hits=2 missing=1
[192/412] hits=1 missing=0
[193/412] hits=1 missing=0
[194/412] hits=2 missing=0
[195/412] hits=1 missing=0
[196/412] hits=4 missing=4
[197/412] hits=9 missing=2
[198/412] hits=4 missing=2
[199/412] hits=5 missing=3
[200/412] hits=1 missing=1
[201/412] hits=5 missing=4
[202/412] hits=1 missing=0
[203/412] hits=1 missing=0
[204/412] hits=1 missing=1
[205/412] hits=4 missing=3
[206/412] hits=3 missing=1
[207/412] hits=2 missing=1
[208/412] hits=1 missing=0
[209/412] hits=0 missing=0
[210/412] hits=2 missing=0
[211/412] hits=3 missing=2
[212/412] hits=1 missing=0
[213/412] hits=1 missing=0
[214/412] hits=1 missing=0
[215/412] hits=1 missing=0
[216/412] hits=14 missing=9
[217/412] hits=2 missing=1
[218/412] hits=4 missing=3
[219/412] hits=8 missing=5
[220/412] hits=3 missing=0
[221/412] hits=4 missing=3
[222/412] hits=1 missing=1
[223/412] hits=4 missing=2
[224/412] hits=2 missing=1
[225/412] hits=6 missing=4
[226/412] hits=3 missing=1
[227/412] hits=3 missing=1
[228/412] hits=1 missing=0
[229/412] hits=3 missing=2
[230/412] hits=6 missing=0
[231/412] hits=2 missing=1
[232/412] hits=1 missing=1
[233/412] hits=3 missing=2
[234/412] hits=56 missing=41
[235/412] hits=11 missing=10
[236/412] hits=7 missing=3
[237/412] hits=1 missing=0
[238/412] hits=1 missing=0
[239/412] hits=11 missing=6
[240/412] hits=2 missing=1
[241/412] hits=2 missing=1
[242/412] hits=9 missing=5
[243/412] hits=7 missing=6
[244/412] hits=16 missing=13
[245/412] hits=4 missing=3
[246/412] hits=9 missing=3
[247/412] hits=10 missing=8
[248/412] hits=3 missing=2
[249/412] hits=1 missing=0
[250/412] hits=7 missing=5
[251/412] hits=3 missing=0
[252/412] hits=7 missing=4
[253/412] hits=5 missing=4
[254/412] hits=10 missing=4
[255/412] hits=1 missing=0
[256/412] hits=1 missing=0
[257/412] hits=1 missing=0
[258/412] hits=4 missing=3
[259/412] hits=4 missing=3
[260/412] hits=6 missing=4
[261/412] hits=1 missing=0
[262/412] hits=1 missing=0
[263/412] hits=1 missing=0
[264/412] hits=5 missing=4
[265/412] hits=4 missing=3
[266/412] hits=3 missing=2
[267/412] hits=1 missing=0
[268/412] hits=4 missing=2
[269/412] hits=3 missing=2
[270/412] hits=1 missing=1
[271/412] hits=5 missing=4
[272/412] hits=8 missing=3
[273/412] hits=1 missing=1
[274/412] hits=4 missing=2
[275/412] hits=5 missing=4
[276/412] hits=9 missing=7
[277/412] hits=7 missing=6
[278/412] hits=15 missing=10
[279/412] hits=22 missing=14
[280/412] hits=3 missing=2
[281/412] hits=3 missing=2
[282/412] hits=3 missing=0
[283/412] hits=2 missing=0
[284/412] hits=3 missing=2
[285/412] hits=3 missing=2
[286/412] hits=1 missing=0
[287/412] hits=5 missing=4
[288/412] hits=6 missing=5
[289/412] hits=16 missing=15
[290/412] hits=1 missing=0
[291/412] hits=2 missing=0
[292/412] hits=5 missing=5
[293/412] hits=6 missing=1
[294/412] hits=1 missing=0
[295/412] hits=3 missing=1
[296/412] hits=1 missing=0
[297/412] hits=13 missing=6
[298/412] hits=6 missing=3
[299/412] hits=4 missing=2
[300/412] hits=2 missing=1
[301/412] hits=5 missing=4
[302/412] hits=1 missing=0
[303/412] hits=7 missing=4
[304/412] hits=10 missing=7
[305/412] hits=1 missing=0
[306/412] hits=3 missing=2
[307/412] hits=1 missing=0
[308/412] hits=3 missing=2
[309/412] hits=3 missing=2
[310/412] hits=4 missing=2
[311/412] hits=7 missing=4
[312/412] hits=9 missing=7
[313/412] hits=1 missing=0
[314/412] hits=1 missing=0
[315/412] hits=4 missing=2
[316/412] hits=4 missing=2
[317/412] hits=4 missing=2
[318/412] hits=28 missing=23
[319/412] hits=6 missing=6
[320/412] hits=1 missing=0
[321/412] hits=2 missing=1
[322/412] hits=1 missing=0
[323/412] hits=4 missing=2
[324/412] hits=3 missing=1
[325/412] hits=8 missing=4
[326/412] hits=1 missing=0
[327/412] hits=4 missing=3
[328/412] hits=8 missing=8
[329/412] hits=9 missing=5
[330/412] hits=8 missing=7
[331/412] hits=6 missing=2
[332/412] hits=1 missing=0
[333/412] hits=5 missing=0
[334/412] hits=2 missing=0
[335/412] hits=1 missing=0
[336/412] hits=6 missing=3
[337/412] hits=1 missing=0
[338/412] hits=3 missing=1
[339/412] hits=4 missing=1
[340/412] hits=3 missing=2
[341/412] hits=3 missing=0
[342/412] hits=6 missing=5
[343/412] hits=11 missing=6
[344/412] hits=1 missing=1
[345/412] hits=10 missing=8
[346/412] hits=5 missing=4
[347/412] hits=7 missing=6
[348/412] hits=1 missing=0
[349/412] hits=2 missing=1
[350/412] hits=2 missing=0
[351/412] hits=1 missing=0
[352/412] hits=1 missing=0
[353/412] hits=3 missing=2
[354/412] hits=4 missing=2
[355/412] hits=7 missing=5
[356/412] hits=2 missing=1
[357/412] hits=1 missing=0
[358/412] hits=1 missing=0
[359/412] hits=4 missing=2
[360/412] hits=1 missing=0
[361/412] hits=1 missing=0
[362/412] hits=1 missing=0
[363/412] hits=1 missing=0
[364/412] hits=1 missing=0
[365/412] hits=6 missing=5
[366/412] hits=3 missing=2
[367/412] hits=9 missing=8
[368/412] hits=3 missing=2
[369/412] hits=4 missing=1
[370/412] hits=2 missing=1
[371/412] hits=1 missing=0
[372/412] hits=1 missing=0
[373/412] hits=1 missing=0
[374/412] hits=1 missing=0
[375/412] hits=1 missing=0
[376/412] hits=1 missing=0
[377/412] hits=1 missing=0
[378/412] hits=1 missing=0
[379/412] hits=1 missing=0
[380/412] hits=8 missing=7
[381/412] hits=16 missing=9
[382/412] hits=2 missing=1
[383/412] hits=1 missing=0
[384/412] hits=2 missing=0
[385/412] hits=11 missing=9
[386/412] hits=5 missing=0
[387/412] hits=9 missing=3
[388/412] hits=4 missing=2
[389/412] hits=2 missing=0
[390/412] hits=2 missing=0
[391/412] hits=4 missing=0
[392/412] hits=2 missing=0
[393/412] hits=11 missing=6
[394/412] hits=3 missing=1
[395/412] hits=1 missing=0
[396/412] hits=8 missing=6
[397/412] hits=1 missing=0
[398/412] hits=1 missing=0
[399/412] hits=5 missing=2
[400/412] hits=2 missing=0
[401/412] hits=11 missing=0
[402/412] hits=2 missing=0
[403/412] hits=4 missing=1
[404/412] hits=8 missing=6
[405/412] hits=4 missing=0
[406/412] hits=1 missing=0
[407/412] hits=2 missing=0
[408/412] hits=4 missing=2
[409/412] hits=11 missing=1
[410/412] hits=1 missing=0
[411/412] hits=1 missing=0
[412/412] hits=2 missing=1
done. queried=412  keywords_with_missing=252  candidate_codes=1172
report: tmp/pia_missing_jpop_0802.txt
