  200001 OK
  200002 OK
  200003 OK
  200004 OK
  200005 OK
  200006 OK
  200007 OK
  200008 skip(売切)
  200009 OK
  200010 skip(売切)
  200011 OK
  200012 skip(売切)
  200013 skip(売切)
  200014 skip(売切)
  200015 OK
  200016 skip(売切)
  200017 skip(売切)
  200018 skip(売切)
  200019 OK
  200020 OK
  200021 OK
  200022 OK
  200023 OK
  200024 skip(売切)
  200025 OK
  200026 skip(売切)
  200027 skip(売切)
  200028 skip(売切)
  200029 skip(売切)
  200030 skip(売切)
  200031 skip(売切)
  200032 OK
  200033 skip(売切)
  200034 skip(売切)
  200035 skip(売切)
  200036 OK
  200037 OK
  200038 OK
  200039 OK
  200040 OK
  200041 OK
  200042 skip(売切)
  200043 OK
  200044 skip(売切)
  200045 skip(売切)
  200046 OK
  200047 OK
  200048 skip(売切)
  200049 OK
  200050 OK
  200051 OK
  200052 skip(売切)
  200053 skip(売切)
  200054 skip(売切)
  200055 OK
  200056 OK
  200057 OK
  200058 OK
  200059 skip(売切)
  200060 skip(売切)
  200061 OK
  200062 skip(売切)
  200063 skip(売切)
  200064 OK
  200065 skip(売切)
  200066 skip(売切)
  200067 OK
  200068 OK
  200069 skip(売切)
  200070 skip(売切)
  200071 OK
  200072 OK
  200073 OK
  200074 OK
  200075 skip(売切)
  200076 skip(売切)
  200077 skip(売切)
  200078 skip(売切)
  200079 skip(売切)
  200080 skip(売切)
  200081 skip(売切)
  200082 skip(売切)
  200083 skip(売切)
  200084 skip(売切)
  200085 skip(売切)
  200086 OK
  200087 skip(売切)
  200088 skip(売切)
  200089 OK
  200090 skip(売切)
  200091 skip(売切)
  200092 OK
  200093 skip(売切)
  200094 OK
  200095 skip(売切)
  200096 skip(売切)
  200097 skip(売切)
  200098 skip(売切)
  200099 OK
  200100 skip(売切)
  200101 skip(売切)
  200102 OK
  200103 OK
  200104 skip(売切)
  200105 skip(売切)
  200106 skip(売切)
構築 48 件 / skip [200008, 200010, 200012, 200013, 200014, 200016, 200017, 200018, 200024, 200026, 200027, 200028, 200029, 200030, 200031, 200033, 200034, 200035, 200042, 200044, 200045, 200048, 200052, 200053, 200054, 200059, 200060, 200062, 200063, 200065, 200066, 200069, 200070, 200075, 200076, 200077, 200078, 200079, 200080, 200081, 200082, 200083, 200084, 200085, 200087, 200088, 200090, 200091, 200093, 200095, 200096, 200097, 200098, 200100, 200101, 200104, 200105, 200106]

!!!!!!!!!!!!!!!!!!!!!!!!!!!!!!!!!!!!!!!!!!!!!!!!!!!!!!!!!!!!
\u26a0\ufe0f 取りこぼし 1件（買える枠なのに取り込めなかった＝要対応）:
   id200042 [FETCH-ERR] when='ぴあが混雑ページに飛ばした（券種は読めていない）: http://sorry.pia.jp/nt2/pia/?mark=type-L10' | https://ticket.pia.jp/pia/event.do?eventCd=2628015
→ parse_when/kenshu/状態判定にこの表記を足してから再構築すること。
!!!!!!!!!!!!!!!!!!!!!!!!!!!!!!!!!!!!!!!!!!!!!!!!!!!!!!!!!!!!
