  7337 OK
  7338 OK
  7339 OK
  7340 OK
  7341 skip(売切)
  7342 OK
  7343 skip(売切)
  7344 OK
  7345 OK
  7346 OK
  7347 skip(売切)
  7348 OK
  7349 skip(売切)
  7350 OK
  7351 OK
  7352 OK
  7353 OK
  7354 OK
  7355 OK
  7356 skip(売切)
  7357 OK
  7358 OK
  7359 OK
  7360 OK
  7361 skip(売切)
  7362 OK
  7363 OK
  7364 OK
  7365 OK
  7366 skip(売切)
  7367 OK
  7368 skip(売切)
  7369 OK
  7370 OK
  7371 OK
  7372 OK
  7373 OK
  7374 OK
  7375 OK
  7376 skip(売切)
  7377 OK
  7378 OK
  7379 OK
  7380 skip(売切)
  7381 OK
  7382 OK
  7383 OK
  7384 OK
  7385 OK
  7386 OK
  7387 skip(売切)
  7388 OK
  7389 skip(売切)
  7390 OK
  7391 skip(売切)
  7392 OK
  7393 OK
  7394 OK
  7395 OK
  7396 OK
  7397 OK
  7398 skip(売切)
  7399 skip(売切)
  7400 OK
  7401 OK
  7402 OK
  7403 OK
  7404 OK
  7405 OK
  7406 skip(売切)
  7407 OK
  7408 OK
  7409 OK
  7410 OK
  7411 OK
  7412 OK
  7413 OK
  7414 OK
  7415 OK
  7416 OK
  7417 OK
  7418 OK
  7419 OK
  7420 OK
  7421 OK
  7422 OK
  7423 OK
  7424 OK
  7425 skip(売切)
  7426 OK
  7427 skip(売切)
  7428 skip(売切)
  7429 skip(売切)
  7430 skip(売切)
  7431 OK
  7432 OK
  7433 skip(売切)
  7434 OK
  7435 OK
  7436 OK
構築 78 件 / skip [7341, 7343, 7347, 7349, 7356, 7361, 7366, 7368, 7376, 7380, 7387, 7389, 7391, 7398, 7399, 7406, 7425, 7427, 7428, 7429, 7430, 7433]

!!!!!!!!!!!!!!!!!!!!!!!!!!!!!!!!!!!!!!!!!!!!!!!!!!!!!!!!!!!!
\u26a0\ufe0f 取りこぼし 2件（買える枠なのに取り込めなかった＝要対応）:
   id7368 [FETCH-ERR] when='ぴあが混雑ページに飛ばした（券種は読めていない）: http://sorry.pia.jp/nt2/pia/?mark=type-L10' | https://t.pia.jp/pia/event/event.do?eventCd=2611729
   id7391 [FETCH-ERR] when='ぴあが混雑ページに飛ばした（券種は読めていない）: http://sorry.pia.jp/nt2/pia/?mark=type-L10' | https://t.pia.jp/pia/event/event.do?eventCd=2633571
→ parse_when/kenshu/状態判定にこの表記を足してから再構築すること。
!!!!!!!!!!!!!!!!!!!!!!!!!!!!!!!!!!!!!!!!!!!!!!!!!!!!!!!!!!!!
