  読み直した ウルトラヒーローズ THE LIVE ～英雄への道～ in 千葉県浦安（perfs が件数の形だった）
  読み直した GLAY［福岡］（perfs が件数の形だった）
  読み直した 第102回関東大学バスケットボールリーグ戦2巡目（perfs が件数の形だった）
  読み直した 高中正義［追加公演］（perfs が件数の形だった）
  読み直した 日本公演40周年記念 ディズニー・オン・アイス “Let’s Party!”［船（perfs が件数の形だった）
  読み直した さだまさし［大阪｜12月公演］（perfs が件数の形だった）
  読み直した 【一般視聴チケット】 乃木坂46 42ndSGアンダーライブ（perfs が件数の形だった）
  読み直した ラフ×ラフ47都道府県巡業2026～2027 キックオフPARTY（perfs が件数の形だった）
  読み直した ULTRA JAPAN 2026（perfs が件数の形だった）
  読み直した 丸美屋食品ミュージカル 「アニークリスマスコンサート」（perfs が件数の形だった）
  読み直した 秦 基博［神奈川］（perfs が件数の形だった）
  読み直した n.SSign｜エンサイン ［全国］（perfs が件数の形だった）
  読み直した コドモパーティーIII［埼玉・宮城］（perfs が件数の形だった）
  読み直した 「@JAM the Field vol.30」（perfs が件数の形だった）
  読み直した 高中正義［全国］（perfs が件数の形だった）
  読み直した アップアップガールズ（フェス）2026（perfs が件数の形だった）
  読み直した Rakuten GirlsAward 2026 AUTUMN/WINTER｜ガー（perfs が件数の形だった）
  読み直した LOVEBITES［全国］（perfs が件数の形だった）
  読み直した 第38回スタンレーレディスホンダゴルフトーナメント（perfs が件数の形だった）
  読み直した New Acoustic Camp 2026（perfs が件数の形だった）
  読み直した ディズニー・オン・クラシック ～まほうの夜の音楽会 2026［神奈川・茨城・群馬（perfs が件数の形だった）
  読み直した 【泉佐野市民割・田尻町民割】大阪芸術花火2026（perfs が件数の形だった）
  読み直した 藤井フミヤ（perfs が件数の形だった）
  読み直した ゴールドマン　コレクション　河鍋暁斎の世界［兵庫］（perfs が件数の形だった）
  読み直した 世界最大級の大スペクタクル☆スーパーミラクルイリュージョン☆木下大サーカス岡山公（perfs が件数の形だった）
ツアー統合: 25 ページ → 24 エントリ
  OK   ウルトラヒーローズ THE LIVE ～英雄への道～ in 千葉県浦安
  OK   GLAY［福岡］
  skip 第102回関東大学バスケットボールリーグ戦2巡目 (買える枠なし)
  skip 高中正義［追加公演］ (買える枠なし)
  OK   日本公演40周年記念 ディズニー・オン・アイス “Let’s Party!”［船
  OK   さだまさし［大阪｜12月公演］
  skip 【一般視聴チケット】 乃木坂46 42ndSGアンダーライブ (買える枠なし)
  OK   ラフ×ラフ47都道府県巡業2026～2027 キックオフPARTY
  skip ULTRA JAPAN 2026 (買える枠なし)
  OK   丸美屋食品ミュージカル 「アニークリスマスコンサート」
  skip 秦 基博［神奈川］ (買える枠なし)
  skip n.SSign｜エンサイン ［全国］ (買える枠なし)
  skip コドモパーティーIII［埼玉・宮城］ (買える枠なし)
  skip 「@JAM the Field vol.30」 (買える枠なし)
  skip アップアップガールズ（フェス）2026 (買える枠なし)
  skip Rakuten GirlsAward 2026 AUTUMN/WINTER｜ガー (買える枠なし)
  skip LOVEBITES［全国］ (買える枠なし)
  skip 第38回スタンレーレディスホンダゴルフトーナメント (買える枠なし)
  skip New Acoustic Camp 2026 (買える枠なし)
  OK   ディズニー・オン・クラシック ～まほうの夜の音楽会 2026［神奈川・茨城・群馬
  skip 【泉佐野市民割・田尻町民割】大阪芸術花火2026 (買える枠なし)
  skip 藤井フミヤ (買える枠なし)
  skip ゴールドマン　コレクション　河鍋暁斎の世界［兵庫］ (買える枠なし)
  skip 世界最大級の大スペクタクル☆スーパーミラクルイリュージョン☆木下大サーカス岡山公 (買える枠なし)

構築 7件 / skip 17件
