  10763 OK
  10764 skip(売切)
  10765 skip(売切)
  10766 skip(売切)
  10767 skip(売切)
  10768 skip(売切)
  10769 skip(売切)
  10770 skip(売切)
  10771 skip(売切)
  10772 skip(売切)
  10773 skip(売切)
  10774 skip(売切)
  10775 skip(売切)
  10776 skip(売切)
  10777 skip(売切)
  10778 skip(売切)
  10779 skip(売切)
  10780 skip(売切)
  10781 skip(売切)
  10782 skip(売切)
  10783 skip(売切)
  10784 skip(売切)
  10785 skip(売切)
  10786 skip(売切)
  10787 skip(売切)
  10788 skip(売切)
  10789 skip(売切)
  10790 skip(売切)
  10791 skip(売切)
  10792 skip(売切)
  10793 skip(売切)
  10794 skip(売切)
  10795 skip(売切)
  10796 skip(売切)
  10797 skip(売切)
  10798 skip(売切)
  10799 skip(売切)
  10800 skip(売切)
  10801 skip(売切)
  10802 skip(売切)
  10803 skip(売切)
  10804 skip(売切)
  10805 skip(売切)
  10806 skip(売切)
  10807 skip(売切)
構築 1 件 / skip [10764, 10765, 10766, 10767, 10768, 10769, 10770, 10771, 10772, 10773, 10774, 10775, 10776, 10777, 10778, 10779, 10780, 10781, 10782, 10783, 10784, 10785, 10786, 10787, 10788, 10789, 10790, 10791, 10792, 10793, 10794, 10795, 10796, 10797, 10798, 10799, 10800, 10801, 10802, 10803, 10804, 10805, 10806, 10807]

!!!!!!!!!!!!!!!!!!!!!!!!!!!!!!!!!!!!!!!!!!!!!!!!!!!!!!!!!!!!
⚠️ 取りこぼし 1件（買える枠なのに取り込めなかった＝要対応）:
   id10790 [FETCH-ERR] when='ぴあが混雑ページに飛ばした（券種は読めていない）: http://sorry.pia.jp/nt2/pia/?mark=type-L10' | https://ticket.pia.jp/pia/event.do?eventBundleCd=b2668440
→ parse_when/kenshu/状態判定にこの表記を足してから再構築すること。
!!!!!!!!!!!!!!!!!!!!!!!!!!!!!!!!!!!!!!!!!!!!!!!!!!!!!!!!!!!!
