  5749 OK
  5750 OK
  5751 OK
  5752 OK
  5753 OK
  5754 OK
  5755 OK
  5756 skip(売切)
  5757 OK
  5758 skip(売切)
  5759 OK
  5760 OK
  5761 OK
  5762 OK
  5763 skip(売切)
  5764 OK
  5765 OK
  5766 OK
  5767 skip(売切)
  5768 OK
  5769 OK
  5770 OK
  5771 OK
  5772 OK
  5773 OK
  5774 OK
  5775 OK
  5776 OK
  5777 OK
  5778 OK
  5779 OK
  5780 OK
  5781 OK
  5782 OK
  5783 OK
  5784 OK
  5785 OK
  5786 OK
  5787 skip(売切)
  5788 OK
  5789 OK
  5790 OK
  5791 skip(売切)
  5792 OK
  5793 OK
  5794 OK
  5795 OK
  5796 OK
  5797 OK
  5798 OK
  5799 OK
  5800 OK
  5801 OK
  5802 OK
  5803 OK
  5804 OK
  5805 skip(売切)
  5806 OK
  5807 skip(売切)
  5808 skip(売切)
  5809 skip(売切)
  5810 OK
  5811 OK
  5812 skip(売切)
  5813 skip(売切)
  5814 OK
  5815 OK
  5816 OK
  5817 skip(売切)
  5818 OK
  5819 OK
  5820 OK
  5821 OK
  5822 OK
  5823 OK
  5824 OK
  5825 OK
  5826 skip(売切)
  5827 OK
  5828 OK
  5829 OK
  5830 OK
  5831 skip(売切)
  5832 OK
  5833 OK
  5834 OK
  5835 skip(売切)
  5836 OK
  5837 OK
  5838 OK
  5839 skip(売切)
  5840 skip(売切)
  5841 OK
  5842 skip(売切)
  5843 OK
  5844 OK
  5845 OK
  5846 OK
  5847 OK
  5848 OK
構築 81 件 / skip [5756, 5758, 5763, 5767, 5787, 5791, 5805, 5807, 5808, 5809, 5812, 5813, 5817, 5826, 5831, 5835, 5839, 5840, 5842]

!!!!!!!!!!!!!!!!!!!!!!!!!!!!!!!!!!!!!!!!!!!!!!!!!!!!!!!!!!!!
\u26a0\ufe0f 取りこぼし 1件（買える枠なのに取り込めなかった＝要対応）:
   id5812 [FETCH-ERR] when='ぴあが混雑ページに飛ばした（券種は読めていない）: http://sorry.pia.jp/nt2/pia/?mark=type-L10' | https://t.pia.jp/pia/event/event.do?eventCd=2616068
→ parse_when/kenshu/状態判定にこの表記を足してから再構築すること。
!!!!!!!!!!!!!!!!!!!!!!!!!!!!!!!!!!!!!!!!!!!!!!!!!!!!!!!!!!!!
