  3622 OK
  3623 OK
  3624 OK
  3625 OK
  3626 OK
  3627 OK
  3628 OK
  3629 OK
  3630 OK
  3631 OK
  3632 OK
  3633 OK
  3634 OK
  3635 OK
  3636 OK
  3637 OK
  3638 OK
  3639 OK
  3640 OK
  3641 OK
  3642 OK
  3643 OK
  3644 OK
  3645 OK
  3646 OK
  3647 OK
  3648 OK
  3649 OK
  3650 OK
  3651 OK
  3652 OK
  3653 OK
  3654 OK
  3655 OK
  3656 OK
  3657 OK
  3658 OK
  3659 OK
  3660 OK
  3661 OK
  3662 OK
  3663 OK
  3664 OK
  3665 OK
  3666 OK
  3667 OK
  3668 OK
  3669 OK
  3670 OK
  3671 OK
構築 50 件 / skip []

\u26a0\ufe0f PIA_GENRE_MAP 未収載のサブカテゴリ 18件（下書きは名前fallback＝要確認）:
   id3622 [音楽/アニメ音楽] → _genre=engeki | きたまえ↑２０２６
   id3625 [イベント/イベントその他] → _genre=engeki | 第６回 日立システムズホール仙台 パフォーマンスフェスティバル
   id3626 [映画/邦画] → _genre=engeki | 東大阪映画劇場『ＴＯＫＹＯタクシー』
   id3629 [アート/アート] → _genre=engeki | 『時をかける少女』２０周年記念 細田守の原点/展 大阪会場
   id3632 [映画/ライブビューイング] → _genre=engeki | 宝塚歌劇 宙組東京宝塚劇場公演『黒蜥蜴』『Diamond IMPULSE(ダイヤ
   id3634 [アート/アート] → _genre=engeki | 竹久夢二 時代を創る表現者
   id3641 [映画/邦画] → _genre=engeki | 映画「国宝」 特別上映ｉｎ御園座
   id3642 [映画/舞台挨拶] → _genre=engeki | 『スクライド』２５周年記念上映会
   id3643 [イベント/ディナーショー] → _genre=engeki | 新浜レオン ディナーショー
   id3646 [アート/アート] → _genre=engeki | 所蔵企画展 画家とモデル
   id3649 [映画/舞台挨拶] → _genre=engeki | 『シャドウワーク』完成披露上映会
   id3650 [映画/ライブビューイング] → _genre=engeki | 宝塚歌劇 雪組宝塚大劇場公演『ポーの一族』千秋楽 ライブ中継
   id3651 [映画/舞台挨拶] → _genre=engeki | 『あなたを殺す旅 第一章 旅のはじまり』公開記念舞台挨拶付き上映会
   id3653 [映画/舞台挨拶] → _genre=engeki | 「ＳＥＫＩＲＯ：ＮＯ ＤＥＦＥＡＴ」完成披露上映会
   id3655 [イベント/講演会・トークショー] → _genre=engeki | 憲法９条を守ろう ２０２６ 愛知県民のつどい
   id3669 [映画/映画その他] → _genre=engeki | 映画『デス≠キル／ゲーム』 SPECIAL EVENT
   id3670 [映画/舞台挨拶] → _genre=engeki | 「仮面ライダーゼッツ＆仮面ライダーマイス」バトンタッチイベント
   id3671 [映画/映画祭] → _genre=engeki | 第４２５回市民の劇場 「第４８回ぎふアジア映画祭」
→ 正しければ PIA_GENRE_MAP に足すこと（次回から自動で当たる）。
