  10905 OK
  10906 skip(売切)
  10907 skip(売切)
  10908 skip(売切)
  10909 skip(売切)
  10910 skip(売切)
  10911 skip(売切)
  10912 skip(売切)
  10913 skip(売切)
  10914 skip(売切)
  10915 skip(売切)
  10916 skip(売切)
  10917 skip(売切)
  10918 skip(売切)
  10919 skip(売切)
  10920 skip(売切)
  10921 skip(売切)
  10922 skip(売切)
  10923 skip(売切)
  10924 skip(売切)
  10925 skip(売切)
  10926 skip(売切)
  10927 skip(売切)
  10928 skip(売切)
  10929 skip(売切)
  10930 skip(売切)
  10931 skip(売切)
  10932 skip(売切)
  10933 skip(売切)
  10934 skip(売切)
  10935 skip(売切)
  10936 skip(売切)
  10937 skip(売切)
  10938 skip(売切)
  10939 skip(売切)
  10940 skip(売切)
  10941 skip(売切)
  10942 skip(売切)
  10943 skip(売切)
  10944 skip(売切)
  10945 skip(売切)
  10946 skip(売切)
  10947 skip(売切)
  10948 skip(売切)
  10949 skip(売切)
  10950 skip(売切)
  10951 skip(売切)
  10952 skip(売切)
  10953 skip(売切)
  10954 skip(売切)
  10955 skip(売切)
  10956 skip(売切)
  10957 skip(売切)
  10958 skip(売切)
  10959 skip(売切)
  10960 skip(売切)
  10961 skip(売切)
  10962 skip(売切)
  10963 skip(売切)
  10964 skip(売切)
  10965 skip(売切)
  10966 skip(売切)
  10967 skip(売切)
  10968 skip(売切)
  10969 OK
  10970 OK
  10971 OK
  10972 skip(売切)
  10973 skip(売切)
  10974 skip(売切)
  10975 skip(売切)
  10976 skip(売切)
  10977 skip(売切)
  10978 skip(売切)
  10979 OK
  10980 skip(売切)
  10981 skip(売切)
  10982 skip(売切)
  10983 skip(売切)
  10984 skip(売切)
  10985 skip(売切)
  10986 skip(売切)
  10987 skip(売切)
  10988 skip(売切)
  10989 skip(売切)
  10990 skip(売切)
  10991 skip(売切)
  10992 skip(売切)
  10993 skip(売切)
  10994 skip(売切)
  10995 skip(売切)
  10996 skip(売切)
  10997 skip(売切)
  10998 skip(売切)
  10999 skip(売切)
  11000 skip(売切)
  11001 skip(売切)
  11002 skip(売切)
  11003 skip(売切)
  11004 OK
  11005 skip(売切)
  11006 skip(売切)
  11007 skip(売切)
  11008 skip(売切)
  11009 OK
  11010 skip(売切)
  11011 skip(売切)
  11012 skip(売切)
  11013 skip(売切)
  11014 skip(売切)
  11015 skip(売切)
  11016 OK
  11017 skip(売切)
  11018 skip(売切)
  11019 skip(売切)
  11020 skip(売切)
  11021 skip(売切)
  11022 skip(売切)
  11023 skip(売切)
  11024 skip(売切)
  11025 skip(売切)
  11026 skip(売切)
  11027 skip(売切)
  11028 skip(売切)
  11029 skip(売切)
  11030 skip(売切)
  11031 skip(売切)
  11032 skip(売切)
  11033 skip(売切)
  11034 skip(売切)
  11035 skip(売切)
  11036 skip(売切)
  11037 skip(売切)
  11038 skip(売切)
  11039 skip(売切)
  11040 skip(売切)
  11041 skip(売切)
  11042 skip(売切)
  11043 skip(売切)
  11044 skip(売切)
  11045 skip(売切)
  11046 OK
  11047 skip(売切)
  11048 OK
  11049 skip(売切)
  11050 skip(売切)
  11051 skip(売切)
  11052 skip(売切)
  11053 skip(売切)
  11054 skip(売切)
  11055 skip(売切)
  11056 skip(売切)
構築 10 件 / skip [10906, 10907, 10908, 10909, 10910, 10911, 10912, 10913, 10914, 10915, 10916, 10917, 10918, 10919, 10920, 10921, 10922, 10923, 10924, 10925, 10926, 10927, 10928, 10929, 10930, 10931, 10932, 10933, 10934, 10935, 10936, 10937, 10938, 10939, 10940, 10941, 10942, 10943, 10944, 10945, 10946, 10947, 10948, 10949, 10950, 10951, 10952, 10953, 10954, 10955, 10956, 10957, 10958, 10959, 10960, 10961, 10962, 10963, 10964, 10965, 10966, 10967, 10968, 10972, 10973, 10974, 10975, 10976, 10977, 10978, 10980, 10981, 10982, 10983, 10984, 10985, 10986, 10987, 10988, 10989, 10990, 10991, 10992, 10993, 10994, 10995, 10996, 10997, 10998, 10999, 11000, 11001, 11002, 11003, 11005, 11006, 11007, 11008, 11010, 11011, 11012, 11013, 11014, 11015, 11017, 11018, 11019, 11020, 11021, 11022, 11023, 11024, 11025, 11026, 11027, 11028, 11029, 11030, 11031, 11032, 11033, 11034, 11035, 11036, 11037, 11038, 11039, 11040, 11041, 11042, 11043, 11044, 11045, 11047, 11049, 11050, 11051, 11052, 11053, 11054, 11055, 11056]

!!!!!!!!!!!!!!!!!!!!!!!!!!!!!!!!!!!!!!!!!!!!!!!!!!!!!!!!!!!!
\u26a0\ufe0f 取りこぼし 2件（買える枠なのに取り込めなかった＝要対応）:
   id11027 [FETCH-ERR] when='ぴあが混雑ページに飛ばした（券種は読めていない）: http://sorry.pia.jp/nt2/pia/?mark=type-L10' | https://ticket.pia.jp/pia/event.do?eventCd=2545889
   id11043 [FETCH-ERR] when='ぴあが混雑ページに飛ばした（券種は読めていない）: http://sorry.pia.jp/nt2/pia/?mark=type-L10' | https://ticket.pia.jp/pia/event.do?eventBundleCd=b2668141
→ parse_when/kenshu/状態判定にこの表記を足してから再構築すること。
!!!!!!!!!!!!!!!!!!!!!!!!!!!!!!!!!!!!!!!!!!!!!!!!!!!!!!!!!!!!
