  5434 OK
  5435 OK
  5436 OK
  5437 OK
  5438 OK
  5439 OK
  5440 OK
  5441 OK
  5442 OK
  5443 OK
  5444 OK
  5445 OK
  5446 OK
  5447 OK
  5448 OK
  5449 OK
  5450 OK
  5451 OK
  5452 OK
  5453 OK
  5454 OK
  5455 OK
  5456 OK
  5457 OK
  5458 OK
  5459 OK
  5460 OK
  5461 OK
  5462 OK
  5463 OK
  5464 OK
  5465 OK
  5466 OK
  5467 OK
  5468 OK
  5469 OK
  5470 OK
  5471 OK
  5472 OK
  5473 OK
  5474 OK
  5475 OK
  5476 OK
  5477 OK
  5478 OK
  5479 OK
  5480 OK
  5481 OK
  5482 OK
  5483 OK
  5484 OK
  5485 OK
  5486 OK
  5487 OK
  5488 OK
  5489 OK
  5490 OK
  5491 OK
  5492 OK
  5493 OK
  5494 OK
  5495 OK
  5496 OK
  5497 OK
  5498 OK
  5499 OK
  5500 OK
  5501 OK
  5502 OK
  5503 OK
  5504 OK
  5505 OK
  5506 OK
  5507 OK
  5508 OK
  5509 OK
  5510 OK
  5511 OK
  5512 OK
  5513 OK
  5514 OK
  5515 OK
  5516 OK
  5517 OK
  5518 OK
  5519 OK
  5520 OK
  5521 OK
  5522 OK
  5523 OK
  5524 OK
  5525 OK
  5526 OK
  5527 OK
  5528 OK
  5529 OK
  5530 OK
  5531 OK
  5532 OK
  5533 OK
  5534 OK
  5535 OK
  5536 OK
  5537 OK
  5538 OK
  5539 OK
  5540 OK
  5541 OK
  5542 OK
  5543 OK
  5544 OK
  5545 OK
  5546 OK
  5547 OK
  5548 OK
  5549 OK
  5550 OK
  5551 OK
  5552 OK
  5553 OK
  5554 OK
  5555 OK
  5556 OK
  5557 OK
  5558 OK
  5559 OK
  5560 OK
  5561 OK
  5562 OK
  5563 OK
  5564 OK
  5565 OK
  5566 OK
  5567 OK
  5568 OK
  5569 OK
  5570 OK
  5571 OK
  5572 OK
  5573 OK
  5574 OK
  5575 OK
  5576 OK
  5577 OK
  5578 OK
  5579 OK
  5580 OK
  5581 OK
  5582 OK
  5583 OK
  5584 OK
  5585 OK
  5586 OK
  5587 OK
  5588 OK
  5589 OK
  5590 OK
  5591 OK
  5592 OK
  5593 OK
  5594 OK
構築 161 件 / skip []

\u26a0\ufe0f PIA_GENRE_MAP 未収載のサブカテゴリ 4件（下書きは名前fallback＝要確認）:
   id5480 [イベント/学園祭] → _genre=engeki | 矢吹奈子 トークショー
   id5481 [イベント/学園祭] → _genre=engeki | 水沢林太郎スペシャルトークショー
   id5575 [イベント/ショー・ファンイベント] → _genre=engeki | 中島由貴 Ｂｉｒｔｈｄａｙ Ｅｖｅｎｔ ２０２６
   id5591 [イベント/ショー・ファンイベント] → _genre=engeki | 太川陽介『デビュー５０周年記念トーク＆ライブ』みんなで祝って～♪
→ 正しければ PIA_GENRE_MAP に足すこと（次回から自動で当たる）。
