python :   7588 skip(売切)
At line:1 char:302
+ ... tch {} } }; python tools/build_pia_entries.py tmp/cand0101_0909.j
son  ...
+                 ~~~~~~~~~~~~~~~~~~~~~~~~~~~~~~~~~~~~~~~~~~~~~~~~~~~~~
~~~~
    + CategoryInfo          : NotSpecified: (  7588 skip(売切):String) [ 
   ], RemoteException
    + FullyQualifiedErrorId : NativeCommandError
 
  7589 skip(売切)
  7590 skip(売切)
  7591 skip(売切)
  7592 skip(売切)
  7593 OK
  7594 skip(売切)
  7595 skip(売切)
  7596 OK
  7597 skip(売切)
  7598 skip(売切)
  7599 OK
  7600 skip(売切)
  7601 OK
  7602 OK
  7603 OK
  7604 OK
  7605 OK
  7606 OK
  7607 OK
  7608 OK
  7609 OK
  7610 skip(売切)
  7611 OK
  7612 skip(売切)
  7613 skip(売切)
  7614 OK
  7615 OK
  7616 OK
  7617 OK
  7618 OK
  7619 OK
  7620 skip(売切)
  7621 OK
  7622 OK
  7623 skip(売切)
  7624 OK
  7625 OK
  7626 OK
  7627 OK
  7628 OK
  7629 OK
  7630 OK
  7631 skip(売切)
  7632 OK
  7633 OK
  7634 skip(売切)
  7635 skip(売切)
  7636 skip(売切)
  7637 OK
  7638 OK
  7639 OK
  7640 OK
  7641 skip(売切)
  7642 skip(売切)
  7643 OK
  7644 OK
  7645 skip(売切)
  7646 OK
  7647 skip(売切)
  7648 skip(売切)
  7649 skip(売切)
  7650 OK
  7651 OK
  7652 skip(売切)
  7653 OK
  7654 OK
  7655 OK
  7656 OK
  7657 skip(売切)
  7658 skip(売切)
  7659 OK
  7660 OK
  7661 skip(売切)
  7662 skip(売切)
  7663 OK
  7664 OK
  7665 OK
  7666 skip(売切)
  7667 skip(売切)
  7668 OK
  7669 OK
  7670 skip(売切)
  7671 OK
  7672 OK
  7673 skip(売切)
  7674 OK
  7675 OK
  7676 OK
  7677 OK
  7678 OK
  7679 skip(売切)
  7680 OK
  7681 OK
  7682 OK
  7683 OK
  7684 OK
  7685 OK
  7686 OK
  7687 skip(売切)
  7688 OK
  7689 OK
  7690 skip(売切)
  7691 skip(売切)
  7692 OK
  7693 OK
  7694 OK
  7695 OK
  7696 OK
  7697 OK
  7698 OK
  7699 OK
  7700 OK
  7701 skip(売切)
  7702 OK
  7703 OK
  7704 skip(売切)
  7705 OK
  7706 skip(売切)
  7707 skip(売切)
構築 78 件 / skip [7588, 7589, 7590, 7591, 7592, 7594, 7595, 7597, 7598, 7
600, 7610, 7612, 7613, 7620, 7623, 7631, 7634, 7635, 7636, 7641, 7642, 
7645, 7647, 7648, 7649, 7652, 7657, 7658, 7661, 7662, 7666, 7667, 7670,
 7673, 7679, 7687, 7690, 7691, 7701, 7704, 7706, 7707]

!!!!!!!!!!!!!!!!!!!!!!!!!!!!!!!!!!!!!!!!!!!!!!!!!!!!!!!!!!!!
⚠️ 取りこぼし 1件（買える枠なのに取り込めなかった＝要対応）:
   id7690 [FETCH-ERR] when='ぴあが混雑ページに飛ばした（券種は読めていない）: http://sorry.pia.
jp/nt2/pia/?mark=type-L10' | https://ticket.pia.jp/pia/event.do?eventBu
ndleCd=b2665842
→ parse_when/kenshu/状態判定にこの表記を足してから再構築すること。
!!!!!!!!!!!!!!!!!!!!!!!!!!!!!!!!!!!!!!!!!!!!!!!!!!!!!!!!!!!!
