  OK   Paradox Live 4th SEASON KICKOFF EVENT in
  OK   舞台『いつかアイツに会いに行く -BEYOND THE MOON-』
  OK   木下グループジャパンオープンテニスチャンピオンシップス2026
  OK   アップアップガールズ（２） にきちゃん大決戦っ！！後夜祭
  skip n.SSign｜エンサイン ［全国］ (買える枠なし)
  OK   ウルトラヒーローズ THE LIVE ～オメガ・アーク・ブレーザー 新世代ヒーロ
  OK   ウルトラヒーローズ THE LIVE ～オメガ・アーク・ブレーザー 新世代ヒーロ
  OK   ウルトラヒーローズ THE LIVE ～オメガ・アーク・ブレーザー 新世代ヒーロ
  OK   ウルトラヒーローズ THE LIVE ～オメガ・アーク・ブレーザー 新世代ヒーロ
  OK   ハリウッドザコシショウのミニ単独ライブシリーズSEASON17 嫌な気持ちにさせ
  OK   骨髄バンクチャリティー第58回オープントーナメント全日本空手道選手権大会
  OK   CDジャーナル連載10周年コンサート秋 ～柚木麻子・朝井リョウ・でか美ちゃん 書
  OK   アップアップガールズ（仮） × アップアップガールズ（プロレス）
  skip 第102回関東大学バスケットボールリーグ戦１巡目 (買える枠なし)
  OK   アップアップガールズ（プロレス）
  skip 「@JAM the Field vol.30」 (買える枠なし)
  skip アップアップガールズ（フェス）2026 (買える枠なし)
  skip 春猿火 4th ONE-MAN LIVE「UNITY \u2013 Our Resonan (会場が取れない(要目視))
  skip KOKO 4th ONE-MAN LIVE 「PATHFINDER」 (会場が取れない(要目視))
  skip 理芽 4th ONE-MAN LIVE 「NEUROMANCE IV」 (会場が取れない(要目視))
  OK   ラフ×ラフPresents アイドル オモカワトークNo.1決定戦
  skip 【一般視聴チケット】 櫻坂46 Sakurazaka46 ARENA TOUR  (買える枠なし)
  OK   ラフ×ラフ47都道府県巡業2026～2027
  OK   ANA presents ナーポオケラ 2026
  OK   「@JAM PARTY vol.124」
  OK   2026 ダンロップフェニックストーナメント
  OK   りんご音楽祭2026
  skip 第38回スタンレーレディスホンダゴルフトーナメント (買える枠なし)
  OK   THE ORCHESTRA TOKYO
  OK   Chalca「BLOODLINE TOUR」
  OK   ちゃーむぽっしゅ

構築 22件 / skip 9件
