  2815 OK
  2816 OK
  2817 OK
  2818 OK
  2819 OK
  2820 OK
  2821 OK
  2822 OK
  2823 OK
  2824 OK
  2825 OK
  2826 OK
  2827 OK
  2828 OK
  2829 OK
  2830 OK
  2831 OK
  2832 OK
  2833 OK
  2834 OK
  2835 OK
  2836 OK
  2837 OK
  2838 OK
  2839 OK
  2840 OK
  2841 OK
  2842 OK
  2843 OK
  2844 OK
  2845 OK
  2846 OK
  2847 OK
  2848 OK
  2849 OK
  2850 OK
  2851 OK
  2852 OK
  2853 OK
  2854 OK
  2855 OK
  2856 OK
  2857 OK
  2858 OK
  2859 OK
  2860 OK
  2861 OK
  2862 OK
  2863 OK
  2864 OK
構築 50 件 / skip []

!!!!!!!!!!!!!!!!!!!!!!!!!!!!!!!!!!!!!!!!!!!!!!!!!!!!!!!!!!!!
\u26a0\ufe0f 取りこぼし 1件（買える枠なのに取り込めなかった＝要対応）:
   id2853 [発売前] when='' | 一般発売 ／ 風とロック芋煮会ｉｎ Ｓｅｐｔｅｍｂｅｒ ＪＡＭシャトルバス券＜猪
→ parse_when/kenshu/状態判定にこの表記を足してから再構築すること。
!!!!!!!!!!!!!!!!!!!!!!!!!!!!!!!!!!!!!!!!!!!!!!!!!!!!!!!!!!!!
