  9904 skip(売切)
  9905 skip(売切)
  9906 OK
  9907 skip(売切)
  9908 OK
  9909 skip(売切)
  9910 OK
  9911 skip(売切)
  9912 OK
  9913 skip(売切)
  9914 skip(売切)
  9915 skip(売切)
  9916 skip(売切)
  9917 skip(売切)
  9918 skip(売切)
  9919 skip(売切)
  9920 skip(売切)
  9921 skip(売切)
  9922 skip(売切)
  9923 skip(売切)
  9924 skip(売切)
  9925 skip(売切)
  9926 skip(売切)
  9927 skip(売切)
  9928 skip(売切)
  9929 skip(売切)
  9930 skip(売切)
  9931 skip(売切)
  9932 skip(売切)
  9933 skip(売切)
  9934 skip(売切)
  9935 skip(売切)
  9936 skip(売切)
  9937 skip(売切)
  9938 OK
  9939 OK
  9940 skip(売切)
  9941 skip(売切)
  9942 skip(売切)
  9943 OK
  9944 skip(売切)
  9945 OK
  9946 OK
  9947 skip(売切)
  9948 skip(売切)
  9949 skip(売切)
  9950 skip(売切)
  9951 skip(売切)
  9952 OK
  9953 OK
  9954 OK
  9955 OK
  9956 skip(売切)
  9957 skip(売切)
  9958 skip(売切)
  9959 OK
  9960 skip(売切)
  9961 skip(売切)
  9962 skip(売切)
  9963 OK
  9964 OK
  9965 skip(売切)
  9966 skip(売切)
  9967 skip(売切)
  9968 OK
  9969 skip(売切)
  9970 skip(売切)
  9971 skip(売切)
  9972 skip(売切)
  9973 skip(売切)
  9974 skip(売切)
  9975 skip(売切)
  9976 OK
  9977 skip(売切)
  9978 skip(売切)
  9979 OK
  9980 OK
  9981 OK
  9982 OK
  9983 skip(売切)
  9984 OK
  9985 skip(売切)
  9986 OK
  9987 skip(売切)
  9988 OK
  9989 OK
  9990 skip(売切)
  9991 skip(売切)
  9992 OK
  9993 skip(売切)
  9994 skip(売切)
  9995 skip(売切)
  9996 skip(売切)
  9997 OK
  9998 OK
  9999 OK
  10000 OK
  10001 OK
  10002 OK
  10003 skip(売切)
  10004 skip(売切)
  10005 skip(売切)
  10006 OK
  10007 OK
  10008 skip(売切)
  10009 OK
  10010 skip(売切)
  10011 skip(売切)
  10012 skip(売切)
  10013 skip(売切)
  10014 OK
  10015 OK
  10016 skip(売切)
  10017 OK
  10018 skip(売切)
  10019 OK
  10020 OK
  10021 skip(売切)
  10022 skip(売切)
  10023 skip(売切)
  10024 OK
  10025 OK
  10026 skip(売切)
  10027 OK
  10028 OK
  10029 OK
  10030 skip(売切)
  10031 skip(売切)
  10032 OK
  10033 OK
  10034 skip(売切)
  10035 OK
  10036 skip(売切)
  10037 OK
  10038 OK
  10039 OK
  10040 skip(売切)
  10041 OK
  10042 OK
  10043 skip(売切)
  10044 OK
  10045 OK
  10046 skip(売切)
  10047 skip(売切)
  10048 OK
  10049 skip(売切)
  10050 skip(売切)
  10051 skip(売切)
  10052 OK
  10053 OK
  10054 OK
  10055 skip(売切)
  10056 OK
  10057 OK
  10058 OK
  10059 OK
  10060 skip(売切)
  10061 OK
  10062 OK
  10063 OK
  10064 OK
  10065 skip(売切)
  10066 OK
  10067 OK
  10068 OK
  10069 skip(売切)
  10070 OK
  10071 OK
  10072 skip(売切)
  10073 skip(売切)
  10074 OK
  10075 skip(売切)
  10076 skip(売切)
  10077 skip(売切)
  10078 skip(売切)
  10079 OK
  10080 skip(売切)
  10081 skip(売切)
  10082 skip(売切)
  10083 skip(売切)
  10084 OK
  10085 OK
  10086 OK
  10087 skip(売切)
  10088 OK
  10089 skip(売切)
  10090 skip(売切)
  10091 skip(売切)
  10092 OK
  10093 skip(売切)
  10094 OK
  10095 skip(売切)
  10096 OK
  10097 skip(売切)
  10098 OK
  10099 skip(売切)
  10100 skip(売切)
  10101 OK
  10102 OK
  10103 OK
  10104 OK
  10105 OK
  10106 OK
  10107 skip(売切)
  10108 skip(売切)
  10109 skip(売切)
  10110 OK
  10111 OK
  10112 skip(売切)
  10113 skip(売切)
  10114 OK
  10115 OK
  10116 skip(売切)
  10117 skip(売切)
  10118 skip(売切)
  10119 skip(売切)
  10120 OK
  10121 skip(売切)
  10122 OK
  10123 OK
  10124 skip(売切)
  10125 skip(売切)
  10126 OK
  10127 skip(売切)
  10128 skip(売切)
  10129 skip(売切)
  10130 skip(売切)
  10131 skip(売切)
  10132 skip(売切)
  10133 skip(売切)
  10134 OK
  10135 skip(売切)
  10136 OK
  10137 skip(売切)
  10138 skip(売切)
  10139 OK
  10140 skip(売切)
  10141 OK
  10142 OK
  10143 OK
  10144 skip(売切)
  10145 OK
  10146 skip(売切)
  10147 skip(売切)
  10148 skip(売切)
  10149 skip(売切)
  10150 OK
  10151 skip(売切)
  10152 skip(売切)
  10153 OK
  10154 skip(売切)
  10155 OK
  10156 skip(売切)
  10157 OK
  10158 skip(売切)
  10159 skip(売切)
  10160 skip(売切)
  10161 skip(売切)
  10162 skip(売切)
  10163 skip(売切)
  10164 skip(売切)
  10165 skip(売切)
  10166 skip(売切)
  10167 OK
  10168 skip(売切)
  10169 OK
  10170 OK
  10171 OK
  10172 skip(売切)
  10173 skip(売切)
  10174 skip(売切)
  10175 skip(売切)
  10176 skip(売切)
  10177 OK
  10178 OK
  10179 skip(売切)
  10180 skip(売切)
  10181 skip(売切)
  10182 OK
  10183 OK
  10184 skip(売切)
  10185 OK
  10186 OK
  10187 OK
  10188 skip(売切)
  10189 skip(売切)
  10190 OK
  10191 skip(売切)
  10192 OK
  10193 skip(売切)
  10194 OK
  10195 OK
  10196 OK
  10197 OK
  10198 skip(売切)
  10199 OK
  10200 OK
  10201 skip(売切)
  10202 OK
  10203 skip(売切)
  10204 OK
  10205 skip(売切)
  10206 OK
  10207 OK
  10208 OK
  10209 skip(売切)
  10210 OK
  10211 skip(売切)
  10212 OK
  10213 skip(売切)
  10214 OK
  10215 skip(売切)
  10216 OK
  10217 OK
  10218 OK
  10219 skip(売切)
  10220 OK
  10221 OK
  10222 OK
  10223 OK
  10224 skip(売切)
  10225 OK
  10226 OK
  10227 skip(売切)
  10228 OK
  10229 skip(売切)
  10230 OK
  10231 skip(売切)
  10232 skip(売切)
  10233 skip(売切)
  10234 skip(売切)
  10235 OK
  10236 skip(売切)
  10237 OK
  10238 OK
  10239 OK
  10240 OK
  10241 skip(売切)
  10242 OK
  10243 OK
  10244 OK
  10245 skip(売切)
  10246 OK
  10247 OK
  10248 OK
  10249 skip(売切)
  10250 skip(売切)
  10251 skip(売切)
  10252 skip(売切)
  10253 OK
  10254 OK
  10255 OK
  10256 OK
  10257 OK
  10258 OK
  10259 OK
  10260 skip(売切)
  10261 OK
  10262 OK
  10263 OK
  10264 OK
  10265 OK
  10266 skip(売切)
  10267 skip(売切)
  10268 OK
  10269 OK
  10270 skip(売切)
  10271 OK
  10272 OK
  10273 skip(売切)
  10274 OK
  10275 OK
  10276 skip(売切)
  10277 OK
  10278 OK
  10279 skip(売切)
  10280 skip(売切)
  10281 OK
  10282 OK
  10283 skip(売切)
  10284 OK
  10285 skip(売切)
  10286 skip(売切)
  10287 skip(売切)
  10288 OK
  10289 skip(売切)
  10290 OK
  10291 OK
  10292 OK
  10293 OK
  10294 skip(売切)
  10295 OK
  10296 OK
  10297 skip(売切)
  10298 skip(売切)
  10299 OK
  10300 OK
  10301 OK
  10302 OK
  10303 skip(売切)
  10304 skip(売切)
  10305 OK
  10306 skip(売切)
  10307 OK
  10308 skip(売切)
  10309 OK
  10310 OK
  10311 skip(売切)
  10312 OK
  10313 skip(売切)
  10314 OK
  10315 skip(売切)
  10316 OK
  10317 skip(売切)
  10318 OK
  10319 OK
  10320 skip(売切)
  10321 OK
  10322 OK
  10323 OK
  10324 OK
  10325 skip(売切)
  10326 OK
  10327 skip(売切)
  10328 OK
  10329 skip(売切)
  10330 skip(売切)
  10331 OK
  10332 OK
  10333 OK
  10334 skip(売切)
  10335 skip(売切)
  10336 skip(売切)
  10337 skip(売切)
  10338 OK
  10339 skip(売切)
  10340 OK
  10341 OK
  10342 OK
  10343 OK
  10344 OK
  10345 OK
  10346 skip(売切)
  10347 OK
  10348 skip(売切)
  10349 skip(売切)
  10350 skip(売切)
  10351 OK
  10352 skip(売切)
  10353 skip(売切)
  10354 OK
  10355 skip(売切)
  10356 skip(売切)
  10357 skip(売切)
  10358 skip(売切)
  10359 skip(売切)
  10360 skip(売切)
  10361 OK
  10362 skip(売切)
  10363 OK
  10364 skip(売切)
  10365 skip(売切)
  10366 OK
  10367 OK
  10368 OK
  10369 OK
  10370 OK
  10371 OK
  10372 OK
  10373 OK
  10374 OK
  10375 OK
  10376 OK
  10377 skip(売切)
  10378 OK
  10379 OK
  10380 OK
  10381 OK
  10382 OK
  10383 skip(売切)
  10384 skip(売切)
  10385 OK
  10386 OK
  10387 skip(売切)
  10388 skip(売切)
  10389 skip(売切)
  10390 skip(売切)
  10391 skip(売切)
  10392 OK
  10393 OK
  10394 skip(売切)
  10395 OK
  10396 skip(売切)
  10397 OK
  10398 OK
  10399 OK
  10400 skip(売切)
  10401 OK
  10402 OK
  10403 OK
  10404 OK
  10405 skip(売切)
  10406 OK
  10407 OK
  10408 skip(売切)
  10409 OK
  10410 OK
  10411 skip(売切)
  10412 skip(売切)
  10413 skip(売切)
  10414 skip(売切)
  10415 OK
  10416 OK
  10417 OK
  10418 OK
  10419 OK
  10420 OK
  10421 skip(売切)
  10422 OK
  10423 skip(売切)
  10424 OK
構築 261 件 / skip [9904, 9905, 9907, 9909, 9911, 9913, 9914, 9915, 9916, 9917, 9918, 9919, 9920, 9921, 9922, 9923, 9924, 9925, 9926, 9927, 9928, 9929, 9930, 9931, 9932, 9933, 9934, 9935, 9936, 9937, 9940, 9941, 9942, 9944, 9947, 9948, 9949, 9950, 9951, 9956, 9957, 9958, 9960, 9961, 9962, 9965, 9966, 9967, 9969, 9970, 9971, 9972, 9973, 9974, 9975, 9977, 9978, 9983, 9985, 9987, 9990, 9991, 9993, 9994, 9995, 9996, 10003, 10004, 10005, 10008, 10010, 10011, 10012, 10013, 10016, 10018, 10021, 10022, 10023, 10026, 10030, 10031, 10034, 10036, 10040, 10043, 10046, 10047, 10049, 10050, 10051, 10055, 10060, 10065, 10069, 10072, 10073, 10075, 10076, 10077, 10078, 10080, 10081, 10082, 10083, 10087, 10089, 10090, 10091, 10093, 10095, 10097, 10099, 10100, 10107, 10108, 10109, 10112, 10113, 10116, 10117, 10118, 10119, 10121, 10124, 10125, 10127, 10128, 10129, 10130, 10131, 10132, 10133, 10135, 10137, 10138, 10140, 10144, 10146, 10147, 10148, 10149, 10151, 10152, 10154, 10156, 10158, 10159, 10160, 10161, 10162, 10163, 10164, 10165, 10166, 10168, 10172, 10173, 10174, 10175, 10176, 10179, 10180, 10181, 10184, 10188, 10189, 10191, 10193, 10198, 10201, 10203, 10205, 10209, 10211, 10213, 10215, 10219, 10224, 10227, 10229, 10231, 10232, 10233, 10234, 10236, 10241, 10245, 10249, 10250, 10251, 10252, 10260, 10266, 10267, 10270, 10273, 10276, 10279, 10280, 10283, 10285, 10286, 10287, 10289, 10294, 10297, 10298, 10303, 10304, 10306, 10308, 10311, 10313, 10315, 10317, 10320, 10325, 10327, 10329, 10330, 10334, 10335, 10336, 10337, 10339, 10346, 10348, 10349, 10350, 10352, 10353, 10355, 10356, 10357, 10358, 10359, 10360, 10362, 10364, 10365, 10377, 10383, 10384, 10387, 10388, 10389, 10390, 10391, 10394, 10396, 10400, 10405, 10408, 10411, 10412, 10413, 10414, 10421, 10423]

!!!!!!!!!!!!!!!!!!!!!!!!!!!!!!!!!!!!!!!!!!!!!!!!!!!!!!!!!!!!
⚠️ 取りこぼし 2件（買える枠なのに取り込めなかった＝要対応）:
   id10164 [FETCH-ERR] when='ぴあが混雑ページに飛ばした（券種は読めていない）: http://sorry.pia.jp/nt2/pia/?mark=type-L10' | https://ticket.pia.jp/pia/event.do?eventCd=2617341
   id10350 [FETCH-ERR] when='ぴあが混雑ページに飛ばした（券種は読めていない）: http://sorry.pia.jp/nt2/pia/?mark=type-L10' | https://ticket.pia.jp/pia/event.do?eventCd=2630029
→ parse_when/kenshu/状態判定にこの表記を足してから再構築すること。
!!!!!!!!!!!!!!!!!!!!!!!!!!!!!!!!!!!!!!!!!!!!!!!!!!!!!!!!!!!!
