  5852 skip(売切)
  5853 skip(売切)
  5854 OK
  5855 OK
  5856 skip(売切)
  5857 OK
  5858 OK
  5859 OK
  5860 skip(売切)
  5861 OK
  5862 OK
  5863 OK
  5864 skip(売切)
  5865 OK
  5866 OK
  5867 OK
  5868 skip(売切)
  5869 skip(売切)
  5870 OK
  5871 OK
  5872 OK
  5873 OK
  5874 OK
  5875 skip(売切)
  5876 OK
  5877 OK
  5878 OK
  5879 OK
  5880 OK
  5881 skip(売切)
  5882 OK
  5883 skip(売切)
  5884 OK
  5885 skip(売切)
  5886 OK
  5887 OK
  5888 OK
  5889 OK
  5890 OK
  5891 OK
  5892 OK
  5893 OK
  5894 OK
  5895 OK
  5896 OK
  5897 skip(売切)
  5898 OK
  5899 OK
  5900 OK
  5901 OK
  5902 OK
  5903 skip(売切)
  5904 OK
  5905 OK
  5906 OK
  5907 OK
  5908 OK
  5909 OK
  5910 OK
  5911 skip(売切)
  5912 OK
  5913 OK
  5914 OK
  5915 OK
  5916 OK
  5917 OK
  5918 OK
  5919 OK
  5920 OK
  5921 OK
  5922 OK
  5923 skip(売切)
  5924 OK
  5925 OK
  5926 OK
  5927 OK
  5928 OK
  5929 OK
  5930 OK
  5931 skip(売切)
  5932 OK
  5933 skip(売切)
  5934 OK
  5935 OK
  5936 skip(売切)
  5937 OK
  5938 OK
  5939 OK
  5940 OK
  5941 OK
  5942 OK
  5943 OK
  5944 OK
  5945 skip(売切)
  5946 OK
  5947 OK
  5948 OK
  5949 OK
  5950 skip(売切)
  5951 OK
構築 80 件 / skip [5852, 5853, 5856, 5860, 5864, 5868, 5869, 5875, 5881, 5883, 5885, 5897, 5903, 5911, 5923, 5931, 5933, 5936, 5945, 5950]

!!!!!!!!!!!!!!!!!!!!!!!!!!!!!!!!!!!!!!!!!!!!!!!!!!!!!!!!!!!!
\u26a0\ufe0f 取りこぼし 4件（買える枠なのに取り込めなかった＝要対応）:
   id5868 [FETCH-ERR] when='ぴあが混雑ページに飛ばした（券種は読めていない）: http://sorry.pia.jp/nt2/pia/?mark=type-L10' | https://t.pia.jp/pia/event/event.do?eventCd=2625809
   id5881 [FETCH-ERR] when='ぴあが混雑ページに飛ばした（券種は読めていない）: http://sorry.pia.jp/nt2/pia/?mark=type-L10' | https://t.pia.jp/pia/event/event.do?eventCd=2627910
   id5923 [FETCH-ERR] when='ぴあが混雑ページに飛ばした（券種は読めていない）: http://sorry.pia.jp/nt2/pia/?mark=type-L10' | https://t.pia.jp/pia/event/event.do?eventCd=2620469
   id5931 [FETCH-ERR] when='ぴあが混雑ページに飛ばした（券種は読めていない）: http://sorry.pia.jp/nt2/pia/?mark=type-L10' | https://t.pia.jp/pia/event/event.do?eventCd=2618223
→ parse_when/kenshu/状態判定にこの表記を足してから再構築すること。
!!!!!!!!!!!!!!!!!!!!!!!!!!!!!!!!!!!!!!!!!!!!!!!!!!!!!!!!!!!!
