python :   7508 OK
At line:1 char:333
+ ... ds_0909.py; python tools/build_pia_entries.py tmp/new_cand_0909.j
son  ...
+                 ~~~~~~~~~~~~~~~~~~~~~~~~~~~~~~~~~~~~~~~~~~~~~~~~~~~~~
~~~~
    + CategoryInfo          : NotSpecified: (  7508 OK:String) [], Rem 
   oteException
    + FullyQualifiedErrorId : NativeCommandError
 
  7509 OK
  7510 OK
  7511 OK
  7512 OK
  7513 OK
  7514 OK
  7515 OK
  7516 OK
  7517 OK
  7518 OK
  7519 OK
  7520 OK
  7521 OK
  7522 OK
  7523 OK
  7524 OK
  7525 OK
  7526 OK
  7527 OK
  7528 OK
  7529 OK
  7530 OK
  7531 OK
  7532 OK
  7533 OK
  7534 OK
  7535 OK
  7536 OK
  7537 OK
  7538 OK
  7539 OK
  7540 OK
  7541 OK
  7542 OK
  7543 OK
  7544 OK
  7545 OK
  7546 OK
  7547 OK
  7548 OK
  7549 OK
  7550 OK
  7551 OK
  7552 OK
  7553 OK
  7554 OK
  7555 OK
  7556 OK
  7557 OK
  7558 OK
  7559 OK
  7560 OK
  7561 OK
  7562 OK
  7563 OK
  7564 OK
  7565 OK
  7566 OK
  7567 OK
  7568 OK
  7569 OK
  7570 OK
  7571 OK
  7572 OK
  7573 OK
  7574 OK
  7575 OK
  7576 OK
  7577 OK
  7578 OK
  7579 OK
  7580 OK
  7581 OK
構築 74 件 / skip []
