  4943 OK
  4944 OK
  4945 OK
  4946 skip(売切)
  4947 OK
  4948 OK
  4949 OK
  4950 OK
  4951 OK
  4952 OK
  4953 OK
  4954 OK
  4955 OK
  4956 OK
  4957 OK
  4958 OK
  4959 OK
  4960 OK
  4961 OK
  4962 OK
  4963 OK
  4964 OK
  4965 OK
  4966 OK
  4967 OK
  4968 OK
  4969 OK
  4970 OK
  4971 OK
  4972 OK
  4973 OK
  4974 OK
  4975 OK
  4976 OK
  4977 OK
  4978 OK
  4979 OK
  4980 OK
  4981 OK
  4982 OK
  4983 OK
  4984 OK
  4985 OK
  4986 OK
  4987 OK
  4988 OK
  4989 OK
  4990 OK
  4991 OK
  4992 OK
  4993 OK
  4994 OK
  4995 OK
  4996 OK
  4997 OK
  4998 OK
  4999 OK
  5000 OK
  5001 OK
  5002 OK
  5003 OK
  5004 OK
  5005 OK
  5006 OK
  5007 OK
  5008 OK
  5009 OK
  5010 OK
  5011 OK
  5012 OK
  5013 skip(売切)
  5014 OK
  5015 OK
  5016 OK
  5017 OK
  5018 OK
  5019 OK
  5020 OK
  5021 OK
  5022 OK
  5023 OK
  5024 OK
  5025 OK
  5026 OK
  5027 OK
  5028 OK
  5029 OK
  5030 OK
  5031 OK
  5032 OK
  5033 OK
  5034 OK
  5035 OK
  5036 OK
  5037 OK
  5038 OK
  5039 OK
  5040 OK
  5041 OK
  5042 OK
構築 98 件 / skip [4946, 5013]

\u26a0\ufe0f PIA_GENRE_MAP 未収載のサブカテゴリ 5件（下書きは名前fallback＝要確認）:
   id5000 [イベント/学園祭] → _genre=engeki | 仲里依紗 トークショー
   id5003 [イベント/マジック・イリュージョン] → _genre=engeki | プリンセス天功と楽しい仲間たち
   id5011 [イベント/学園祭] → _genre=engeki | 花江夏樹
   id5014 [イベント/ショー・ファンイベント] → _genre=engeki | RAY YUZUKA AUTUMN EVENT 2026 “Salon de R
   id5026 [音楽/フェスティバル] → _genre=engeki | ＭＯＮＳＴＥＲ ｂａＳＨ ２０２６ ＜クロークチケット＞
→ 正しければ PIA_GENRE_MAP に足すこと（次回から自動で当たる）。

!!!!!!!!!!!!!!!!!!!!!!!!!!!!!!!!!!!!!!!!!!!!!!!!!!!!!!!!!!!!
\u26a0\ufe0f 取りこぼし 1件（買える枠なのに取り込めなかった＝要対応）:
   id4946 [FETCH-ERR] when='ぴあが混雑ページに飛ばした（券種は読めていない）: http://sorry.pia.jp/nt2/pia/?mark=type-L10' | https://ticket.pia.jp/pia/event.do?eventCd=2631891
→ parse_when/kenshu/状態判定にこの表記を足してから再構築すること。
!!!!!!!!!!!!!!!!!!!!!!!!!!!!!!!!!!!!!!!!!!!!!!!!!!!!!!!!!!!!
