  3398 OK
  4051 OK
  4099 OK
  4107 OK
  4113 OK
  4150 OK
  4166 OK
  4387 OK
  4407 OK
  4439 OK
  4953 OK
  4955 OK
  4958 OK
  5017 OK
  5578 OK
  5636 skip(売切)
  5669 OK
  6614 OK
  6906 OK
構築 18 件 / skip [5636]

!!!!!!!!!!!!!!!!!!!!!!!!!!!!!!!!!!!!!!!!!!!!!!!!!!!!!!!!!!!!
⚠️ 取りこぼし 1件（買える枠なのに取り込めなかった＝要対応）:
   id5636 [FETCH-ERR] when='ぴあが混雑ページに飛ばした（券種は読めていない）: http://sorry.pia.jp/nt2/pia/?mark=type-L10' | https://t.pia.jp/pia/event/event.do?eventCd=2633207
→ parse_when/kenshu/状態判定にこの表記を足してから再構築すること。
!!!!!!!!!!!!!!!!!!!!!!!!!!!!!!!!!!!!!!!!!!!!!!!!!!!!!!!!!!!!
