  7098 OK
  7099 OK
  7100 OK
  7101 OK
  7102 OK
  7103 OK
  7104 OK
  7105 OK
  7106 OK
  7107 OK
  7108 OK
  7109 OK
  7110 OK
  7111 OK
  7112 OK
  7113 OK
  7114 OK
  7115 OK
  7116 OK
  7117 OK
  7118 OK
  7119 OK
  7120 OK
  7121 OK
  7122 OK
  7123 OK
  7124 OK
  7125 OK
  7126 OK
  7127 OK
  7128 OK
  7129 skip(売切)
  7130 OK
  7131 OK
  7132 OK
  7133 OK
  7134 OK
  7135 OK
  7136 OK
  7137 OK
  7138 OK
  7139 OK
  7140 OK
  7141 skip(売切)
  7142 OK
  7143 OK
  7144 OK
  7145 OK
  7146 OK
  7147 OK
  7148 OK
  7149 OK
  7150 OK
  7151 OK
  7152 OK
  7153 OK
  7154 OK
  7155 OK
  7156 OK
  7157 OK
  7158 OK
  7159 OK
  7160 OK
  7161 OK
構築 62 件 / skip [7129, 7141]

!!!!!!!!!!!!!!!!!!!!!!!!!!!!!!!!!!!!!!!!!!!!!!!!!!!!!!!!!!!!
\u26a0\ufe0f 取りこぼし 1件（買える枠なのに取り込めなかった＝要対応）:
   id7152 [発売前] when='' | 一般発売 ／ 中部フィルハーモニー交響楽団 室内楽シリーズＶｏｌ．６
→ parse_when/kenshu/状態判定にこの表記を足してから再構築すること。
!!!!!!!!!!!!!!!!!!!!!!!!!!!!!!!!!!!!!!!!!!!!!!!!!!!!!!!!!!!!
