  4119 OK
  4120 OK
  4121 OK
  4122 skip(売切)
  4123 OK
  4124 OK
  4125 OK
  4126 OK
  4127 OK
  4128 OK
  4129 OK
  4130 OK
  4131 skip(売切)
  4132 OK
  4133 OK
  4134 OK
  4135 OK
  4136 skip(売切)
  4137 OK
  4138 skip(売切)
  4139 OK
  4140 OK
  4141 OK
  4142 OK
  4143 OK
  4144 OK
  4145 OK
  4146 OK
  4147 skip(売切)
  4148 OK
  4149 OK
  4150 OK
  4151 OK
  4152 OK
  4153 OK
  4154 OK
  4155 OK
  4156 OK
  4157 OK
  4158 OK
  4159 OK
  4160 OK
  4161 OK
  4162 skip(売切)
  4163 OK
  4164 OK
構築 40 件 / skip [4122, 4131, 4136, 4138, 4147, 4162]

\u26a0\ufe0f PIA_GENRE_MAP 未収載のサブカテゴリ 1件（下書きは名前fallback＝要確認）:
   id4151 [音楽/フェスティバル] → _genre=engeki | ITAMI GREENJAM’26
→ 正しければ PIA_GENRE_MAP に足すこと（次回から自動で当たる）。

!!!!!!!!!!!!!!!!!!!!!!!!!!!!!!!!!!!!!!!!!!!!!!!!!!!!!!!!!!!!
\u26a0\ufe0f 取りこぼし 1件（買える枠なのに取り込めなかった＝要対応）:
   id4126 [発売前] when='' | 一般発売【８／１（土）熊本公演】 ／ 吉川晃司
→ parse_when/kenshu/状態判定にこの表記を足してから再構築すること。
!!!!!!!!!!!!!!!!!!!!!!!!!!!!!!!!!!!!!!!!!!!!!!!!!!!!!!!!!!!!
