  8049 OK
  8050 OK
  8051 OK
  8052 OK
  8053 OK
  8054 OK
  8055 OK
  8056 OK
  8057 skip(売切)
  8058 OK
  8059 skip(売切)
  8060 skip(売切)
  8061 OK
  8062 OK
  8063 OK
  8064 OK
  8065 OK
  8066 OK
  8067 skip(売切)
  8068 skip(売切)
  8069 OK
  8070 OK
  8071 OK
  8072 OK
  8073 skip(売切)
  8074 OK
  8075 OK
  8076 OK
  8077 OK
  8078 skip(売切)
  8079 skip(売切)
  8080 OK
  8081 skip(売切)
  8082 skip(売切)
  8083 OK
  8084 skip(売切)
  8085 skip(売切)
  8086 OK
  8087 OK
  8088 OK
  8089 skip(売切)
  8090 OK
  8091 OK
  8092 OK
  8093 OK
  8094 OK
  8095 skip(売切)
  8096 skip(売切)
  8097 OK
  8098 OK
  8099 skip(売切)
  8100 skip(売切)
  8101 OK
  8102 OK
  8103 OK
  8104 OK
  8105 OK
  8106 OK
  8107 OK
  8108 skip(売切)
  8109 OK
  8110 OK
  8111 skip(売切)
  8112 skip(売切)
  8113 OK
  8114 skip(売切)
  8115 OK
  8116 skip(売切)
  8117 OK
  8118 OK
  8119 OK
  8120 OK
  8121 OK
  8122 skip(売切)
  8123 OK
  8124 OK
  8125 OK
  8126 skip(売切)
  8127 skip(売切)
  8128 skip(売切)
  8129 OK
  8130 OK
  8131 skip(売切)
  8132 skip(売切)
  8133 OK
  8134 skip(売切)
  8135 OK
  8136 OK
  8137 OK
  8138 skip(売切)
  8139 OK
  8140 OK
  8141 skip(売切)
  8142 skip(売切)
  8143 OK
  8144 OK
  8145 OK
  8146 OK
  8147 OK
  8148 skip(売切)
構築 67 件 / skip [8057, 8059, 8060, 8067, 8068, 8073, 8078, 8079, 8081, 8082, 8084, 8085, 8089, 8095, 8096, 8099, 8100, 8108, 8111, 8112, 8114, 8116, 8122, 8126, 8127, 8128, 8131, 8132, 8134, 8138, 8141, 8142, 8148]

!!!!!!!!!!!!!!!!!!!!!!!!!!!!!!!!!!!!!!!!!!!!!!!!!!!!!!!!!!!!
⚠️ 取りこぼし 3件（買える枠なのに取り込めなかった＝要対応）:
   id8079 [FETCH-ERR] when='ぴあが混雑ページに飛ばした（券種は読めていない）: http://sorry.pia.jp/nt2/pia/?mark=type-L10' | https://ticket.pia.jp/pia/event.do?eventCd=2618498
   id8102 [発売前] when='' | 早割２次先行 ／ ＦＩＥＬＤＳ ＳＯ ＧＯＯＤ ２０２６
   id8102 [発売前] when='' | 一般発売 ／ ＦＩＥＬＤＳ ＳＯ ＧＯＯＤ ２０２６
→ parse_when/kenshu/状態判定にこの表記を足してから再構築すること。
!!!!!!!!!!!!!!!!!!!!!!!!!!!!!!!!!!!!!!!!!!!!!!!!!!!!!!!!!!!!
