  4226 OK
  4227 OK
  4228 OK
  4229 OK
  4230 OK
  4231 OK
  4232 OK
  4233 OK
  4234 OK
  4235 OK
  4236 OK
  4237 OK
  4238 OK
  4239 OK
  4240 OK
  4241 OK
  4242 OK
  4243 OK
  4244 OK
  4245 OK
  4246 OK
  4247 OK
  4248 OK
  4249 OK
  4250 OK
  4251 OK
  4252 OK
  4253 OK
  4254 OK
  4255 OK
  4256 OK
  4257 OK
  4258 OK
  4259 OK
  4260 OK
  4261 OK
  4262 OK
  4263 OK
  4264 OK
  4265 OK
  4266 OK
  4267 OK
  4268 OK
  4269 OK
  4270 OK
  4271 OK
  4272 OK
  4273 OK
  4274 OK
  4275 OK
構築 50 件 / skip []

\u26a0\ufe0f PIA_GENRE_MAP 未収載のサブカテゴリ 2件（下書きは名前fallback＝要確認）:
   id4258 [イベント/ショー・ファンイベント] → _genre=engeki | ｓｉｒｕｋｏ Ｆａｎ Ｍｅｅｔｉｎｇ Ｔｏｕｒ ２０２６ しるこの部屋～みんなで
   id4259 [イベント/ショー・ファンイベント] → _genre=engeki | ≪当選者限定≫佐藤大樹 ２ｎｄ写真集『Ｉｎ Ｍｏｔｉｏｎ』発売記念 in 台北
→ 正しければ PIA_GENRE_MAP に足すこと（次回から自動で当たる）。
