  5201 OK
  5202 OK
  5203 OK
  5204 OK
  5205 OK
  5206 OK
  5207 OK
  5208 OK
  5209 OK
  5210 OK
  5211 OK
  5212 OK
  5213 OK
  5214 OK
  5215 OK
  5216 OK
  5217 OK
  5218 OK
  5219 OK
  5220 OK
  5221 OK
  5222 OK
  5223 OK
  5224 OK
  5225 OK
  5226 OK
  5227 OK
  5228 OK
  5229 OK
  5230 OK
  5231 OK
  5232 skip(売切)
  5233 OK
  5234 OK
  5235 OK
  5236 OK
  5237 OK
  5238 OK
  5239 OK
  5240 OK
  5241 OK
  5242 OK
  5243 OK
  5244 OK
  5245 OK
  5246 skip(売切)
  5247 OK
  5248 OK
  5249 OK
  5250 OK
  5251 OK
  5252 OK
  5253 OK
  5254 OK
  5255 OK
  5256 OK
  5257 OK
  5258 OK
  5259 OK
  5260 OK
  5261 OK
  5262 skip(売切)
  5263 skip(売切)
  5264 OK
  5265 OK
  5266 OK
  5267 OK
  5268 OK
  5269 skip(売切)
  5270 OK
  5271 OK
  5272 OK
  5273 OK
  5274 OK
  5275 skip(売切)
  5276 OK
  5277 skip(売切)
  5278 OK
  5279 skip(売切)
  5280 OK
  5281 OK
  5282 OK
  5283 skip(売切)
  5284 OK
  5285 skip(売切)
  5286 OK
  5287 OK
  5288 OK
  5289 skip(売切)
  5290 OK
  5291 OK
  5292 OK
  5293 OK
  5294 OK
  5295 OK
  5296 OK
  5297 skip(売切)
  5298 OK
  5299 OK
  5300 OK
構築 88 件 / skip [5232, 5246, 5262, 5263, 5269, 5275, 5277, 5279, 5283, 5285, 5289, 5297]

!!!!!!!!!!!!!!!!!!!!!!!!!!!!!!!!!!!!!!!!!!!!!!!!!!!!!!!!!!!!
\u26a0\ufe0f 取りこぼし 2件（買える枠なのに取り込めなかった＝要対応）:
   id5232 [FETCH-ERR] when='ぴあが混雑ページに飛ばした（券種は読めていない）: http://sorry.pia.jp/nt2/pia/?mark=type-L10' | https://ticket.pia.jp/pia/event.do?eventCd=2633858
   id5277 [FETCH-ERR] when='ぴあが混雑ページに飛ばした（券種は読めていない）: http://sorry.pia.jp/nt2/pia/?mark=type-L10' | https://ticket.pia.jp/pia/event.do?eventCd=2621077
→ parse_when/kenshu/状態判定にこの表記を足してから再構築すること。
!!!!!!!!!!!!!!!!!!!!!!!!!!!!!!!!!!!!!!!!!!!!!!!!!!!!!!!!!!!!
