  4892 OK
  4893 OK
  4894 OK
  4895 OK
  4896 OK
  4897 OK
  4898 OK
  4899 OK
  4900 OK
  4901 OK
  4902 OK
  4903 OK
  4904 OK
  4905 OK
  4906 OK
  4907 OK
  4908 OK
  4909 OK
  4910 OK
  4911 OK
  4912 OK
  4913 OK
  4914 OK
  4915 OK
  4916 OK
  4917 OK
  4918 OK
  4919 OK
  4920 OK
  4921 OK
  4922 OK
  4923 OK
  4924 OK
  4925 OK
  4926 OK
  4927 OK
  4928 OK
  4929 OK
  4930 OK
  4931 skip(売切)
  4932 OK
  4933 OK
  4934 OK
  4935 OK
  4936 OK
  4937 OK
  4938 OK
  4939 OK
  4940 OK
  4941 OK
構築 49 件 / skip [4931]

!!!!!!!!!!!!!!!!!!!!!!!!!!!!!!!!!!!!!!!!!!!!!!!!!!!!!!!!!!!!
\u26a0\ufe0f 取りこぼし 1件（買える枠なのに取り込めなかった＝要対応）:
   id4931 [FETCH-ERR] when='ぴあが混雑ページに飛ばした（券種は読めていない）: http://sorry.pia.jp/nt2/pia/?mark=type-L10' | https://ticket.pia.jp/pia/event.do?eventCd=2605290
→ parse_when/kenshu/状態判定にこの表記を足してから再構築すること。
!!!!!!!!!!!!!!!!!!!!!!!!!!!!!!!!!!!!!!!!!!!!!!!!!!!!!!!!!!!!
