python :   3877 OK
At line:1 char:302
+ ... tch {} } }; python tools/build_pia_entries.py tmp/cand_new.json >
 tmp ...
+                 ~~~~~~~~~~~~~~~~~~~~~~~~~~~~~~~~~~~~~~~~~~~~~~~~~~~~~
~~~~
    + CategoryInfo          : NotSpecified: (  3877 OK:String) [], Rem 
   oteException
    + FullyQualifiedErrorId : NativeCommandError
 
  3878 OK
  3879 OK
  3880 OK
  3881 OK
  3882 OK
  3883 OK
  3884 OK
  3885 OK
  3886 OK
  3887 OK
  3888 OK
  3889 OK
  3890 OK
  3891 OK
  3892 OK
  3893 OK
  3894 OK
  3895 OK
  3896 OK
  3897 OK
  3898 OK
  3899 OK
  3900 OK
  3901 OK
  3902 OK
  3903 OK
  3904 OK
  3905 OK
  3906 OK
  3907 OK
  3908 OK
  3909 OK
  3910 OK
  3911 OK
  3912 OK
  3913 OK
  3914 OK
  3915 OK
  3916 OK
  3917 OK
  3918 OK
  3919 OK
  3920 OK
  3921 OK
  3922 OK
  3923 OK
  3924 OK
  3925 OK
  3926 OK
構築 50 件 / skip []
