  10502 skip(売切)
  10503 skip(売切)
  10504 skip(売切)
  10505 skip(売切)
  10506 OK
  10507 skip(売切)
  10508 skip(売切)
  10509 skip(売切)
  10510 skip(売切)
  10511 skip(売切)
  10512 skip(売切)
  10513 skip(売切)
  10514 skip(売切)
  10515 skip(売切)
  10516 skip(売切)
  10517 skip(売切)
  10518 skip(売切)
  10519 skip(売切)
  10520 skip(売切)
  10521 skip(売切)
  10522 skip(売切)
  10523 skip(売切)
  10524 OK
  10525 skip(売切)
  10526 skip(売切)
  10527 OK
  10528 skip(売切)
  10529 skip(売切)
  10530 skip(売切)
  10531 skip(売切)
  10532 skip(売切)
  10533 skip(売切)
  10534 skip(売切)
  10535 skip(売切)
  10536 OK
  10537 skip(売切)
  10538 skip(売切)
  10539 skip(売切)
  10540 skip(売切)
  10541 skip(売切)
  10542 skip(売切)
  10543 skip(売切)
  10544 skip(売切)
  10545 skip(売切)
  10546 skip(売切)
  10547 skip(売切)
  10548 skip(売切)
  10549 skip(売切)
  10550 skip(売切)
  10551 OK
  10552 skip(売切)
  10553 skip(売切)
  10554 skip(売切)
  10555 skip(売切)
  10556 skip(売切)
  10557 skip(売切)
  10558 skip(売切)
  10559 skip(売切)
  10560 skip(売切)
  10561 skip(売切)
  10562 skip(売切)
  10563 skip(売切)
  10564 skip(売切)
  10565 skip(売切)
  10566 skip(売切)
  10567 skip(売切)
  10568 skip(売切)
  10569 skip(売切)
  10570 skip(売切)
  10571 skip(売切)
  10572 skip(売切)
  10573 skip(売切)
  10574 OK
  10575 skip(売切)
  10576 skip(売切)
  10577 skip(売切)
  10578 skip(売切)
  10579 skip(売切)
  10580 skip(売切)
  10581 skip(売切)
  10582 skip(売切)
  10583 skip(売切)
  10584 skip(売切)
  10585 skip(売切)
  10586 skip(売切)
  10587 skip(売切)
  10588 skip(売切)
  10589 skip(売切)
  10590 skip(売切)
  10591 skip(売切)
  10592 skip(売切)
  10593 skip(売切)
  10594 skip(売切)
  10595 skip(売切)
  10596 skip(売切)
  10597 skip(売切)
  10598 skip(売切)
  10599 skip(売切)
  10600 skip(売切)
  10601 skip(売切)
  10602 skip(売切)
  10603 skip(売切)
  10604 skip(売切)
  10605 skip(売切)
  10606 skip(売切)
  10607 skip(売切)
  10608 skip(売切)
  10609 skip(売切)
  10610 skip(売切)
  10611 skip(売切)
  10612 skip(売切)
  10613 skip(売切)
  10614 skip(売切)
  10615 skip(売切)
  10616 OK
  10617 OK
  10618 OK
  10619 skip(売切)
  10620 skip(売切)
  10621 skip(売切)
  10622 skip(売切)
  10623 skip(売切)
  10624 OK
  10625 skip(売切)
  10626 skip(売切)
  10627 skip(売切)
  10628 OK
  10629 skip(売切)
  10630 skip(売切)
  10631 OK
  10632 skip(売切)
  10633 skip(売切)
  10634 skip(売切)
  10635 skip(売切)
  10636 skip(売切)
  10637 OK
  10638 OK
  10639 skip(売切)
  10640 skip(売切)
  10641 skip(売切)
  10642 skip(売切)
  10643 skip(売切)
  10644 skip(売切)
  10645 skip(売切)
  10646 skip(売切)
  10647 OK
  10648 skip(売切)
  10649 skip(売切)
  10650 skip(売切)
  10651 skip(売切)
  10652 OK
  10653 skip(売切)
  10654 skip(売切)
  10655 skip(売切)
  10656 skip(売切)
  10657 skip(売切)
  10658 skip(売切)
  10659 OK
  10660 skip(売切)
  10661 OK
  10662 OK
  10663 skip(売切)
  10664 skip(売切)
  10665 skip(売切)
  10666 skip(売切)
  10667 OK
  10668 skip(売切)
  10669 skip(売切)
  10670 skip(売切)
  10671 skip(売切)
  10672 skip(売切)
  10673 skip(売切)
  10674 OK
  10675 skip(売切)
  10676 skip(売切)
  10677 skip(売切)
  10678 skip(売切)
  10679 skip(売切)
  10680 skip(売切)
  10681 skip(売切)
  10682 skip(売切)
  10683 skip(売切)
  10684 skip(売切)
  10685 skip(売切)
  10686 OK
  10687 skip(売切)
  10688 skip(売切)
  10689 skip(売切)
  10690 skip(売切)
  10691 skip(売切)
  10692 skip(売切)
  10693 skip(売切)
  10694 skip(売切)
  10695 skip(売切)
  10696 skip(売切)
  10697 skip(売切)
  10698 skip(売切)
  10699 skip(売切)
  10700 skip(売切)
  10701 skip(売切)
  10702 skip(売切)
  10703 skip(売切)
  10704 skip(売切)
  10705 skip(売切)
  10706 skip(売切)
  10707 OK
  10708 skip(売切)
  10709 skip(売切)
  10710 skip(売切)
  10711 skip(売切)
  10712 skip(売切)
  10713 skip(売切)
  10714 skip(売切)
  10715 skip(売切)
  10716 skip(売切)
構築 23 件 / skip [10502, 10503, 10504, 10505, 10507, 10508, 10509, 10510, 10511, 10512, 10513, 10514, 10515, 10516, 10517, 10518, 10519, 10520, 10521, 10522, 10523, 10525, 10526, 10528, 10529, 10530, 10531, 10532, 10533, 10534, 10535, 10537, 10538, 10539, 10540, 10541, 10542, 10543, 10544, 10545, 10546, 10547, 10548, 10549, 10550, 10552, 10553, 10554, 10555, 10556, 10557, 10558, 10559, 10560, 10561, 10562, 10563, 10564, 10565, 10566, 10567, 10568, 10569, 10570, 10571, 10572, 10573, 10575, 10576, 10577, 10578, 10579, 10580, 10581, 10582, 10583, 10584, 10585, 10586, 10587, 10588, 10589, 10590, 10591, 10592, 10593, 10594, 10595, 10596, 10597, 10598, 10599, 10600, 10601, 10602, 10603, 10604, 10605, 10606, 10607, 10608, 10609, 10610, 10611, 10612, 10613, 10614, 10615, 10619, 10620, 10621, 10622, 10623, 10625, 10626, 10627, 10629, 10630, 10632, 10633, 10634, 10635, 10636, 10639, 10640, 10641, 10642, 10643, 10644, 10645, 10646, 10648, 10649, 10650, 10651, 10653, 10654, 10655, 10656, 10657, 10658, 10660, 10663, 10664, 10665, 10666, 10668, 10669, 10670, 10671, 10672, 10673, 10675, 10676, 10677, 10678, 10679, 10680, 10681, 10682, 10683, 10684, 10685, 10687, 10688, 10689, 10690, 10691, 10692, 10693, 10694, 10695, 10696, 10697, 10698, 10699, 10700, 10701, 10702, 10703, 10704, 10705, 10706, 10708, 10709, 10710, 10711, 10712, 10713, 10714, 10715, 10716]

!!!!!!!!!!!!!!!!!!!!!!!!!!!!!!!!!!!!!!!!!!!!!!!!!!!!!!!!!!!!
⚠️ 取りこぼし 3件（買える枠なのに取り込めなかった＝要対応）:
   id10588 [FETCH-ERR] when='ぴあが混雑ページに飛ばした（券種は読めていない）: http://sorry.pia.jp/nt2/pia/?mark=type-L10' | https://ticket.pia.jp/pia/event.do?eventCd=2602488
   id10627 [FETCH-ERR] when='ぴあが混雑ページに飛ばした（券種は読めていない）: http://sorry.pia.jp/nt2/pia/?mark=type-L10' | https://ticket.pia.jp/pia/event.do?eventCd=2636890
   id10690 [FETCH-ERR] when='ぴあが混雑ページに飛ばした（券種は読めていない）: http://sorry.pia.jp/nt2/pia/?mark=type-L10' | https://ticket.pia.jp/pia/event.do?eventCd=2604009
→ parse_when/kenshu/状態判定にこの表記を足してから再構築すること。
!!!!!!!!!!!!!!!!!!!!!!!!!!!!!!!!!!!!!!!!!!!!!!!!!!!!!!!!!!!!
