  4492 OK
  4493 OK
  4496 OK
  4498 OK
  4499 OK
  4504 OK
  4505 skip(売切)
  4507 OK
  4508 OK
  4509 OK
  4510 OK
  4511 OK
  4512 OK
  4513 OK
  4515 OK
  4517 OK
  4519 OK
  4520 OK
  4521 OK
  4525 OK
  4526 OK
  4528 OK
  4530 OK
  4537 OK
  4538 OK
構築 24 件 / skip [4505]

\u26a0\ufe0f PIA_GENRE_MAP 未収載のサブカテゴリ 1件（下書きは名前fallback＝要確認）:
   id4521 [イベント/学園祭] → _genre=engeki | ｙａｍａ
→ 正しければ PIA_GENRE_MAP に足すこと（次回から自動で当たる）。

!!!!!!!!!!!!!!!!!!!!!!!!!!!!!!!!!!!!!!!!!!!!!!!!!!!!!!!!!!!!
\u26a0\ufe0f 取りこぼし 1件（買える枠なのに取り込めなかった＝要対応）:
   id4505 [FETCH-ERR] when='ぴあが混雑ページに飛ばした（券種は読めていない）: http://sorry.pia.jp/nt2/pia/?mark=type-L10' | https://t.pia.jp/pia/event/event.do?eventCd=2623842
→ parse_when/kenshu/状態判定にこの表記を足してから再構築すること。
!!!!!!!!!!!!!!!!!!!!!!!!!!!!!!!!!!!!!!!!!!!!!!!!!!!!!!!!!!!!
