  4326 OK
  4327 OK
  4328 OK
  4329 OK
  4330 OK
  4331 OK
  4332 OK
  4333 OK
  4334 OK
  4335 OK
  4336 OK
  4337 OK
  4338 OK
  4339 OK
  4340 OK
  4341 OK
  4342 OK
  4343 OK
  4344 OK
  4345 OK
  4346 OK
  4347 OK
  4348 OK
  4349 OK
  4350 OK
  4351 OK
  4352 OK
  4353 OK
  4354 OK
  4355 OK
  4356 OK
  4357 OK
  4358 OK
  4359 skip(売切)
  4360 OK
  4361 OK
  4362 OK
  4363 OK
  4364 OK
  4365 OK
  4366 OK
  4367 OK
  4368 OK
  4369 OK
  4370 OK
  4371 OK
  4372 OK
  4373 OK
  4374 OK
  4375 OK
  4376 OK
  4377 OK
  4378 skip(売切)
  4379 skip(売切)
  4380 OK
  4381 OK
  4382 OK
  4383 OK
  4384 OK
  4385 OK
  4386 OK
  4387 OK
  4388 OK
  4389 OK
  4390 OK
  4391 OK
  4392 OK
  4393 OK
  4394 OK
  4395 OK
  4396 OK
  4397 OK
  4398 OK
  4399 OK
構築 71 件 / skip [4359, 4378, 4379]

\u26a0\ufe0f PIA_GENRE_MAP 未収載のサブカテゴリ 1件（下書きは名前fallback＝要確認）:
   id4356 [イベント/学園祭] → _genre=engeki | ドミコ
→ 正しければ PIA_GENRE_MAP に足すこと（次回から自動で当たる）。

!!!!!!!!!!!!!!!!!!!!!!!!!!!!!!!!!!!!!!!!!!!!!!!!!!!!!!!!!!!!
\u26a0\ufe0f 取りこぼし 3件（買える枠なのに取り込めなかった＝要対応）:
   id4340 [発売前] when='' | 一般発売 ／ モーニング娘。’２６ 岡村ほまれバースデーイベント ｉｎ 名古屋
   id4340 [発売前] when='' | 当日券 ／ モーニング娘。’２６ 岡村ほまれバースデーイベント ｉｎ 名古屋
   id4383 [発売前] when='' | 一般発売【８／１（土）熊本公演】 ／ 吉川晃司
→ parse_when/kenshu/状態判定にこの表記を足してから再構築すること。
!!!!!!!!!!!!!!!!!!!!!!!!!!!!!!!!!!!!!!!!!!!!!!!!!!!!!!!!!!!!
