  8754 OK
  8755 OK
  8756 OK
  8757 OK
  8758 OK
  8759 OK
  8760 OK
  8761 OK
  8762 OK
  8763 OK
  8764 OK
  8765 OK
  8766 skip(売切)
  8767 OK
  8768 skip(売切)
  8769 skip(売切)
  8770 OK
  8771 skip(売切)
  8772 OK
  8773 skip(売切)
  8774 OK
  8775 skip(売切)
  8776 OK
  8777 skip(売切)
  8778 skip(売切)
  8779 OK
  8780 skip(売切)
  8781 skip(売切)
  8782 OK
  8783 skip(売切)
  8784 skip(売切)
  8785 OK
  8786 OK
  8787 OK
  8788 OK
  8789 skip(売切)
  8790 OK
  8791 skip(売切)
  8792 OK
  8793 skip(売切)
  8794 OK
  8795 OK
  8796 OK
  8797 OK
  8798 OK
  8799 OK
  8800 OK
  8801 OK
  8802 OK
  8803 OK
  8804 OK
  8805 OK
  8806 OK
  8807 OK
  8808 OK
  8809 OK
  8810 OK
  8811 OK
  8812 OK
  8813 OK
  8814 OK
  8815 OK
  8816 OK
  8817 OK
  8818 skip(売切)
  8819 OK
  8820 OK
  8821 skip(売切)
  8822 OK
  8823 OK
  8824 OK
  8825 OK
  8826 skip(売切)
  8827 OK
  8828 OK
  8829 OK
  8830 skip(売切)
  8831 skip(売切)
  8832 OK
  8833 skip(売切)
  8834 OK
  8835 OK
  8836 skip(売切)
  8837 skip(売切)
  8838 OK
  8839 OK
  8840 OK
  8841 OK
  8842 OK
  8843 OK
  8844 skip(売切)
  8845 skip(売切)
  8846 skip(売切)
  8847 OK
  8848 OK
  8849 OK
  8850 skip(売切)
  8851 OK
  8852 OK
  8853 OK
  8854 OK
  8855 OK
  8856 skip(売切)
  8857 OK
  8858 OK
  8859 OK
  8860 OK
  8861 OK
  8862 OK
  8863 OK
  8864 OK
  8865 OK
  8866 OK
  8867 skip(売切)
  8868 skip(売切)
  8869 skip(売切)
  8870 skip(売切)
  8871 skip(売切)
  8872 OK
  8873 skip(売切)
  8874 OK
  8875 OK
  8876 OK
  8877 OK
  8878 skip(売切)
  8879 OK
  8880 skip(売切)
  8881 OK
  8882 OK
  8883 OK
  8884 OK
  8885 OK
  8886 OK
  8887 OK
  8888 OK
  8889 OK
  8890 OK
  8891 OK
  8892 OK
  8893 OK
  8894 skip(売切)
  8895 skip(売切)
  8896 skip(売切)
  8897 skip(売切)
  8898 skip(売切)
  8899 OK
  8900 skip(売切)
  8901 OK
  8902 OK
  8903 OK
  8904 OK
  8905 OK
  8906 OK
  8907 skip(売切)
  8908 skip(売切)
  8909 OK
  8910 OK
  8911 OK
  8912 OK
  8913 OK
  8914 OK
  8915 OK
  8916 OK
  8917 OK
  8918 OK
  8919 OK
  8920 OK
  8921 OK
  8922 skip(売切)
  8923 OK
  8924 OK
  8925 OK
  8926 skip(売切)
  8927 skip(売切)
  8928 skip(売切)
  8929 skip(売切)
  8930 skip(売切)
  8931 skip(売切)
  8932 skip(売切)
  8933 skip(売切)
  8934 skip(売切)
  8935 skip(売切)
  8936 skip(売切)
  8937 skip(売切)
  8938 OK
  8939 skip(売切)
  8940 OK
  8941 OK
  8942 OK
  8943 OK
  8944 OK
  8945 OK
  8946 OK
  8947 OK
  8948 skip(売切)
  8949 skip(売切)
  8950 skip(売切)
  8951 skip(売切)
  8952 skip(売切)
  8953 OK
  8954 skip(売切)
  8955 skip(売切)
  8956 skip(売切)
  8957 skip(売切)
  8958 OK
  8959 skip(売切)
  8960 OK
  8961 skip(売切)
  8962 OK
  8963 OK
  8964 OK
  8965 OK
  8966 OK
  8967 OK
  8968 OK
  8969 OK
  8970 OK
  8971 OK
  8972 OK
  8973 OK
  8974 OK
  8975 OK
  8976 OK
  8977 OK
  8978 OK
  8979 OK
  8980 OK
  8981 OK
  8982 OK
  8983 OK
  8984 OK
  8985 OK
  8986 OK
  8987 OK
  8988 OK
  8989 OK
  8990 OK
  8991 OK
  8992 OK
  8993 OK
  8994 OK
  8995 OK
  8996 OK
  8997 OK
  8998 OK
  8999 OK
  9000 OK
  9001 OK
  9002 OK
  9003 OK
  9004 OK
  9005 skip(売切)
  9006 OK
  9007 OK
  9008 skip(売切)
  9009 OK
  9010 skip(売切)
  9011 OK
  9012 OK
  9013 OK
  9014 OK
  9015 OK
  9016 OK
  9017 OK
  9018 OK
  9019 OK
  9020 OK
  9021 skip(売切)
  9022 OK
  9023 OK
  9024 OK
  9025 OK
  9026 OK
  9027 OK
  9028 OK
  9029 OK
  9030 OK
  9031 OK
  9032 OK
  9033 OK
構築 207 件 / skip [8766, 8768, 8769, 8771, 8773, 8775, 8777, 8778, 8780, 8781, 8783, 8784, 8789, 8791, 8793, 8818, 8821, 8826, 8830, 8831, 8833, 8836, 8837, 8844, 8845, 8846, 8850, 8856, 8867, 8868, 8869, 8870, 8871, 8873, 8878, 8880, 8894, 8895, 8896, 8897, 8898, 8900, 8907, 8908, 8922, 8926, 8927, 8928, 8929, 8930, 8931, 8932, 8933, 8934, 8935, 8936, 8937, 8939, 8948, 8949, 8950, 8951, 8952, 8954, 8955, 8956, 8957, 8959, 8961, 9005, 9008, 9010, 9021]

!!!!!!!!!!!!!!!!!!!!!!!!!!!!!!!!!!!!!!!!!!!!!!!!!!!!!!!!!!!!
⚠️ 取りこぼし 1件（買える枠なのに取り込めなかった＝要対応）:
   id8833 [FETCH-ERR] when='ぴあが混雑ページに飛ばした（券種は読めていない）: http://sorry.pia.jp/nt2/pia/?mark=type-L10' | https://ticket.pia.jp/pia/event.do?eventBundleCd=b2667579
→ parse_when/kenshu/状態判定にこの表記を足してから再構築すること。
!!!!!!!!!!!!!!!!!!!!!!!!!!!!!!!!!!!!!!!!!!!!!!!!!!!!!!!!!!!!
