  7187 OK
  7188 OK
  7189 OK
  7190 OK
  7191 OK
  7192 OK
  7193 OK
  7194 OK
  7195 OK
  7196 OK
  7197 OK
  7198 OK
  7199 OK
  7200 OK
  7201 OK
  7202 OK
  7203 OK
  7204 OK
  7205 OK
  7206 OK
  7207 OK
  7208 OK
  7209 OK
  7210 OK
  7211 OK
  7212 OK
  7213 OK
  7214 OK
  7215 OK
  7216 OK
  7217 OK
  7218 OK
  7219 OK
  7220 OK
  7221 OK
  7222 OK
  7223 OK
  7224 OK
  7225 OK
  7226 OK
  7227 OK
  7228 OK
  7229 OK
  7230 OK
  7231 OK
  7232 OK
  7233 OK
  7234 OK
  7235 OK
  7236 OK
  7237 OK
  7238 OK
  7239 OK
  7240 OK
  7241 OK
  7242 OK
  7243 OK
  7244 OK
  7245 OK
  7246 OK
  7247 OK
  7248 OK
  7249 OK
  7250 OK
  7251 OK
  7252 OK
  7253 OK
  7254 OK
  7255 OK
  7256 OK
  7257 OK
  7258 OK
  7259 OK
  7260 OK
  7261 OK
  7262 OK
  7263 OK
  7264 OK
  7265 OK
  7266 OK
  7267 OK
  7268 skip(売切)
  7269 OK
  7270 OK
  7271 OK
  7272 OK
  7273 OK
  7274 OK
  7275 OK
  7276 OK
  7277 OK
  7278 OK
  7279 OK
  7280 OK
  7281 OK
  7282 OK
  7283 OK
  7284 OK
  7285 OK
  7286 OK
  7287 OK
  7288 OK
  7289 OK
  7290 OK
  7291 OK
  7292 OK
  7293 skip(売切)
  7294 OK
  7295 OK
  7296 OK
  7297 OK
  7298 OK
  7299 OK
  7300 OK
  7301 OK
  7302 OK
  7303 OK
  7304 OK
  7305 OK
  7306 OK
  7307 OK
  7308 OK
  7309 OK
  7310 OK
  7311 OK
  7312 OK
  7313 OK
  7314 OK
  7315 OK
  7316 OK
  7317 OK
  7318 OK
  7319 OK
  7320 OK
  7321 OK
  7322 OK
  7323 OK
  7324 OK
  7325 OK
  7326 OK
  7327 OK
  7328 OK
  7329 OK
  7330 OK
  7331 OK
  7332 OK
  7333 OK
  7334 OK
  7335 OK
  7336 OK
構築 148 件 / skip [7268, 7293]

!!!!!!!!!!!!!!!!!!!!!!!!!!!!!!!!!!!!!!!!!!!!!!!!!!!!!!!!!!!!
\u26a0\ufe0f 取りこぼし 1件（買える枠なのに取り込めなかった＝要対応）:
   id7313 [発売前] when='' | 一般発売 ／ 中部フィルハーモニー交響楽団 室内楽シリーズＶｏｌ．６
→ parse_when/kenshu/状態判定にこの表記を足してから再構築すること。
!!!!!!!!!!!!!!!!!!!!!!!!!!!!!!!!!!!!!!!!!!!!!!!!!!!!!!!!!!!!
