  4176 OK
  4177 OK
  4178 OK
  4179 OK
  4180 OK
  4181 OK
  4182 OK
  4183 OK
  4184 OK
  4185 OK
  4186 OK
  4187 OK
  4188 OK
  4189 OK
  4190 OK
  4191 OK
  4192 OK
  4193 OK
  4194 OK
  4195 OK
  4196 OK
  4197 OK
  4198 OK
  4199 OK
  4200 OK
  4201 OK
  4202 OK
  4203 OK
  4204 OK
  4205 OK
  4206 OK
  4207 OK
  4208 OK
  4209 OK
  4210 OK
  4211 OK
  4212 OK
  4213 OK
  4214 OK
  4215 OK
  4216 OK
  4217 OK
  4218 OK
  4219 OK
  4220 OK
  4221 OK
  4222 OK
  4223 OK
  4224 OK
  4225 OK
構築 50 件 / skip []

\u26a0\ufe0f PIA_GENRE_MAP 未収載のサブカテゴリ 2件（下書きは名前fallback＝要確認）:
   id4224 [イベント/ショー・ファンイベント] → _genre=engeki | ＬＥＥ ＪＩ ＨＯＯＮ ＴＯＫＹＯ ＦＡＮＭＥＥＴＩＮＧ ： Ｓｃｅｎｅ ＃２ 
   id4225 [イベント/学園祭] → _genre=engeki | 松浦航大 歌まねライブ
→ 正しければ PIA_GENRE_MAP に足すこと（次回から自動で当たる）。
