  5044 OK
  5045 OK
  5046 OK
  5047 OK
  5048 OK
  5049 OK
  5050 OK
  5051 OK
  5052 OK
  5053 OK
  5054 OK
  5055 OK
  5056 OK
  5057 OK
  5058 OK
  5059 OK
  5060 OK
  5061 OK
  5062 OK
  5063 OK
  5064 OK
  5065 OK
  5066 OK
  5067 OK
  5068 OK
  5069 OK
  5070 OK
  5071 OK
  5072 OK
  5073 OK
  5074 OK
  5075 OK
  5076 OK
  5077 OK
  5078 OK
  5079 OK
  5080 OK
  5081 OK
  5082 OK
  5083 OK
  5084 OK
  5085 OK
  5086 OK
  5087 OK
  5088 OK
  5089 OK
  5090 OK
  5091 OK
  5092 OK
  5093 OK
  5094 OK
  5095 OK
  5096 OK
構築 53 件 / skip []

\u26a0\ufe0f PIA_GENRE_MAP 未収載のサブカテゴリ 5件（下書きは名前fallback＝要確認）:
   id5091 [イベント/ショー・ファンイベント] → _genre=engeki | 東京ホラー特区！！２０２６〈エドワード・ファーロング サイン ｏｒ セルフィー会
   id5092 [イベント/ショー・ファンイベント] → _genre=engeki | 東京ホラー特区！！２０２６〈エドワード・ファーロング 撮影会チケット〉
   id5093 [イベント/ショー・ファンイベント] → _genre=engeki | 東京ホラー特区！！２０２６〈リンダ・ハミルトン／エドワード・ファーロング 撮影会
   id5094 [イベント/ショー・ファンイベント] → _genre=engeki | 東京ホラー特区！！２０２６〈リンダ・ハミルトン サイン ｏｒ セルフィー会チケッ
   id5095 [イベント/ショー・ファンイベント] → _genre=engeki | 東京ホラー特区！！２０２６〈リンダ・ハミルトン 撮影会チケット〉
→ 正しければ PIA_GENRE_MAP に足すこと（次回から自動で当たる）。
