  1627 OK
  1628 OK
  1629 OK
  1630 OK
  1631 OK
  1632 OK
  1633 OK
  1634 OK
  1635 OK
  1636 OK
  1637 OK
  1638 OK
  1639 OK
  1640 OK
  1641 OK
  1642 OK
  1643 OK
  1644 OK
  1645 OK
  1646 OK
  1647 OK
  1648 OK
構築 22 件 / skip []

!!!!!!!!!!!!!!!!!!!!!!!!!!!!!!!!!!!!!!!!!!!!!!!!!!!!!!!!!!!!
\u26a0\ufe0f 取りこぼし 8件（買える枠なのに取り込めなかった＝要対応）:
   id1627 [発売前] when='18:00より発売' | 当日引換券発売＜７／３公演＞ ／ 飯田洋輔
   id1636 [発売前] when='10:00より発売' | 一般発売 ／ ＮＸＭＥＲＣＹ ２ＮＤ ＬＩＶＥ ＩＮ ＪＡＰＡＮ
   id1636 [発売前] when='10:00より発売' | 一般発売 ／ ＮＸＭＥＲＣＹ ２ＮＤ ＬＩＶＥ ＩＮ ＪＡＰＡＮ
   id1637 [発売前] when='' | ※上記リンクよりお申込み下さい ／ 初音ミク「マジカルミライ ２０２６」 ｉｎ 
   id1637 [発売前] when='' | ※上記リンクよりお申込み下さい ／ 初音ミク「マジカルミライ ２０２６」 ｉｎ 
   id1637 [発売前] when='' | ※上記リンクよりお申込み下さい ／ 初音ミク「マジカルミライ ２０２６」 ｉｎ 
   id1648 [発売前] when='18:00より発売' | 先着先行＜８／４（火）公演＞ ／ ＬＡＮＡ
   id1648 [発売前] when='18:00より発売' | 先着先行＜８／５（水）公演＞ ／ ＬＡＮＡ
→ parse_when/kenshu/状態判定にこの表記を足してから再構築すること。
!!!!!!!!!!!!!!!!!!!!!!!!!!!!!!!!!!!!!!!!!!!!!!!!!!!!!!!!!!!!
