  1332 OK
  1333 OK
  1334 OK
  1335 OK
  1336 OK
  1337 OK
  1338 OK
  1339 OK
  1340 OK
  1341 OK
  1342 OK
  1343 OK
  1344 OK
  1345 OK
  1346 OK
  1347 OK
  1348 OK
  1349 OK
  1350 OK
  1351 OK
  1352 OK
  1353 OK
  1354 OK
  1355 OK
  1356 OK
  1357 OK
  1358 OK
  1359 OK
  1360 OK
  1361 OK
  1362 OK
  1363 OK
  1364 OK
  1365 OK
  1366 OK
  1367 OK
  1368 OK
  1369 OK
構築 38 件 / skip []

!!!!!!!!!!!!!!!!!!!!!!!!!!!!!!!!!!!!!!!!!!!!!!!!!!!!!!!!!!!!
\u26a0\ufe0f 取りこぼし 7件（買える枠なのに取り込めなかった＝要対応）:
   id1337 [発売前] when='10:00より発売' | 当日券販売 ／ 大橋ちっぽけ
   id1338 [発売前] when='10:00より発売' | 当日引換券販売（６／２８公演） ／ 【当日引換券】岡村靖幸
   id1343 [発売前] when='10:00より発売' | 当日引換券販売 ／ 【当日引換券】ＳＡＲＤ ＵＮＤＥＲＧＲＯＵＮＤ
   id1347 [発売前] when='18:00より発売' | 一般発売 ／ スーパーヒーロー夜祭り２０２６ ～シックにくつろぐ特撮ジャズバー～
   id1351 [発売前] when='10:00より発売' | 一般発売 ／ ディーン醐醍 ｓｉｍｐｌｙ ｃｏｎｃｅｒｔ
   id1355 [発売前] when='10:00より発売' | 当日引換券販売 ／ 【当日引換券】新妻聖子
   id1361 [発売前] when='10:00より発売' | 一般発売 ／ めるりり／ＲＡＩＮＹ ＮＯＩＳＥ／ホシメグリ
→ parse_when/kenshu/状態判定にこの表記を足してから再構築すること。
!!!!!!!!!!!!!!!!!!!!!!!!!!!!!!!!!!!!!!!!!!!!!!!!!!!!!!!!!!!!
