  5656 OK
  5657 OK
  5658 OK
  5659 skip(売切)
  5660 OK
  5661 OK
  5662 OK
  5663 OK
  5664 OK
  5665 OK
  5666 OK
  5667 OK
  5668 OK
  5669 OK
  5670 OK
  5671 OK
  5672 OK
  5673 OK
  5674 OK
  5675 OK
  5676 OK
  5677 OK
  5678 OK
  5679 OK
  5680 OK
  5681 OK
  5682 OK
  5683 OK
  5684 OK
  5685 OK
  5686 OK
  5687 OK
  5688 OK
  5689 OK
  5690 OK
  5691 OK
  5692 OK
  5693 OK
  5694 OK
  5695 OK
  5696 OK
  5697 OK
  5698 OK
  5699 OK
  5700 OK
  5701 OK
  5702 OK
  5703 OK
  5704 OK
  5705 OK
  5706 OK
  5707 OK
  5708 OK
  5709 OK
  5710 OK
  5711 OK
  5712 OK
  5713 OK
  5714 OK
構築 58 件 / skip [5659]

!!!!!!!!!!!!!!!!!!!!!!!!!!!!!!!!!!!!!!!!!!!!!!!!!!!!!!!!!!!!
\u26a0\ufe0f 取りこぼし 1件（買える枠なのに取り込めなかった＝要対応）:
   id5659 [FETCH-ERR] when='ぴあが混雑ページに飛ばした（券種は読めていない）: http://sorry.pia.jp/nt2/pia/?mark=type-L10' | https://t.pia.jp/pia/event/event.do?eventCd=2634792
→ parse_when/kenshu/状態判定にこの表記を足してから再構築すること。
!!!!!!!!!!!!!!!!!!!!!!!!!!!!!!!!!!!!!!!!!!!!!!!!!!!!!!!!!!!!
