  1370 OK
  1371 OK
  1372 OK
  1373 OK
  1374 OK
  1375 OK
  1376 OK
  1377 OK
  1378 OK
  1379 OK
  1380 OK
  1381 OK
  1382 OK
構築 13 件 / skip []

!!!!!!!!!!!!!!!!!!!!!!!!!!!!!!!!!!!!!!!!!!!!!!!!!!!!!!!!!!!!
\u26a0\ufe0f 取りこぼし 8件（買える枠なのに取り込めなかった＝要対応）:
   id1382 [発売前] when='' | プリセール ／ 石田組 コンサートツアー２０２６ 沖縄
   id1382 [発売前] when='' | プリセール＜U-25当日引換券＞ ／ 石田組 コンサートツアー２０２６ 沖縄
   id1382 [発売前] when='' | 2次プリセール ／ 石田組 コンサートツアー２０２６ 沖縄
   id1382 [発売前] when='' | 2次プリセール＜U-25当日引換券＞ ／ 石田組 コンサートツアー２０２６ 沖縄
   id1382 [発売前] when='' | 3次プリセール ／ 石田組 コンサートツアー２０２６ 沖縄
   id1382 [発売前] when='' | 3次プリセール＜U-25当日引換券＞ ／ 石田組 コンサートツアー２０２６ 沖縄
   id1382 [発売前] when='' | 一般発売 ／ 石田組 コンサートツアー２０２６ 沖縄
   id1382 [発売前] when='' | 一般発売＜U-25当日引換券＞ ／ 石田組 コンサートツアー２０２６ 沖縄
→ parse_when/kenshu/状態判定にこの表記を足してから再構築すること。
!!!!!!!!!!!!!!!!!!!!!!!!!!!!!!!!!!!!!!!!!!!!!!!!!!!!!!!!!!!!
