  11165 OK
  11166 OK
  11167 OK
  11168 OK
  11169 OK
  11170 OK
  11171 OK
  11172 OK
  11173 OK
  11174 OK
  11175 OK
  11176 OK
  11177 OK
  11178 OK
  11179 OK
  11180 OK
  11181 OK
  11182 OK
  11183 OK
  11184 OK
  11185 OK
  11186 OK
  11187 OK
  11188 OK
  11189 OK
  11190 OK
  11191 OK
  11192 OK
  11193 OK
  11194 OK
  11195 OK
  11196 OK
  11197 OK
  11198 OK
  11199 OK
  11200 OK
  11201 OK
  11202 OK
  11203 OK
  11204 OK
  11205 OK
  11206 OK
  11207 OK
  11208 OK
  11209 OK
  11210 OK
  11211 OK
  11212 OK
  11213 OK
  11214 OK
  11215 OK
  11216 OK
  11217 OK
  11218 OK
  11219 OK
  11220 OK
  11221 OK
  11222 OK
  11223 OK
  11224 OK
  11225 OK
  11226 OK
  11227 OK
  11228 OK
  11229 OK
  11230 OK
  11231 OK
  11232 OK
  11233 skip(売切)
  11234 OK
  11235 skip(売切)
  11236 OK
  11237 OK
  11238 OK
  11239 OK
  11240 OK
  11241 OK
  11242 OK
  11243 OK
  11244 OK
  11245 OK
  11246 OK
  11247 OK
  11248 OK
  11249 OK
  11250 OK
  11251 skip(売切)
  11252 OK
  11253 OK
  11254 OK
  11255 OK
  11256 OK
  11257 OK
  11258 OK
  11259 OK
  11260 OK
  11261 OK
  11262 OK
  11263 OK
  11264 OK
  11265 OK
  11266 OK
  11267 OK
  11268 OK
  11269 OK
  11270 OK
  11271 OK
  11272 OK
  11273 OK
  11274 OK
  11275 OK
  11276 OK
  11277 OK
  11278 OK
  11279 OK
  11280 OK
  11281 OK
  11282 skip(売切)
  11283 OK
  11284 OK
  11285 OK
  11286 OK
  11287 OK
  11288 OK
  11289 OK
  11290 OK
  11291 OK
  11292 OK
  11293 OK
  11294 OK
  11295 OK
  11296 OK
  11297 OK
  11298 OK
  11299 OK
  11300 OK
  11301 OK
  11302 OK
  11303 OK
  11304 OK
  11305 OK
  11306 OK
  11307 OK
  11308 OK
  11309 OK
  11310 skip(売切)
  11311 OK
  11312 OK
  11313 OK
  11314 OK
  11315 OK
  11316 OK
構築 147 件 / skip [11233, 11235, 11251, 11282, 11310]

!!!!!!!!!!!!!!!!!!!!!!!!!!!!!!!!!!!!!!!!!!!!!!!!!!!!!!!!!!!!
\u26a0\ufe0f 取りこぼし 1件（買える枠なのに取り込めなかった＝要対応）:
   id11251 [FETCH-ERR] when='ぴあが混雑ページに飛ばした（券種は読めていない）: http://sorry.pia.jp/nt2/pia/?mark=type-L10' | https://ticket.pia.jp/pia/event.do?eventCd=2637060
→ parse_when/kenshu/状態判定にこの表記を足してから再構築すること。
!!!!!!!!!!!!!!!!!!!!!!!!!!!!!!!!!!!!!!!!!!!!!!!!!!!!!!!!!!!!
