  8502 OK
  8503 OK
  8504 OK
  8505 skip(売切)
  8506 OK
  8507 OK
  8508 OK
  8509 OK
  8510 OK
  8511 OK
  8512 OK
  8513 OK
  8514 OK
  8515 skip(売切)
  8516 OK
  8517 OK
  8518 skip(売切)
  8519 OK
  8520 OK
  8521 OK
  8522 OK
  8523 OK
  8524 OK
  8525 OK
  8526 OK
  8527 skip(売切)
  8528 OK
  8529 OK
  8530 OK
  8531 OK
  8532 skip(売切)
  8533 OK
  8534 OK
  8535 skip(売切)
  8536 OK
  8537 OK
  8538 OK
  8539 skip(売切)
  8540 skip(売切)
  8541 OK
  8542 skip(売切)
  8543 OK
  8544 OK
  8545 skip(売切)
  8546 OK
  8547 OK
  8548 OK
  8549 skip(売切)
  8550 skip(売切)
  8551 skip(売切)
  8552 skip(売切)
  8553 OK
  8554 OK
  8555 OK
  8556 OK
  8557 OK
  8558 OK
  8559 OK
  8560 OK
  8561 skip(売切)
  8562 OK
  8563 OK
  8564 OK
  8565 OK
  8566 skip(売切)
  8567 OK
  8568 OK
  8569 skip(売切)
  8570 OK
  8571 skip(売切)
  8572 OK
  8573 OK
  8574 OK
  8575 OK
  8576 OK
  8577 skip(売切)
  8578 OK
  8579 OK
  8580 OK
  8581 OK
  8582 OK
  8583 OK
  8584 skip(売切)
  8585 skip(売切)
  8586 OK
  8587 OK
  8588 OK
  8589 skip(売切)
  8590 OK
  8591 OK
  8592 OK
  8593 OK
  8594 OK
  8595 OK
  8596 OK
  8597 OK
  8598 OK
  8599 OK
  8600 OK
  8601 OK
  8602 OK
  8603 OK
  8604 skip(売切)
  8605 OK
  8606 OK
  8607 OK
  8608 OK
  8609 OK
  8610 skip(売切)
  8611 OK
  8612 OK
  8613 OK
  8614 OK
  8615 OK
  8616 OK
  8617 OK
  8618 OK
  8619 OK
  8620 OK
  8621 OK
  8622 OK
  8623 OK
  8624 OK
  8625 OK
  8626 OK
  8627 OK
  8628 OK
  8629 OK
  8630 OK
  8631 OK
  8632 OK
  8633 OK
  8634 OK
  8635 OK
  8636 OK
  8637 OK
  8638 OK
  8639 OK
  8640 OK
  8641 OK
  8642 OK
  8643 OK
  8644 OK
  8645 OK
  8646 OK
  8647 OK
  8648 OK
  8649 OK
  8650 OK
  8651 OK
  8652 OK
  8653 OK
  8654 OK
  8655 OK
  8656 OK
  8657 OK
  8658 OK
  8659 OK
  8660 OK
  8661 skip(売切)
  8662 OK
  8663 OK
  8664 OK
  8665 OK
  8666 OK
  8667 OK
  8668 OK
  8669 OK
  8670 OK
  8671 skip(売切)
  8672 OK
  8673 OK
  8674 skip(売切)
  8675 skip(売切)
  8676 skip(売切)
  8677 OK
  8678 OK
  8679 OK
  8680 OK
  8681 skip(売切)
  8682 OK
  8683 OK
  8684 OK
  8685 OK
  8686 OK
  8687 OK
  8688 OK
  8689 skip(売切)
  8690 OK
  8691 OK
  8692 OK
  8693 OK
  8694 OK
  8695 OK
  8696 OK
  8697 OK
  8698 OK
  8699 skip(売切)
  8700 skip(売切)
  8701 skip(売切)
  8702 OK
  8703 OK
  8704 OK
  8705 OK
  8706 OK
  8707 skip(売切)
  8708 OK
  8709 OK
  8710 OK
  8711 OK
  8712 OK
  8713 OK
  8714 OK
  8715 OK
  8716 OK
  8717 OK
  8718 OK
  8719 OK
  8720 OK
  8721 OK
  8722 OK
  8723 OK
  8724 OK
  8725 OK
  8726 OK
  8727 OK
  8728 skip(売切)
  8729 skip(売切)
  8730 OK
  8731 OK
  8732 skip(売切)
  8733 skip(売切)
  8734 skip(売切)
  8735 skip(売切)
  8736 skip(売切)
  8737 OK
  8738 OK
  8739 OK
  8740 skip(売切)
  8741 OK
  8742 skip(売切)
  8743 OK
  8744 OK
  8745 OK
  8746 OK
  8747 OK
  8748 OK
  8749 OK
  8750 OK
  8751 OK
  8752 OK
  8753 OK
構築 208 件 / skip [8505, 8515, 8518, 8527, 8532, 8535, 8539, 8540, 8542, 8545, 8549, 8550, 8551, 8552, 8561, 8566, 8569, 8571, 8577, 8584, 8585, 8589, 8604, 8610, 8661, 8671, 8674, 8675, 8676, 8681, 8689, 8699, 8700, 8701, 8707, 8728, 8729, 8732, 8733, 8734, 8735, 8736, 8740, 8742]

!!!!!!!!!!!!!!!!!!!!!!!!!!!!!!!!!!!!!!!!!!!!!!!!!!!!!!!!!!!!
⚠️ 取りこぼし 1件（買える枠なのに取り込めなかった＝要対応）:
   id8686 [発売前] when='' | 一般発売 ／ ２０２６ ＳＨＯＷ ＭＵＳＩＣＡＬ 『ＴＯＵＣＨ ＦＩＶＥ』
→ parse_when/kenshu/状態判定にこの表記を足してから再構築すること。
!!!!!!!!!!!!!!!!!!!!!!!!!!!!!!!!!!!!!!!!!!!!!!!!!!!!!!!!!!!!
