  99201 OK
  99202 OK
  99203 OK
  99204 OK
  99205 OK
  99206 OK
  99207 OK
  99208 OK
  99209 OK
  99210 OK
  99211 OK
  99212 OK
  99213 OK
  99214 OK
  99215 OK
  99216 OK
  99217 OK
  99218 OK
  99219 OK
  99220 OK
  99221 OK
  99222 OK
  99223 OK
  99224 OK
  99225 OK
  99226 OK
  99227 OK
  99228 OK
  99229 OK
  99230 OK
  99231 OK
  99232 OK
  99233 OK
  99234 OK
  99235 OK
  99236 OK
  99237 OK
  99238 OK
  99239 OK
  99240 OK
  99241 OK
  99242 OK
  99243 OK
  99244 OK
  99245 OK
  99246 OK
  99247 OK
  99248 OK
  99249 OK
  99250 OK
  99251 OK
  99252 OK
  99253 OK
  99254 OK
  99255 OK
  99256 OK
  99257 OK
  99258 OK
  99259 OK
  99260 OK
  99261 OK
  99262 OK
  99263 OK
  99264 OK
  99265 OK
  99266 OK
  99267 OK
  99268 OK
  99269 OK
  99270 OK
  99271 OK
  99272 OK
  99273 OK
  99274 OK
  99275 OK
  99276 OK
  99277 OK
  99278 OK
  99279 OK
構築 79 件 / skip []

📣 告知文にだけ出ている先行 1件（券種カードに無い＝自動では足していない）:
   id99257 Bunkamura Production 2026／DISC | https://ticket.pia.jp/pia/event.do?eventBundleCd=b2670907
      ■東京公演 ぴあ最速抽選先行 受付期間：9/11(金) 11:00 ～ 9/16(水) 23:59
      申込: https://pia.jp/v/ggr26ps/
→ 対象公演が1つに決まるものだけ、枠として手で足す（url は申込ページ）。
