  15 convert 6˜g
  129 convert 3˜g
  401 convert 1˜g
  481 DELETE ‹Êì‘¾•Ÿ^‹Êì‚İ‚Ëq
  524 convert 1˜g
  680 DELETE „—§Œb”äõ’†Šw
  694 convert 1˜g
  793 DELETE BABYMONSTER
  874 convert 3˜g
  901 DELETE DJ OSSHY presents ƒVƒ‹
  913 DELETE plenty
  1044 convert 1˜g
  1045 convert 1˜g
  1046 convert 1˜g
  1047 convert 1˜g
  1126 DELETE u‚µ‰µ‚µ’@‚«v
  1133 DELETE ‘æO‰ñ sìš£q VãÄtH‰ï
  1162 convert 1˜g
  1227 DELETE ‚q‚d‚a‚d‚b‚b‚`
  1235 convert 1˜g
  1262 convert 1˜g
  1302 convert 1˜g
  1394 DELETE H“cCARAVAN MUSIC FES 
  1413 DELETE ƒJƒlƒˆƒŠƒ}ƒTƒ‹
  1436 DELETE SIX LOUNGE
  1441 DELETE RAD SEVEN 10th Anniv
  1478 DELETE Soulflex
  1491 convert 2˜g
  1506 DELETE This is LAST

=== convert 15 / delete 14 ===
!! DROPPED 2: [(1235, '”­”„‘O', '', 'y‚V^‚Ri‹àjŒö‰‰zˆê”Ê”­”„. ^ ‚r‚n‚t‚m‚c ‚b‚n‚m‚m‚d‚b‚s‚h‚n‚m'), (1235, '”­”„‘O', '', 'y‚V^‚Si“yjŒö‰‰zˆê”Ê”­”„. ^ ‚r‚n‚t‚m‚c ‚b‚n‚m‚m‚d‚b‚s‚h‚n‚m')]
