[1/131] id43 SOLD (0òg)
[2/131] id64 SOLD (0òg)
[3/131] id147 SOLD (0òg)
[4/131] id190 AUTO (3òg)
[5/131] id272 AUTO (6òg)
[6/131] id273 SOLD (0òg)
[7/131] id368 SOLD (0òg)
[8/131] id406 DROP (2òg)
[9/131] id417 SOLD (0òg)
[10/131] id428 AUTO (6òg)
[11/131] id469 SOLD (0òg)
[12/131] id480 SOLD (0òg)
[13/131] id493 SOLD (0òg)
[14/131] id496 AUTO (1òg)
[15/131] id498 AUTO (1òg)
[16/131] id499 AUTO (1òg)
[17/131] id511 AUTO (1òg)
[18/131] id519 AUTO (1òg)
[19/131] id521 AUTO (2òg)
[20/131] id531 AUTO (1òg)
[21/131] id536 AUTO (3òg)
[22/131] id545 AUTO (1òg)
[23/131] id548 AUTO (1òg)
[24/131] id604 SOLD (0òg)
[25/131] id610 AUTO (1òg)
[26/131] id627 AUTO (2òg)
[27/131] id632 AUTO (8òg)
[28/131] id642 AUTO (1òg)
[29/131] id648 SOLD (0òg)
[30/131] id650 AUTO (1òg)
[31/131] id665 AUTO (5òg)
[32/131] id666 AUTO (1òg)
[33/131] id671 AUTO (1òg)
[34/131] id675 AUTO (2òg)
[35/131] id714 AUTO (1òg)
[36/131] id717 AUTO (1òg)
[37/131] id719 AUTO (1òg)
[38/131] id722 AUTO (1òg)
[39/131] id725 AUTO (1òg)
[40/131] id727 AUTO (1òg)
[41/131] id730 AUTO (1òg)
[42/131] id731 AUTO (2òg)
[43/131] id736 AUTO (1òg)
[44/131] id738 AUTO (1òg)
[45/131] id743 SOLD (0òg)
[46/131] id746 AUTO (1òg)
[47/131] id754 AUTO (1òg)
[48/131] id769 AUTO (8òg)
[49/131] id780 AUTO (1òg)
[50/131] id759 AUTO (3òg)
[51/131] id760 SOLD (0òg)
[52/131] id761 AUTO (2òg)
[53/131] id767 AUTO (3òg)
[54/131] id811 AUTO (1òg)
[55/131] id812 AUTO (1òg)
[56/131] id813 AUTO (1òg)
[57/131] id817 AUTO (1òg)
[58/131] id828 AUTO (1òg)
[59/131] id837 AUTO (1òg)
[60/131] id847 AUTO (1òg)
[61/131] id851 AUTO (4òg)
[62/131] id853 AUTO (1òg)
[63/131] id854 AUTO (1òg)
[64/131] id878 AUTO (1òg)
[65/131] id881 SOLD (0òg)
[66/131] id884 AUTO (1òg)
[67/131] id886 AUTO (1òg)
[68/131] id887 DROP (1òg)
[69/131] id907 AUTO (1òg)
[70/131] id908 AUTO (1òg)
[71/131] id928 AUTO (1òg)
[72/131] id929 AUTO (1òg)
[73/131] id946 AUTO (1òg)
[74/131] id1020 AUTO (2òg)
[75/131] id1021 AUTO (1òg)
[76/131] id1024 AUTO (1òg)
[77/131] id1025 AUTO (1òg)
[78/131] id1026 AUTO (1òg)
[79/131] id1027 AUTO (1òg)
[80/131] id1028 AUTO (1òg)
[81/131] id1029 AUTO (1òg)
[82/131] id1030 AUTO (1òg)
[83/131] id1031 AUTO (1òg)
[84/131] id1032 AUTO (1òg)
[85/131] id1033 SOLD (0òg)
[86/131] id1034 SOLD (0òg)
[87/131] id1035 AUTO (1òg)
[88/131] id1036 AUTO (1òg)
[89/131] id1149 AUTO (1òg)
[90/131] id1150 AUTO (1òg)
[91/131] id1153 AUTO (1òg)
[92/131] id1167 AUTO (1òg)
[93/131] id1181 AUTO (1òg)
[94/131] id1183 AUTO (1òg)
[95/131] id1188 AUTO (2òg)
[96/131] id1193 AUTO (1òg)
[97/131] id1204 AUTO (1òg)
[98/131] id1205 AUTO (1òg)
[99/131] id1238 AUTO (1òg)
[100/131] id1243 AUTO (1òg)
[101/131] id1245 AUTO (1òg)
[102/131] id1253 AUTO (1òg)
[103/131] id1259 AUTO (1òg)
[104/131] id1265 AUTO (1òg)
[105/131] id1267 AUTO (1òg)
[106/131] id1294 AUTO (1òg)
[107/131] id1296 AUTO (1òg)
[108/131] id1297 AUTO (1òg)
[109/131] id1300 AUTO (2òg)
[110/131] id1305 AUTO (2òg)
[111/131] id1307 AUTO (1òg)
[112/131] id1308 AUTO (2òg)
[113/131] id1314 AUTO (1òg)
[114/131] id1316 AUTO (1òg)
[115/131] id1329 SOLD (0òg)
[116/131] id1332 AUTO (1òg)
[117/131] id1343 SOLD (0òg)
[118/131] id1344 AUTO (1òg)
[119/131] id1348 SOLD (0òg)
[120/131] id1353 AUTO (1òg)
[121/131] id1355 AUTO (1òg)
[122/131] id1356 SOLD (0òg)
[123/131] id1366 AUTO (2òg)
[124/131] id1369 SOLD (0òg)
[125/131] id1373 AUTO (1òg)
[126/131] id1377 AUTO (1òg)
[127/131] id106 AUTO (2òg)
[128/131] id168 DROP (0òg)
[129/131] id395 SOLD (0òg)
[130/131] id401 AUTO (1òg)
[131/131] id1289 SOLD (0òg)
Traceback (most recent call last):
  File "C:\Users\user\oshinavi\tmp\convert_0628.py", line 89, in <module>
    print("\n===== ï™óﬁÉTÉ}ÉäÅ[ =====")
ValueError: I/O operation on closed file.
