  402 convert 1枠
  425 DELETE milet
  711 DELETE SiM
  926 DELETE 渡辺貞夫
  1117 convert 1枠
  1118 convert 1枠
  1135 convert 1枠
  1160 convert 1枠
  1166 convert 1枠
  1200 convert 2枠
  1232 DELETE EIGHT-JAM FES 2026
  1241 DELETE GFEST.2026
  1283 DELETE ano
  1290 DELETE 大塚 愛
  1301 convert 1枠
  1325 DELETE 日食なつこ
  1327 DELETE 般若
  1336 DELETE おいしくるメロンパン
  1367 convert 1枠
  1370 convert 1枠
  1391 DELETE BLUE ENCOUNT
  1402 DELETE 岩崎宏美
  1407 DELETE ACE COLLECTION
  1409 DELETE おねがいアイプリ×ひみつのアイプリ プリ
  1410 DELETE Augusta Camp 2026
  1423 DELETE kurage pre. 『COSMIC 
  1430 DELETE さとりモンスター
  1432 DELETE ZION presents「Live i
  1440 DELETE SHIN-ONSAI 2026
  1446 DELETE HY
  1451 DELETE 風見和香
  1455 DELETE Canna Lily
  1457 convert 1枠
  1458 DELETE KUZIRA
  1466 convert 1枠
  1474 DELETE sumika×瑠東東一郎 CINEMA&
  1475 convert 1枠
  1480 DELETE TAGRIGHT
  1483 DELETE 橘ひなの
  1496 DELETE 桜井えま
  1497 DELETE 桜木心菜
  1514 DELETE tricot
  1516 DELETE TOTALFAT
  1522 DELETE ドミコ
  1523 DELETE ナガノアニエラフェスタ2026
  1527 DELETE nobinobi 2026
  1528 DELETE Northern19／39degrees
  1534 DELETE 栄喜
  1539 DELETE BE WONDERFUL!!
  1542 DELETE FOMARE
  1543 DELETE 福山雅治
  1549 DELETE COPES
  1561 DELETE BRAVE SONIC
  1569 convert 2枠
  1575 DELETE 持田香織
  1579 DELETE 山崎ハコ
  1582 DELETE U&pia
  1585 DELETE リ・クレシェンド!-LIVE×LIVE-
  1587 convert 1枠
  1591 DELETE REIRIE
  1597 DELETE 浪漫派マシュマロ
  1598 DELETE WATWING
  1616 convert 1枠
  1655 DELETE Good Grief
  1657 DELETE Shibuya PIT ZERO OPE
  1660 DELETE Dios
  1667 DELETE FANTASTIC◇CIRCUS
  1669 DELETE PLAY VOL.171
  1681 DELETE L’Arc-en-Ciel
  1683 DELETE Ringwanderung
  1795 convert 1枠
  1796 convert 1枠
  1797 convert 1枠
  1798 convert 1枠
  1799 convert 3枠
  1802 convert 3枠
  1811 convert 1枠
  1821 convert 2枠
  1823 convert 1枠
  1824 convert 2枠
  1826 convert 1枠
  1827 convert 2枠
  1828 convert 1枠
  1830 convert 1枠
  1886 convert 1枠
  1887 convert 1枠
  1889 convert 1枠
  1890 convert 1枠
  1891 convert 1枠
  689 convert 8枠

=== convert 36 / delete 54 ===
!! DROPPED 1: [(1200, '発売前', '', '※特別サイトよりお申込み下さい※セブン-イレブン先行 ／ ちゃんみな')]
