  115 convert 0枠 FRUITS ZIPPER
  125 convert 5枠 浜崎あゆみ
  292 convert 7枠 ASIAN KUNG-FU GENERATION
  316 DELETE(売切/終了) Vaundy
  474 DELETE(売切/終了) モモンガ・コンプレックス／白神ももこ
  577 DELETE(売切/終了) FouRTe
  607 convert 1枠 尼崎市市制１１０周年記念特別事業 『ジャズ＆宝塚
  695 convert 1枠 TOMOVSKY
  700 convert 1枠 辰巳ゆうと
  712 convert 3枠 Sho-ta with Tenpack rive
  820 convert 1枠 蝶花楼桃花
  835 convert 1枠 THE MICRO HEAD 4N'S
  848 convert 1枠 山根航海
  918 DELETE(売切/終了) GANG PARADE
  931 convert 1枠 Performing Arts Festival
  1037 convert 1枠 おどる絵本『みえるとか みえないとか』
  1038 convert 1枠 よしもとお笑いライブｉｎ所沢
  1039 convert 1枠 ザ☆笑撃！！スペシャルものまねライブ２０２６
  1040 convert 1枠 三谷文楽『人形ぎらい』
  1041 convert 1枠 新潟漫才選集
  1042 convert 1枠 次代育成落語会
  1043 convert 2枠 舞台『ペパロニ・ヴァンパイア』
  1135 convert 1枠 舞台『メイジ・ザ・キャッツアイ』
  1146 DELETE(売切/終了) ＡＵＮ Ｊ クラシック・オーケストラ 大黒摩季 
  1168 DELETE(売切/終了) かりゆし５８
  1189 DELETE(売切/終了) 水平線
  1194 DELETE(売切/終了) 曽根麻央 シネマ・ジャズ－Ｌｏｖｅ Ｓｔｏｒｙ－
  1228 convert 1枠 ロックのほそ道2026 ～15th Annive
  1249 convert 1枠 BEAT AX -SUMMER EDITION 
  1250 DELETE(売切/終了) PIGMONZ
  1256 convert 1枠 アイスリボン
  1258 convert 1枠 大阪プロレス
  1266 convert 1枠 DDT
  1271 convert 1枠 hotシュシュ
  1275 convert 1枠 RIZIN.54
  1279 convert 2枠 令和八年 冬巡業 大相撲宇治場所
  1286 DELETE(売切/終了) 伊勢正三
  1393 DELETE(売切/終了) 逢田梨香子
  1396 DELETE(売切/終了) ASOBISYSTEM 19th Anniver
  1399 DELETE(売切/終了) amanojac
  1403 DELETE(売切/終了) 内田真礼
  1406 DELETE(売切/終了) 遠藤正明
  1408 DELETE(売切/終了) 音田雅則
  1415 DELETE(売切/終了) カルメン・マキ／竹田和夫
  1421 DELETE(売切/終了) kurage
  1422 DELETE(売切/終了) kurage&Cloque. pre “Dive
  1424 DELETE(売切/終了) CRYAMY
  1425 convert 1枠 黒崎雅文
  1434 DELETE(売切/終了) THE SUPER FRUIT
  1437 DELETE(売切/終了) cinema staff
  1439 DELETE(売切/終了) シャインポスト BRiGHT STARS FES
  1442 DELETE(売切/終了) SWEET STEADY 塩川莉世 BIRTHD
  1461 DELETE(売切/終了) 沢田研二
  1469 DELETE(売切/終了) JAURIM
  1471 DELETE(売切/終了) 須田景凪
  1476 DELETE(売切/終了) セカンドバッカー
  1498 DELETE(売切/終了) ツチヤカレン
  1499 DELETE(売切/終了) Two-man Live 田中有紀 歌姫修行 ～
  1505 DELETE(売切/終了) Dios
  1510 DELETE(売切/終了) TOC
  1512 DELETE(売切/終了) TRUST RECORDS presents.T
  1513 DELETE(売切/終了) TRUST RECORDS presents R
  1515 DELETE(売切/終了) TRINITY LIVE
  1536 DELETE(売切/終了) billboard classics「斉藤由貴 
  1538 DELETE(売切/終了) BEEEEM FES Vol.6
  1540 DELETE(売切/終了) fhana

=== convert 28 / delete 38 / error 0 ===
!! DROPPED(取りこぼし) 1: [(115, '発売前', '10:00より発売', '当日引換券販売（７／３公演） ／ 【当日引換券】ＦＲＵＩＴＳ ＺＩＰＰＥＲ')]
