
===== id43 シナモロールワンダートリップ ～消えた魔法の秘密～ | 公演:2026-08-22 =====

===== id147 iri 10th Anniversary LIVE "DoT" / "P | 公演:2026-10-22 =====

===== id273 美少女戦士セーラームーン -Shining Theater- | 公演:2026-06-30 =====
  URL末尾 ...o?eventBundleCd=b2665668 | cards=5 | 'sorry/枚数'語=False
     [is-before] 販売終了
     [is-before] 販売終了
     [is-before] 販売終了
     [is-before] 販売終了
     [is-before] 販売終了

===== id417 志の輔らくご 真夏の大忠臣蔵 in 下北沢 | 公演:2026-08-09 =====
  URL末尾 ...o?eventBundleCd=b2668270 | cards=3 | 'sorry/枚数'語=True
     [is-active] 予定枚数終了
     [is-before] 抽選受付終了
     [is-active] 予定枚数終了

===== id493 ASKA 岐阜公演 2026 | 公演:2026-10-11 =====
  URL末尾 ...event.do?eventCd=2620793 | cards=12 | 'sorry/枚数'語=True
     [is-active] 予定枚数終了
     [is-active] 予定枚数終了
     [is-active] 予定枚数終了
     [is-active] 予定枚数終了
     [is-before] 抽選受付終了
     [is-before] 抽選受付終了
     [is-before] 抽選受付終了
     [is-before] 抽選受付終了
     [is-active] 予定枚数終了
     [is-active] 予定枚数終了
     [is-active] 予定枚数終了
     [is-active] 予定枚数終了

===== id604 ＡＳＫＡ 2026 | 公演:2026-10-12 =====
  URL末尾 ...event.do?eventCd=2620793 | cards=12 | 'sorry/枚数'語=True
     [is-active] 予定枚数終了
     [is-active] 予定枚数終了
     [is-active] 予定枚数終了
     [is-active] 予定枚数終了
     [is-before] 抽選受付終了
     [is-before] 抽選受付終了
     [is-before] 抽選受付終了
     [is-before] 抽選受付終了
     [is-active] 予定枚数終了
     [is-active] 予定枚数終了
     [is-active] 予定枚数終了
     [is-active] 予定枚数終了

===== id648 君島大空 夜会ツアー2026「SUPER BLUE TRANQUILIZ | 公演:2026-08-27 =====
  URL末尾 ...event.do?eventCd=2622461 | cards=3 | 'sorry/枚数'語=True
     [is-active] 予定枚数終了
     [is-before] 抽選受付終了
     [is-active] 予定枚数終了
  URL末尾 ...o?eventBundleCd=b2668602 | cards=7 | 'sorry/枚数'語=True
     [is-active] 予定枚数終了
     [is-active] 予定枚数終了
     [is-before] 抽選受付終了
     [is-before] 抽選受付終了
     [is-before] 抽選受付終了
     [is-active] 予定枚数終了
     [is-active] 予定枚数終了

===== id743 円広志 2026 | 公演:2026-08-23 =====
  URL末尾 ...event.do?eventCd=2617792 | cards=2 | 'sorry/枚数'語=True
     [is-active] 予定枚数終了
     [is-active] 予定枚数終了

===== id760 Hello! Project 2026 Winter ハロ!コン 202 | 公演:2026-07-19 =====
  URL末尾 ...event.do?eventCd=2622994 | cards=3 | 'sorry/枚数'語=True
     [is-active] 予定枚数終了
     [is-before] 抽選受付終了
     [is-active] 予定枚数終了
  URL末尾 ...event.do?eventCd=2624075 | cards=2 | 'sorry/枚数'語=True
     [is-active] 予定枚数終了
     [is-active] 予定枚数終了

===== id881 財津和夫コンサート2026 with 姫野達也「そして」 | 公演:2026-09-12 =====
  URL末尾 ...event.do?eventCd=2543254 | cards=12 | 'sorry/枚数'語=True
     [is-active] 予定枚数終了
     [is-before] 抽選受付終了
     [is-before] 抽選受付終了
     [is-before] 抽選受付終了
     [is-before] 抽選受付終了
     [is-before] 抽選受付終了
     [is-before] 抽選受付終了
     [is-before] 抽選受付終了
     [is-before] 抽選受付終了
     [is-before] 抽選受付終了
     [is-before] 抽選受付終了
     [is-active] 予定枚数終了

===== id1033 第28回東京03単独公演『満更じゃないから』 | 公演:2026-08-29 =====
  URL末尾 ...o?eventBundleCd=b2666130 | cards=76 | 'sorry/枚数'語=True
     [is-active] 予定枚数終了
     [is-active] 予定枚数終了
     [is-active] 予定枚数終了
     [is-active] 予定枚数終了
     [is-active] 予定枚数終了
     [is-active] 予定枚数終了
     [is-active] 予定枚数終了
     [is-active] 予定枚数終了
     [is-active] 予定枚数終了
     [is-active] 予定枚数終了
     [is-active] 予定枚数終了
     [is-active] 予定枚数終了

===== id1034 ＢＫＢソロライブンツアー２０２６ｃｃ『バイク単独バイク〜僕の奇妙な冒険〜 | 公演:2026-08-19 =====
  URL末尾 ...event.do?eventCd=2622700 | cards=2 | 'sorry/枚数'語=True
     [is-active] 予定枚数終了
     [is-active] 予定枚数終了

===== id1329 バチカン市国に愛されたい | 公演:2026-11-23 =====
  URL末尾 ...event.do?eventCd=2619130 | cards=6 | 'sorry/枚数'語=True
     [is-active] 予定枚数終了
     [is-active] 予定枚数終了
     [is-active] 予定枚数終了
     [is-active] 予定枚数終了
     [is-active] 予定枚数終了
     [is-active] 予定枚数終了
