[1/232] 17 -                      → - カテゴリ取れず(bundle等)→要目視
[2/232] 58 -                      → - カテゴリ取れず(bundle等)→要目視
[3/232] 72 -                      → - カテゴリ取れず(bundle等)→要目視
[4/232] 96 -                      → - カテゴリ取れず(bundle等)→要目視
[5/232] 99 -                      → - カテゴリ取れず(bundle等)→要目視
[6/232] 100 ミュージカル・ショー             → musical 
[7/232] 108 パフォーマンス                → engeki 
[8/232] 113 -                      → - カテゴリ取れず(bundle等)→要目視
[9/232] 130 ミュージカル・ショー             → musical 
[10/232] 137 -                      → - カテゴリ取れず(bundle等)→要目視
[11/232] 144 ぴあURL無し
[12/232] 189 -                      → - カテゴリ取れず(bundle等)→要目視
[13/232] 190 パフォーマンス                → engeki 
[14/232] 209 -                      → - カテゴリ取れず(bundle等)→要目視
[15/232] 210 歌舞伎・古典芸能               → dento 
[16/232] 213 fetch失敗: PiaSorry
[17/232] 268 -                      → - カテゴリ取れず(bundle等)→要目視
[18/232] 269 -                      → - カテゴリ取れず(bundle等)→要目視
[19/232] 270 ミュージカル・ショー             → musical 
[20/232] 271 -                      → - カテゴリ取れず(bundle等)→要目視
[21/232] 272 -                      → - カテゴリ取れず(bundle等)→要目視
[22/232] 275 ミュージカル・ショー             → musical 
[23/232] 277 -                      → - カテゴリ取れず(bundle等)→要目視
[24/232] 300 -                      → - カテゴリ取れず(bundle等)→要目視
[25/232] 356 -                      → - カテゴリ取れず(bundle等)→要目視
[26/232] 358 -                      → - カテゴリ取れず(bundle等)→要目視
[27/232] 411 ミュージカル・ショー             → musical 
[28/232] 426 -                      → - カテゴリ取れず(bundle等)→要目視
[29/232] 456 歌舞伎・古典芸能               → dento 
[30/232] 457 歌舞伎・古典芸能               → dento 
[31/232] 459 歌舞伎・古典芸能               → dento 
[32/232] 476 バレエ・ダンス                → classic 
[33/232] 477 バレエ・ダンス                → classic 
[34/232] 938 寄席・お笑い                 → owarai 
[35/232] 939 演劇                     → engeki 
[36/232] 945 ミュージカル・ショー             → musical 
[37/232] 946 ミュージカル・ショー             → musical 
[38/232] 949 人形劇・キャラクター             → kids 
[39/232] 972 バレエ・ダンス                → classic 
[40/232] 975 バレエ・ダンス                → classic 
[41/232] 979 演劇                     → engeki 
[42/232] 980 演劇                     → engeki 
[43/232] 983 朗読・リーディング              → engeki 
[44/232] 987 演劇その他                  → engeki 
[45/232] 992 演劇                     → engeki 
[46/232] 997 演劇その他                  → engeki 
[47/232] 999 演劇                     → engeki 
[48/232] 1001 バレエ・ダンス                → classic 
[49/232] 1002 演劇                     → engeki 
[50/232] 1008 演劇その他                  → engeki 
[51/232] 1009 ミュージカル・ショー             → musical 
[52/232] 1015 ミュージカル・ショー             → musical 
[53/232] 1020 演劇                     → engeki 
[54/232] 1021 演劇                     → engeki 
[55/232] 1024 演劇                     → engeki 
[56/232] 1025 ミュージカル・ショー             → musical 
[57/232] 1026 演劇                     → engeki 
[58/232] 1031 朗読・リーディング              → engeki 
[59/232] 1035 演劇                     → engeki 
[60/232] 1043 -                      → - カテゴリ取れず(bundle等)→要目視
[61/232] 1044 演劇                     → engeki 
[62/232] 1045 演劇                     → engeki 
[63/232] 1046 演劇                     → engeki 
[64/232] 1056 -                      → - カテゴリ取れず(bundle等)→要目視
[65/232] 1059 -                      → - カテゴリ取れず(bundle等)→要目視
[66/232] 1062 朗読・リーディング              → engeki 
[67/232] 1065 演劇                     → engeki 
[68/232] 1066 演劇                     → engeki 
[69/232] 1069 演劇その他                  → engeki 
[70/232] 1071 -                      → - カテゴリ取れず(bundle等)→要目視
[71/232] 1075 -                      → - カテゴリ取れず(bundle等)→要目視
[72/232] 1076 -                      → - カテゴリ取れず(bundle等)→要目視
[73/232] 1078 演劇                     → engeki 
[74/232] 1082 -                      → - カテゴリ取れず(bundle等)→要目視
[75/232] 1086 朗読・リーディング              → engeki 
[76/232] 1091 パフォーマンス                → engeki 
[77/232] 1095 演劇                     → engeki 
[78/232] 1096 演劇                     → engeki 
[79/232] 1101 -                      → - カテゴリ取れず(bundle等)→要目視
[80/232] 1102 朗読・リーディング              → engeki 
[81/232] 1112 演劇                     → engeki 
[82/232] 1117 演劇                     → engeki 
[83/232] 1118 演劇                     → engeki 
[84/232] 1120 演劇                     → engeki 
[85/232] 1124 -                      → - カテゴリ取れず(bundle等)→要目視
[86/232] 1135 演劇                     → engeki 
[87/232] 1138 演劇                     → engeki 
[88/232] 1145 演劇                     → engeki 
[89/232] 1341 朗読・リーディング              → engeki 
[90/232] 1691 -                      → - カテゴリ取れず(bundle等)→要目視
[91/232] 1694 演劇                     → engeki 
[92/232] 1742 演劇                     → engeki 
[93/232] 1743 朗読・リーディング              → engeki 
[94/232] 1767 朗読・リーディング              → engeki 
[95/232] 1768 バレエ・ダンス                → classic 
[96/232] 1796 演劇                     → engeki 
[97/232] 1804 演劇                     → engeki 
[98/232] 1875 演劇                     → engeki 
[99/232] 1876 演劇                     → engeki 
[100/232] 1886 演劇                     → engeki 
[101/232] 1904 演劇                     → engeki 
[102/232] 1907 朗読・リーディング              → engeki 
[103/232] 1903 演劇                     → engeki 
[104/232] 1902 -                      → - カテゴリ取れず(bundle等)→要目視
[105/232] 1958 演劇                     → engeki 
[106/232] 2018 民族音楽                   → yougaku 
[107/232] 2042 童謡・日本のうた               → - PIA_GENRE_MAP未収載: 童謡・日本のうた
[108/232] 2046 演劇                     → engeki 
[109/232] 2067 パフォーマンス                → engeki 
[110/232] 2071 演劇                     → engeki 
[111/232] 2098 演劇                     → engeki 
[112/232] 2118 -                      → - カテゴリ取れず(bundle等)→要目視
[113/232] 2119 朗読・リーディング              → engeki 
[114/232] 2122 演劇                     → engeki 
[115/232] 2123 演劇                     → engeki 
[116/232] 2127 -                      → - カテゴリ取れず(bundle等)→要目視
[117/232] 2131 演劇                     → engeki 
[118/232] 2231 -                      → - カテゴリ取れず(bundle等)→要目視
[119/232] 2240 パフォーマンス                → engeki 
[120/232] 2244 演劇                     → engeki 
[121/232] 2284 -                      → - カテゴリ取れず(bundle等)→要目視
[122/232] 2286 演劇                     → engeki 
[123/232] 2292 演劇                     → engeki 
[124/232] 2291 演劇                     → engeki 
[125/232] 2381 演劇                     → engeki 
[126/232] 2394 演劇                     → engeki 
[127/232] 2411 演劇                     → engeki 
[128/232] 2419 朗読・リーディング              → engeki 
[129/232] 2425 -                      → - カテゴリ取れず(bundle等)→要目視
[130/232] 2426 演劇                     → engeki 
[131/232] 2432 演劇                     → engeki 
[132/232] 2434 演劇                     → engeki 
[133/232] 2438 朗読・リーディング              → engeki 
[134/232] 2447 朗読・リーディング              → engeki 
[135/232] 2526 パフォーマンス                → engeki 
[136/232] 2527 イベントその他                → engeki 
[137/232] 2612 朗読・リーディング              → engeki 
[138/232] 2623 学園祭                    → - PIA_GENRE_MAP未収載: 学園祭
[139/232] 2648 -                      → - カテゴリ取れず(bundle等)→要目視
[140/232] 2784 パフォーマンス                → engeki 
[141/232] 2786 演劇                     → engeki 
[142/232] 2818 演劇                     → engeki 
[143/232] 2839 演劇                     → engeki 
[144/232] 2849 演劇                     → engeki 
[145/232] 2886 演劇                     → engeki 
[146/232] 2927 朗読・リーディング              → engeki 
[147/232] 2994 演劇                     → engeki 
[148/232] 3119 海外ROCK・POPS            → yougaku 
[149/232] 3155 イベントその他                → engeki 
[150/232] 3163 演劇                     → engeki 
[151/232] 3182 演劇                     → engeki 
[152/232] 3189 演劇                     → engeki 
[153/232] 3244 ぴあURL無し
[154/232] 3254 パフォーマンス                → engeki 
[155/232] 3255 演劇                     → engeki 
[156/232] 3256 演劇                     → engeki 
[157/232] 3257 演劇                     → engeki 
[158/232] 3259 演劇                     → engeki 
[159/232] 3261 パフォーマンス                → engeki 
[160/232] 3262 パフォーマンス                → engeki 
[161/232] 3263 パフォーマンス                → engeki 
[162/232] 3264 演劇その他                  → engeki 
[163/232] 3266 演劇                     → engeki 
[164/232] 3267 演劇                     → engeki 
[165/232] 3268 演劇                     → engeki 
[166/232] 3272 海外ROCK・POPS            → yougaku 
[167/232] 3273 海外ROCK・POPS            → yougaku 
[168/232] 3274 童謡・日本のうた               → - PIA_GENRE_MAP未収載: 童謡・日本のうた
[169/232] 3289 演劇                     → engeki 
[170/232] 3311 講演会・トークショー             → engeki 
[171/232] 3312 イベントその他                → engeki 
[172/232] 3313 博覧会・展示会・見本市            → art 
[173/232] 3314 講演会・トークショー             → engeki 
[174/232] 3315 ショー・ファンイベント            → - PIA_GENRE_MAP未収載: ショー・ファンイベント
[175/232] 3316 博覧会・展示会・見本市            → art 
[176/232] 3317 博覧会・展示会・見本市            → art 
[177/232] 3318 博覧会・展示会・見本市            → art 
[178/232] 3327 演劇                     → engeki 
[179/232] 3369 演劇                     → engeki 
[180/232] 3436 講演会・トークショー             → engeki 
[181/232] 3448 演劇                     → engeki 
[182/232] 3454 講演会・トークショー             → engeki 
[183/232] 3492 演劇                     → engeki 
[184/232] 3493 -                      → - カテゴリ取れず(bundle等)→要目視
[185/232] 3501 演劇                     → engeki 
[186/232] 3547 演劇                     → engeki 
[187/232] 3550 演劇                     → engeki 
[188/232] 3551 演劇                     → engeki 
[189/232] 3584 演劇                     → engeki 
[190/232] 3585 演劇                     → engeki 
[191/232] 3586 演劇                     → engeki 
[192/232] 3588 朗読・リーディング              → engeki 
[193/232] 3590 演劇                     → engeki 
[194/232] 3596 演劇                     → engeki 
[195/232] 3598 演劇                     → engeki 
[196/232] 3602 演劇                     → engeki 
[197/232] 3605 演劇                     → engeki 
[198/232] 3625 イベントその他                → engeki 
[199/232] 3626 邦画                     → engeki 
[200/232] 3632 ライブビューイング              → engeki 
[201/232] 3641 邦画                     → engeki 
[202/232] 3650 ライブビューイング              → engeki 
[203/232] 3654 演劇                     → engeki 
[204/232] 3655 講演会・トークショー             → engeki 
[205/232] 3669 -                      → - カテゴリ取れず(bundle等)→要目視
[206/232] 3671 映画祭                    → engeki 
[207/232] 3674 パフォーマンス                → engeki 
[208/232] 3683 邦画                     → engeki 
[209/232] 3712 洋画                     → engeki 
[210/232] 3713 ショー・ファンイベント            → - PIA_GENRE_MAP未収載: ショー・ファンイベント
[211/232] 3714 講演会・トークショー             → engeki 
[212/232] 3715 講演会・トークショー             → engeki 
[213/232] 3750 演劇                     → engeki 
[214/232] 3754 演劇                     → engeki 
[215/232] 3755 演劇                     → engeki 
[216/232] 3756 演劇                     → engeki 
[217/232] 3758 演劇                     → engeki 
[218/232] 3759 演劇                     → engeki 
[219/232] 3830 パフォーマンス                → engeki 
[220/232] 3832 ショー・ファンイベント            → - PIA_GENRE_MAP未収載: ショー・ファンイベント
[221/232] 3833 パフォーマンス                → engeki 
[222/232] 3835 学園祭                    → - PIA_GENRE_MAP未収載: 学園祭
[223/232] 3862 フェスティバル                → - PIA_GENRE_MAP未収載: フェスティバル
[224/232] 3906 -                      → - カテゴリ取れず(bundle等)→要目視
[225/232] 3943 演劇                     → engeki 
[226/232] 3990 演劇                     → engeki 
[227/232] 3991 演劇                     → engeki 
[228/232] 4002 学園祭                    → - PIA_GENRE_MAP未収載: 学園祭
[229/232] 4011 朗読・リーディング              → engeki 
[230/232] 4017 講演会・トークショー             → engeki 
[231/232] 4061 演劇                     → engeki 
[232/232] 4066 演劇                     → engeki 

=== 走査結果 232件 ===
  engeki                       152
  !カテゴリ取れず(bundle等)→要目視         38
  musical                       10
  classic                        6
  dento                          4
  yougaku                        4
  art                            4
  !PIA_GENRE_MAP未収載: 学園祭         3
  !PIA_GENRE_MAP未収載: ショー・ファンイベント   3
  !ぴあURL無し→要目視                   2
  !PIA_GENRE_MAP未収載: 童謡・日本のうた    2
  !fetch失敗: PiaSorry             1
  owarai                         1
  kids                           1
  !PIA_GENRE_MAP未収載: フェスティバル     1
(適用は --apply)
