########## rock-indies 受付前 ##########
p1: 50枚 受付前0 | 累計uniq受付前 0 (DB未収録 0)
p64: 50枚 受付前2 | 累計uniq受付前 60 (DB未収録 52)
=== 受付前(発売前) DB未収録 52件 → tmp/eplus_presale.json ===
########## idol 受付前 ##########
p1: 50枚 受付前1 | 累計uniq受付前 1 (DB未収録 1)
p64: 0枚 受付前0 | 累計uniq受付前 11 (DB未収録 11)
=== 受付前(発売前) DB未収録 11件 → tmp/eplus_presale.json ===
########## classic 受付前 ##########
=== 受付前(発売前) DB未収録 0件 → tmp/eplus_presale.json ===
########## enka 受付前 ##########
p1: 50枚 受付前0 | 累計uniq受付前 0 (DB未収録 0)
p64: 0枚 受付前0 | 累計uniq受付前 7 (DB未収録 7)
=== 受付前(発売前) DB未収録 7件 → tmp/eplus_presale.json ===
########## k-pop-asian 受付前 ##########
p1: 50枚 受付前0 | 累計uniq受付前 0 (DB未収録 0)
p64: 0枚 受付前0 | 累計uniq受付前 0 (DB未収録 0)
=== 受付前(発売前) DB未収録 0件 → tmp/eplus_presale.json ===
########## anime-song 受付前 ##########
p1: 50枚 受付前5 | 累計uniq受付前 2 (DB未収録 2)
p64: 0枚 受付前0 | 累計uniq受付前 3 (DB未収録 3)
=== 受付前(発売前) DB未収録 3件 → tmp/eplus_presale.json ===
########## hiphop-rap 受付前 ##########
p1: 50枚 受付前1 | 累計uniq受付前 1 (DB未収録 1)
p64: 0枚 受付前0 | 累計uniq受付前 3 (DB未収録 2)
=== 受付前(発売前) DB未収録 2件 → tmp/eplus_presale.json ===
########## jazz-fusion 受付前 ##########
p1: 50枚 受付前0 | 累計uniq受付前 0 (DB未収録 0)
p64: 0枚 受付前0 | 累計uniq受付前 10 (DB未収録 10)
=== 受付前(発売前) DB未収録 10件 → tmp/eplus_presale.json ===
########## visual 受付前 ##########
p1: 50枚 受付前0 | 累計uniq受付前 0 (DB未収録 0)
p64: 0枚 受付前0 | 累計uniq受付前 167 (DB未収録 161)
=== 受付前(発売前) DB未収録 161件 → tmp/eplus_presale.json ===
########## voiceactor-live 受付前 ##########
p1: 50枚 受付前0 | 累計uniq受付前 0 (DB未収録 0)
p64: 0枚 受付前0 | 累計uniq受付前 14 (DB未収録 13)
=== 受付前(発売前) DB未収録 13件 → tmp/eplus_presale.json ===
########## festival 受付前 ##########
p1: 0枚 受付前0 | 累計uniq受付前 0 (DB未収録 0)
p64: 0枚 受付前0 | 累計uniq受付前 0 (DB未収録 0)
=== 受付前(発売前) DB未収録 0件 → tmp/eplus_presale.json ===
ALL DONE
