p1: 50枚 受付前0 | 累計uniq受付前 0 (DB未収録 0)
p2: 50枚 受付前0 | 累計uniq受付前 0 (DB未収録 0)
p3: 50枚 受付前1 | 累計uniq受付前 1 (DB未収録 1)
p4: 50枚 受付前0 | 累計uniq受付前 1 (DB未収録 1)
p5: 50枚 受付前0 | 累計uniq受付前 1 (DB未収録 1)
p6: 50枚 受付前0 | 累計uniq受付前 1 (DB未収録 1)
p7: 50枚 受付前0 | 累計uniq受付前 1 (DB未収録 1)
p8: 50枚 受付前0 | 累計uniq受付前 1 (DB未収録 1)
p9: 50枚 受付前1 | 累計uniq受付前 2 (DB未収録 2)
p10: 50枚 受付前1 | 累計uniq受付前 2 (DB未収録 2)
p11: 50枚 受付前2 | 累計uniq受付前 2 (DB未収録 2)
p12: 50枚 受付前4 | 累計uniq受付前 3 (DB未収録 3)
p13: 50枚 受付前5 | 累計uniq受付前 5 (DB未収録 5)
p14: 50枚 受付前4 | 累計uniq受付前 5 (DB未収録 5)
p15: 50枚 受付前4 | 累計uniq受付前 6 (DB未収録 6)
p16: 50枚 受付前5 | 累計uniq受付前 7 (DB未収録 7)
p17: 50枚 受付前5 | 累計uniq受付前 8 (DB未収録 8)
p18: 50枚 受付前1 | 累計uniq受付前 9 (DB未収録 9)
p19: 50枚 受付前3 | 累計uniq受付前 12 (DB未収録 12)
p20: 50枚 受付前4 | 累計uniq受付前 14 (DB未収録 14)
p21: 50枚 受付前3 | 累計uniq受付前 15 (DB未収録 15)
p22: 50枚 受付前0 | 累計uniq受付前 15 (DB未収録 15)
p23: 50枚 受付前5 | 累計uniq受付前 18 (DB未収録 18)
p24: 50枚 受付前6 | 累計uniq受付前 19 (DB未収録 19)
p25: 50枚 受付前3 | 累計uniq受付前 19 (DB未収録 19)
p26: 50枚 受付前0 | 累計uniq受付前 19 (DB未収録 19)
p27: 50枚 受付前38 | 累計uniq受付前 26 (DB未収録 26)
p28: 50枚 受付前16 | 累計uniq受付前 26 (DB未収録 26)
p29: 50枚 受付前1 | 累計uniq受付前 27 (DB未収録 27)
p30: 50枚 受付前1 | 累計uniq受付前 28 (DB未収録 28)
p31: 50枚 受付前2 | 累計uniq受付前 30 (DB未収録 28)
p32: 50枚 受付前0 | 累計uniq受付前 30 (DB未収録 28)
p33: 50枚 受付前1 | 累計uniq受付前 31 (DB未収録 28)
p34: 50枚 受付前0 | 累計uniq受付前 31 (DB未収録 28)
p35: 50枚 受付前4 | 累計uniq受付前 35 (DB未収録 31)
p36: 50枚 受付前1 | 累計uniq受付前 35 (DB未収録 31)
p37: 50枚 受付前2 | 累計uniq受付前 36 (DB未収録 32)
p38: 50枚 受付前4 | 累計uniq受付前 38 (DB未収録 34)
p39: 50枚 受付前3 | 累計uniq受付前 40 (DB未収録 35)
p40: 50枚 受付前1 | 累計uniq受付前 41 (DB未収録 36)
p41: 50枚 受付前2 | 累計uniq受付前 43 (DB未収録 38)
p42: 50枚 受付前2 | 累計uniq受付前 44 (DB未収録 39)
p43: 50枚 受付前1 | 累計uniq受付前 44 (DB未収録 39)
p44: 50枚 受付前1 | 累計uniq受付前 44 (DB未収録 39)
p45: 50枚 受付前4 | 累計uniq受付前 47 (DB未収録 42)
p46: 50枚 受付前1 | 累計uniq受付前 48 (DB未収録 43)
p47: 50枚 受付前0 | 累計uniq受付前 48 (DB未収録 43)
p48: 50枚 受付前1 | 累計uniq受付前 49 (DB未収録 44)
p49: 50枚 受付前1 | 累計uniq受付前 50 (DB未収録 44)
p50: 50枚 受付前7 | 累計uniq受付前 55 (DB未収録 49)
p51: 50枚 受付前8 | 累計uniq受付前 61 (DB未収録 55)
p52: 50枚 受付前1 | 累計uniq受付前 62 (DB未収録 56)
p53: 50枚 受付前4 | 累計uniq受付前 66 (DB未収録 60)
p54: 50枚 受付前2 | 累計uniq受付前 68 (DB未収録 62)
p55: 50枚 受付前4 | 累計uniq受付前 71 (DB未収録 65)
p56: 50枚 受付前5 | 累計uniq受付前 73 (DB未収録 66)
p57: 50枚 受付前2 | 累計uniq受付前 75 (DB未収録 68)
p58: 50枚 受付前6 | 累計uniq受付前 80 (DB未収録 72)
p59: 50枚 受付前4 | 累計uniq受付前 83 (DB未収録 75)
p60: 50枚 受付前1 | 累計uniq受付前 84 (DB未収録 76)
p61: 50枚 受付前9 | 累計uniq受付前 90 (DB未収録 82)
p62: 50枚 受付前10 | 累計uniq受付前 99 (DB未収録 91)
p63: 50枚 受付前5 | 累計uniq受付前 102 (DB未収録 94)
p64: 44枚 受付前7 | 累計uniq受付前 105 (DB未収録 97)
=== 受付前(発売前) DB未収録 97件 → tmp/eplus_presale.json ===
  0282050001 | 2026/9/23(水・祝) | 先着 EPO
  2499520001 | 2026/10/3(土) | 先着 MeseMoa.2ショット撮影会 MeseMoa. 47都道府県ツアー「BooM!! ～にほん
  4602220001 | 2026/10/7(水) | 先着 シアターDD -KAGUYA-
  2818490001 | 2026/10/10(土) | 先着 パンダドラゴン ツーショット撮影会 SUMMER TOUR 2026 開催記念特典会
  4411140001 | 2026/10/10(土) | 先着 ラムネ商店街 紫咲伊織聖誕祭 2026
  2871710001 | 2026/10/11(日) | 抽選 西川貴教(TAKANORI NISHIKAWA)
  4504410001 | 2026/10/12(月・祝) | 先着 パンダドラゴン お話し会 14th Single『IDOL OF POP / ラブリートファイ
  4424510001 | 2026/10/14(水) | 先着 ラムネ商店街 今泉光耀聖誕祭 2026
  4424560001 | 2026/10/15(木) | 先着 ラムネ商店街 慧楽壱聖誕祭 2026
  4600900001 | 2026/10/16(金) | 先着 上北健 Acoustic Live『心集い -2026-』
  4603220001 | 2026/10/17(土) | 先着 長崎スタジアムシティ開業2周年記念 「HAPPINESS JAM 2026」
  4604290001 | 2026/10/17(土) | 先着 川口フェス 15th Anniversary LIVE 2026
  0024240001 | 2026/10/17(土) | 先着 宇都宮隆
  4179440001 | 2026/10/17(土) | 先着 名古屋商科大学 第74回 三ヶ峯祭 SUPER LIVE 2026
  0361040001 | 2026/10/18(日) | 先着 吉田山田
  4595900001 | 2026/10/23(金) | 先着 遠藤響子デビュー45周年記念特別企画第2弾 「ガールズ･オン･ザルーフ」ライブ 素敵なゲストを
  2904010001 | 2026/10/24(土) | 抽選 パンダドラゴン 「3作連続オリコンウィークリー1位大感謝☆お話会」
  4407310001 | 2026/10/24(土) | 抽選 ノックソ ツーショット撮影会 ノックソ聖誕記念撮影会
  0297830001 | 2026/10/24(土) | 先着 太陽とシスコムーン LIVE 2026 ～Evolve～
  3486830001 | 2026/10/28(水) | 先着 ReLIT ツーショット撮影会 DDハロウィン大メロメロタイム
  3865310001 | 2026/10/28(水) | 先着 ラムネ商店街 ツーショット撮影会 DDハロウィン大メロメロタイム
  3885590001 | 2026/10/28(水) | 先着 ナナクロニクル ツーショット撮影会 DDハロウィン大メロメロタイム
  4352930001 | 2026/10/28(水) | 先着 あづ ツーショット撮影会 DDハロウィン大メロメロタイム
  4358300001 | 2026/10/28(水) | 先着 Milky Monster ツーショット撮影会 DDハロウィン大メロメロタイム
  4370730001 | 2026/10/28(水) | 先着 さっさー ツーショット撮影会 DDハロウィン大メロメロタイム
  4598840001 | 2026/10/28(水) | 先着 西田颯梓 ツーショット撮影会 DDハロウィン大メロメロタイム
  0527690001 | 2026/10/30(金) | 先着 レキシ レキシ アコースティックツアー 2026 ～稲･遷都･ワールド～
  3946050004 | 2026/10/31(土) | 先着 第74回徳島大学常三島祭 「ココロウズウズ!常三島祭!」みんなでつくる、誰もが笑顔になれる学祭
  0024790001 | 2026/11/7(土) | 先着 DA PUMP <追加公演>
  0130860001 | 2026/11/7(土) | 先着 池田綾子
  4600350001 | 2026/11/7(土) | 先着 wacci LIVE at 天理大学祭
  4594590001 | 2026/11/9(月) | 先着 NAOTO Six Colors
  4594650001 | 2026/11/12(木) | 先着 スライス･オブ･ライフ 岡林風穂 / なち(サバシスター)
  2126730001 | 2026/11/13(金) | 先着 ラブリーサマーちゃん LSC 10th Anniversary GIG tour
  4175030001 | 2026/11/14(土) | 先着 jo0ji
  4604770001 | 2026/11/14(土) | 先着 sacra企画「Together 2026」名古屋編
  4606760001 | 2026/11/16(月) | 先着 ”Classic Ray” Album Release Live
  4597690001 | 2026/11/17(火) | 先着 平松愛理 平松愛理 Autumn Live 弾き語りツアー2026 ～ SLOW ROOM ～
  4599180001 | 2026/11/19(木) | 先着 『SHINJUKU LOFT 50th ANNIVERSARY PINK OR BLUE』
  0035110001 | 2026/11/23(月・祝) | 先着 斉藤和義 「KAZUYOSHI SAITO LIVE TOUR 2026 “日常Days”」
  0115600001 | 2026/11/24(火) | 先着 松任谷由実
  3509990002 | 2026/11/24(火) | 先着 君島大空 合奏形態 <追加公演>
  4606670001 | 2026/11/27(金) | 先着 アコースティックライブ in 2026
  4590600001 | 2026/11/29(日) | 先着 秋のズンドコ豊年祭’26
  4586480001 | 2026/12/5(土) | 先着 山本達彦 1st <Live en Quatre Saisons･Hiver>
  4586690001 | 2026/12/5(土) | 先着 山本達彦 昼公演 <Live en Quatre Saisons･Hiver>
  2545240001 | 2026/12/5(土) | 先着 永井真理子
  4586490001 | 2026/12/5(土) | 先着 山本達彦 2nd <Live en Quatre Saisons･Hiver>
  4586700001 | 2026/12/5(土) | 先着 山本達彦 夜公演 <Live en Quatre Saisons･Hiver>
  4586520001 | 2026/12/6(日) | 先着 山本達彦 <昼公演> <Live en Quatre Saisons･Hiver>
  4586670001 | 2026/12/6(日) | 先着 山本達彦 <Live en Quatre Saisons･Hiver>
  4586710001 | 2026/12/6(日) | 先着 山本達彦 昼公演 <Live en Quatre Saisons･Hiver>
  4586590001 | 2026/12/6(日) | 先着 山本達彦 夜公演 <Live en Quatre Saisons･Hiver>
  4586720001 | 2026/12/6(日) | 先着 山本達彦 夜公演 <Live en Quatre Saisons･Hiver>
  4598270001 | 2026/12/6(日) | 先着 遊佐未森Christmas Concert2026 “pianoel”
  4597520001 | 2026/12/10(木) | 先着 ガレージシャンソンショー 客人:中西俊博(Vn.) <外苑前の客人(まろうど)～其の二十四～>
  4592070001 | 2026/12/12(土) | 先着 奥崎海斗 one-man LIVE「LIGHTHOUSE」
  4604700001 | 2026/12/12(土) | 抽選 杉真理 Masamichi Sugi LIVE「Xmas in LOVE 2026」
  4594320001 | 2026/12/13(日) | 先着 鹿オープンイベント”真鹿(シンカ)2MAN”
  0006340001 | 2026/12/13(日) | 先着 辛島美登里
  3999490003 | 2026/12/13(日) | 先着 ANISON PREMIUM LIVE ささきいさお×堀江美都子×影山ヒロノブ×遠藤正明
  4605370001 | 2026/12/14(月) | 先着 TOMOVSKY 「TOMOVSKY大生誕祭2026 ～トモフが堺にやって来るニャァ!ニャァ!
  0022440001 | 2026/12/18(金) | 先着 角松敏生
  4605050001 | 2026/12/18(金) | 先着 [名古屋]SERRA 『X:CEED』 Release Tour
  4598600001 | 2026/12/19(土) | 先着 東野純直 X’mas LIVE 2026 with Friends From 音GRAPH
  0274120001 | 2026/12/20(日) | 先着 藤澤ノリマサ
  4590380001 | 2026/12/24(木) | 先着 工藤静香 Christmas Dinner Show 2026
  0011630001 | 2026/12/26(土) | 先着 ゴスペラーズ
  4588390001 | 2026/12/28(月) | 先着 下地イサム 2026年末ライブ
  4588650001 | 2026/12/29(火) | 先着 新良幸人 ライブvol.107 『年末だよ、おっ母さん』
  0007190012 | 2027/1/8(金) | 先着 中村雅俊
  4586010001 | 2027/1/9(土) | 先着 ジャミン･ゼブ ジャミン･ゼブ コンサート2027
  4604710001 | 2027/1/9(土) | 先着 YAMATO spirit フェス 2027 YAMATO spirit フェス 2027
  4602890001 | 2027/1/10(日) | 先着 森口博子 ニューイヤーコンサート2027
  4598200001 | 2027/1/16(土) | 抽選 稲垣潤一 稲垣潤一45th Anniversary Tour ～Special Thanks～
  4598210001 | 2027/1/23(土) | 抽選 稲垣潤一 稲垣潤一45th Anniversary Tour ～Special Thanks～
  0534530001 | 2027/1/28(木) | 先着 LiSA
  4569030001 | 2027/1/30(土) | 先着 UNDER FLOWER FESTIVAL Vol.3
  0084810001 | 2027/1/30(土) | 先着 清水ミチコ
  4592360001 | 2027/1/31(日) | 抽選 八神純子 八神純子 キミの街へ 2027 ～Share the moment with you
  4586020001 | 2027/2/7(日) | 先着 ベイビーブー ベイビーブーコンサート2027 ～ 時代を彩った昭和名曲をあなたに ～
  4591720001 | 2027/2/7(日) | 先着 SINON 奇跡の歌声 ～カーペンターズコンサートin武蔵村山～
  4573300001 | 2027/2/10(水) | 先着 つきみるく Band Set Birthday One-Man Live 『SILVER LI
  2266940001 | 2027/2/10(水) | 先着 鈴木実貴子ズ
  4598280001 | 2027/2/11(木・祝) | 抽選 稲垣潤一 稲垣潤一45th Anniversary Tour ～Special Thanks～
  0004490001 | 2027/2/14(日) | 抽選 布施明
  4277190001 | 2027/2/22(月) | 先着 みーぽん。
  4558010001 | 2027/2/22(月) | 先着 橘田ほのか バースデーワンマン 「日々のあわい」
  4598290001 | 2027/2/23(火・祝) | 抽選 稲垣潤一 稲垣潤一45th Anniversary Tour ～Special Thanks～
  0234910001 | 2027/2/28(日) | 先着 松平健
  4586030001 | 2027/2/28(日) | 先着 ベイビーブー ベイビーブーコンサート2027 ～ 時代を彩った昭和名曲をあなたに ～
  0064090019 | 2027/3/6(土) | 抽選 中川晃教
  4584340001 | 2027/3/21(日・祝) | 先着 中村雅俊コンサート2027
  4533100002 | 2027/3/22(月・祝) | 先着 尾崎亜美 50th Amii-versary Concert Tour 2027
  4602330001 | 2027/5/15(土) | 先着 さとうもときワンマンライブ 俺的、故郷凱旋。 あいつが帰ってくるぞー!
  1002600001 | 2027/5/29(土) | 先着 石川智晶
  3483910001 | 2027/6/12(土) | 先着 ReLIT
