lg=07 total=310 pages=31
parsed items: 218
already in DB: 6 | NOT in DB (new candidates): 212
written tmp/presale_07_0626.json
 NEW | 2026/7/5 | 愛知室内オーケストラ 文化会館再開記念演奏会 | 2026/10/4(日) | 三重県
 NEW | 2026/7/1 | 青木耕平（Ｂｒ） | 2026/12/20(日) | 兵庫県
 NEW | 2026/7/12 | 青木尚佳（Ｖｎ） ジャノ・リスボア（Ｖａ） ウェ | 2026/10/11(日) | 愛知県
 NEW | 2026/6/27 | 秋吉台ホルンスタジオ２０２６ ガラ・コンサート | 2026/8/22(土) | 山口県
 NEW | 2026/6/27 | レ・ヴァン・フランセ | 2026/11/26(木) | 東京都
 NEW | 2026/7/24 | アクロス・クラシックふぇすた２０２６ | 2026/10/3(土) ・ 2026/10 | 福岡県
 NEW | 2026/7/1 | アクロス弦楽合奏団糸島公演 糸島市文化芸術推進基 | 2026/8/22(土) | 福岡県
 NEW | 2026/6/27 | 第１００回朝の光のクラシック 長原幸太（ｖｌ）＆ | 2026/10/24(土) | 大阪府
 NEW | 2026/7/1 | アブデル・ラーマン・エル＝バシャ ピアノ・リサイ | 2026/12/8(火) | 東京都
 NEW | 2026/7/11 | アレクサンドル・カントロフ（ｐ） | 2026/11/29(日) | 東京都
 NEW | 2026/7/19 | アレクサンドル・カントロフ（ｐ） | 2026/11/28(土) | 神奈川県
 NEW | 2026/7/1 | アンサンブル・ソネット愛媛 第２４回演奏会 | 2026/10/18(日) | 愛媛県
 NEW | 2026/6/27 | 石田組 コンサートツアー2026 | 2026/12/6(日) | 群馬県
 NEW | 2026/7/11 | 石田泰尚（ｖｌ）／加羽沢美濃（ｐ） | 2026/10/12(月・祝) | 静岡県
 NEW | TODAY | 石田泰尚（ｖｌ）／務川慧悟（ｐ） | 2026/10/17(土) | 新潟県
 NEW | 2026/7/4 | 伊予管弦楽団第４回定期演奏会 | 2026/10/4(日) | 愛媛県
 NEW | 2026/7/4 | ウィーン・ヨハン・シュトラウス管弦楽団 ニューイ | 2027/1/8(金) | 愛知県
 NEW | 2026/6/27 | 上野耕平＆ＰＡＮＤＡ Ｗｉｎｄ Ｏｒｃｈｅｓｔｒ | 2026/8/16(日) | 山梨県
 NEW | 2026/7/11 | 上野耕平・住谷美帆サクソフォンデュオ・リサイタル | 2026/10/18(日) | 福島県
 NEW | 2026/6/27 | 上野通明 無伴奏チェロ・リサイタル | 2026/9/28(月) | 東京都
 NEW | 2026/7/7 | 牛田智大室内楽プロジェクト Ｖｏｌ．４ 若き日の | 2026/11/20(金) | 東京都
 NEW | 2026/7/1 | 歌と活弁士で誘う 「ああ 夢の街 浅草！」 | 2026/10/1(木) ～ 2026/10 | 東京都
 NEW | 2026/7/11 | 英国国王陛下の近衛軍楽隊 | 2026/10/6(火) | 愛知県
 NEW | 2026/7/11 | 英国国王陛下の近衛軍楽隊 《コールドストリーム・ | 2026/10/7(水) | 滋賀県
 NEW | 2026/6/27 | エットーレ・パガーノ（ｖｃ） | 2026/9/6(日) | 兵庫県
