lg=01 total=443 pages=45
parsed items: 710 (fetched up to page 401)
already in DB: 654 | NOT in DB (new candidates): 56
written tmp/presale_01_0705.json
 NEW | 2026/7/18 | 圧巻！歌まね 歌謡ショー | 2026/10/10(土) | 兵庫県
 NEW | 2026/7/18 | 圧巻！歌まね 歌謡ショー | 2026/10/11(日) | 岐阜県
 NEW | 2026/8/1 | Ａｎｏｉｎｔｅｄ ｍａｓｓ ｃｈｏｉｒ Ｃｏｎｃ | 2026/10/4(日) | 高知県
 NEW | 2026/7/18 | 飯田マキト | 2026/9/22(火・祝) | 京都府
 NEW | 2026/8/1 | ＥＶＥ ＯＦ ＴＨＥ ＬＡＩＮ | 2026/10/29(木) | 兵庫県
 NEW | 2026/8/1 | エリック・マーティン | 2026/12/9(水) | 福岡県
 NEW | 2026/8/1 | エリック・マーティン | 2026/12/15(火) | 愛知県
 NEW | 2026/7/8 | 大沢桃子 | 2026/11/16(月) | 東京都
 NEW | 2026/8/1 | 大人のためのプラネタリウム「宇宙からのメッセージ | 2026/9/12(土) | 福井県
 NEW | 2026/8/1 | 甲斐よしひろ | 2026/11/1(日) | 愛知県
 NEW | 2026/7/11 | 河口恭吾 | 2026/9/5(土) ～ 2026/11/ | 千葉県／東京都／山梨県／長野県／愛媛県／福岡県
 NEW | 2026/7/24 | 合唱団るふらん ２０２６演奏会 | 2026/9/26(土) | 東京都
 NEW | 2026/8/1 | 筋肉少女帯 | 2026/10/9(金) | 愛知県
 NEW | 2026/8/1 | 筋肉少女帯 | 2026/10/16(金) | 東京都
 NEW | 2026/8/1 | 筋肉少女帯 | 2026/10/31(土) | 宮城県
 NEW | 2026/8/1 | 筋肉少女帯 | 2026/11/5(木) | 神奈川県
 NEW | 2026/8/3 | 栗林みな実 | 2026/11/28(土) | 神奈川県
 NEW |  | クリヤ・マコト／安井源之新 ― ＲＨＹＴＨＭＡＴ | 2026/9/11(金) | 鹿児島県
 NEW | 2026/7/25 | 【ＧＥＴＴｉＮＧ ＢＥＴＴＥＲ】 －３０ｔｈ Ａ | 2026/11/23(月・祝) | 東京都
 NEW | 2026/7/12 | ＳＯＵＮＤ ＡＬＩＶＥ ｐｒｅｓｅｎｔｓ 昭和歌 | 2026/9/22(火・祝) | 神奈川県
 NEW | 2026/7/6 | Ｓｕｒｖｉｖｅ Ｓａｉｄ Ｔｈｅ Ｐｒｏｐｈｅｔ | 2026/11/14(土) | 山口県
 NEW |  | ＳＨＩＧＥＫＩ ＯＫＵＢＯ ＴＲＩＯ | 2026/9/6(日) | 鹿児島県
 NEW | 2026/7/12 | ＳＩＳＡＹ | 2026/11/10(火) | 愛知県
 NEW | 2026/8/1 | 柴咲コウ | 2026/12/26(土) | 静岡県
 NEW | 2026/8/1 | ＳＨＩＮＪＵＫＵ ＬＯＦＴ ５０ｔｈ ＡＮＮＩＶ | 2026/11/8(日) | 東京都
