lg=01 total=440 pages=44
parsed items: 715 (fetched up to page 401)
already in DB: 308 | NOT in DB (new candidates): 407
written tmp/presale_01_0706.json
 NEW | 2026/8/1 | Ａｎｏｉｎｔｅｄ ｍａｓｓ ｃｈｏｉｒ Ｃｏｎｃ | 2026/10/4(日) | 高知県
 NEW | 2026/8/1 | ＥＶＥ ＯＦ ＴＨＥ ＬＡＩＮ | 2026/10/29(木) | 兵庫県
 NEW | 2026/8/1 | エリック・マーティン | 2026/12/9(水) | 福岡県
 NEW | 2026/8/1 | エリック・マーティン | 2026/12/15(火) | 愛知県
 NEW | 2026/8/1 | 大人のためのプラネタリウム「宇宙からのメッセージ | 2026/9/12(土) | 福井県
 NEW | 2026/8/1 | 甲斐よしひろ | 2026/11/1(日) | 愛知県
 NEW | TODAY | KAWAII LAB. SESSION 2026 | 2026/7/10(金) | 東京都
 NEW | 2026/7/12 | ＫＡＮＳＡＩ ＬＯＶＥＲＳ ２０２６ | 2026/9/26(土) | 大阪府
 NEW | 2026/7/24 | 合唱団るふらん ２０２６演奏会 | 2026/9/26(土) | 東京都
 NEW | 2026/8/1 | 筋肉少女帯 | 2026/10/9(金) | 愛知県
 NEW | 2026/8/1 | 筋肉少女帯 | 2026/10/16(金) | 東京都
 NEW | 2026/8/1 | 筋肉少女帯 | 2026/10/31(土) | 宮城県
 NEW | 2026/8/1 | 筋肉少女帯 | 2026/11/5(木) | 神奈川県
 NEW | 2026/8/3 | 栗林みな実 | 2026/11/28(土) | 神奈川県
 NEW |  | Ｇｕｉａｎｏ | 2026/9/25(金) | 宮城県
 NEW | 2026/7/25 | 【ＧＥＴＴｉＮＧ ＢＥＴＴＥＲ】 －３０ｔｈ Ａ | 2026/11/23(月・祝) | 東京都
 NEW | 2026/7/13 | ＴＨＥカルテット 懐かしの昭和歌謡コンサート | 2026/9/20(日) | 埼玉県
 NEW | 2026/8/1 | ザ５０回転ズ | 2026/9/22(火・祝) | 熊本県
 NEW | 2026/8/1 | 柴咲コウ | 2026/12/26(土) | 静岡県
 NEW | 2026/8/1 | ＳＨＩＮＪＵＫＵ ＬＯＦＴ ５０ｔｈ ＡＮＮＩＶ | 2026/11/8(日) | 東京都
 NEW |  | スターダスト☆レビュー | 2026/9/12(土) ・ 2026/9/ | 鳥取県／岡山県
 NEW | 2026/7/25 | スターダスト☆レビュー | 2026/9/12(土) ・ 2026/9/ | 鳥取県／岡山県
 NEW | 2026/7/18 | スターダスト☆レビュー | 2026/9/26(土) | 岩手県
 NEW | 2026/7/25 | スターダスト☆レビュー | 2026/10/16(金) ・ 2026/1 | 新潟県
 NEW |  | ＳＴＡＲ ＬＩＧＨＴ ｃｏｌｌｅｃｔｉｏｎ ２ｎ | 2026/8/9(日) | 東京都
