lg=06 total=90 pages=9
parsed items: 75 (fetched up to page 11)
already in DB (eventCd一致): 44 | NOT in DB (new candidates): 31
  うち 5件は同名の既存エントリあり＝投入時に統合を検討（旧実装はここを丸ごと捨てていた）
written tmp/presale_06_0821.json
 NEW | 2026/8/22 | 第４８回 秋吉台観光まつり花火大会＜駐車場整備協 | 2026/9/5(土) | 山口県
 NEW | 2026/8/29 | 「おかあさんといっしょ」ファンターネ！とあそぼＰ | 2026/12/19(土) | 埼玉県
 NEW |  | キボリノコンノ展 食べたい！木彫りアートの世界 | 2026/10/9(金) ～ 2026/11 | 石川県
 NEW | 2026/8/26 | ケロポンズファミリーコンサート ｉｎ 吉備中央町 | 2026/10/31(土) | 岡山県
 NEW | 2026/8/22 | 劇団飛行船マスクプレイミュージカル「シンドバッド | 2026/10/31(土) ・ 2026/1 | 大阪府／愛媛県
 NEW | 2026/8/29 | しまじろうコンサート おかしのくにのハッピーパー | 2026/12/26(土) | 栃木県
 NEW | 2026/9/19 | しまじろうコンサート しまじろうとおかしのくにの | 2026/12/20(日) | 三重県
 NEW |  | 令和八年度 将棋公開模範対局 | 2026/10/18(日) | 静岡県
 NEW | 2026/8/29 | シルク・ドゥ・ソレイユ アース製薬 クーザ 東京 | 2027/3/1(月) ～ 2027/3/9 | 東京都
 NEW | 2026/8/29 | シルク・ドゥ・ソレイユ アース製薬 クーザ 東京 | 2027/4/2(金) ～ 2027/4/1 | 東京都
 NEW | 2026/8/30 | 全国花火師競技大会「第５回にし阿波の花火」 | 2026/11/14(土) | 徳島県
 NEW | 2026/8/22 | 田中久美子さんの専門家解説「ルーヴル美術館がよく | 2026/9/14(月) | 東京都
 NEW | 2026/9/11 | 寺尾聰 | 2026/12/21(月) | 神奈川県
 NEW | 2026/8/22 | 特別展「生きものたちの性」 | 2026/10/31(土) ～ 2027/2 | 東京都
 NEW | 2026/9/19 | 仲里依紗 トークショー | 2026/10/24(土) | 愛知県
 NEW | 2026/8/22 | 名古屋城金シャチ横丁 ワイン魂 | 2026/10/24(土) ～ 2026/1 | 愛知県
 NEW |  | 花江夏樹 | 2026/10/11(日) | 兵庫県
 NEW | 2026/8/25 | ハルメク講座 上野千鶴子さん講演会「老いるのに遠 | 2026/10/21(水) | 東京都
 NEW | 2026/8/29 | 二見颯一 | 2026/12/4(金) | 北海道
 NEW | 2026/8/22 | 古舘と客人と vol.39 | 2026/9/17(木) | 東京都
 NEW | 2026/8/29 | ぶらり塩竈 秋の酒蔵めぐり２０２６ | 2026/9/26(土) | 宮城県
 NEW | 2026/8/22 | プリキュアクラシックコンサート2026 | 2026/11/3(火・祝) | 北海道
 NEW | 2026/9/12 | プリンセス天功と楽しい仲間たち | 2026/11/3(火・祝) | 三重県
 NEW | 2026/8/22 | 星空解説とスマホ撮影ｉｎコスモプラネタリウム渋谷 | 2026/9/10(木) | 東京都
 NEW | 2026/8/29 | 松原健之 | 2026/12/6(日) | 北海道
