lg=01 total=730 pages=73
parsed items: 532 (fetched up to page 75)
already in DB (eventCd一致): 403 | NOT in DB (new candidates): 129
  うち 73件は同名の既存エントリあり＝投入時に統合を検討（旧実装はここを丸ごと捨てていた）
written tmp/presale_01_0821.json
 NEW | 2026/9/19 | 青山新 | 2026/11/27(金) | 神奈川県
 NEW | 2026/9/19 | access | 2026/10/31(土) | 埼玉県
 NEW |  | ＡＳＫＡ | 2026/11/21(土) ・ 2026/1 | 香川県／愛媛県
 NEW | 2026/8/27 | アナタ・ボリビア | 2026/11/2(月) ・ 2026/11 | 岡山県／広島県
 NEW | 2026/8/22 | ANAMANAGUCHI | 2026/10/13(火) | 東京都
 NEW | 2026/8/22 | 新居昭乃 | 2026/11/14(土) | 東京都
 NEW | 2026/9/19 | アンジュルム | 2026/10/17(土) | 宮城県
 NEW | 2026/8/22 | Ａ Ｖｉｌｌａ ｉｄｏｌ ｆｅｓｔｉｖａｌ ＨＯ | 2026/8/29(土) ・ 2026/8/ | 北海道
 NEW |  | ＡＲＴ－ＳＣＨＯＯＬ | 2026/11/7(土) | 北海道
 NEW | 2026/9/5 | いぎなり東北産 | 2026/9/20(日) | 秋田県
 NEW |  | 石橋凌 | 2026/10/30(金) | 広島県
 NEW | 2026/8/22 | 一攫千笑 成りあがれ モノボケアイドルGP ～伝 | 2026/8/26(水) | 東京都
 NEW | 2026/9/5 | １７１／ＰＯＬＹＳＩＣＳ | 2026/11/21(土) ・ 2026/1 | 滋賀県／大阪府
 NEW |  | Ｅｖｏｋｅｎ Ｆｅｓｔ ２０２６ | 2026/8/29(土) ・ 2026/8/ | 東京都
 NEW | 2026/8/22 | 上田正樹／内田勘太郎 | 2026/10/21(水) | 宮城県
 NEW | 2026/8/22 | おいしくるメロンパン | 2026/11/21(土) | 福岡県
 NEW | 2026/9/5 | 小椋佳 | 2026/12/4(金) | 愛媛県
 NEW | 2026/9/19 | OCHA NORMA | 2026/10/18(日) | 大阪府
 NEW |  | ＯｄｄＲｅ： | 2026/11/1(日) | 北海道
 NEW | 2026/8/22 | 小山田壮平 | 2026/9/27(日) | 岡山県
 NEW | 2026/8/22 | 小山田壮平 | 2026/12/6(日) | 北海道
 NEW | 2026/8/22 | 小山田壮平 | 2026/12/13(日) | 愛知県
 NEW | 2026/8/22 | 陰陽座 | 2026/9/29(火) | 神奈川県
 NEW | 2026/8/22 | ｋｅｉｎ | 2026/10/17(土) | 北海道
 NEW | 2026/8/22 | ｋｅｉｎ | 2026/11/7(土) | 福岡県
