lg=05 total=19 pages=2
parsed items: 32 (fetched up to page 17)
already in DB: 0 | NOT in DB (new candidates): 32
written tmp/presale_05_0705.json
 NEW | 2026/7/9 | いけばなの根源池坊展 名古屋花展 | 2026/9/9(水) ～ 2026/9/1 | 愛知県
 NEW | 2026/7/18 | 浮世絵スーパークリエイター 歌川国芳展 | 2026/7/18(土) ～ 2026/9/ | 京都府
 NEW | 2026/7/18 | NHK日曜美術館50年展 | 2026/7/18(土) ～ 2026/9/ | 静岡県
 NEW | 2026/7/11 | 大阪市立美術館開館９０周年記念特別展「水滸伝」 | 2026/7/11(土) ～ 2026/9/ | 大阪府
 NEW | 2026/7/18 | 「小野忠弘 ―創作の軌跡、新しい光―」展 | 2026/7/18(土) ～ 2026/8/ | 福井県
 NEW | TODAY | 「木梨憲武展－ＴＯＵＣＨ」ＳＥＲＥＮＤＩＰＩＴＹ | 2026/7/5(日) ～ 2026/8/2 | 
 NEW | 2026/7/24 | 藝大式 美術の“ミカタ”－この夏、藝大生になる－ | 2026/7/24(金) ～ 2026/9/ | 東京都
 NEW | 2026/7/25 | ごんぎつね４０周年展 ～黒井健 絵本原画の世界～ | 2026/10/3(土) ～ 2026/11 | 秋田県
 NEW | 2026/7/11 | ゴールドマン コレクション 河鍋暁斎の世界 | 2026/7/11(土) ～ 2026/9/ | 兵庫県
 NEW | 2026/7/27 | シンシナティ美術館展 ～アメリカに渡ったヨーロッ | 2026/10/10(土) ～ 2027/1 | 東京都
 NEW | 2026/7/9 | スウェーデン絵画 北欧の光、日常のかがやき | 2026/7/9(木) ～ 2026/10/ | 愛知県
 NEW | 2026/7/11 | スウェーデン・テキスタイル 暮らしと自然に息づく | 2026/7/11(土) ～ 2026/9/ | 愛知県
 NEW | TODAY | 特別展 ゴジラ生誕７０周年記念 ゴジラ・THE・ | 2026/7/5(日) ～ 2026/9/6 | 
 NEW | 2026/7/7 | なつやすみ所蔵企画展 美術の時間 －つくるの視点 | 2026/7/7(火) ～ 2026/9/2 | 愛知県
 NEW | 2026/7/17 | Hello Kitty展 -わたしが変わるとキテ | 2026/7/17(金) ～ 2026/9/ | 大分県
 NEW | 2026/7/9 | 没後１００年記念 ビゲロー 幻のコレクションと近 | 2026/10/30(金) ～ 2026/1 | 愛知県
 NEW | 2026/8/1 | 松坂屋美術館開館３５周年記念 華麗なる武家の纏う | 2026/9/5(土) ～ 2026/10/ | 愛知県
 NEW | 2026/7/10 | 水木しげるの妖怪 百鬼夜行展～お化けたちはこうし | 2026/7/10(金) ～ 2026/8/ | 山形県
 NEW | 2026/7/17 | リト＠葉っぱ切り絵展 葉っぱの小旅行 ｉｎ 石川 | 2026/7/17(金) ～ 2026/8/ | 石川県
 NEW |  | リト＠葉っぱ切り絵展 葉っぱの小旅行 ｉｎ 石川 |  | 
 NEW |  | リト＠葉っぱ切り絵展 葉っぱの小旅行 ｉｎ 石川 |  | 
 NEW |  | リト＠葉っぱ切り絵展 葉っぱの小旅行 ｉｎ 石川 |  | 
 NEW |  | リト＠葉っぱ切り絵展 葉っぱの小旅行 ｉｎ 石川 |  | 
 NEW |  | リト＠葉っぱ切り絵展 葉っぱの小旅行 ｉｎ 石川 |  | 
 NEW |  | リト＠葉っぱ切り絵展 葉っぱの小旅行 ｉｎ 石川 |  | 
