lg=02 total=350 pages=35
parsed items: 256 (fetched up to page 37)
already in DB (eventCd一致): 200 | NOT in DB (new candidates): 56
  うち 9件は同名の既存エントリあり＝投入時に統合を検討（旧実装はここを丸ごと捨てていた）
written tmp/presale_02_0821.json
 NEW | 2026/8/23 | 入船亭扇遊・扇辰 新春兄弟会２０２７ | 2027/1/27(水) | 東京都
 NEW | 2026/8/23 | 「water」 | 2026/9/27(日) ～ 2026/10 | 東京都
 NEW | 2026/8/22 | 桂二葉独演会 | 2026/12/20(日) | 兵庫県
 NEW | 2026/8/22 | 桂宮治全国ツアー２０２６ ～Ｒｅｍｅｍｂｅｒ Ｍ | 2027/1/31(日) | 広島県
 NEW | 2026/8/22 | 桂宮治 全国ツアー２０２６ ～Ｒｅｍｅｍｂｅｒ  | 2026/11/21(土) | 新潟県
 NEW |  | キーウ・クラシック・バレエ 「くるみ割り人形」 | 2026/12/18(金) | 長野県
 NEW | 2026/8/22 | 劇団四季ミュージカル『コーラスライン』／全国ツア | 2026/10/22(木) ・ 2026/1 | 石川県
 NEW |  | 劇団四季ミュージカル「コーラスライン」／岡山 | 2026/11/7(土) ・ 2026/11 | 岡山県
 NEW | 2026/8/22 | 劇団飛行船マスクプレイミュージカル「シンドバッド | 2026/10/31(土) ・ 2026/1 | 大阪府／愛媛県
 NEW | 2026/8/22 | 神戸新開地・喜楽館 １０月【昼席】 | 2026/10/19(月) ～ 2026/1 | 兵庫県
 NEW | 2026/8/22 | ＜最終販売分＞古今亭文菊９月の独演会 文菊ｏｆ  | 2026/9/5(土) | 東京都
 NEW |  | 三人でシェイクスピア | 2026/12/14(月) | 東京都
 NEW | 2026/8/28 | 三遊亭わん丈 落語会 | 2026/11/14(土) | 埼玉県
 NEW | 2026/8/22 | シナモロールワンダートリップ ～消えた魔法の秘密 | 2026/10/10(土) ・ 2026/1 | 福岡県
 NEW | 2026/8/22 | 笑福亭鶴光と六代目松鶴を知らない若手たち | 2026/10/24(土) | 大阪府
 NEW | 2026/8/22 | 新作紀行１ | 2026/10/30(金) | 東京都
 NEW | 2026/9/19 | 新春 小江戸川越特選落語 立川志らく／柳家喬太郎 | 2027/1/11(月・祝) | 埼玉県
 NEW |  | シークレット歌劇團０９３１ 「北の国のアリス」 | 2026/12/18(金) | 北海道
 NEW | 2026/8/23 | 隅田川馬石 １１月のコツコツ的毎月連続落語会『子 | 2026/11/15(日) | 東京都
 NEW | 2026/8/23 | 隅田川馬石 １２月のコツコツ的毎月連続落語会 『 | 2026/12/5(土) | 東京都
 NEW | 2026/9/11 | 第88回 扇辰・喬太郎の会 | 2026/10/16(金) | 東京都
 NEW | 2026/9/19 | 宝くじふるさとワクワク劇場 ｉｎ 米沢 | 2026/11/8(日) | 山形県
 NEW | 2026/8/22 | 宝くじ文化公演 キーウ・クラシック・バレエ | 2026/12/1(火) | 大阪府
 NEW |  | 宝塚歌劇花組公演 三井住友VISAカード ミュー | 2026/10/28(水) | 兵庫県
 NEW |  | 『立川志の輔・立川生志 兄弟会』 | 2026/11/30(月) | 福岡県
