[1/260] 21 convert 7枠
[2/260] 130 買える枠ゼロ→削除候補（単独リトライ2回でも0枠）
[3/260] 309 convert 4枠
[4/260] 553 convert 1枠
[5/260] 579 convert 3枠
[6/260] 642 買える枠ゼロ→削除候補（単独リトライ2回でも0枠）
[7/260] 646 convert 5枠
[8/260] 738 convert 5枠
[9/260] 761 convert 2枠
[10/260] 764 convert 4枠
[11/260] 824 convert 10枠
[12/260] 950 convert 15枠
[13/260] 965 convert 7枠
[14/260] 1071 買える枠ゼロ→削除候補（単独リトライ2回でも0枠）
[15/260] 1214 convert 4枠
[16/260] 1216 convert 1枠
[17/260] 1274 convert 3枠
[18/260] 1291 convert 6枠
[19/260] 1334 convert 17枠
[20/260] 1554 買える枠ゼロ→削除候補（単独リトライ2回でも0枠）
[21/260] 1601 convert 3枠
[22/260] 1786 convert 2枠
[23/260] 1998 convert 2枠
[24/260] 2047 convert 4枠
[25/260] 2067 convert 1枠
[26/260] 2077 convert 2枠
[27/260] 2223 買える枠ゼロ→削除候補（単独リトライ2回でも0枠）
[28/260] 2239 convert 14枠
[29/260] 2254 convert 11枠
[30/260] 2310 convert 9枠
[31/260] 2316 convert 3枠
[32/260] 2336 convert 12枠
[33/260] 2341 買える枠ゼロ→削除候補（単独リトライ2回でも0枠）
[34/260] 2347 convert 1枠
[35/260] 2401 買える枠ゼロ→削除候補（単独リトライ2回でも0枠）
[36/260] 2402 convert 6枠
[37/260] 2415 買える枠ゼロ→削除候補（単独リトライ2回でも0枠）
[38/260] 2416 買える枠ゼロ→削除候補（単独リトライ2回でも0枠）
[39/260] 2423 convert 2枠
[40/260] 2496 convert 15枠
[41/260] 2500 convert 5枠
[42/260] 2552 convert 7枠
[43/260] 2611 convert 3枠
[44/260] 2997 買える枠ゼロ→削除候補（単独リトライ2回でも0枠）
[45/260] 3004 convert 4枠
[46/260] 3035 convert 2枠
[47/260] 3053 convert 5枠
[48/260] 3057 NO_PIA_URL ⚠️非ぴあ＝要WebFetch
[49/260] 3116 買える枠ゼロ→削除候補（単独リトライ2回でも0枠）
[50/260] 3119 買える枠ゼロ→削除候補（単独リトライ2回でも0枠）
[51/260] 3120 買える枠ゼロ→削除候補（単独リトライ2回でも0枠）
[52/260] 3127 買える枠ゼロ→削除候補（単独リトライ2回でも0枠）
[53/260] 3141 convert 9枠
[54/260] 3169 買える枠ゼロ→削除候補（単独リトライ2回でも0枠）
[55/260] 3287 convert 2枠
[56/260] 3422 convert 12枠
[57/260] 3430 NO_PIA_URL ⚠️非ぴあ＝要WebFetch
[58/260] 3484 convert 2枠
[59/260] 3509 買える枠ゼロ→削除候補（単独リトライ2回でも0枠）
[60/260] 3513 買える枠ゼロ→削除候補（単独リトライ2回でも0枠）
[61/260] 3518 convert 2枠
[62/260] 3519 convert 3枠
[63/260] 3520 convert 1枠
[64/260] 3521 convert 1枠
[65/260] 3522 convert 3枠
[66/260] 3523 convert 1枠
[67/260] 3524 convert 1枠
[68/260] 3525 convert 1枠
[69/260] 3526 convert 1枠
[70/260] 3527 買える枠ゼロ→削除候補（単独リトライ2回でも0枠）
[71/260] 3528 convert 4枠
[72/260] 3529 convert 2枠
[73/260] 3530 買える枠ゼロ→削除候補（単独リトライ2回でも0枠）
[74/260] 3531 convert 1枠
[75/260] 3532 convert 4枠
[76/260] 3533 convert 15枠
[77/260] 3534 convert 2枠
[78/260] 3535 convert 12枠
[79/260] 3536 convert 8枠
[80/260] 3537 convert 2枠
[81/260] 3538 convert 1枠
[82/260] 3546 買える枠ゼロ→削除候補（単独リトライ2回でも0枠）
[83/260] 3547 convert 1枠
[84/260] 3548 convert 2枠
[85/260] 3549 convert 1枠
[86/260] 3557 convert 2枠
[87/260] 3558 convert 1枠
[88/260] 3559 convert 1枠
[89/260] 3560 convert 1枠
[90/260] 3561 convert 1枠
[91/260] 3562 convert 1枠
[92/260] 3563 convert 1枠
[93/260] 3564 convert 1枠
[94/260] 3574 convert 1枠
[95/260] 3575 convert 3枠
[96/260] 3576 convert 1枠
[97/260] 3577 買える枠ゼロ→削除候補（単独リトライ2回でも0枠）
[98/260] 3590 convert 3枠
[99/260] 3591 convert 1枠
[100/260] 3592 買える枠ゼロ→削除候補（単独リトライ2回でも0枠）
[101/260] 3594 買える枠ゼロ→削除候補（単独リトライ2回でも0枠）
[102/260] 3604 convert 2枠
[103/260] 3609 買える枠ゼロ→削除候補（単独リトライ2回でも0枠）
[104/260] 3610 convert 5枠
[105/260] 3611 convert 1枠
[106/260] 3632 convert 1枠
[107/260] 3633 convert 1枠
[108/260] 3664 convert 2枠
[109/260] 3674 convert 14枠
[110/260] 3739 買える枠ゼロ→削除候補（単独リトライ2回でも0枠）
[111/260] 3743 買える枠ゼロ→削除候補（単独リトライ2回でも0枠）
[112/260] 3766 買える枠ゼロ→削除候補（単独リトライ2回でも0枠）
[113/260] 3809 convert 1枠
[114/260] 3872 買える枠ゼロ→削除候補（単独リトライ2回でも0枠）
[115/260] 3875 買える枠ゼロ→削除候補（単独リトライ2回でも0枠）
[116/260] 3894 convert 2枠
[117/260] 3896 買える枠ゼロ→削除候補（単独リトライ2回でも0枠）
[118/260] 3907 買える枠ゼロ→削除候補（単独リトライ2回でも0枠）
[119/260] 3915 convert 5枠
[120/260] 3937 買える枠ゼロ→削除候補（単独リトライ2回でも0枠）
[121/260] 3965 買える枠ゼロ→削除候補（単独リトライ2回でも0枠）
[122/260] 3967 買える枠ゼロ→削除候補（単独リトライ2回でも0枠）
[123/260] 3970 convert 1枠
[124/260] 3971 convert 1枠
[125/260] 3972 convert 1枠
[126/260] 3974 convert 2枠
[127/260] 4020 convert 5枠
[128/260] 4021 convert 1枠
[129/260] 4080 買える枠ゼロ→削除候補（単独リトライ2回でも0枠）
[130/260] 4115 convert 1枠
[131/260] 4164 買える枠ゼロ→削除候補（単独リトライ2回でも0枠）
[132/260] 4167 convert 1枠
[133/260] 4169 買える枠ゼロ→削除候補（単独リトライ2回でも0枠）
[134/260] 4173 convert 3枠
[135/260] 4197 買える枠ゼロ→削除候補（単独リトライ2回でも0枠）
[136/260] 4205 買える枠ゼロ→削除候補（単独リトライ2回でも0枠）
[137/260] 4221 convert 1枠
[138/260] 4224 convert 1枠
[139/260] 4225 convert 1枠
[140/260] 4236 convert 9枠
[141/260] 4249 convert 3枠
[142/260] 4250 convert 1枠
[143/260] 4251 convert 1枠
[144/260] 4252 convert 1枠
[145/260] 4255 買える枠ゼロ→削除候補（単独リトライ2回でも0枠）
[146/260] 4268 買える枠ゼロ→削除候補（単独リトライ2回でも0枠）
[147/260] 4272 買える枠ゼロ→削除候補（単独リトライ2回でも0枠）
[148/260] 4282 convert 1枠
[149/260] 4319 買える枠ゼロ→削除候補（単独リトライ2回でも0枠）
[150/260] 4326 買える枠ゼロ→削除候補（単独リトライ2回でも0枠）
[151/260] 4340 convert 3枠
[152/260] 4358 買える枠ゼロ→削除候補（単独リトライ2回でも0枠）
[153/260] 4431 convert 1枠
[154/260] 4533 convert 1枠
[155/260] 4534 convert 1枠
[156/260] 4535 convert 1枠
[157/260] 4537 convert 7枠
[158/260] 4538 convert 4枠
[159/260] 4555 convert 1枠
[160/260] 4591 convert 1枠
[161/260] 4611 買える枠ゼロ→削除候補（単独リトライ2回でも0枠）
[162/260] 4637 convert 1枠
[163/260] 4638 convert 1枠
[164/260] 4647 convert 1枠
[165/260] 4648 convert 1枠
[166/260] 4652 convert 1枠
[167/260] 4653 convert 1枠
[168/260] 4654 convert 1枠
[169/260] 4655 convert 1枠
[170/260] 4656 NO_PIA_URL ⚠️非ぴあ＝要WebFetch
[171/260] 4667 convert 1枠
[172/260] 4668 convert 1枠
[173/260] 4669 convert 1枠
[174/260] 4721 convert 1枠
[175/260] 4722 convert 1枠
[176/260] 4723 convert 1枠
[177/260] 4724 convert 1枠
[178/260] 4726 買える枠ゼロ→削除候補（単独リトライ2回でも0枠）
[179/260] 4727 convert 1枠
[180/260] 4729 convert 2枠
[181/260] 4730 convert 1枠
[182/260] 4735 convert 1枠
[183/260] 4747 convert 1枠
[184/260] 4768 convert 1枠
[185/260] 4769 convert 1枠
[186/260] 4778 convert 1枠
[187/260] 4779 買える枠ゼロ→削除候補（単独リトライ2回でも0枠）
[188/260] 4780 convert 1枠
[189/260] 4781 convert 1枠
[190/260] 4782 convert 4枠
[191/260] 4833 convert 1枠
[192/260] 4874 convert 1枠
[193/260] 4912 買える枠ゼロ→削除候補（単独リトライ2回でも0枠）
[194/260] 4917 convert 1枠
[195/260] 4922 convert 1枠
[196/260] 4927 convert 1枠
[197/260] 4963 convert 1枠
[198/260] 4968 買える枠ゼロ→削除候補（単独リトライ2回でも0枠）
[199/260] 4970 買える枠ゼロ→削除候補（単独リトライ2回でも0枠）
[200/260] 4971 買える枠ゼロ→削除候補（単独リトライ2回でも0枠）
[201/260] 4979 convert 1枠
[202/260] 4987 買える枠ゼロ→削除候補（単独リトライ2回でも0枠）
[203/260] 5002 convert 1枠
[204/260] 5030 買える枠ゼロ→削除候補（単独リトライ2回でも0枠）
[205/260] 5031 買える枠ゼロ→削除候補（単独リトライ2回でも0枠）
[206/260] 5032 買える枠ゼロ→削除候補（単独リトライ2回でも0枠）
[207/260] 5044 convert 15枠
[208/260] 5045 convert 5枠
[209/260] 5047 convert 1枠
[210/260] 5048 🔁RETRY 0枠は偽陽性→1枠を回収
[210/260] 5048 convert 1枠
[211/260] 5056 convert 1枠
[212/260] 5061 convert 1枠
[213/260] 5080 convert 1枠
[214/260] 5081 convert 1枠
[215/260] 5082 convert 1枠
[216/260] 5083 convert 1枠
[217/260] 5097 convert 5枠
[218/260] 5210 convert 1枠
[219/260] 5211 convert 1枠
[220/260] 5230 convert 1枠
[221/260] 5231 convert 1枠
[222/260] 5239 買える枠ゼロ→削除候補（単独リトライ2回でも0枠）
[223/260] 5240 convert 1枠
[224/260] 5291 convert 2枠
[225/260] 5498 買える枠ゼロ→削除候補（単独リトライ2回でも0枠）
[226/260] 5502 convert 2枠
[227/260] 5503 買える枠ゼロ→削除候補（単独リトライ2回でも0枠）
[228/260] 5504 convert 5枠
[229/260] 5505 convert 1枠
[230/260] 5506 convert 3枠
[231/260] 5507 convert 1枠
[232/260] 5508 convert 1枠
[233/260] 5509 convert 3枠
[234/260] 5510 買える枠ゼロ→削除候補（単独リトライ2回でも0枠）
[235/260] 5539 convert 1枠
[236/260] 5540 convert 1枠
[237/260] 5541 convert 1枠
[238/260] 5542 買える枠ゼロ→削除候補（単独リトライ2回でも0枠）
[239/260] 5578 convert 1枠
[240/260] 5579 買える枠ゼロ→削除候補（単独リトライ2回でも0枠）
[241/260] 5580 convert 1枠
[242/260] 5608 convert 1枠
[243/260] 5609 convert 1枠
[244/260] 5610 convert 1枠
[245/260] 5611 convert 5枠
[246/260] 5612 convert 3枠
[247/260] 5613 convert 1枠
[248/260] 5614 convert 3枠
[249/260] 5618 convert 1枠
[250/260] 5619 convert 1枠
[251/260] 5620 convert 1枠
[252/260] 5621 convert 1枠
[253/260] 5622 convert 1枠
[254/260] 5632 convert 1枠
[255/260] 5633 convert 1枠
[256/260] 5634 convert 1枠
[257/260] 5635 convert 1枠
[258/260] 5636 convert 1枠
[259/260] 5649 convert 1枠
[260/260] 5675 convert 9枠

=== convert 195 / 削除候補 62 / 🚨ぴあURL無効化 0 → tmp/heal_stale.json (適用は --apply) ===
