=== 14件 適用 / 発売日引き継ぎ 15枠 / 非ぴあ据置 0枠 / 残り隠れ枠 27 (backup: index.html.bak_0811_heal_stale) ===

🛡️ 生きた枠が消えるので適用しなかった 1件（ぴあの混雑ページ疑い。実ページを単発で確認してから手で直すこと）:
  id=4027 Vaundy ASIA ARENA TOUR 202 ← 消えるはずだった公演: 千葉 9/5〜9/6公演

🚨 買える枠ゼロ = 削除候補 17件（ユーザーOK後に削除）:
  id=130 宝塚歌劇団 雪組
  id=1071 ミュージカル『ニコラ・テスラ～エジソンが恐れた孤高の天才～』
  id=1644 BONNIE PINK
  id=2223 宝塚歌劇星組 宝塚大劇場公演 三井住友VISAカードシアター『RRR×TAKA“R”AZUKA ～√Rama～(アールアールアール バイ タカラヅカ ～ルートラーマ～)』
  id=2341 GANG PARADE
  id=2401 木根尚登
  id=2415 笑福亭鶴瓶×サンドウィッチマンLIVE『シルエット』
  id=2416 J亭スピンオフ企画44 白酒・一之輔 大手町二人会
  id=3137 壷阪健登（p）
  id=3287 「【パンキッシュガーデン】ネモフィラブルー」
  id=3432 セントラル愛知交響楽団 第16回名曲コンサート The Musical
  id=3513 大相撲九月場所
  id=3653 「SEKIRO:NO DEFEAT」完成披露上映会
  id=3670 「仮面ライダーゼッツ&仮面ライダーマイス」バトンタッチイベント
  id=3766 国立能楽堂 9月特別公演
  id=3872 PM AGENCY 40th ANNIVERSARY LIVE スーパー大感謝祭
  id=3875 ミュージカル「タイムトラベラーズ・ワイフ」
