[1/168] 130 買える枠ゼロ→削除候補（単独リトライ2回でも0枠）
[2/168] 179 convert 1枠
[3/168] 579 convert 5枠
[4/168] 642 買える枠ゼロ→削除候補（単独リトライ2回でも0枠）
[5/168] 696 convert 16枠
[6/168] 824 convert 10枠
[7/168] 1071 買える枠ゼロ→削除候補（単独リトライ2回でも0枠）
[8/168] 1216 convert 1枠
[9/168] 1334 convert 16枠
[10/168] 1554 買える枠ゼロ→削除候補（単独リトライ2回でも0枠）
[11/168] 1622 convert 1枠
[12/168] 1640 convert 6枠
[13/168] 2223 買える枠ゼロ→削除候補（単独リトライ2回でも0枠）
[14/168] 2341 買える枠ゼロ→削除候補（単独リトライ2回でも0枠）
[15/168] 2401 買える枠ゼロ→削除候補（単独リトライ2回でも0枠）
[16/168] 2415 買える枠ゼロ→削除候補（単独リトライ2回でも0枠）
[17/168] 2416 買える枠ゼロ→削除候補（単独リトライ2回でも0枠）
[18/168] 2496 convert 16枠
[19/168] 2500 convert 4枠
[20/168] 2516 convert 3枠
[21/168] 2527 convert 1枠
[22/168] 2626 買える枠ゼロ→削除候補（単独リトライ2回でも0枠）
[23/168] 2632 convert 2枠
[24/168] 2633 convert 2枠
[25/168] 2997 買える枠ゼロ→削除候補（単独リトライ2回でも0枠）
[26/168] 3035 convert 2枠
[27/168] 3053 convert 6枠
[28/168] 3057 NO_PIA_URL ⚠️非ぴあ＝要WebFetch
[29/168] 3116 買える枠ゼロ→削除候補（単独リトライ2回でも0枠）
[30/168] 3119 買える枠ゼロ→削除候補（単独リトライ2回でも0枠）
[31/168] 3120 買える枠ゼロ→削除候補（単独リトライ2回でも0枠）
[32/168] 3127 買える枠ゼロ→削除候補（単独リトライ2回でも0枠）
[33/168] 3169 買える枠ゼロ→削除候補（単独リトライ2回でも0枠）
[34/168] 3252 convert 3枠
[35/168] 3430 NO_PIA_URL ⚠️非ぴあ＝要WebFetch
[36/168] 3509 買える枠ゼロ→削除候補（単独リトライ2回でも0枠）
[37/168] 3513 買える枠ゼロ→削除候補（単独リトライ2回でも0枠）
[38/168] 3514 NO_PIA_URL ⚠️非ぴあ＝要WebFetch
[39/168] 3527 買える枠ゼロ→削除候補（単独リトライ2回でも0枠）
[40/168] 3530 買える枠ゼロ→削除候補（単独リトライ2回でも0枠）
[41/168] 3533 convert 12枠
[42/168] 3546 買える枠ゼロ→削除候補（単独リトライ2回でも0枠）
[43/168] 3572 買える枠ゼロ→削除候補（単独リトライ2回でも0枠）
[44/168] 3577 買える枠ゼロ→削除候補（単独リトライ2回でも0枠）
[45/168] 3587 買える枠ゼロ→削除候補（単独リトライ2回でも0枠）
[46/168] 3592 買える枠ゼロ→削除候補（単独リトライ2回でも0枠）
[47/168] 3594 買える枠ゼロ→削除候補（単独リトライ2回でも0枠）
[48/168] 3609 買える枠ゼロ→削除候補（単独リトライ2回でも0枠）
[49/168] 3610 convert 6枠
[50/168] 3622 convert 1枠
[51/168] 3623 convert 1枠
[52/168] 3624 convert 1枠
[53/168] 3625 convert 1枠
[54/168] 3626 convert 1枠
[55/168] 3627 convert 1枠
[56/168] 3628 convert 1枠
[57/168] 3733 convert 1枠
[58/168] 3739 買える枠ゼロ→削除候補（単独リトライ2回でも0枠）
[59/168] 3743 買える枠ゼロ→削除候補（単独リトライ2回でも0枠）
[60/168] 3766 買える枠ゼロ→削除候補（単独リトライ2回でも0枠）
[61/168] 3774 🔁RETRY 0枠は偽陽性→1枠を回収
[61/168] 3774 convert 1枠
[62/168] 3836 convert 1枠
[63/168] 3841 買える枠ゼロ→削除候補（単独リトライ2回でも0枠）
[64/168] 3853 convert 1枠
[65/168] 3849 買える枠ゼロ→削除候補（単独リトライ2回でも0枠）
[66/168] 3858 買える枠ゼロ→削除候補（単独リトライ2回でも0枠）
[67/168] 3840 convert 1枠
[68/168] 3872 買える枠ゼロ→削除候補（単独リトライ2回でも0枠）
[69/168] 3875 convert 1枠
[70/168] 3896 買える枠ゼロ→削除候補（単独リトライ2回でも0枠）
[71/168] 3905 convert 2枠
[72/168] 3907 買える枠ゼロ→削除候補（単独リトライ2回でも0枠）
[73/168] 3937 買える枠ゼロ→削除候補（単独リトライ2回でも0枠）
[74/168] 3965 買える枠ゼロ→削除候補（単独リトライ2回でも0枠）
[75/168] 3967 買える枠ゼロ→削除候補（単独リトライ2回でも0枠）
[76/168] 3971 convert 1枠
[77/168] 3976 convert 1枠
[78/168] 3977 convert 1枠
[79/168] 3978 買える枠ゼロ→削除候補（単独リトライ2回でも0枠）
[80/168] 3979 買える枠ゼロ→削除候補（単独リトライ2回でも0枠）
[81/168] 3980 買える枠ゼロ→削除候補（単独リトライ2回でも0枠）
[82/168] 3981 買える枠ゼロ→削除候補（単独リトライ2回でも0枠）
[83/168] 4068 convert 1枠
[84/168] 4080 買える枠ゼロ→削除候補（単独リトライ2回でも0枠）
[85/168] 4164 買える枠ゼロ→削除候補（単独リトライ2回でも0枠）
[86/168] 4169 買える枠ゼロ→削除候補（単独リトライ2回でも0枠）
[87/168] 4197 買える枠ゼロ→削除候補（単独リトライ2回でも0枠）
[88/168] 4205 買える枠ゼロ→削除候補（単独リトライ2回でも0枠）
[89/168] 4223 convert 1枠
[90/168] 4255 買える枠ゼロ→削除候補（単独リトライ2回でも0枠）
[91/168] 4268 買える枠ゼロ→削除候補（単独リトライ2回でも0枠）
[92/168] 4272 買える枠ゼロ→削除候補（単独リトライ2回でも0枠）
[93/168] 4294 convert 1枠
[94/168] 4295 convert 1枠
[95/168] 4319 買える枠ゼロ→削除候補（単独リトライ2回でも0枠）
[96/168] 4326 買える枠ゼロ→削除候補（単独リトライ2回でも0枠）
[97/168] 4340 convert 2枠
[98/168] 4427 🔁RETRY 0枠は偽陽性→1枠を回収
[98/168] 4427 convert 1枠
[99/168] 4611 買える枠ゼロ→削除候補（単独リトライ2回でも0枠）
[100/168] 4633 convert 1枠
[101/168] 4634 convert 1枠
[102/168] 4656 NO_PIA_URL ⚠️非ぴあ＝要WebFetch
[103/168] 4720 convert 1枠
[104/168] 4726 買える枠ゼロ→削除候補（単独リトライ2回でも0枠）
[105/168] 4744 convert 1枠
[106/168] 4745 🔁RETRY 0枠は偽陽性→1枠を回収
[106/168] 4745 convert 1枠
[107/168] 4746 convert 1枠
[108/168] 4776 convert 1枠
[109/168] 4843 convert 4枠
[110/168] 4912 買える枠ゼロ→削除候補（単独リトライ2回でも0枠）
[111/168] 4932 買える枠ゼロ→削除候補（単独リトライ2回でも0枠）
[112/168] 4934 買える枠ゼロ→削除候補（単独リトライ2回でも0枠）
[113/168] 4944 convert 1枠
[114/168] 4971 買える枠ゼロ→削除候補（単独リトライ2回でも0枠）
[115/168] 4980 買える枠ゼロ→削除候補（単独リトライ2回でも0枠）
[116/168] 4985 買える枠ゼロ→削除候補（単独リトライ2回でも0枠）
[117/168] 4986 買える枠ゼロ→削除候補（単独リトライ2回でも0枠）
[118/168] 4987 買える枠ゼロ→削除候補（単独リトライ2回でも0枠）
[119/168] 5030 買える枠ゼロ→削除候補（単独リトライ2回でも0枠）
[120/168] 5031 買える枠ゼロ→削除候補（単独リトライ2回でも0枠）
[121/168] 5049 convert 1枠
[122/168] 5084 convert 1枠
[123/168] 5099 convert 1枠
[124/168] 5104 convert 1枠
[125/168] 5113 convert 2枠
[126/168] 5123 買える枠ゼロ→削除候補（単独リトライ2回でも0枠）
[127/168] 5225 convert 1枠
[128/168] 5226 買える枠ゼロ→削除候補（単独リトライ2回でも0枠）
[129/168] 5227 convert 1枠
[130/168] 5228 convert 1枠
[131/168] 5236 🔁RETRY 0枠は偽陽性→1枠を回収
[131/168] 5236 convert 1枠
[132/168] 5237 convert 1枠
[133/168] 5238 convert 1枠
[134/168] 5239 買える枠ゼロ→削除候補（単独リトライ2回でも0枠）
[135/168] 5503 買える枠ゼロ→削除候補（単独リトライ2回でも0枠）
[136/168] 5510 買える枠ゼロ→削除候補（単独リトライ2回でも0枠）
[137/168] 5513 convert 1枠
[138/168] 5514 convert 1枠
[139/168] 5515 convert 1枠
[140/168] 5542 買える枠ゼロ→削除候補（単独リトライ2回でも0枠）
[141/168] 5544 convert 1枠
[142/168] 5545 convert 1枠
[143/168] 5546 convert 1枠
[144/168] 5547 convert 1枠
[145/168] 5579 買える枠ゼロ→削除候補（単独リトライ2回でも0枠）
[146/168] 5586 convert 1枠
[147/168] 5616 convert 2枠
[148/168] 5626 convert 1枠
[149/168] 5627 convert 1枠
[150/168] 5640 convert 1枠
[151/168] 5660 convert 1枠
[152/168] 5667 convert 1枠
[153/168] 5668 convert 4枠
[154/168] 5700 convert 2枠
[155/168] 5701 convert 1枠
[156/168] 5702 convert 1枠
[157/168] 5703 convert 1枠
[158/168] 5704 convert 1枠
[159/168] 5705 convert 1枠
[160/168] 5706 convert 1枠
[161/168] 5707 convert 1枠
[162/168] 5708 convert 1枠
[163/168] 5725 convert 17枠
[164/168] 5750 convert 1枠
[165/168] 5757 🔁RETRY 0枠は偽陽性→3枠を回収
[165/168] 5757 convert 3枠
[166/168] 5758 convert 3枠
[167/168] 6031 convert 1枠
[168/168] 6035 convert 1枠

=== convert 92 / 削除候補 72 / 🚨ぴあURL無効化 0 → tmp/heal_stale.json (適用は --apply) ===
