=== 隠れ枠スキャン (today=2026-09-23) ===
  対象エントリ 195件 / 隠れ枠 344枠
  id=22428 アイドルカレッジ 金沢お土産企画               隠れ26/全26枠
  id=3849  阪神タイガース対東京ヤクルトスワローズ 公式戦        隠れ12/全12枠
  id=4690  C&K                            隠れ12/全16枠
  id=3513  大相撲九月場所                        隠れ7/全7枠
  id=4898  劇団四季ミュージカル『コーラスライン』／全国ツアー      隠れ6/全25枠
  id=3053  徳永英明                           隠れ5/全19枠
  id=5721  大相撲九州場所(十一月場所)                 隠れ5/全5枠
  id=22412 南歩唯                            隠れ5/全5枠
  id=3533  布袋寅泰                           隠れ4/全30枠
  id=3858  阪神タイガース対読売ジャイアンツ 公式戦           隠れ4/全4枠
  id=3978  【阪神タイガース 公式戦・交流戦】NTTドコモビジネスフ   隠れ4/全6枠
  id=3979  【阪神タイガース 公式戦・交流戦】JCBエキサイトシート   隠れ4/全6枠
  id=3980  【阪神タイガース】セコム ツイン・トリプルシート       隠れ4/全6枠
  id=3981  【阪神タイガース】パナソニックペアシート           隠れ4/全6枠
  id=4489  ASKA                           隠れ4/全38枠
  id=4912  弁論2026                         隠れ4/全4枠
  id=4932  阪神タイガース対読売ジャイアンツ 公式戦           隠れ4/全4枠
  id=5123  阪神タイガース対読売ジャイアンツ 公式戦           隠れ4/全4枠
  id=6922  Hi-STANDARD                    隠れ4/全4枠
  id=22654 戦国アニマル極楽浄土／Meteorite of the    隠れ4/全4枠
  … 他 175件
[1/195] 130 買える枠ゼロ→削除候補（単独リトライ2回でも0枠）
[2/195] 642 買える枠ゼロ→削除候補（単独リトライ2回でも0枠）
[3/195] 756 convert 13枠
[4/195] 1071 買える枠ゼロ→削除候補（単独リトライ2回でも0枠）
[5/195] 1101 convert 2枠
[6/195] 1141 convert 1枠
[7/195] 1334 convert 15枠
[8/195] 1554 買える枠ゼロ→削除候補（単独リトライ2回でも0枠）
[9/195] 1722 convert 18枠
[10/195] 1772 convert 7枠
[11/195] 1835 convert 6枠
[12/195] 2223 買える枠ゼロ→削除候補（単独リトライ2回でも0枠）
[13/195] 2327 convert 2枠
[14/195] 2401 買える枠ゼロ→削除候補（単独リトライ2回でも0枠）
[15/195] 2416 convert 1枠
[16/195] 2496 convert 16枠
[17/195] 2500 convert 5枠
[18/195] 2626 convert 2枠
[19/195] 2990 convert 8枠
[20/195] 3025 NO_PIA_URL ⚠️非ぴあ＝要WebFetch
[21/195] 3053 convert 3枠
[22/195] 3118 買える枠ゼロ→削除候補（単独リトライ2回でも0枠）
[23/195] 3119 買える枠ゼロ→削除候補（単独リトライ2回でも0枠）
[24/195] 3127 convert 2枠
[25/195] 3169 買える枠ゼロ→削除候補（単独リトライ2回でも0枠）
[26/195] 3287 convert 2枠
[27/195] 3370 convert 4枠
[28/195] 3484 買える枠ゼロ→削除候補（単独リトライ2回でも0枠）
[29/195] 3509 買える枠ゼロ→削除候補（単独リトライ2回でも0枠）
[30/195] 3513 買える枠ゼロ→削除候補（単独リトライ2回でも0枠）
[31/195] 3527 買える枠ゼロ→削除候補（単独リトライ2回でも0枠）
[32/195] 3530 買える枠ゼロ→削除候補（単独リトライ2回でも0枠）
[33/195] 3533 convert 3枠
[34/195] 3572 買える枠ゼロ→削除候補（単独リトライ2回でも0枠）
[35/195] 3587 買える枠ゼロ→削除候補（単独リトライ2回でも0枠）
[36/195] 3592 買える枠ゼロ→削除候補（単独リトライ2回でも0枠）
[37/195] 3594 買える枠ゼロ→削除候補（単独リトライ2回でも0枠）
[38/195] 3739 買える枠ゼロ→削除候補（単独リトライ2回でも0枠）
[39/195] 3743 買える枠ゼロ→削除候補（単独リトライ2回でも0枠）
[40/195] 3766 買える枠ゼロ→削除候補（単独リトライ2回でも0枠）
[41/195] 3849 買える枠ゼロ→削除候補（単独リトライ2回でも0枠）
[42/195] 3858 買える枠ゼロ→削除候補（単独リトライ2回でも0枠）
[43/195] 3872 買える枠ゼロ→削除候補（単独リトライ2回でも0枠）
[44/195] 3875 買える枠ゼロ→削除候補（単独リトライ2回でも0枠）
[45/195] 3907 買える枠ゼロ→削除候補（単独リトライ2回でも0枠）
[46/195] 3937 買える枠ゼロ→削除候補（単独リトライ2回でも0枠）
[47/195] 3965 買える枠ゼロ→削除候補（単独リトライ2回でも0枠）
[48/195] 3967 買える枠ゼロ→削除候補（単独リトライ2回でも0枠）
[49/195] 3978 買える枠ゼロ→削除候補（単独リトライ2回でも0枠）
[50/195] 3979 買える枠ゼロ→削除候補（単独リトライ2回でも0枠）
[51/195] 3980 買える枠ゼロ→削除候補（単独リトライ2回でも0枠）
[52/195] 3981 買える枠ゼロ→削除候補（単独リトライ2回でも0枠）
[53/195] 3994 買える枠ゼロ→削除候補（単独リトライ2回でも0枠）
[54/195] 4080 買える枠ゼロ→削除候補（単独リトライ2回でも0枠）
[55/195] 4092 convert 1枠
[56/195] 4108 買える枠ゼロ→削除候補（単独リトライ2回でも0枠）
[57/195] 4150 買える枠ゼロ→削除候補（単独リトライ2回でも0枠）
[58/195] 4164 convert 1枠
[59/195] 4169 買える枠ゼロ→削除候補（単独リトライ2回でも0枠）
[60/195] 4189 買える枠ゼロ→削除候補（単独リトライ2回でも0枠）
[61/195] 4197 買える枠ゼロ→削除候補（単独リトライ2回でも0枠）
[62/195] 4205 買える枠ゼロ→削除候補（単独リトライ2回でも0枠）
[63/195] 4272 買える枠ゼロ→削除候補（単独リトライ2回でも0枠）
[64/195] 4278 買える枠ゼロ→削除候補（単独リトライ2回でも0枠）
[65/195] 4396 買える枠ゼロ→削除候補（単独リトライ2回でも0枠）
[66/195] 4416 convert 1枠
[67/195] 4489 convert 5枠
[68/195] 4500 convert 21枠
[69/195] 4611 買える枠ゼロ→削除候補（単独リトライ2回でも0枠）
[70/195] 4619 買える枠ゼロ→削除候補（単独リトライ2回でも0枠）
[71/195] 4634 convert 2枠
[72/195] 4620 買える枠ゼロ→削除候補（単独リトライ2回でも0枠）
[73/195] 4690 convert 2枠
[74/195] 4726 買える枠ゼロ→削除候補（単独リトライ2回でも0枠）
[75/195] 4898 convert 12枠
[76/195] 4912 買える枠ゼロ→削除候補（単独リトライ2回でも0枠）
[77/195] 4932 買える枠ゼロ→削除候補（単独リトライ2回でも0枠）
[78/195] 4985 買える枠ゼロ→削除候補（単独リトライ2回でも0枠）
[79/195] 4987 買える枠ゼロ→削除候補（単独リトライ2回でも0枠）
[80/195] 4998 買える枠ゼロ→削除候補（単独リトライ2回でも0枠）
[81/195] 5044 convert 16枠
[82/195] 5053 買える枠ゼロ→削除候補（単独リトライ2回でも0枠）
[83/195] 5123 買える枠ゼロ→削除候補（単独リトライ2回でも0枠）
[84/195] 5203 買える枠ゼロ→削除候補（単独リトライ2回でも0枠）
[85/195] 5226 買える枠ゼロ→削除候補（単独リトライ2回でも0枠）
[86/195] 5503 買える枠ゼロ→削除候補（単独リトライ2回でも0枠）
[87/195] 5510 買える枠ゼロ→削除候補（単独リトライ2回でも0枠）
[88/195] 5665 買える枠ゼロ→削除候補（単独リトライ2回でも0枠）
[89/195] 5669 買える枠ゼロ→削除候補（単独リトライ2回でも0枠）
[90/195] 5670 買える枠ゼロ→削除候補（単独リトライ2回でも0枠）
[91/195] 5691 買える枠ゼロ→削除候補（単独リトライ2回でも0枠）
[92/195] 5717 買える枠ゼロ→削除候補（単独リトライ2回でも0枠）
[93/195] 5721 買える枠ゼロ→削除候補（単独リトライ2回でも0枠）
[94/195] 5742 買える枠ゼロ→削除候補（単独リトライ2回でも0枠）
[95/195] 6026 買える枠ゼロ→削除候補（単独リトライ2回でも0枠）
[96/195] 6093 買える枠ゼロ→削除候補（単独リトライ2回でも0枠）
[97/195] 6101 買える枠ゼロ→削除候補（単独リトライ2回でも0枠）
[98/195] 6124 買える枠ゼロ→削除候補（単独リトライ2回でも0枠）
[99/195] 6138 convert 1枠
[100/195] 6246 買える枠ゼロ→削除候補（単独リトライ2回でも0枠）
[101/195] 6302 買える枠ゼロ→削除候補（単独リトライ2回でも0枠）
[102/195] 6326 convert 1枠
[103/195] 6331 convert 2枠
[104/195] 6420 買える枠ゼロ→削除候補（単独リトライ2回でも0枠）
[105/195] 6464 買える枠ゼロ→削除候補（単独リトライ2回でも0枠）
[106/195] 6528 買える枠ゼロ→削除候補（単独リトライ2回でも0枠）
[107/195] 6531 買える枠ゼロ→削除候補（単独リトライ2回でも0枠）
[108/195] 6922 買える枠ゼロ→削除候補（単独リトライ2回でも0枠）
[109/195] 7005 買える枠ゼロ→削除候補（単独リトライ2回でも0枠）
[110/195] 7082 買える枠ゼロ→削除候補（単独リトライ2回でも0枠）
[111/195] 7191 convert 10枠
[112/195] 7195 買える枠ゼロ→削除候補（単独リトライ2回でも0枠）
[113/195] 7196 買える枠ゼロ→削除候補（単独リトライ2回でも0枠）
[114/195] 7281 買える枠ゼロ→削除候補（単独リトライ2回でも0枠）
[115/195] 7529 買える枠ゼロ→削除候補（単独リトライ2回でも0枠）
[116/195] 7539 買える枠ゼロ→削除候補（単独リトライ2回でも0枠）
[117/195] 7544 買える枠ゼロ→削除候補（単独リトライ2回でも0枠）
[118/195] 7557 買える枠ゼロ→削除候補（単独リトライ2回でも0枠）
[119/195] 7559 買える枠ゼロ→削除候補（単独リトライ2回でも0枠）
[120/195] 7711 買える枠ゼロ→削除候補（単独リトライ2回でも0枠）
[121/195] 7766 買える枠ゼロ→削除候補（単独リトライ2回でも0枠）
[122/195] 7792 買える枠ゼロ→削除候補（単独リトライ2回でも0枠）
[123/195] 7822 NO_PIA_URL ⚠️非ぴあ＝要WebFetch
[124/195] 7823 NO_PIA_URL ⚠️非ぴあ＝要WebFetch
[125/195] 7826 NO_PIA_URL ⚠️非ぴあ＝要WebFetch
[126/195] 7840 買える枠ゼロ→削除候補（単独リトライ2回でも0枠）
[127/195] 7870 買える枠ゼロ→削除候補（単独リトライ2回でも0枠）
[128/195] 7887 買える枠ゼロ→削除候補（単独リトライ2回でも0枠）
[129/195] 7943 買える枠ゼロ→削除候補（単独リトライ2回でも0枠）
[130/195] 8298 買える枠ゼロ→削除候補（単独リトライ2回でも0枠）
[131/195] 8353 convert 1枠
[132/195] 8385 買える枠ゼロ→削除候補（単独リトライ2回でも0枠）
[133/195] 11074 買える枠ゼロ→削除候補（単独リトライ2回でも0枠）
[134/195] 11128 買える枠ゼロ→削除候補（単独リトライ2回でも0枠）
[135/195] 11134 買える枠ゼロ→削除候補（単独リトライ2回でも0枠）
[136/195] 11305 convert 3枠
[137/195] 11399 NO_PIA_URL ⚠️非ぴあ＝要WebFetch
[138/195] 11967 NO_PIA_URL ⚠️非ぴあ＝要WebFetch
[139/195] 12263 NO_PIA_URL ⚠️非ぴあ＝要WebFetch
[140/195] 13297 NO_PIA_URL ⚠️非ぴあ＝要WebFetch
[141/195] 17128 NO_PIA_URL ⚠️非ぴあ＝要WebFetch
[142/195] 17290 買える枠ゼロ→削除候補（単独リトライ2回でも0枠）
[143/195] 17364 NO_PIA_URL ⚠️非ぴあ＝要WebFetch
[144/195] 17391 NO_PIA_URL ⚠️非ぴあ＝要WebFetch
[145/195] 17538 NO_PIA_URL ⚠️非ぴあ＝要WebFetch
[146/195] 17869 NO_PIA_URL ⚠️非ぴあ＝要WebFetch
[147/195] 18031 NO_PIA_URL ⚠️非ぴあ＝要WebFetch
[148/195] 18032 NO_PIA_URL ⚠️非ぴあ＝要WebFetch
[149/195] 20964 NO_PIA_URL ⚠️非ぴあ＝要WebFetch
[150/195] 20968 NO_PIA_URL ⚠️非ぴあ＝要WebFetch
[151/195] 20971 NO_PIA_URL ⚠️非ぴあ＝要WebFetch
[152/195] 20972 NO_PIA_URL ⚠️非ぴあ＝要WebFetch
[153/195] 20973 NO_PIA_URL ⚠️非ぴあ＝要WebFetch
[154/195] 21056 NO_PIA_URL ⚠️非ぴあ＝要WebFetch
[155/195] 21117 NO_PIA_URL ⚠️非ぴあ＝要WebFetch
[156/195] 21880 convert 1枠
[157/195] 22404 NO_PIA_URL ⚠️非ぴあ＝要WebFetch
[158/195] 22407 NO_PIA_URL ⚠️非ぴあ＝要WebFetch
[159/195] 22408 NO_PIA_URL ⚠️非ぴあ＝要WebFetch
[160/195] 22409 NO_PIA_URL ⚠️非ぴあ＝要WebFetch
[161/195] 22412 NO_PIA_URL ⚠️非ぴあ＝要WebFetch
[162/195] 22415 NO_PIA_URL ⚠️非ぴあ＝要WebFetch
[163/195] 22417 NO_PIA_URL ⚠️非ぴあ＝要WebFetch
[164/195] 22424 NO_PIA_URL ⚠️非ぴあ＝要WebFetch
[165/195] 22425 NO_PIA_URL ⚠️非ぴあ＝要WebFetch
[166/195] 22426 NO_PIA_URL ⚠️非ぴあ＝要WebFetch
[167/195] 22428 NO_PIA_URL ⚠️非ぴあ＝要WebFetch
[168/195] 22436 NO_PIA_URL ⚠️非ぴあ＝要WebFetch
[169/195] 22451 NO_PIA_URL ⚠️非ぴあ＝要WebFetch
[170/195] 22453 NO_PIA_URL ⚠️非ぴあ＝要WebFetch
[171/195] 22459 NO_PIA_URL ⚠️非ぴあ＝要WebFetch
[172/195] 22462 NO_PIA_URL ⚠️非ぴあ＝要WebFetch
[173/195] 22469 NO_PIA_URL ⚠️非ぴあ＝要WebFetch
[174/195] 22472 NO_PIA_URL ⚠️非ぴあ＝要WebFetch
[175/195] 22475 NO_PIA_URL ⚠️非ぴあ＝要WebFetch
[176/195] 22477 NO_PIA_URL ⚠️非ぴあ＝要WebFetch
[177/195] 22480 NO_PIA_URL ⚠️非ぴあ＝要WebFetch
[178/195] 22484 NO_PIA_URL ⚠️非ぴあ＝要WebFetch
[179/195] 22489 NO_PIA_URL ⚠️非ぴあ＝要WebFetch
[180/195] 22493 NO_PIA_URL ⚠️非ぴあ＝要WebFetch
[181/195] 22521 NO_PIA_URL ⚠️非ぴあ＝要WebFetch
[182/195] 22522 NO_PIA_URL ⚠️非ぴあ＝要WebFetch
[183/195] 22523 NO_PIA_URL ⚠️非ぴあ＝要WebFetch
[184/195] 22524 NO_PIA_URL ⚠️非ぴあ＝要WebFetch
[185/195] 22525 NO_PIA_URL ⚠️非ぴあ＝要WebFetch
[186/195] 22526 NO_PIA_URL ⚠️非ぴあ＝要WebFetch
[187/195] 22527 NO_PIA_URL ⚠️非ぴあ＝要WebFetch
[188/195] 22528 NO_PIA_URL ⚠️非ぴあ＝要WebFetch
[189/195] 22529 NO_PIA_URL ⚠️非ぴあ＝要WebFetch
[190/195] 22547 NO_PIA_URL ⚠️非ぴあ＝要WebFetch
[191/195] 22636 NO_PIA_URL ⚠️非ぴあ＝要WebFetch
[192/195] 22654 NO_PIA_URL ⚠️非ぴあ＝要WebFetch
[193/195] 22663 NO_PIA_URL ⚠️非ぴあ＝要WebFetch
[194/195] 22667 NO_PIA_URL ⚠️非ぴあ＝要WebFetch
[195/195] 22684 NO_PIA_URL ⚠️非ぴあ＝要WebFetch

=== convert 34 / 削除候補 100 / 🚨ぴあURL無効化 0 → tmp/heal_stale.json (適用は --apply) ===
