[1/134] 16 convert 2枠
[2/134] 42 NO_PIA_URL ⚠️非ぴあ＝要WebFetch
[3/134] 292 convert 7枠
[4/134] 426 convert 4枠
[5/134] 655 convert 13枠
[6/134] 892 convert 1枠
[7/134] 911 convert 7枠
[8/134] 940 convert 4枠
[9/134] 1003 買える枠ゼロ→削除候補
[10/134] 1075 convert 2枠
[11/134] 1076 convert 6枠
[12/134] 1077 convert 1枠
[13/134] 1078 convert 1枠
[14/134] 1079 買える枠ゼロ→削除候補
[15/134] 1080 convert 1枠
[16/134] 1081 convert 1枠
[17/134] 1082 convert 2枠
[18/134] 1135 convert 1枠
[19/134] 1147 convert 2枠
[20/134] 1151 convert 4枠
[21/134] 1157 convert 2枠
[22/134] 1159 convert 1枠
[23/134] 1161 convert 1枠
[24/134] 1164 convert 9枠
[25/134] 1169 convert 1枠
[26/134] 1182 convert 1枠
[27/134] 1185 convert 1枠
[28/134] 1190 convert 1枠
[29/134] 1191 convert 1枠
[30/134] 1196 convert 3枠
[31/134] 1199 convert 7枠
[32/134] 1215 convert 1枠
[33/134] 1223 convert 1枠
[34/134] 1226 convert 1枠
[35/134] 1284 convert 1枠
[36/134] 1311 convert 1枠
[37/134] 1596 convert 2枠
[38/134] 1618 買える枠ゼロ→削除候補
[39/134] 1722 convert 24枠
[40/134] 1804 convert 1枠
[41/134] 2031 convert 6枠
[42/134] 2032 convert 1枠
[43/134] 2033 convert 1枠
[44/134] 2047 convert 1枠
[45/134] 2048 買える枠ゼロ→削除候補
[46/134] 2049 convert 1枠
[47/134] 2050 買える枠ゼロ→削除候補
[48/134] 2051 convert 1枠
[49/134] 2052 買える枠ゼロ→削除候補
[50/134] 2053 convert 2枠
[51/134] 2054 convert 1枠
[52/134] 2055 convert 1枠
[53/134] 2056 convert 1枠
[54/134] 2057 convert 1枠
[55/134] 2058 convert 1枠
[56/134] 2059 convert 1枠
[57/134] 2060 convert 1枠
[58/134] 2061 convert 1枠
[59/134] 2062 convert 1枠
[60/134] 2063 convert 1枠
[61/134] 2065 convert 1枠
[62/134] 2164 convert 1枠
[63/134] 2271 買える枠ゼロ→削除候補
[64/134] 2272 convert 1枠
[65/134] 2286 convert 1枠
[66/134] 2287 買える枠ゼロ→削除候補
[67/134] 2288 convert 1枠
[68/134] 2331 🚨w.pia.jp直販形式＝機械照合不可・削除NG・要目視 (nobinobi 2026)
[69/134] 2332 convert 1枠
[70/134] 2333 convert 1枠
[71/134] 2334 convert 1枠
[72/134] 2379 convert 1枠
[73/134] 2380 convert 1枠
[74/134] 2381 convert 2枠
[75/134] 2382 convert 5枠
[76/134] 2383 convert 1枠
[77/134] 2384 convert 1枠
[78/134] 2446 convert 1枠
[79/134] 2447 convert 1枠
[80/134] 2516 convert 1枠
[81/134] 2552 convert 6枠
[82/134] 2567 convert 1枠
[83/134] 2577 convert 2枠
[84/134] 2602 convert 2枠
[85/134] 2603 convert 2枠
[86/134] 2604 convert 1枠
[87/134] 2613 convert 1枠
[88/134] 2614 convert 1枠
[89/134] 2615 convert 1枠
[90/134] 2616 convert 1枠
[91/134] 2617 convert 1枠
[92/134] 2620 convert 2枠
[93/134] 2621 convert 1枠
[94/134] 2622 convert 1枠
[95/134] 2627 convert 1枠
[96/134] 2628 convert 1枠
[97/134] 2629 convert 1枠
[98/134] 2630 convert 1枠
[99/134] 2631 convert 1枠
[100/134] 2632 convert 1枠
[101/134] 2633 convert 1枠
[102/134] 2634 convert 1枠
[103/134] 2635 convert 1枠
[104/134] 2636 convert 1枠
[105/134] 2660 convert 1枠
[106/134] 2661 convert 1枠
[107/134] 2662 買える枠ゼロ→削除候補
[108/134] 2663 convert 1枠
[109/134] 2671 convert 1枠
[110/134] 2672 convert 1枠
[111/134] 2673 convert 1枠
[112/134] 2692 convert 2枠
[113/134] 2695 convert 1枠
[114/134] 2704 convert 1枠
[115/134] 2735 convert 1枠
[116/134] 2740 convert 1枠
[117/134] 2811 convert 8枠
[118/134] 2812 convert 1枠
[119/134] 2813 convert 1枠
[120/134] 2814 convert 2枠
[121/134] 2829 買える枠ゼロ→削除候補
[122/134] 2830 convert 1枠
[123/134] 2831 convert 3枠
[124/134] 2832 convert 1枠
[125/134] 2833 買える枠ゼロ→削除候補
[126/134] 2834 買える枠ゼロ→削除候補
[127/134] 2837 convert 1枠
[128/134] 2838 convert 1枠
[129/134] 2839 convert 1枠
[130/134] 2841 convert 1枠
[131/134] 2842 convert 1枠
[132/134] 2845 convert 1枠
[133/134] 2846 convert 1枠
[134/134] 2847 convert 2枠

=== convert 120 / 削除候補 12 → tmp/heal_stale.json (適用は --apply) ===
