[1/99] 1 convert 6枠
[2/99] 130 買える枠ゼロ→削除候補（単独リトライ2回でも0枠）
[3/99] 177 convert 5枠
[4/99] 571 convert 1枠
[5/99] 642 買える枠ゼロ→削除候補（単独リトライ2回でも0枠）
[6/99] 753 買える枠ゼロ→削除候補（単独リトライ2回でも0枠）
[7/99] 761 convert 3枠
[8/99] 950 convert 15枠
[9/99] 1071 買える枠ゼロ→削除候補（単独リトライ2回でも0枠）
[10/99] 1095 convert 4枠
[11/99] 1098 convert 1枠
[12/99] 1122 convert 5枠
[13/99] 1554 買える枠ゼロ→削除候補（単独リトライ2回でも0枠）
[14/99] 2223 買える枠ゼロ→削除候補（単独リトライ2回でも0枠）
[15/99] 2341 買える枠ゼロ→削除候補（単独リトライ2回でも0枠）
[16/99] 2401 買える枠ゼロ→削除候補（単独リトライ2回でも0枠）
[17/99] 2415 買える枠ゼロ→削除候補（単独リトライ2回でも0枠）
[18/99] 2416 買える枠ゼロ→削除候補（単独リトライ2回でも0枠）
[19/99] 2997 買える枠ゼロ→削除候補（単独リトライ2回でも0枠）
[20/99] 3057 NO_PIA_URL ⚠️非ぴあ＝要WebFetch
[21/99] 3116 買える枠ゼロ→削除候補（単独リトライ2回でも0枠）
[22/99] 3118 convert 2枠
[23/99] 3119 買える枠ゼロ→削除候補（単独リトライ2回でも0枠）
[24/99] 3120 買える枠ゼロ→削除候補（単独リトライ2回でも0枠）
[25/99] 3127 買える枠ゼロ→削除候補（単独リトライ2回でも0枠）
[26/99] 3169 買える枠ゼロ→削除候補（単独リトライ2回でも0枠）
[27/99] 3178 買える枠ゼロ→削除候補（単独リトライ2回でも0枠）
[28/99] 3270 convert 2枠
[29/99] 3287 買える枠ゼロ→削除候補（単独リトライ2回でも0枠）
[30/99] 3311 convert 1枠
[31/99] 3325 🔁RETRY 0枠は偽陽性→1枠を回収
[31/99] 3325 convert 1枠
[32/99] 3331 convert 1枠
[33/99] 3513 買える枠ゼロ→削除候補（単独リトライ2回でも0枠）
[34/99] 3566 convert 1枠
[35/99] 3592 買える枠ゼロ→削除候補（単独リトライ2回でも0枠）
[36/99] 3594 買える枠ゼロ→削除候補（単独リトライ2回でも0枠）
[37/99] 3634 convert 2枠
[38/99] 3739 買える枠ゼロ→削除候補（単独リトライ2回でも0枠）
[39/99] 3743 買える枠ゼロ→削除候補（単独リトライ2回でも0枠）
[40/99] 3753 convert 1枠
[41/99] 3754 convert 1枠
[42/99] 3766 買える枠ゼロ→削除候補（単独リトライ2回でも0枠）
[43/99] 3872 買える枠ゼロ→削除候補（単独リトライ2回でも0枠）
[44/99] 3875 買える枠ゼロ→削除候補（単独リトライ2回でも0枠）
[45/99] 3896 買える枠ゼロ→削除候補（単独リトライ2回でも0枠）
[46/99] 3899 買える枠ゼロ→削除候補（単独リトライ2回でも0枠）
[47/99] 3907 買える枠ゼロ→削除候補（単独リトライ2回でも0枠）
[48/99] 3926 convert 1枠
[49/99] 3937 買える枠ゼロ→削除候補（単独リトライ2回でも0枠）
[50/99] 3965 買える枠ゼロ→削除候補（単独リトライ2回でも0枠）
[51/99] 3967 買える枠ゼロ→削除候補（単独リトライ2回でも0枠）
[52/99] 3969 convert 1枠
[53/99] 4169 買える枠ゼロ→削除候補（単独リトライ2回でも0枠）
[54/99] 4205 買える枠ゼロ→削除候補（単独リトライ2回でも0枠）
[55/99] 4257 convert 3枠
[56/99] 4261 convert 1枠
[57/99] 4268 買える枠ゼロ→削除候補（単独リトライ2回でも0枠）
[58/99] 4272 買える枠ゼロ→削除候補（単独リトライ2回でも0枠）
[59/99] 4311 買える枠ゼロ→削除候補（単独リトライ2回でも0枠）
[60/99] 4319 買える枠ゼロ→削除候補（単独リトライ2回でも0枠）
[61/99] 4326 買える枠ゼロ→削除候補（単独リトライ2回でも0枠）
[62/99] 4340 🔁RETRY 0枠は偽陽性→4枠を回収
[62/99] 4340 convert 4枠
[63/99] 4358 買える枠ゼロ→削除候補（単独リトライ2回でも0枠）
[64/99] 4580 convert 1枠
[65/99] 4611 買える枠ゼロ→削除候補（単独リトライ2回でも0枠）
[66/99] 4674 convert 1枠
[67/99] 4675 convert 1枠
[68/99] 4677 convert 1枠
[69/99] 4732 買える枠ゼロ→削除候補（単独リトライ2回でも0枠）
[70/99] 4733 convert 1枠
[71/99] 4734 convert 1枠
[72/99] 4738 convert 1枠
[73/99] 4770 convert 1枠
[74/99] 4806 convert 1枠
[75/99] 4835 convert 1枠
[76/99] 4853 convert 1枠
[77/99] 4912 買える枠ゼロ→削除候補（単独リトライ2回でも0枠）
[78/99] 4929 convert 1枠
[79/99] 4968 買える枠ゼロ→削除候補（単独リトライ2回でも0枠）
[80/99] 4970 買える枠ゼロ→削除候補（単独リトライ2回でも0枠）
[81/99] 4971 convert 1枠
[82/99] 4987 買える枠ゼロ→削除候補（単独リトライ2回でも0枠）
[83/99] 4989 買える枠ゼロ→削除候補（単独リトライ2回でも0枠）
[84/99] 4991 convert 1枠
[85/99] 5001 convert 1枠
[86/99] 5028 買える枠ゼロ→削除候補（単独リトライ2回でも0枠）
[87/99] 5029 買える枠ゼロ→削除候補（単独リトライ2回でも0枠）
[88/99] 5030 買える枠ゼロ→削除候補（単独リトライ2回でも0枠）
[89/99] 5031 買える枠ゼロ→削除候補（単独リトライ2回でも0枠）
[90/99] 5032 買える枠ゼロ→削除候補（単独リトライ2回でも0枠）
[91/99] 5039 convert 1枠
[92/99] 5040 convert 1枠
[93/99] 5114 convert 1枠
[94/99] 5115 convert 1枠
[95/99] 5116 convert 1枠
[96/99] 5117 convert 1枠
[97/99] 5119 convert 1枠
[98/99] 5120 convert 1枠
[99/99] 5121 convert 1枠

=== convert 46 / 削除候補 52 / 🚨ぴあURL無効化 0 → tmp/heal_stale.json (適用は --apply) ===
