[1/188] 16 convert 2枠
[2/188] 42 NO_PIA_URL ⚠️非ぴあ＝要WebFetch
[3/188] 292 convert 7枠
[4/188] 426 convert 4枠
[5/188] 655 convert 13枠
[6/188] 867 convert 1枠
[7/188] 892 convert 1枠
[8/188] 911 convert 7枠
[9/188] 940 convert 4枠
[10/188] 1003 convert 2枠
[11/188] 1073 買える枠ゼロ→削除候補
[12/188] 1074 convert 1枠
[13/188] 1075 convert 4枠
[14/188] 1076 convert 5枠
[15/188] 1077 convert 1枠
[16/188] 1078 convert 1枠
[17/188] 1079 convert 1枠
[18/188] 1080 convert 1枠
[19/188] 1081 convert 1枠
[20/188] 1082 convert 2枠
[21/188] 1135 convert 1枠
[22/188] 1147 convert 2枠
[23/188] 1151 convert 6枠
[24/188] 1157 convert 2枠
[25/188] 1159 convert 1枠
[26/188] 1161 convert 1枠
[27/188] 1164 convert 11枠
[28/188] 1165 convert 5枠
[29/188] 1169 convert 1枠
[30/188] 1182 convert 1枠
[31/188] 1185 convert 1枠
[32/188] 1190 convert 1枠
[33/188] 1191 convert 2枠
[34/188] 1196 convert 3枠
[35/188] 1199 convert 7枠
[36/188] 1210 convert 1枠
[37/188] 1214 convert 3枠
[38/188] 1215 convert 1枠
[39/188] 1223 convert 1枠
[40/188] 1226 convert 1枠
[41/188] 1284 convert 1枠
[42/188] 1311 convert 1枠
[43/188] 1383 convert 1枠
[44/188] 1425 convert 1枠
[45/188] 1596 convert 2枠
[46/188] 1618 convert 2枠
[47/188] 1633 convert 1枠
[48/188] 1722 convert 24枠
[49/188] 1804 convert 1枠
[50/188] 1827 convert 1枠
[51/188] 1980 convert 1枠
[52/188] 1937 convert 1枠
[53/188] 1982 convert 1枠
[54/188] 1978 convert 1枠
[55/188] 1983 convert 1枠
[56/188] 1981 convert 1枠
[57/188] 2028 convert 1枠
[58/188] 2029 convert 1枠
[59/188] 2030 convert 1枠
[60/188] 2031 convert 6枠
[61/188] 2032 convert 1枠
[62/188] 2033 convert 1枠
[63/188] 2046 convert 1枠
[64/188] 2047 convert 1枠
[65/188] 2048 convert 1枠
[66/188] 2049 convert 1枠
[67/188] 2050 convert 1枠
[68/188] 2051 convert 2枠
[69/188] 2052 convert 1枠
[70/188] 2053 convert 2枠
[71/188] 2054 convert 1枠
[72/188] 2055 convert 1枠
[73/188] 2056 convert 1枠
[74/188] 2057 convert 1枠
[75/188] 2058 convert 1枠
[76/188] 2059 convert 1枠
[77/188] 2060 convert 1枠
[78/188] 2061 convert 1枠
[79/188] 2062 convert 1枠
[80/188] 2063 convert 1枠
[81/188] 2064 convert 1枠
[82/188] 2065 convert 1枠
[83/188] 2164 convert 1枠
[84/188] 2271 convert 1枠
[85/188] 2272 convert 1枠
[86/188] 2286 convert 1枠
[87/188] 2287 convert 1枠
[88/188] 2288 convert 1枠
[89/188] 2331 🚨w.pia.jp直販形式＝機械照合不可・削除NG・要目視 (nobinobi 2026)
[90/188] 2332 convert 1枠
[91/188] 2333 convert 1枠
[92/188] 2334 convert 1枠
[93/188] 2360 convert 1枠
[94/188] 2364 convert 1枠
[95/188] 2365 convert 1枠
[96/188] 2366 convert 1枠
[97/188] 2367 convert 1枠
[98/188] 2368 convert 1枠
[99/188] 2369 convert 1枠
[100/188] 2374 convert 1枠
[101/188] 2375 convert 1枠
[102/188] 2376 convert 1枠
[103/188] 2377 convert 1枠
[104/188] 2378 convert 1枠
[105/188] 2379 convert 1枠
[106/188] 2380 convert 1枠
[107/188] 2381 convert 2枠
[108/188] 2382 convert 5枠
[109/188] 2383 convert 1枠
[110/188] 2384 convert 1枠
[111/188] 2385 convert 1枠
[112/188] 2386 convert 1枠
[113/188] 2387 convert 1枠
[114/188] 2388 convert 3枠
[115/188] 2389 convert 1枠
[116/188] 2446 convert 1枠
[117/188] 2447 convert 1枠
[118/188] 2503 convert 1枠
[119/188] 2516 convert 1枠
[120/188] 2517 convert 1枠
[121/188] 2552 convert 7枠
[122/188] 2567 convert 1枠
[123/188] 2577 convert 2枠
[124/188] 2578 convert 1枠
[125/188] 2602 convert 2枠
[126/188] 2603 convert 2枠
[127/188] 2604 convert 2枠
[128/188] 2613 convert 1枠
[129/188] 2614 convert 1枠
[130/188] 2615 convert 1枠
[131/188] 2616 convert 1枠
[132/188] 2617 convert 1枠
[133/188] 2620 convert 2枠
[134/188] 2621 convert 1枠
[135/188] 2622 convert 1枠
[136/188] 2627 convert 1枠
[137/188] 2628 convert 1枠
[138/188] 2629 convert 1枠
[139/188] 2630 convert 1枠
[140/188] 2631 convert 1枠
[141/188] 2632 convert 1枠
[142/188] 2633 convert 1枠
[143/188] 2634 convert 1枠
[144/188] 2635 convert 1枠
[145/188] 2636 convert 1枠
[146/188] 2638 convert 1枠
[147/188] 2639 convert 1枠
[148/188] 2660 convert 1枠
[149/188] 2661 convert 2枠
[150/188] 2662 convert 1枠
[151/188] 2663 convert 1枠
[152/188] 2671 convert 1枠
[153/188] 2672 convert 1枠
[154/188] 2673 convert 1枠
[155/188] 2692 convert 2枠
[156/188] 2695 convert 1枠
[157/188] 2704 convert 1枠
[158/188] 2733 convert 2枠
[159/188] 2734 convert 1枠
[160/188] 2735 convert 1枠
[161/188] 2736 convert 1枠
[162/188] 2737 convert 1枠
[163/188] 2738 convert 1枠
[164/188] 2739 convert 1枠
[165/188] 2740 convert 1枠
[166/188] 2811 convert 8枠
[167/188] 2812 convert 1枠
[168/188] 2813 convert 1枠
[169/188] 2814 convert 2枠
[170/188] 2829 convert 1枠
[171/188] 2830 convert 1枠
[172/188] 2831 convert 3枠
[173/188] 2832 convert 1枠
[174/188] 2833 convert 1枠
[175/188] 2834 convert 1枠
[176/188] 2837 convert 1枠
[177/188] 2838 convert 1枠
[178/188] 2839 convert 1枠
[179/188] 2841 convert 1枠
[180/188] 2842 convert 1枠
[181/188] 2844 convert 1枠
[182/188] 2845 convert 1枠
[183/188] 2846 convert 1枠
[184/188] 2847 convert 3枠
[185/188] 2848 convert 1枠
[186/188] 2849 convert 1枠
[187/188] 2850 convert 2枠
[188/188] 2851 convert 1枠

=== convert 185 / 削除候補 1 → tmp/heal_stale.json (適用は --apply) ===
