=== 0件 適用 / 発売日引き継ぎ 0枠 / 非ぴあ据置 0枠 / 残り隠れ枠 232 (backup: index.html.bak_0903_rescue) ===

🛡️ 生きた枠が消えるので適用しなかった 19件（ぴあの混雑ページ疑い。実ページを単発で確認してから手で直すこと）:
  id=579 二見颯一 ← 消えるはずだった公演: 兵庫 9/4・奈良 9/5公演
  id=696 DRUM TAO ← 消えるはずだった公演: 富山 10/19公演
  id=1216 Ｍｙ Ｌｉｔｔｌｅ Ｌｏｖｅｒ ☆ Ａｋｋｏ Ｂａｎ ← 消えるはずだった公演: 鹿児島 10/30公演
  id=1334 a flood of circle ← 消えるはずだった公演: 京都・兵庫・奈良 9/15〜10/17公演
  id=1622 MICHAEL LIVES FOREVER - JA ← 消えるはずだった公演: 東京 10/29公演
  id=2367 バッハ・コレギウム・ジャパン ← 消えるはずだった公演: 兵庫 11/1公演
  id=2496 高嶋ちさ子 12人のヴァイオリニスト コンサートツア ← 消えるはずだった公演: 三重 9/19公演, 大分 R9年 1/16公演, 大阪 12/11公演
  id=2500 「ドラゴンクエスト」ウインドオーケストラコンサート ← 消えるはずだった公演: 千葉 9/23公演
  id=3035 7ORDER ← 消えるはずだった公演: 大阪府 10/9公演, 東京都 10/16公演
  id=3053 徳永英明 ← 消えるはずだった公演: 北海道 11/21公演
  id=3370 ネパールの詩心～四季と祭り～ ← 消えるはずだった公演: 一般発売（千葉・神奈川 11/16〜11/24公演）, 一般発売（岐阜・愛知 11/20〜11/21公演）, 一般発売（新潟 11/23公演
  id=3533 布袋寅泰 ← 消えるはずだった公演: 石川 9/19公演
  id=3610 仙台フィルハーモニー管弦楽団 ← 消えるはずだった公演: 宮城 9/11〜9/12公演
  id=3732 古内東子 ← 消えるはずだった公演: 宮城公演
  id=3735 パパイヤ鈴木の踊る昭和歌謡☆ディスコパラダイス! ← 消えるはずだった公演: 一般発売（東京 11/4公演）
  id=3752 爆笑ファンタジスタ!夢の競演!! ← 消えるはずだった公演: 一般発売（東京 11/25公演）
  id=3971 僕らの別荘 全国ツアー 2026 ← 消えるはずだった公演: 北海道・宮城・東京・愛知・福岡・沖縄 8/23〜R9年 3/27公演
  id=4634 劇団四季「リトルマーメイド」／舞浜 「シェフ・ミッキ ← 消えるはずだった公演: 千葉 10/1〜10/12公演
  id=5516 2026 Golden Moon Concert i ← 消えるはずだった公演: 一般発売（東京 11/6公演）
