[1/82] 1 convert 7枠
[2/82] 130 買える枠ゼロ→削除候補（単独リトライ2回でも0枠）
[3/82] 529 🔁RETRY 0枠は偽陽性→8枠を回収
[3/82] 529 convert 8枠
[4/82] 571 convert 1枠
[5/82] 642 買える枠ゼロ→削除候補（単独リトライ2回でも0枠）
[6/82] 753 買える枠ゼロ→削除候補（単独リトライ2回でも0枠）
[7/82] 761 convert 3枠
[8/82] 1028 convert 7枠
[9/82] 1071 買える枠ゼロ→削除候補（単独リトライ2回でも0枠）
[10/82] 1098 convert 1枠
[11/82] 1265 convert 2枠
[12/82] 1554 買える枠ゼロ→削除候補（単独リトライ2回でも0枠）
[13/82] 2223 買える枠ゼロ→削除候補（単独リトライ2回でも0枠）
[14/82] 2341 買える枠ゼロ→削除候補（単独リトライ2回でも0枠）
[15/82] 2401 買える枠ゼロ→削除候補（単独リトライ2回でも0枠）
[16/82] 2415 買える枠ゼロ→削除候補（単独リトライ2回でも0枠）
[17/82] 2416 買える枠ゼロ→削除候補（単独リトライ2回でも0枠）
[18/82] 2564 convert 3枠
[19/82] 2997 買える枠ゼロ→削除候補（単独リトライ2回でも0枠）
[20/82] 3057 NO_PIA_URL ⚠️非ぴあ＝要WebFetch
[21/82] 3116 買える枠ゼロ→削除候補（単独リトライ2回でも0枠）
[22/82] 3118 convert 2枠
[23/82] 3119 買える枠ゼロ→削除候補（単独リトライ2回でも0枠）
[24/82] 3120 買える枠ゼロ→削除候補（単独リトライ2回でも0枠）
[25/82] 3127 買える枠ゼロ→削除候補（単独リトライ2回でも0枠）
[26/82] 3169 買える枠ゼロ→削除候補（単独リトライ2回でも0枠）
[27/82] 3178 買える枠ゼロ→削除候補（単独リトライ2回でも0枠）
[28/82] 3287 買える枠ゼロ→削除候補（単独リトライ2回でも0枠）
[29/82] 3513 買える枠ゼロ→削除候補（単独リトライ2回でも0枠）
[30/82] 3565 convert 1枠
[31/82] 3594 買える枠ゼロ→削除候補（単独リトライ2回でも0枠）
[32/82] 3612 convert 1枠
[33/82] 3635 convert 22枠
[34/82] 3739 買える枠ゼロ→削除候補（単独リトライ2回でも0枠）
[35/82] 3743 買える枠ゼロ→削除候補（単独リトライ2回でも0枠）
[36/82] 3766 買える枠ゼロ→削除候補（単独リトライ2回でも0枠）
[37/82] 3814 convert 1枠
[38/82] 3872 買える枠ゼロ→削除候補（単独リトライ2回でも0枠）
[39/82] 3875 買える枠ゼロ→削除候補（単独リトライ2回でも0枠）
[40/82] 3896 買える枠ゼロ→削除候補（単独リトライ2回でも0枠）
[41/82] 3899 買える枠ゼロ→削除候補（単独リトライ2回でも0枠）
[42/82] 3907 買える枠ゼロ→削除候補（単独リトライ2回でも0枠）
[43/82] 3926 convert 1枠
[44/82] 3937 買える枠ゼロ→削除候補（単独リトライ2回でも0枠）
[45/82] 3965 買える枠ゼロ→削除候補（単独リトライ2回でも0枠）
[46/82] 3967 買える枠ゼロ→削除候補（単独リトライ2回でも0枠）
[47/82] 3968 convert 1枠
[48/82] 4064 convert 2枠
[49/82] 4169 買える枠ゼロ→削除候補（単独リトライ2回でも0枠）
[50/82] 4205 買える枠ゼロ→削除候補（単独リトライ2回でも0枠）
[51/82] 4268 買える枠ゼロ→削除候補（単独リトライ2回でも0枠）
[52/82] 4272 買える枠ゼロ→削除候補（単独リトライ2回でも0枠）
[53/82] 4299 convert 1枠
[54/82] 4300 convert 1枠
[55/82] 4301 convert 1枠
[56/82] 4311 買える枠ゼロ→削除候補（単独リトライ2回でも0枠）
[57/82] 4319 買える枠ゼロ→削除候補（単独リトライ2回でも0枠）
[58/82] 4326 買える枠ゼロ→削除候補（単独リトライ2回でも0枠）
[59/82] 4340 convert 4枠
[60/82] 4358 買える枠ゼロ→削除候補（単独リトライ2回でも0枠）
[61/82] 4431 convert 2枠
[62/82] 4611 買える枠ゼロ→削除候補（単独リトライ2回でも0枠）
[63/82] 4679 convert 1枠
[64/82] 4680 convert 1枠
[65/82] 4735 convert 2枠
[66/82] 4736 convert 1枠
[67/82] 4737 convert 1枠
[68/82] 4835 買える枠ゼロ→削除候補（単独リトライ2回でも0枠）
[69/82] 4895 convert 1枠
[70/82] 4898 convert 6枠
[71/82] 4909 convert 1枠
[72/82] 4912 買える枠ゼロ→削除候補（単独リトライ2回でも0枠）
[73/82] 4916 買える枠ゼロ→削除候補（単独リトライ2回でも0枠）
[74/82] 5028 買える枠ゼロ→削除候補（単独リトライ2回でも0枠）
[75/82] 5029 買える枠ゼロ→削除候補（単独リトライ2回でも0枠）
[76/82] 5030 買える枠ゼロ→削除候補（単独リトライ2回でも0枠）
[77/82] 5031 買える枠ゼロ→削除候補（単独リトライ2回でも0枠）
[78/82] 5032 買える枠ゼロ→削除候補（単独リトライ2回でも0枠）
[79/82] 5085 convert 2枠
[80/82] 5086 convert 1枠
[81/82] 5089 convert 1枠
[82/82] 5096 convert 1枠

=== convert 33 / 削除候補 48 / 🚨ぴあURL無効化 0 → tmp/heal_stale.json (適用は --apply) ===
