ëŒè€ 138 ÉGÉìÉgÉä
[1/138] 1 NO_PIA_URL
[2/138] 12 convert 1òg
[3/138] 21 convert 16òg
[4/138] 69 convert 5òg
[5/138] 90 convert 2òg
[6/138] 91 convert 1òg
[7/138] 93 convert 4òg
[8/138] 100 convert 3òg
[9/138] 130 convert 1òg
[10/138] 177 convert 2òg
[11/138] 187 convert 4òg
[12/138] 237 convert 17òg
[13/138] 269 convert 6òg
[14/138] 312 convert 7òg
[15/138] 374 DELETE
[16/138] 397 convert 4òg
[17/138] 406 convert 2òg
[18/138] 450 convert 10òg
[19/138] 452 convert 12òg
[20/138] 520 convert 13òg
[21/138] 529 convert 6òg
[22/138] 564 convert 3òg
[23/138] 567 convert 2òg
[24/138] 612 convert 2òg
[25/138] 620 convert 11òg
[26/138] 622 convert 1òg
[27/138] 668 convert 2òg
[28/138] 678 convert 1òg
[29/138] 693 convert 11òg
[30/138] 701 convert 7òg
[31/138] 729 convert 8òg
[32/138] 748 convert 2òg
[33/138] 755 convert 2òg
[34/138] 756 convert 6òg
[35/138] 824 convert 7òg
[36/138] 827 convert 1òg
[37/138] 833 convert 7òg
[38/138] 841 DELETE
[39/138] 844 convert 2òg
[40/138] 845 convert 1òg
[41/138] 874 convert 3òg
[42/138] 876 convert 1òg
[43/138] 892 convert 2òg
[44/138] 911 convert 6òg
[45/138] 922 convert 5òg
[46/138] 940 convert 6òg
[47/138] 942 convert 16òg
[48/138] 950 convert 7òg
[49/138] 966 convert 6òg
[50/138] 1003 convert 2òg
[51/138] 1008 convert 2òg
[52/138] 1022 convert 2òg
[53/138] 1048 convert 5òg
[54/138] 1055 convert 1òg
[55/138] 1059 convert 4òg
[56/138] 1060 convert 1òg
[57/138] 1101 convert 5òg
[58/138] 1127 convert 2òg
[59/138] 1128 convert 6òg
[60/138] 1130 convert 1òg
[61/138] 1134 convert 1òg
[62/138] 1151 convert 7òg
[63/138] 1172 convert 1òg
[64/138] 1174 convert 3òg
[65/138] 1178 convert 2òg
[66/138] 1191 convert 2òg
[67/138] 1214 convert 4òg
[68/138] 1216 convert 1òg
[69/138] 1218 convert 2òg
[70/138] 1224 convert 1òg
[71/138] 1299 convert 9òg
[72/138] 1313 convert 9òg
[73/138] 1342 convert 4òg
[74/138] 1347 convert 2òg
[75/138] 1354 convert 1òg
[76/138] 1364 convert 5òg
[77/138] 1374 convert 4òg
[78/138] 1401 convert 4òg
[79/138] 1637 convert 3òg
[80/138] 1643 convert 2òg
[81/138] 1644 convert 2òg
[82/138] 1690 convert 1òg
[83/138] 1693 convert 2òg
[84/138] 1716 convert 2òg
[85/138] 1721 convert 10òg
[86/138] 1722 convert 28òg
[87/138] 1724 convert 4òg
[88/138] 1729 convert 2òg
[89/138] 1730 convert 2òg
[90/138] 1748 convert 1òg
[91/138] 1749 convert 1òg
[92/138] 1768 convert 2òg
[93/138] 1772 convert 2òg
[94/138] 1785 convert 3òg
[95/138] 1787 convert 3òg
[96/138] 1792 convert 3òg
[97/138] 1782 convert 2òg
[98/138] 1804 convert 2òg
[99/138] 1806 convert 2òg
[100/138] 1815 convert 2òg
[101/138] 1829 convert 2òg
[102/138] 1848 convert 3òg
[103/138] 1857 convert 1òg
[104/138] 1858 convert 1òg
[105/138] 1859 convert 1òg
[106/138] 1860 convert 3òg
[107/138] 1863 convert 1òg
[108/138] 1864 convert 1òg
[109/138] 1865 convert 2òg
[110/138] 1867 convert 1òg
[111/138] 1868 convert 1òg
[112/138] 1869 convert 1òg
[113/138] 1888 convert 2òg
[114/138] 1900 convert 1òg
[115/138] 1899 convert 1òg
[116/138] 1898 convert 1òg
[117/138] 1980 convert 2òg
[118/138] 1987 convert 5òg
[119/138] 2003 convert 1òg
[120/138] 2004 convert 1òg
[121/138] 2005 convert 1òg
[122/138] 2069 convert 2òg
[123/138] 2109 convert 2òg
[124/138] 2144 convert 1òg
[125/138] 2149 convert 2òg
[126/138] 2150 convert 1òg
[127/138] 2163 convert 1òg
[128/138] 2184 convert 4òg
[129/138] 2187 convert 2òg
[130/138] 2202 convert 1òg
[131/138] 2206 convert 1òg
[132/138] 2210 convert 1òg
[133/138] 2237 convert 1òg
[134/138] 2238 convert 1òg
[135/138] 2239 convert 9òg
[136/138] 2259 DELETE
[137/138] 2265 convert 5òg
[138/138] 2281 convert 4òg

=== convert 134 / delete 3 / ERROR 0 ===
!! DROPPED 5
