=== 30件 適用 / 発売日引き継ぎ 11枠 / 非ぴあ据置 0枠 / 残り隠れ枠 109 (backup: index.html.bak_0824_heal_stale) ===

🛡️ 生きた枠が消えるので適用しなかった 8件（ぴあの混雑ページ疑い。実ページを単発で確認してから手で直すこと）:
  id=1 さだまさし ← 消えるはずだった公演: 北海道 9/28公演, 静岡 8/25公演
  id=529 華原朋美 ← 消えるはずだった公演: 富山 11/3公演
  id=571 竹原ピストル ← 消えるはずだった公演: 香川 9/5公演
  id=761 半崎美子 ← 消えるはずだった公演: 北海道 11/8公演, 茨城 9/6〜9/27公演
  id=1098 中田カウス 漫才のDENDO 全国ツアー 2026 ← 消えるはずだった公演: 富山 10/4公演
  id=3118 沢田研二 ← 消えるはずだった公演: 東京 11/16公演, 東京 11/17公演, 福岡 9/3公演
  id=3926 ジャパン・ビアフェスティバル横浜2026 ← 消えるはずだった公演: 神奈川 9/12 11:30公演, 神奈川 9/12 15:30公演, 神奈川 9/13 10:30公演, 神奈川 9/13 14:30公演
  id=4898 劇団四季ミュージカル『コーラスライン』／全国ツアー ← 消えるはずだった公演: 富山 10/31公演, 石川 10/22〜10/23公演, 福井 10/27公演

🚨 買える枠ゼロ = 削除候補 48件（ユーザーOK後に削除）:
  id=130 宝塚歌劇団 雪組
  id=642 陰陽座
  id=753 渡辺真知子
  id=1071 ミュージカル『ニコラ・テスラ～エジソンが恐れた孤高の天才～』
  id=1554 高嶋ちさ子のザワつく!昭和歌謡祭 2026
  id=2223 宝塚歌劇星組 宝塚大劇場公演 三井住友VISAカードシアター『RRR×TAKA“R”AZUKA ～√Rama～(アールアールアール バイ タカラヅカ ～ルートラーマ～)』
  id=2341 GANG PARADE
  id=2401 木根尚登
  id=2415 笑福亭鶴瓶×サンドウィッチマンLIVE『シルエット』
  id=2416 J亭スピンオフ企画44 白酒・一之輔 大手町二人会
  id=2997 真空ジェシカのイベン父ちゃん・イベアンドトシ
  id=3116 CUTIE STREET 梅田みゆ 生誕祭 2026
  id=3119 THE PAINS OF BEING PURE AT HEART
  id=3120 シャイトープ
  id=3127 遊佐未森
  id=3169 野村義男
  id=3178 dolce“偏愛”落語会
  id=3287 「【パンキッシュガーデン】ネモフィラブルー」
  id=3513 大相撲九月場所
  id=3594 真一文字の会 ～春風亭一之輔勉強会～
  id=3739 SHIBUYA MUSIC CROSSOVER 2026 #7
  id=3743 Uru
  id=3766 国立能楽堂 9月特別公演
  id=3872 PM AGENCY 40th ANNIVERSARY LIVE スーパー大感謝祭
  id=3875 ミュージカル「タイムトラベラーズ・ワイフ」
  id=3896 伊藤蘭 クリスマスディナー&コンサート
  id=3899 MISIA
  id=3907 桂三度日本公演～桂三度入門十五周年記念祭～
  id=3937 万筆舎『R3』刊行記念落語会
  id=3965 読売ジャイアンツ対横浜DeNAベイスターズ 公式戦
  id=4169 DEEN
  id=4205 第570回 花形演芸会
  id=4268 APF SAPPHIRE CUP 2026
  id=4272 横浜DeNAベイスターズ対阪神タイガース／公式戦
  id=4311 千葉ロッテマリーンズ対北海道日本ハムファイターズ 公式戦〈ワイドシート〉
  id=4319 ハロー【一花】イチハナ～一之輔相談室～
  id=4326 Kis-My-Ft2
  id=4358 「劇場版 魔法少女まどか☆マギカ〈ワルプルギスの廻天〉」舞台挨拶
  id=4611 MET JAZZ TOKYO: DAY 0
  id=4835 劇団四季ミュージカル「コーラスライン」／岡山
  id=4895 桂二葉独演会
  id=4912 弁論2026
  id=4916 吉原あさひ・鈴々舎美馬 二人会 お楽しみトーク付き
  id=5028 「愛し合ってるかい? 忌野清志郎が教えてくれた」最速プレミア上映
  id=5029 映画『私はあなたを知らない、』初日舞台挨拶
  id=5030 『縁の手紙』完成披露上映会
  id=5031 TVアニメ『超巡!超条先輩』キャスト舞台挨拶付き先行上映会
  id=5032 『ナギダイアリー』ジャパンプレミア
