=LOVE                      ぴあ 1件
     [先行抽選] STARフェス                                  2026/10/10(土) ・ 2026/10/ / ぴあアリーナＭＭ(神奈川県)
        https://ticket.pia.jp/pia/event.do?eventBundleCd=b2670816
CHEMISTRY                  ぴあ 0件
ファンキーモンキーベイビーズ             ぴあ 0件
細野晴臣                       ぴあ 0件
RUNIDRE                    ぴあ 0件
REBECCA                    ぴあ 0件
KENTO YAMAZAKI             ぴあ 0件
DOES                       ぴあ 0件
KO1KEYZ                    ぴあ 0件
チルクラシック                    ぴあ 0件
King Gnu                   ぴあ 0件
Da-iCE                     ぴあ 0件
BE:FIRST                   ぴあ 1件
     [先行抽選] 映画『ＲＹＵＪＩ 竜二』舞台挨拶付きジャパンプレミア               2026/10/7(水) / ＴＯＨＯシネマズ新宿(東京都)  発売 2026/9/19
        https://ticket.pia.jp/pia/event.do?eventCd=2634521
ONE N' ONLY                ぴあ 2件
     [一般発売] ＯＮＥ ＡＮＤ ＯＮＬＹ Ｖｏｌ．４０                      2026/9/15(火) / Ｖｅａｔｓ Ｓｈｉｂｕｙａ(東京都)
        https://ticket.pia.jp/pia/event.do?eventCd=2632841
     [一般発売] FEST. INAZUMA 2026                       2026/9/19(土) ・ 2026/9/20 / 滋賀県草津市 烏丸半島芝生広場(滋賀県)
        https://ticket.pia.jp/pia/event.do?eventBundleCd=b2670413
ILLIT                      ぴあ 1件
     [状態不明] 2026 THE FACT MUSIC AWARDS               (空) / (空)
        https://ticket.pia.jp/pia/event.do?eventBundleCd=b2670835
BMSG                       ぴあ 0件
竜とそばかすの姫                   ぴあ 0件
MTV VMAJ                   ぴあ 0件
ザ・フェイク                     ぴあ 0件
京まふ                        ぴあ 1件
     [一般発売] ＫＹＯＭＡＦ ＭＵＳＩＣ ＬＩＶＥ ２０２６                   2026/9/19(土) / ロームシアター京都 メインホール(京都府)
        https://ticket.pia.jp/pia/event.do?eventCd=2635006
XMF                        ぴあ 1件
     [先行先着] Xnterstellar Music Festival 2026         2026/10/3(土) ・ 2026/10/4 / 仁川パラダイスシティ(海外)
        https://ticket.pia.jp/pia/event.do?eventBundleCd=b2669777

→ tmp/hunt_big_0910.json
