  6469 OK
  6470 OK
  6471 OK
  6472 OK
  6473 OK
  6474 OK
  6475 skip(売切)
  6476 skip(売切)
  6477 OK
  6478 OK
  6479 OK
  6480 skip(売切)
  6481 OK
  6482 skip(売切)
  6483 OK
  6484 OK
  6485 OK
  6486 OK
  6487 skip(売切)
  6488 OK
  6489 OK
  6490 OK
  6491 OK
  6492 OK
構築 19 件 / skip [6475, 6476, 6480, 6482, 6487]

!!!!!!!!!!!!!!!!!!!!!!!!!!!!!!!!!!!!!!!!!!!!!!!!!!!!!!!!!!!!
\u26a0\ufe0f 取りこぼし 1件（買える枠なのに取り込めなかった＝要対応）:
   id6475 [FETCH-ERR] when='ぴあが混雑ページに飛ばした（券種は読めていない）: http://sorry.pia.jp/nt2/pia/?mark=type-L10' | https://t.pia.jp/pia/event/event.do?eventCd=2630800
→ parse_when/kenshu/状態判定にこの表記を足してから再構築すること。
!!!!!!!!!!!!!!!!!!!!!!!!!!!!!!!!!!!!!!!!!!!!!!!!!!!!!!!!!!!!
