python :   659 OK
At line:1 char:302
+ ... tch {} } }; python tools/build_pia_entries.py tmp/merge_input_090
9.js ...
+                 ~~~~~~~~~~~~~~~~~~~~~~~~~~~~~~~~~~~~~~~~~~~~~~~~~~~~~
~~~~
    + CategoryInfo          : NotSpecified: (  659 OK:String) [], Remo 
   teException
    + FullyQualifiedErrorId : NativeCommandError
 
  642 OK
  4118 OK
  4227 OK
  5524 OK
  3118 OK
  674 OK
  7201 OK
  2047 OK
  3148 OK
  4234 OK
  5729 OK
  727 OK
  3129 OK
  3542 OK
  1214 OK
  7226 OK
  5052 OK
  4500 OK
  2771 OK
  3742 OK
  2638 OK
  4824 OK
  5436 OK
  1119 OK
  4195 OK
  3750 OK
  6414 OK
  5394 OK
  3251 OK
  3635 OK
  2694 OK
  4926 OK
  5421 OK
  3657 OK
  7300 OK
  3922 OK
  5408 OK
  5409 OK
  6452 OK
  3818 OK
  4716 OK
  6462 OK
  6522 OK
  2080 OK
  2081 OK
  5526 OK
  685 OK
  4412 OK
  690 OK
構築 50 件 / skip []
