########## lg=01 発売前 ##########
 NEW |  | FRUITS ZIPPERのオールナイトニッポン | 2027/1/23(土) | 神奈川県
 NEW | 2026/9/22 | 吉井和哉 | 2027/2/12(金) | 宮城県
 NEW | 2026/9/22 | ＲＥ：ＴＡＫＥ | 2026/10/10(土) ・ 2026/1 | 埼玉県／千葉県／愛知県
########## lg=02 発売前 ##########
 NEW | 2026/10/13 | 宰務翔太単独ライブ「Ｏｐｅｎｅｒ」 | 2026/11/23(月・祝) | 兵庫県
 NEW | 2026/10/13 | 宰務翔太単独ライブ「Ｏｐｅｎｅｒ」 | 2026/12/3(木) | 東京都
 NEW | 2026/9/28 | 玉川太福独演会 | 2027/3/21(日・祝) | 東京都
########## lg=03 発売前 ##########
written tmp/x0922/presale_03.json
 NEW |  | カマタマーレ讃岐対ツエーゲン金沢 明治安田Ｊ３リ | 2026/10/21(水) | 香川県
 NEW |  | カマタマーレ讃岐対ロアッソ熊本 明治安田Ｊ３リー | 2026/10/18(日) | 香川県
########## lg=04 発売前 ##########
already in DB (eventCd一致): 27 | NOT in DB (new candidates): 0
  うち 0件は同名の既存エントリあり＝投入時に統合を検討（旧実装はここを丸ごと捨てていた）
written tmp/x0922/presale_04.json
########## lg=05 発売前 ##########
already in DB (eventCd一致): 16 | NOT in DB (new candidates): 0
  うち 0件は同名の既存エントリあり＝投入時に統合を検討（旧実装はここを丸ごと捨てていた）
written tmp/x0922/presale_05.json
########## lg=06 発売前 ##########
written tmp/x0922/presale_06.json
 NEW |  | 筑後ＳＡＫＥフェスタ２０２６ | 2026/10/10(土) ～ 2026/1 | 福岡県
 NEW |  | JUNG HAEIN | 2026/9/22(火・祝) | 
########## lg=07 発売前 ##########
 NEW | 2026/10/10 | ＮＨＫ交響楽団 ｉｎ ＩＣＨＩＫＡＷＡ | 2027/3/13(土) | 千葉県
 NEW | 2026/10/9 | 東京芸術劇場ナイトタイム・パイプオルガンコンサー | 2026/12/16(水) | 東京都
 NEW | TODAY | 西川響貴 ピアノリサイタル | 2027/2/13(土) | 鹿児島県
ALL DONE
