=== “üŒû: post-sitemap [27, 26] ===
  sitemap27: Œö‰‰URL 284Œ
  sitemap26: Œö‰‰URL 997Œ
Œö‰‰URL 1281Œ‚ðŒ©‚é
  [50/1281] ”­”„‘O6 / ”Ì”„’†29 / ”„Ø1 / ‰ß‹Ž12 / “Ç‚ß‚È‚¢2
  [100/1281] ”­”„‘O10 / ”Ì”„’†40 / ”„Ø1 / ‰ß‹Ž46 / “Ç‚ß‚È‚¢3
  [150/1281] ”­”„‘O10 / ”Ì”„’†50 / ”„Ø1 / ‰ß‹Ž81 / “Ç‚ß‚È‚¢8
  [250/1281] ”­”„‘O10 / ”Ì”„’†59 / ”„Ø2 / ‰ß‹Ž165 / “Ç‚ß‚È‚¢14
  [300/1281] ”­”„‘O10 / ”Ì”„’†60 / ”„Ø2 / ‰ß‹Ž206 / “Ç‚ß‚È‚¢22
  [350/1281] ”­”„‘O10 / ”Ì”„’†61 / ”„Ø2 / ‰ß‹Ž252 / “Ç‚ß‚È‚¢25
  [400/1281] ”­”„‘O10 / ”Ì”„’†61 / ”„Ø2 / ‰ß‹Ž294 / “Ç‚ß‚È‚¢33
  [450/1281] ”­”„‘O10 / ”Ì”„’†61 / ”„Ø2 / ‰ß‹Ž339 / “Ç‚ß‚È‚¢38
  [550/1281] ”­”„‘O10 / ”Ì”„’†61 / ”„Ø2 / ‰ß‹Ž430 / “Ç‚ß‚È‚¢47
  [600/1281] ”­”„‘O10 / ”Ì”„’†61 / ”„Ø2 / ‰ß‹Ž475 / “Ç‚ß‚È‚¢52
  [650/1281] ”­”„‘O10 / ”Ì”„’†61 / ”„Ø2 / ‰ß‹Ž520 / “Ç‚ß‚È‚¢57
  [700/1281] ”­”„‘O10 / ”Ì”„’†61 / ”„Ø2 / ‰ß‹Ž564 / “Ç‚ß‚È‚¢63
  [750/1281] ”­”„‘O10 / ”Ì”„’†61 / ”„Ø2 / ‰ß‹Ž611 / “Ç‚ß‚È‚¢66
  [800/1281] ”­”„‘O10 / ”Ì”„’†61 / ”„Ø2 / ‰ß‹Ž659 / “Ç‚ß‚È‚¢68
  [900/1281] ”­”„‘O10 / ”Ì”„’†61 / ”„Ø2 / ‰ß‹Ž749 / “Ç‚ß‚È‚¢78
  [950/1281] ”­”„‘O10 / ”Ì”„’†61 / ”„Ø2 / ‰ß‹Ž794 / “Ç‚ß‚È‚¢83
  [1000/1281] ”­”„‘O10 / ”Ì”„’†61 / ”„Ø2 / ‰ß‹Ž842 / “Ç‚ß‚È‚¢85
  [1050/1281] ”­”„‘O10 / ”Ì”„’†61 / ”„Ø2 / ‰ß‹Ž889 / “Ç‚ß‚È‚¢88
  [1150/1281] ”­”„‘O10 / ”Ì”„’†61 / ”„Ø2 / ‰ß‹Ž984 / “Ç‚ß‚È‚¢93
  [1200/1281] ”­”„‘O10 / ”Ì”„’†61 / ”„Ø2 / ‰ß‹Ž1033 / “Ç‚ß‚È‚¢94
  [1250/1281] ”­”„‘O10 / ”Ì”„’†61 / ”„Ø2 / ‰ß‹Ž1079 / “Ç‚ß‚È‚¢98
è¦‹ãŸãƒšãƒ¼ã‚¸ 1281ä»¶
  ðŸŽ¯ã“ã‚Œã‹ã‚‰ç™ºå£² 10ä»¶
  è²©å£²ä¸­       61ä»¶
  å£²ã‚Šåˆ‡ã‚Œã®ã¿  2ä»¶
  éŽåŽ»å…¬æ¼”     1106ä»¶
  èª­ã‚ãªã„     102ä»¶
â†’ tmp/rakuten_presale.json
exit=0
