=== “üŒû: post-sitemap [27, 26] ===
  sitemap27: Œö‰‰URL 285Œ
  sitemap26: Œö‰‰URL 997Œ
Œö‰‰URL 1282Œ‚ðŒ©‚é
  [50/1282] ”­”„‘O6 / ”Ì”„’†30 / ”„Ø1 / ‰ß‹Ž11 / “Ç‚ß‚È‚¢2
  [100/1282] ”­”„‘O10 / ”Ì”„’†41 / ”„Ø1 / ‰ß‹Ž45 / “Ç‚ß‚È‚¢3
  [150/1282] ”­”„‘O10 / ”Ì”„’†50 / ”„Ø1 / ‰ß‹Ž81 / “Ç‚ß‚È‚¢8
  [200/1282] ”­”„‘O10 / ”Ì”„’†54 / ”„Ø2 / ‰ß‹Ž123 / “Ç‚ß‚È‚¢11
  [250/1282] ”­”„‘O10 / ”Ì”„’†58 / ”„Ø2 / ‰ß‹Ž166 / “Ç‚ß‚È‚¢14
  [300/1282] ”­”„‘O10 / ”Ì”„’†59 / ”„Ø2 / ‰ß‹Ž207 / “Ç‚ß‚È‚¢22
  [350/1282] ”­”„‘O10 / ”Ì”„’†59 / ”„Ø2 / ‰ß‹Ž254 / “Ç‚ß‚È‚¢25
  [400/1282] ”­”„‘O10 / ”Ì”„’†60 / ”„Ø2 / ‰ß‹Ž295 / “Ç‚ß‚È‚¢33
  [450/1282] ”­”„‘O10 / ”Ì”„’†60 / ”„Ø2 / ‰ß‹Ž340 / “Ç‚ß‚È‚¢38
  [550/1282] ”­”„‘O10 / ”Ì”„’†60 / ”„Ø2 / ‰ß‹Ž431 / “Ç‚ß‚È‚¢47
  [600/1282] ”­”„‘O10 / ”Ì”„’†60 / ”„Ø2 / ‰ß‹Ž476 / “Ç‚ß‚È‚¢52
  [700/1282] ”­”„‘O10 / ”Ì”„’†60 / ”„Ø2 / ‰ß‹Ž565 / “Ç‚ß‚È‚¢63
  [750/1282] ”­”„‘O10 / ”Ì”„’†60 / ”„Ø2 / ‰ß‹Ž612 / “Ç‚ß‚È‚¢66
  [800/1282] ”­”„‘O10 / ”Ì”„’†60 / ”„Ø2 / ‰ß‹Ž660 / “Ç‚ß‚È‚¢68
  [850/1282] ”­”„‘O10 / ”Ì”„’†60 / ”„Ø2 / ‰ß‹Ž706 / “Ç‚ß‚È‚¢72
  [900/1282] ”­”„‘O10 / ”Ì”„’†60 / ”„Ø2 / ‰ß‹Ž750 / “Ç‚ß‚È‚¢78
  [950/1282] ”­”„‘O10 / ”Ì”„’†60 / ”„Ø2 / ‰ß‹Ž795 / “Ç‚ß‚È‚¢83
  [1000/1282] ”­”„‘O10 / ”Ì”„’†60 / ”„Ø2 / ‰ß‹Ž843 / “Ç‚ß‚È‚¢85
  [1050/1282] ”­”„‘O10 / ”Ì”„’†60 / ”„Ø2 / ‰ß‹Ž890 / “Ç‚ß‚È‚¢88
  [1150/1282] ”­”„‘O10 / ”Ì”„’†60 / ”„Ø2 / ‰ß‹Ž985 / “Ç‚ß‚È‚¢93
  [1200/1282] ”­”„‘O10 / ”Ì”„’†60 / ”„Ø2 / ‰ß‹Ž1034 / “Ç‚ß‚È‚¢94
  [1250/1282] ”­”„‘O10 / ”Ì”„’†60 / ”„Ø2 / ‰ß‹Ž1080 / “Ç‚ß‚È‚¢98
è¦‹ãŸãƒšãƒ¼ã‚¸ 1282ä»¶
  ðŸŽ¯ã“ã‚Œã‹ã‚‰ç™ºå£² 10ä»¶
  è²©å£²ä¸­       60ä»¶
  å£²ã‚Šåˆ‡ã‚Œã®ã¿  2ä»¶
  éŽåŽ»å…¬æ¼”     1108ä»¶
  èª­ã‚ãªã„     102ä»¶
â†’ tmp/rakuten_presale_0923pm.json
