=== “üŒû: post-sitemap [27, 26] ===
  sitemap27: Œö‰‰URL 282Œ
  sitemap26: Œö‰‰URL 997Œ
Œö‰‰URL 1279Œ‚ðŒ©‚é
  [50/1279] ”­”„‘O6 / ”Ì”„’†30 / ”„Ø1 / ‰ß‹Ž11 / “Ç‚ß‚È‚¢2
  [100/1279] ”­”„‘O10 / ”Ì”„’†42 / ”„Ø1 / ‰ß‹Ž44 / “Ç‚ß‚È‚¢3
  [150/1279] ”­”„‘O10 / ”Ì”„’†51 / ”„Ø1 / ‰ß‹Ž80 / “Ç‚ß‚È‚¢8
  [200/1279] ”­”„‘O10 / ”Ì”„’†54 / ”„Ø2 / ‰ß‹Ž122 / “Ç‚ß‚È‚¢12
  [250/1279] ”­”„‘O10 / ”Ì”„’†59 / ”„Ø2 / ‰ß‹Ž165 / “Ç‚ß‚È‚¢14
  [300/1279] ”­”„‘O10 / ”Ì”„’†60 / ”„Ø2 / ‰ß‹Ž206 / “Ç‚ß‚È‚¢22
  [350/1279] ”­”„‘O10 / ”Ì”„’†61 / ”„Ø2 / ‰ß‹Ž252 / “Ç‚ß‚È‚¢25
  [400/1279] ”­”„‘O10 / ”Ì”„’†61 / ”„Ø2 / ‰ß‹Ž294 / “Ç‚ß‚È‚¢33
  [450/1279] ”­”„‘O10 / ”Ì”„’†61 / ”„Ø2 / ‰ß‹Ž338 / “Ç‚ß‚È‚¢39
  [500/1279] ”­”„‘O10 / ”Ì”„’†61 / ”„Ø2 / ‰ß‹Ž382 / “Ç‚ß‚È‚¢45
  [600/1279] ”­”„‘O10 / ”Ì”„’†61 / ”„Ø2 / ‰ß‹Ž475 / “Ç‚ß‚È‚¢52
  [650/1279] ”­”„‘O10 / ”Ì”„’†61 / ”„Ø2 / ‰ß‹Ž520 / “Ç‚ß‚È‚¢57
  [700/1279] ”­”„‘O10 / ”Ì”„’†61 / ”„Ø2 / ‰ß‹Ž564 / “Ç‚ß‚È‚¢63
  [750/1279] ”­”„‘O10 / ”Ì”„’†61 / ”„Ø2 / ‰ß‹Ž611 / “Ç‚ß‚È‚¢66
  [800/1279] ”­”„‘O10 / ”Ì”„’†61 / ”„Ø2 / ‰ß‹Ž659 / “Ç‚ß‚È‚¢68
  [850/1279] ”­”„‘O10 / ”Ì”„’†61 / ”„Ø2 / ‰ß‹Ž704 / “Ç‚ß‚È‚¢73
  [900/1279] ”­”„‘O10 / ”Ì”„’†61 / ”„Ø2 / ‰ß‹Ž749 / “Ç‚ß‚È‚¢78
  [950/1279] ”­”„‘O10 / ”Ì”„’†61 / ”„Ø2 / ‰ß‹Ž794 / “Ç‚ß‚È‚¢83
  [1000/1279] ”­”„‘O10 / ”Ì”„’†61 / ”„Ø2 / ‰ß‹Ž842 / “Ç‚ß‚È‚¢85
  [1050/1279] ”­”„‘O10 / ”Ì”„’†61 / ”„Ø2 / ‰ß‹Ž889 / “Ç‚ß‚È‚¢88
  [1100/1279] ”­”„‘O10 / ”Ì”„’†61 / ”„Ø2 / ‰ß‹Ž935 / “Ç‚ß‚È‚¢92
  [1150/1279] ”­”„‘O10 / ”Ì”„’†61 / ”„Ø2 / ‰ß‹Ž984 / “Ç‚ß‚È‚¢93
  [1200/1279] ”­”„‘O10 / ”Ì”„’†61 / ”„Ø2 / ‰ß‹Ž1033 / “Ç‚ß‚È‚¢94
  [1250/1279] ”­”„‘O10 / ”Ì”„’†61 / ”„Ø2 / ‰ß‹Ž1079 / “Ç‚ß‚È‚¢98
è¦‹ãŸãƒšãƒ¼ã‚¸ 1279ä»¶
  ðŸŽ¯ã“ã‚Œã‹ã‚‰ç™ºå£² 10ä»¶
  è²©å£²ä¸­       61ä»¶
  å£²ã‚Šåˆ‡ã‚Œã®ã¿  2ä»¶
  éŽåŽ»å…¬æ¼”     1104ä»¶
  èª­ã‚ãªã„     102ä»¶
â†’ tmp/rakuten_presale.json
