=== “üŒû: post-sitemap [27, 26] ===
  sitemap27: Œö‰‰URL 265Œ
  sitemap26: Œö‰‰URL 997Œ
Œö‰‰URL 1262Œ‚ðŒ©‚é
  [50/1262] ”­”„‘O7 / ”Ì”„’†29 / ”„Ø1 / ‰ß‹Ž11 / “Ç‚ß‚È‚¢2
  [100/1262] ”­”„‘O9 / ”Ì”„’†42 / ”„Ø2 / ‰ß‹Ž43 / “Ç‚ß‚È‚¢4
  [150/1262] ”­”„‘O9 / ”Ì”„’†55 / ”„Ø2 / ‰ß‹Ž74 / “Ç‚ß‚È‚¢10
  [200/1262] ”­”„‘O9 / ”Ì”„’†59 / ”„Ø3 / ‰ß‹Ž117 / “Ç‚ß‚È‚¢12
  [250/1262] ”­”„‘O9 / ”Ì”„’†63 / ”„Ø4 / ‰ß‹Ž157 / “Ç‚ß‚È‚¢17
  [300/1262] ”­”„‘O9 / ”Ì”„’†63 / ”„Ø4 / ‰ß‹Ž202 / “Ç‚ß‚È‚¢22
  [350/1262] ”­”„‘O9 / ”Ì”„’†64 / ”„Ø4 / ‰ß‹Ž242 / “Ç‚ß‚È‚¢31
  [400/1262] ”­”„‘O9 / ”Ì”„’†64 / ”„Ø4 / ‰ß‹Ž287 / “Ç‚ß‚È‚¢36
  [450/1262] ”­”„‘O9 / ”Ì”„’†64 / ”„Ø4 / ‰ß‹Ž333 / “Ç‚ß‚È‚¢40
  [500/1262] ”­”„‘O9 / ”Ì”„’†64 / ”„Ø4 / ‰ß‹Ž378 / “Ç‚ß‚È‚¢45
  [550/1262] ”­”„‘O9 / ”Ì”„’†64 / ”„Ø4 / ‰ß‹Ž423 / “Ç‚ß‚È‚¢50
  [600/1262] ”­”„‘O9 / ”Ì”„’†64 / ”„Ø4 / ‰ß‹Ž469 / “Ç‚ß‚È‚¢54
  [650/1262] ”­”„‘O9 / ”Ì”„’†64 / ”„Ø4 / ‰ß‹Ž516 / “Ç‚ß‚È‚¢57
  [700/1262] ”­”„‘O9 / ”Ì”„’†64 / ”„Ø4 / ‰ß‹Ž558 / “Ç‚ß‚È‚¢65
  [750/1262] ”­”„‘O9 / ”Ì”„’†64 / ”„Ø4 / ‰ß‹Ž607 / “Ç‚ß‚È‚¢66
  [800/1262] ”­”„‘O9 / ”Ì”„’†64 / ”„Ø4 / ‰ß‹Ž655 / “Ç‚ß‚È‚¢68
  [850/1262] ”­”„‘O9 / ”Ì”„’†64 / ”„Ø4 / ‰ß‹Ž699 / “Ç‚ß‚È‚¢74
  [900/1262] ”­”„‘O9 / ”Ì”„’†64 / ”„Ø4 / ‰ß‹Ž743 / “Ç‚ß‚È‚¢80
  [950/1262] ”­”„‘O9 / ”Ì”„’†64 / ”„Ø4 / ‰ß‹Ž788 / “Ç‚ß‚È‚¢85
  [1000/1262] ”­”„‘O9 / ”Ì”„’†64 / ”„Ø4 / ‰ß‹Ž837 / “Ç‚ß‚È‚¢86
  [1050/1262] ”­”„‘O9 / ”Ì”„’†64 / ”„Ø4 / ‰ß‹Ž884 / “Ç‚ß‚È‚¢89
  [1100/1262] ”­”„‘O9 / ”Ì”„’†64 / ”„Ø4 / ‰ß‹Ž931 / “Ç‚ß‚È‚¢92
  [1150/1262] ”­”„‘O9 / ”Ì”„’†64 / ”„Ø4 / ‰ß‹Ž979 / “Ç‚ß‚È‚¢94
  [1200/1262] ”­”„‘O9 / ”Ì”„’†64 / ”„Ø4 / ‰ß‹Ž1028 / “Ç‚ß‚È‚¢95
  [1250/1262] ”­”„‘O9 / ”Ì”„’†64 / ”„Ø4 / ‰ß‹Ž1072 / “Ç‚ß‚È‚¢101
è¦‹ãŸãƒšãƒ¼ã‚¸ 1262ä»¶
  ðŸŽ¯ã“ã‚Œã‹ã‚‰ç™ºå£² 9ä»¶
  è²©å£²ä¸­       64ä»¶
  å£²ã‚Šåˆ‡ã‚Œã®ã¿  4ä»¶
  éŽåŽ»å…¬æ¼”     1083ä»¶
  èª­ã‚ãªã„     102ä»¶
â†’ tmp/rakuten_presale_0910.json
