  [1/176] NEW –Ø‰ºƒOƒ‹[ƒvƒWƒƒƒpƒ“ƒI[ƒvƒ“ƒeƒjƒXƒ`ƒƒƒ“ƒsƒIƒ“ƒVƒbƒvƒX2026 (14Œö‰‰/1˜g)
  [4/176] NEW •‘‘äw‚¢‚Â‚©ƒAƒCƒc‚É‰ï‚¢‚És‚­ -BEYOND THE MOON-x (15Œö‰‰/1˜g)
  [8/176] NEW ƒAƒbƒvƒAƒbƒvƒK[ƒ‹ƒYi‚Qj ‚É‚«‚¿‚á‚ñ‘åŒˆí‚ÁIIŒã–éÕ (1Œö‰‰/1˜g)
  [10/176] NEW n.SSignbƒGƒ“ƒTƒCƒ“ m‘S‘n (12Œö‰‰/2˜g)
  [11/176] NEW ƒEƒ‹ƒgƒ‰ƒq[ƒ[ƒY THE LIVE `ƒIƒƒKEƒA[ƒNEƒuƒŒ[ƒU[  (2Œö‰‰/3˜g)
  [12/176] NEW ƒEƒ‹ƒgƒ‰ƒq[ƒ[ƒY THE LIVE `ƒIƒƒKEƒA[ƒNEƒuƒŒ[ƒU[  (2Œö‰‰/3˜g)
  [13/176] NEW ƒEƒ‹ƒgƒ‰ƒq[ƒ[ƒY THE LIVE `ƒIƒƒKEƒA[ƒNEƒuƒŒ[ƒU[  (2Œö‰‰/3˜g)
  [15/176] NEW ƒEƒ‹ƒgƒ‰ƒq[ƒ[ƒY THE LIVE `ƒIƒƒKEƒA[ƒNEƒuƒŒ[ƒU[  (2Œö‰‰/3˜g)
  [16/176] NEW ƒnƒŠƒEƒbƒhƒUƒRƒVƒVƒ‡ƒE‚Ìƒ~ƒj’P“Æƒ‰ƒCƒuƒVƒŠ[ƒYSEASON17 Œ™‚È (2Œö‰‰/2˜g)
  [18/176] NEW œ‘ƒoƒ“ƒNƒ`ƒƒƒŠƒeƒB[‘æ58‰ñƒI[ƒvƒ“ƒg[ƒiƒƒ“ƒg‘S“ú–{‹óè“¹‘IèŒ  (2Œö‰‰/1˜g)
  [21/176] NEW CDƒWƒƒ[ƒiƒ‹˜AÚ10ü”NƒRƒ“ƒT[ƒgH `—M–Ø–ƒqE’©ˆäƒŠƒ‡ƒEE‚Å‚© (1Œö‰‰/1˜g)
  [23/176] NEW ƒAƒbƒvƒAƒbƒvƒK[ƒ‹ƒYi‰¼j ~ ƒAƒbƒvƒAƒbƒvƒK[ƒ‹ƒYiƒvƒƒŒƒXj (2Œö‰‰/1˜g)
  [24/176] ‰ğÍ•s”\ https://ticket.rakuten.co.jp/music/rtzp905/
  [25/176] NEW ‘æ102‰ñŠÖ“Œ‘åŠwƒoƒXƒPƒbƒgƒ{[ƒ‹ƒŠ[ƒOí‚P„–Ú (12Œö‰‰/0˜g)
  [26/176] ‰ğÍ•s”\ https://ticket.rakuten.co.jp/music/jpop/rtxr212/
  [28/176] NEW ƒAƒbƒvƒAƒbƒvƒK[ƒ‹ƒYiƒvƒƒŒƒXj (1Œö‰‰/1˜g)
  [32/176] NEW u@JAM the Field vol.30v (2Œö‰‰/0˜g)
  [39/176] NEW ƒAƒbƒvƒAƒbƒvƒK[ƒ‹ƒYiƒtƒFƒXj2026 (1Œö‰‰/1˜g)
  [41/176] NEW t‰‰Î 4th ONE-MAN LIVEuUNITY \u2013 Our R (1Œö‰‰/4˜g)
  [42/176] NEW KOKO 4th ONE-MAN LIVE uPATHFINDERv (1Œö‰‰/4˜g)
  [43/176] NEW —‰è 4th ONE-MAN LIVE uNEUROMANCE IV (1Œö‰‰/3˜g)
  [44/176] NEW Paradox Live 4th SEASON KICKOFF EV (1Œö‰‰/1˜g)
  [46/176] NEW ƒ‰ƒt~ƒ‰ƒtPresents ƒAƒCƒhƒ‹ ƒIƒ‚ƒJƒƒg[ƒNNo.1Œˆ’èí (1Œö‰‰/1˜g)
  [49/176] ‰ğÍ•s”\ https://ticket.rakuten.co.jp/event/rtb9s48/
  [50/176] NEW yˆê”Ê‹’®ƒ`ƒPƒbƒgz ŸNâ46 Sakurazaka46 ARENA (2Œö‰‰/0˜g)
  [53/176] NEW ƒ‰ƒt~ƒ‰ƒt47“s“¹•{Œ§„‹Æ2026`2027 (34Œö‰‰/1˜g)
  [54/176] NEW ANA presents ƒi[ƒ|ƒIƒPƒ‰ 2026 (4Œö‰‰/3˜g)
  [66/176] NEW u@JAM PARTY vol.124v (3Œö‰‰/1˜g)
  [73/176] ‰ğÍ•s”\ https://ticket.rakuten.co.jp/music/jpop/rtxr110/
  [80/176] NEW 2026 ƒ_ƒ“ƒƒbƒvƒtƒFƒjƒbƒNƒXƒg[ƒiƒƒ“ƒg (6Œö‰‰/1˜g)
  [82/176] NEW ‚è‚ñ‚²‰¹ŠyÕ2026 (3Œö‰‰/1˜g)
  [83/176] ‰ğÍ•s”\ https://ticket.rakuten.co.jp/music/jpop/idle/rtzzz64/
  [88/176] NEW ‘æ38‰ñƒXƒ^ƒ“ƒŒ[ƒŒƒfƒBƒXƒzƒ“ƒ_ƒSƒ‹ƒtƒg[ƒiƒƒ“ƒg (4Œö‰‰/0˜g)
  [95/176] ‰ğÍ•s”\ https://ticket.rakuten.co.jp/music/jpop/idle/rtzzz45/
  [96/176] ‰ğÍ•s”\ https://ticket.rakuten.co.jp/music/fes/rthff26/
  [97/176] ‰ğÍ•s”\ https://ticket.rakuten.co.jp/music/jpop/idle/rtzzz67/
  [99/176] ‰ğÍ•s”\ https://ticket.rakuten.co.jp/music/jpop/idle/rtzzz48/
  [100/176] ‰ğÍ•s”\ https://ticket.rakuten.co.jp/music/jpop/idle/rtzzz63/
  [101/176] ‰ğÍ•s”\ https://ticket.rakuten.co.jp/music/jpop/idle/rtzzz62/
  [102/176] ‰ğÍ•s”\ https://ticket.rakuten.co.jp/music/jpop/idle/rtzzz65/
  [103/176] ‰ğÍ•s”\ https://ticket.rakuten.co.jp/music/jpop/idle/rtzzz66/
  [104/176] ‰ğÍ•s”\ https://ticket.rakuten.co.jp/music/jpop/idle/rtzzz69/
  [108/176] ‰ğÍ•s”\ https://ticket.rakuten.co.jp/sports/winter-sports/fskating/rtddwor/
  [114/176] ‰ğÍ•s”\ https://ticket.rakuten.co.jp/event/rtmtsls/
  [118/176] ‰ğÍ•s”\ https://ticket.rakuten.co.jp/music/jpop/idle/rtzzz54/
  [119/176] ‰ğÍ•s”\ https://ticket.rakuten.co.jp/music/jpop/idle/rtzzz56/
  [120/176] ‰ğÍ•s”\ https://ticket.rakuten.co.jp/music/jpop/idle/rtzzz55/
  [121/176] ‰ğÍ•s”\ https://ticket.rakuten.co.jp/music/jpop/idle/rtzzz57/
  [122/176] ‰ğÍ•s”\ https://ticket.rakuten.co.jp/music/jpop/idle/rtzzz59/
  [123/176] ‰ğÍ•s”\ https://ticket.rakuten.co.jp/music/jpop/idle/rtzzz60/
  [124/176] ‰ğÍ•s”\ https://ticket.rakuten.co.jp/music/jpop/idle/rtzzz61/
  [126/176] ‰ğÍ•s”\ https://ticket.rakuten.co.jp/music/jpop/idle/rtzzz58/
  [131/176] NEW Rol3ert Live Tour 2026 gmeet me in (2Œö‰‰/0˜g)
  [139/176] ‰ğÍ•s”\ https://ticket.rakuten.co.jp/music/jpop/rtxrsdd/
  [146/176] ‰ğÍ•s”\ https://ticket.rakuten.co.jp/event/exhibition/rtv2026/
  [150/176] ‰ğÍ•s”\ https://ticket.rakuten.co.jp/music/rtvc092/
  [159/176] ‰ğÍ•s”\ https://ticket.rakuten.co.jp/event/matsuri/rtvshim/
  [160/176] æ“¾¸”s https://ticket.rakuten.co.jp/event/matsuri/rtvyamg/ HTTP Error 404: Not Found
  [164/176] ‰ğÍ•s”\ https://ticket.rakuten.co.jp/music/jpop/jrock/rtvclod/
  [166/176] ‰ğÍ•s”\ https://ticket.rakuten.co.jp/event/rtymg26/
  [169/176] ‰ğÍ•s”\ https://ticket.rakuten.co.jp/event/themepark/rtvnjdq/
  [172/176] ‰ğÍ•s”\ https://ticket.rakuten.co.jp/music/jpop/idle/rtzzz49/
  [173/176] ‰ğÍ•s”\ https://ticket.rakuten.co.jp/music/jpop/idle/rtzzz50/
  [174/176] ‰ğÍ•s”\ https://ticket.rakuten.co.jp/music/jpop/idle/rtzzz51/
  [175/176] ‰ğÍ•s”\ https://ticket.rakuten.co.jp/music/jpop/idle/rtzzz52/
  [176/176] ‰ğÍ•s”\ https://ticket.rakuten.co.jp/music/jpop/idle/rtzzz53/
sitemapã®å€™è£œURL(ç›´è¿‘90æ—¥æ›´æ–°): 176ä»¶

=== æ–°ç€å€™è£œ 29ä»¶ â†’ tmp/rakuten_cand_0908.json ===
   é™¤å¤–: {'æ—¢å­˜': 33, 'æ­»': 77, 'è§£æä¸èƒ½': 36, 'å–å¾—å¤±æ•—': 1}
