=== rakuten_mark_soldout (today=2026-09-22) 対象63件 ===


=== 印を付けた 0枠 / 外した 0枠 / ⏭️調べられなかった 20件 ===
   ※⏭️は「売り切れていない」ではなく「確かめられていない」
   id=1     さだまさしコンサートツアー2026 神さまの言うとおり              公演カード/ecd/eidが取れない形式
   id=693   高中正義 2026-2027 全国ツアー                     公演カード/ecd/eidが取れない形式
   id=1714  爆笑!!お笑いスーパーライブ in 小田原                    公演カード/ecd/eidが取れない形式
   id=3051  秦基博                                      公演カード/ecd/eidが取れない形式
   id=3237  アップアップガールズ（仮）From 0.1 〜 伝説になるでっかい一歩 〜    公演カード/ecd/eidが取れない形式
   id=3674  シルク・ドゥ・ソレイユ アース製薬 クーザ 東京公演               公演カード/ecd/eidが取れない形式
   id=4360  TVアニメ 『凶乱令嬢ニア・リストン 病弱令嬢に転生した神殺しの武人の華麗なる無 公演カード/ecd/eidが取れない形式
   id=4436  GLAY                                     公演カード/ecd/eidが取れない形式
   id=7493  舞台『いつかアイツに会いに行く -BEYOND THE MOON-』       公演カード/ecd/eidが取れない形式
   id=7495  アップアップガールズ（２） にきちゃん大決戦っ！！後夜祭             公演カード/ecd/eidが取れない形式
   id=7505  THE ORCHESTRA TOKYO                      公演カード/ecd/eidが取れない形式
   id=7506  Chalca「BLOODLINE TOUR」                   公演カード/ecd/eidが取れない形式
   id=7582  世田谷区たまがわ花火大会                             公演カード/ecd/eidが取れない形式
   id=7583  春猿火 4th ONE-MAN LIVE「UNITY – Our Resonan 公演カード/ecd/eidが取れない形式
   id=7584  KOKO 4th ONE-MAN LIVE 「PATHFINDER」       公演カード/ecd/eidが取れない形式
   id=7585  理芽 4th ONE-MAN LIVE 「NEUROMANCE IV」      公演カード/ecd/eidが取れない形式
   id=7886  丸美屋食品ミュージカル「アニークリスマスコンサート」               公演カード/ecd/eidが取れない形式
   id=8378  にきちゃんといっしょ ! THANK YOU SONIC LIVE !      公演カード/ecd/eidが取れない形式
   id=8379  アンスリューム                                  公演カード/ecd/eidが取れない形式
   id=8381  凛々しくも臨界に咲くARTERIA                        公演カード/ecd/eidが取れない形式

書き込み完了
exit=0
