  1837 OK
  4521 OK
  2342 OK
  3422 OK
  693 OK
  2477 OK
  3117 OK
  1346 OK
  3053 OK
  72 OK
  1 OK
  1640 OK
  1625 OK
  965 OK
  3504 OK
  1835 OK
  5044 OK
  659 OK
  2405 OK
  1619 OK
  915 OK
  177 OK
  2694 OK
  505 OK
  710 OK
  685 OK
  1634 OK
  3370 OK
  4103 OK
  3501 OK
  660 OK
  876 OK
  4164 OK
  571 OK
  2347 OK
  2402 OK
  734 OK
  1214 OK
  2121 OK
  4845 OK
  2454 OK
  4293 OK
  3507 OK
  689 OK
  1601 OK
  503 OK
  627 OK
  4173 OK
  672 OK
  722 OK
  2500 OK
  2327 OK
  751 OK
  4052 OK
  1053 OK
  2998 OK
  4249 OK
  3410 OK
  179 OK
  4792 OK
  1178 OK
  4807 OK
  4794 OK
  5159 OK
  4741 OK
  4227 OK
  4801 OK
  583 OK
  3224 OK
  1614 OK
  5251 OK
  565 OK
  93 OK
  567 OK
  2047 OK
  3697 OK
  4234 OK
  3051 OK
  3735 OK
  3129 OK
  5085 OK
  731 OK
  2831 OK
  1216 OK
  896 OK
  5052 OK
  5162 OK
  4895 OK
  413 OK
  3551 OK
  4189 OK
  4195 OK
  3905 OK
  1064 OK
  1060 OK
  3752 OK
  2419 OK
  4843 OK
  5212 OK
  2057 OK
  4727 OK
  3404 OK
  3775 OK
  4850 OK
  4771 OK
  4772 OK
  1813 OK
  2608 OK
  2937 OK
  3818 OK
  4729 OK
  2902 OK
  2080 OK
  2081 OK
  4730 OK
  5111 OK
  4998 OK
  2949 OK
  452 OK
  2387 OK
  3924 OK
  4313 OK
  3840 OK
  3956 OK
  3974 OK
  2362 OK
構築 126 件 / skip []

!!!!!!!!!!!!!!!!!!!!!!!!!!!!!!!!!!!!!!!!!!!!!!!!!!!!!!!!!!!!
\u26a0\ufe0f 取りこぼし 2件（買える枠なのに取り込めなかった＝要対応）:
   id3504 [FETCH-ERR] when='ぴあが混雑ページに飛ばした（券種は読めていない）: http://sorry.pia.jp/nt2/pia/?mark=type-L10' | https://t.pia.jp/pia/event/event.do?eventCd=2615212
   id1619 [FETCH-ERR] when='HTTP Error 404: Not Found' | https://eplus.jp/sf/detail/2582290001-P0030091P021001
→ parse_when/kenshu/状態判定にこの表記を足してから再構築すること。
!!!!!!!!!!!!!!!!!!!!!!!!!!!!!!!!!!!!!!!!!!!!!!!!!!!!!!!!!!!!
