  4489 OK
  1333 OK
  3057 OK
  503 OK
  1149 OK
  3960 OK
  2202 OK
  591 OK
  3738 OK
  642 OK
  3371 OK
  3475 OK
  4228 OK
  1 OK
  3117 OK
  3810 OK
  3119 OK
  3739 OK
  4054 OK
  3539 OK
  3035 OK
  1554 OK
  571 OK
  689 OK
  4397 OK
  1203 OK
  2500 OK
  696 OK
  2336 OK
  3370 OK
  2175 OK
  3141 OK
  788 OK
  3735 OK
  3129 OK
  3700 OK
  4344 OK
  3122 OK
  3126 OK
  4609 OK
  3535 OK
  799 OK
  3487 OK
  2327 OK
  3741 OK
  3422 OK
  4103 OK
  849 OK
  4438 OK
  4052 OK
  596 OK
  4612 OK
構築 52 件 / skip []

!!!!!!!!!!!!!!!!!!!!!!!!!!!!!!!!!!!!!!!!!!!!!!!!!!!!!!!!!!!!
\u26a0\ufe0f 取りこぼし 1件（買える枠なのに取り込めなかった＝要対応）:
   id3057 [FETCH-ERR] when='HTTP Error 404: Not Found' | https://eplus.jp/sf/detail/0043510001-P0030209P021001
→ parse_when/kenshu/状態判定にこの表記を足してから再構築すること。
!!!!!!!!!!!!!!!!!!!!!!!!!!!!!!!!!!!!!!!!!!!!!!!!!!!!!!!!!!!!
