  2342 OK
  3535 OK
  5044 OK
  1625 OK
  2990 OK
  1835 OK
  4538 OK
  1619 OK
  2694 OK
  505 OK
  646 OK
  5504 OK
  4235 OK
  2500 OK
  1634 OK
  3370 OK
  2402 OK
  3528 OK
  2117 OK
  3501 OK
  2047 OK
  4845 OK
  4293 OK
  3507 OK
  1601 OK
  4801 OK
  5085 OK
  2327 OK
  2638 OK
  2998 OK
  4249 OK
  5111 OK
  3410 OK
  4093 OK
  3518 OK
  3879 OK
  5351 OK
  5284 OK
  3051 OK
  3735 OK
  3129 OK
  3320 OK
  3484 OK
  5052 OK
  2876 OK
  4246 OK
  4189 OK
  4195 OK
  3905 OK
  5392 OK
  3752 OK
  5400 OK
  4727 OK
  5408 OK
  5409 OK
  3775 OK
  4850 OK
  4771 OK
  4772 OK
  3818 OK
  4729 OK
  2080 OK
  2081 OK
  4730 OK
  4998 OK
  2949 OK
  3840 OK
  3956 OK
  5585 OK
  3974 OK
構築 70 件 / skip []

!!!!!!!!!!!!!!!!!!!!!!!!!!!!!!!!!!!!!!!!!!!!!!!!!!!!!!!!!!!!
\u26a0\ufe0f 取りこぼし 2件（買える枠なのに取り込めなかった＝要対応）:
   id1619 [FETCH-ERR] when='HTTP Error 404: Not Found' | https://eplus.jp/sf/detail/2582290001-P0030091P021001
   id646 [FETCH-ERR] when='ぴあが混雑ページに飛ばした（券種は読めていない）: http://sorry.pia.jp/nt2/pia/?mark=type-L10' | https://t.pia.jp/pia/event/event.do?eventBundleCd=b2665886
→ parse_when/kenshu/状態判定にこの表記を足してから再構築すること。
!!!!!!!!!!!!!!!!!!!!!!!!!!!!!!!!!!!!!!!!!!!!!!!!!!!!!!!!!!!!
