=== reconcile_pia (today=2026-09-02) 対象9件 ===

✅ id=6359 加藤登紀子 ほろ酔いコンサート2026 | 登録2=ぴあ2 一致
💤 id=6364 The 51st anniversary 俺たちの旅 スペシ | 登録4枠 / ぴあ買える0枠
    ❌FETCH ぴあが混雑ページに飛ばした（券種は読めていない）: http://sorry.pia.jp/nt2/pia/?mark= | https://t.pia.jp/pia/event/event.do?eventBundleCd=b2667117
    💤STALE 登録「一般発売（東京 10/29公演）〜10/26 23:59」(2026-10-26) がぴあの買える枠に無い
    💤STALE 登録「一般発売（埼玉 11/9公演）〜11/5 23:59」(2026-11-05) がぴあの買える枠に無い
    💤STALE 登録「一般発売（広島 11/13公演）〜11/10 23:59」(2026-11-10) がぴあの買える枠に無い
    💤STALE 登録「一般発売（福岡 11/12公演）〜11/11 23:59」(2026-11-11) がぴあの買える枠に無い
✅ id=6365 徳光和夫 人生の名曲に喝采を!コンサート2026 | 登録1=ぴあ1 一致
✅ id=6378 SMBC presents ”新しい風”名曲コン | 登録1=ぴあ1 一致
✅ id=6382 新日本フィルハーモニー交響楽団 第672回定期演 | 登録1=ぴあ1 一致
✅ id=6383 新日本フィルハーモニー交響楽団 第673回定期演 | 登録1=ぴあ1 一致
💤 id=6384 新日本フィルハーモニー交響楽団 第673回定期演奏会〈トリフ | 登録1枠 / ぴあ買える0枠
    ❌FETCH HTTP Error 429: Too Many Requests | https://t.pia.jp/pia/event/event.do?eventBundleCd=b2668724
    💤STALE 登録「一般発売（東京 10/17公演）〜10/14 23:59」(2026-10-14) がぴあの買える枠に無い
🚨 id=6388 DS presents 鬼才の肖像-實川風&スヴァルフヴァル | 登録0枠 / ぴあ買える1枠
    🚨MISSING ぴあに [発売前] 4/1 10:00発売 (2026-04-01) があるが登録に無い | ◎poco会員限定先行販売 ／ ＤＳ ｐｒｅｓｅｎｔｓ 鬼才の肖像－實川風＆スヴ
    ⚠️DROP 解析不能 [発売前] when='' | 一般発売 ／ ＤＳ ｐｒｅｓｅｎｔｓ 鬼才の肖像－實川風＆スヴァルフヴァル
✅ id=6393 第七回 大阪落語祭 | 登録1=ぴあ1 一致

=== 集計: OK 6 / 🚨MISSING 1 / ⚠️DROP 1 / 💤STALE 5 / ❌FETCH 2 / ❌QC 0 ===
=== QC照合カバレッジ: 照合できた枠 7/7 ===
→ 🚨/⚠️ は取りこぼし。該当エントリをぴあ機械パースで枠追加して修正すること。
