=== reconcile_pia (today=2026-09-02) 対象71件 ===

    🔁RETRY id=1554 単独2回試しても0枠（本物の可能性・要確認）
✅ id=1554 高嶋ちさ子のザワつく!昭和歌謡祭 2026 | 登録0=ぴあ0 一致
🚨 id=2168 This is LAST | 登録0枠 / ぴあ買える1枠
    🚨MISSING ぴあに [受付中] 〜9/17 23:59 (2026-09-17) があるが登録に無い | 「one man live Zepp tour 2027」チケットぴあ先行
    🔁RETRY id=2748 単独2回試しても0枠（本物の可能性・要確認）
✅ id=2748 熊本地震10年復興コンサート「FUTURE」 | 登録0=ぴあ0 一致
    🔁RETRY id=3273 単独2回試しても0枠（本物の可能性・要確認）
✅ id=3273 Xnterstellar Music Festi | 登録0=ぴあ0 一致
🚨 id=3488 Little Glee Monster | 登録0枠 / ぴあ買える3枠
    🚨MISSING ぴあに [発売前] 9/5 17:00発売 (2026-09-05) があるが登録に無い | 一般発売＜１０／２５（日）公演＞ ／ Ｌｉｔｔｌｅ Ｇｌｅｅ Ｍｏｎｓｔｅｒ
    🚨MISSING ぴあに [発売前] 9/5 17:00発売 (2026-09-05) があるが登録に無い | 一般発売＜１／２４（日）公演＞ ／ Ｌｉｔｔｌｅ Ｇｌｅｅ Ｍｏｎｓｔｅｒ
    🚨MISSING ぴあに [発売前] 9/5 17:00発売 (2026-09-05) があるが登録に無い | 一般発売 ／ Ｌｉｔｔｌｅ Ｇｌｅｅ Ｍｏｎｓｔｅｒ
🚨 id=3491 吉例 桂 文珍 新春独演会2027 | 登録0枠 / ぴあ買える1枠
    🚨MISSING ぴあに [発売前] 9/2 11:00発売 (2026-09-14) があるが登録に無い | 吉例 桂 文珍 新春独演会2027★3次受付〔新潟〕
    🔁RETRY id=3510 単独2回試しても0枠（本物の可能性・要確認）
✅ id=3510 第39期竜王戦第2局三島対局 前夜祭 | 登録0=ぴあ0 一致
    🔁RETRY id=3696 単独2回試しても0枠（本物の可能性・要確認）
✅ id=3696 Stray Kids | 登録0=ぴあ0 一致
    🔁RETRY id=4035 単独2回試しても0枠（本物の可能性・要確認）
✅ id=4035 紫 今 | 登録0=ぴあ0 一致
🚨 id=4036 Little Parade | 登録0枠 / ぴあ買える1枠
    🚨MISSING ぴあに [受付中] 〜9/24 23:59 (2026-09-24) があるが登録に無い | 一般発売 ／ Ｌｉｔｔｌｅ Ｐａｒａｄｅ
🚨 id=4037 ReoNa | 登録0枠 / ぴあ買える1枠
    🚨MISSING ぴあに [受付中] 〜9/3 23:59 (2026-09-03) があるが登録に無い | サンデーフォーク特別最終先行 ／ ＲｅｏＮａ
    🔁RETRY id=4041 単独2回試しても0枠（本物の可能性・要確認）
✅ id=4041 MAYSON’s PARTY | 登録0=ぴあ0 一致
🚨 id=4044 堂島孝平 | 登録0枠 / ぴあ買える1枠
    🚨MISSING ぴあに [受付中] 〜9/2 11:00 (2026-09-02) があるが登録に無い | 「堂島孝平」2次プレリザーブ
    🔁RETRY id=4045 単独2回試しても0枠（本物の可能性・要確認）
✅ id=4045 ブランデー戦記 | 登録0=ぴあ0 一致
    🔁RETRY id=4051 単独2回試しても0枠（本物の可能性・要確認）
✅ id=4051 K-Drama OST Tribute Conc | 登録0=ぴあ0 一致
    🔁RETRY id=4057 単独2回試しても0枠（本物の可能性・要確認）
✅ id=4057 Faulieu. | 登録0=ぴあ0 一致
    🔁RETRY id=4079 単独2回試しても0枠（本物の可能性・要確認）
✅ id=4079 Eve | 登録0=ぴあ0 一致
    🔁RETRY id=4089 単独2回試しても0枠（本物の可能性・要確認）
✅ id=4089 花宮初奈 | 登録0=ぴあ0 一致
    🔁RETRY id=4092 単独2回試しても0枠（本物の可能性・要確認）
✅ id=4092 松任谷由実 | 登録0=ぴあ0 一致
    🔁RETRY id=4094 単独2回試しても0枠（本物の可能性・要確認）
✅ id=4094 KAWAII LAB. SESSION | 登録0=ぴあ0 一致
    🔁RETRY id=4095 単独2回試しても0枠（本物の可能性・要確認）
✅ id=4095 稲葉浩志 | 登録0=ぴあ0 一致
    🔁RETRY id=4099 単独2回試しても0枠（本物の可能性・要確認）
✅ id=4099 KOTORI pre. TORI ROCK FE | 登録0=ぴあ0 一致
    🔁RETRY id=4102 単独2回試しても0枠（本物の可能性・要確認）
✅ id=4102 Alaska Jam | 登録0=ぴあ0 一致
    🔁RETRY id=4105 単独2回試しても0枠（本物の可能性・要確認）
✅ id=4105 ガラスの靴は落とさない | 登録0=ぴあ0 一致
    🔁RETRY id=4106 単独2回試しても0枠（本物の可能性・要確認）
✅ id=4106 放送50周年記念 第20回「徹子の部屋」コンサー | 登録0=ぴあ0 一致
    🔁RETRY id=4108 単独2回試しても0枠（本物の可能性・要確認）
✅ id=4108 大貫妙子 | 登録0=ぴあ0 一致
    🔁RETRY id=4114 単独2回試しても0枠（本物の可能性・要確認）
✅ id=4114 Yung Kai | 登録0=ぴあ0 一致
🚨 id=4116 『exPoP!!!!!再会 2026』 | 登録0枠 / ぴあ買える1枠
    🚨MISSING ぴあに [受付中] 〜9/15 23:59 (2026-09-15) があるが登録に無い | 『exPoP!!!!!再会 2026』 オフィシャル先行 3次
    🔁RETRY id=4117 単独2回試しても0枠（本物の可能性・要確認）
✅ id=4117 RAINCOVER | 登録0=ぴあ0 一致
    🔁RETRY id=4121 単独2回試しても0枠（本物の可能性・要確認）
✅ id=4121 MASS OF THE FERMENTING D | 登録0=ぴあ0 一致
    🔁RETRY id=4259 単独2回試しても0枠（本物の可能性・要確認）
✅ id=4259 ≪当選者限定≫佐藤大樹 2nd写真集『In Mo | 登録0=ぴあ0 一致
    🔁RETRY id=4325 単独2回試しても0枠（本物の可能性・要確認）
✅ id=4325 カウントダウン ミュージカル コンサート 202 | 登録0=ぴあ0 一致
    🔁RETRY id=4332 単独2回試しても0枠（本物の可能性・要確認）
✅ id=4332 宮川大聖 | 登録0=ぴあ0 一致
    🔁RETRY id=4351 単独2回試しても0枠（本物の可能性・要確認）
✅ id=4351 マーチング・カーニバルin別府2026 | 登録0=ぴあ0 一致
    🔁RETRY id=4372 単独2回試しても0枠（本物の可能性・要確認）
✅ id=4372 THE JAPANESE PRIDE | 登録0=ぴあ0 一致
    🔁RETRY id=4373 単独2回試しても0枠（本物の可能性・要確認）
✅ id=4373 椎名林檎 | 登録0=ぴあ0 一致
    🔁RETRY id=4384 単独2回試しても0枠（本物の可能性・要確認）
✅ id=4384 STARフェス | 登録0=ぴあ0 一致
    🔁RETRY id=4386 単独2回試しても0枠（本物の可能性・要確認）
✅ id=4386 BUDDiiS | 登録0=ぴあ0 一致
    🔁RETRY id=4387 単独2回試しても0枠（本物の可能性・要確認）
✅ id=4387 PEOPLE 1 | 登録0=ぴあ0 一致
    🔁RETRY id=4388 単独2回試しても0枠（本物の可能性・要確認）
✅ id=4388 HOSHIKUMA MINAMI | 登録0=ぴあ0 一致
    🔁RETRY id=4399 単独2回試しても0枠（本物の可能性・要確認）
✅ id=4399 FOMARE | 登録0=ぴあ0 一致
    🔁RETRY id=4400 単独2回試しても0枠（本物の可能性・要確認）
✅ id=4400 MASTERPIECE 2026 | 登録0=ぴあ0 一致
    🔁RETRY id=4405 単独2回試しても0枠（本物の可能性・要確認）
✅ id=4405 EDEN’s CLINE Live turn 4 | 登録0=ぴあ0 一致
    🔁RETRY id=4408 単独2回試しても0枠（本物の可能性・要確認）
✅ id=4408 SATANIC PARTY 2026 | 登録0=ぴあ0 一致
    🔁RETRY id=4410 単独2回試しても0枠（本物の可能性・要確認）
✅ id=4410 玉置浩二 | 登録0=ぴあ0 一致
    🔁RETRY id=4412 単独2回試しても0枠（本物の可能性・要確認）
✅ id=4412 T.M.Revolution | 登録0=ぴあ0 一致
    🔁RETRY id=4415 単独2回試しても0枠（本物の可能性・要確認）
✅ id=4415 Tohji | 登録0=ぴあ0 一致
    🔁RETRY id=4418 単独2回試しても0枠（本物の可能性・要確認）
✅ id=4418 Osaka GLOW Glow-in-the-D | 登録0=ぴあ0 一致
    🔁RETRY id=4423 単独2回試しても0枠（本物の可能性・要確認）
✅ id=4423 The Performance Zero | 登録0=ぴあ0 一致
    🔁RETRY id=4814 単独2回試しても0枠（本物の可能性・要確認）
✅ id=4814 Tsukisamu Mutton Network | 登録0=ぴあ0 一致
    🔁RETRY id=4819 単独2回試しても0枠（本物の可能性・要確認）
✅ id=4819 Hump Back | 登録0=ぴあ0 一致
    🔁RETRY id=4823 単独2回試しても0枠（本物の可能性・要確認）
✅ id=4823 浪漫派マシュマロ | 登録0=ぴあ0 一致
    🔁RETRY id=4839 単独2回試しても0枠（本物の可能性・要確認）
✅ id=4839 『立川志の輔・立川生志 兄弟会』 | 登録0=ぴあ0 一致
    🔁RETRY id=4863 単独2回試しても0枠（本物の可能性・要確認）
✅ id=4863 『拝啓、親愛なる魔法使いのあなたへ -lapis | 登録0=ぴあ0 一致
🚨 id=4956 ずっと真夜中でいいのに。 | 登録0枠 / ぴあ買える1枠
    🚨MISSING ぴあに [受付中] 〜9/6 23:59 (2026-09-06) があるが登録に無い | 「ずっと真夜中でいいのに。」プレリザーブ3次
    🔁RETRY id=4958 単独2回試しても0枠（本物の可能性・要確認）
✅ id=4958 "darlin. 10th ANNIVERSAR | 登録0=ぴあ0 一致
    🔁RETRY id=4959 単独2回試しても0枠（本物の可能性・要確認）
✅ id=4959 マイケル・シェンカー・グループ | 登録0=ぴあ0 一致
    🔁RETRY id=4985 単独2回試しても0枠（本物の可能性・要確認）
✅ id=4985 TVアニメ「文豪ストレイドッグス」振り返り上映会 | 登録0=ぴあ0 一致
🚨 id=5155 きゃりーぱみゅぱみゅ | 登録0枠 / ぴあ買える1枠
    🚨MISSING ぴあに [受付中] 〜9/7 23:59 (2026-09-07) があるが登録に無い | ■きゃりーぱみゅぱみゅ（神奈川・大阪・福岡・愛知・北海道・広島・東京）
    🔁RETRY id=5157 単独2回試しても0枠（本物の可能性・要確認）
✅ id=5157 MY FLAGMENT | 登録0=ぴあ0 一致
    🔁RETRY id=5158 単独2回試しても0枠（本物の可能性・要確認）
✅ id=5158 GOODWARP | 登録0=ぴあ0 一致
🚨 id=5160 稲垣潤一・八神純子 ～歌は時を越えて～ | 登録0枠 / ぴあ買える1枠
    🚨MISSING ぴあに [発売前] 9/6 10:00発売 (2026-09-06) があるが登録に無い | 一般発売 ／ 稲垣潤一・八神純子 ～歌は時を越えて～
    🔁RETRY id=5161 単独2回試しても0枠（本物の可能性・要確認）
✅ id=5161 Ctrl + Us | 登録0=ぴあ0 一致
    🔁RETRY id=5191 単独2回試しても0枠（本物の可能性・要確認）
✅ id=5191 フラガリアメモリーズ READING THEAT | 登録0=ぴあ0 一致
🚨 id=5193 2026年劇団☆新感線46周年興行・冬公演 いのうえ歌舞伎  | 登録0枠 / ぴあ買える1枠
    🚨MISSING ぴあに [発売前] 9/2 10:00発売 (2026-09-17) があるが登録に無い | 2026年劇団☆新感線46周年興行・冬公演 いのうえ歌舞伎 『髑髏城の七人…』★
    🔁RETRY id=5226 単独2回試しても0枠（本物の可能性・要確認）
✅ id=5226 神奈川フィルハーモニー管弦楽団 音楽堂シリーズ第 | 登録0=ぴあ0 一致

=== 集計: OK 55 / 🚨MISSING 13 / ⚠️DROP 0 / 💤STALE 0 / ❌FETCH 0 / ❌QC 0 ===
=== QC照合カバレッジ: 照合できた枠 0/0 ===
=== 🔁0枠リトライ: 発動55件 / うち0件は枠が復活（一括時の0枠は偽陽性） / 残り55件は単独でも0枠 ===
→ 🚨/⚠️ は取りこぼし。該当エントリをぴあ機械パースで枠追加して修正すること。
