=== reconcile_pia (today=2026-08-29) 対象49件 ===

    🔁RETRY id=1554 単独2回試しても0枠（本物の可能性・要確認）
✅ id=1554 高嶋ちさ子のザワつく!昭和歌謡祭 2026 | 登録0=ぴあ0 一致
🚨 id=2206 FULL METAL JAPAN 2026 ～Powered | 登録0枠 / ぴあ買える1枠
    🚨MISSING ぴあに [発売前] 8/29 10:00発売 (2026-08-29) があるが登録に無い | 一般発売 ／ ＦＵＬＬ ＭＥＴＡＬ ＪＡＰＡＮ ２０２６ ～Ｐｏｗｅｒｅｄ ｂｙ
    🔁RETRY id=2748 単独2回試しても0枠（本物の可能性・要確認）
✅ id=2748 熊本地震10年復興コンサート「FUTURE」 | 登録0=ぴあ0 一致
    🔁RETRY id=3696 単独2回試しても0枠（本物の可能性・要確認）
✅ id=3696 Stray Kids | 登録0=ぴあ0 一致
    🔁RETRY id=4035 単独2回試しても0枠（本物の可能性・要確認）
✅ id=4035 紫 今 | 登録0=ぴあ0 一致
    🔁RETRY id=4036 単独2回試しても0枠（本物の可能性・要確認）
✅ id=4036 Little Parade | 登録0=ぴあ0 一致
🚨 id=4039 FMY RADIO CRUSH | 登録0枠 / ぴあ買える1枠
    🚨MISSING ぴあに [発売前] 8/29 10:00発売 (2026-08-29) があるが登録に無い | 一般発売 ／ ＦＭＹ ＲＡＤＩＯ ＣＲＵＳＨ
    🔁RETRY id=4051 単独2回試しても0枠（本物の可能性・要確認）
✅ id=4051 K-Drama OST Tribute Conc | 登録0=ぴあ0 一致
    🔁RETRY id=4068 単独2回試しても0枠（本物の可能性・要確認）
✅ id=4068 Insheart | 登録0=ぴあ0 一致
    🔁RETRY id=4079 単独2回試しても0枠（本物の可能性・要確認）
✅ id=4079 Eve | 登録0=ぴあ0 一致
🚨 id=4084 セブンス・ベガ | 登録0枠 / ぴあ買える1枠
    🚨MISSING ぴあに [受付中] 〜9/6 23:59 (2026-09-06) があるが登録に無い | オフィシャル先行
    🔁RETRY id=4085 単独2回試しても0枠（本物の可能性・要確認）
✅ id=4085 East Of Eden | 登録0=ぴあ0 一致
    🔁RETRY id=4089 単独2回試しても0枠（本物の可能性・要確認）
✅ id=4089 花宮初奈 | 登録0=ぴあ0 一致
    🔁RETRY id=4094 単独2回試しても0枠（本物の可能性・要確認）
✅ id=4094 KAWAII LAB. SESSION | 登録0=ぴあ0 一致
    🔁RETRY id=4095 単独2回試しても0枠（本物の可能性・要確認）
✅ id=4095 稲葉浩志 | 登録0=ぴあ0 一致
    🔁RETRY id=4099 単独2回試しても0枠（本物の可能性・要確認）
✅ id=4099 KOTORI pre. TORI ROCK FE | 登録0=ぴあ0 一致
    🔁RETRY id=4100 単独2回試しても0枠（本物の可能性・要確認）
✅ id=4100 Khalid | 登録0=ぴあ0 一致
    🔁RETRY id=4106 単独2回試しても0枠（本物の可能性・要確認）
✅ id=4106 放送50周年記念 第20回「徹子の部屋」コンサー | 登録0=ぴあ0 一致
    🔁RETRY id=4108 単独2回試しても0枠（本物の可能性・要確認）
✅ id=4108 大貫妙子 | 登録0=ぴあ0 一致
    🔁RETRY id=4117 単独2回試しても0枠（本物の可能性・要確認）
✅ id=4117 RAINCOVER | 登録0=ぴあ0 一致
    🔁RETRY id=4121 単独2回試しても0枠（本物の可能性・要確認）
✅ id=4121 MASS OF THE FERMENTING D | 登録0=ぴあ0 一致
    🔁RETRY id=4374 単独2回試しても0枠（本物の可能性・要確認）
✅ id=4374 上白石萌音 | 登録0=ぴあ0 一致
    🔁RETRY id=4390 単独2回試しても0枠（本物の可能性・要確認）
✅ id=4390 NEE | 登録0=ぴあ0 一致
    🔁RETRY id=4393 単独2回試しても0枠（本物の可能性・要確認）
✅ id=4393 AQ | 登録0=ぴあ0 一致
🚨 id=4394 バズリズム LIVE 2026 | 登録0枠 / ぴあ買える1枠
    🚨MISSING ぴあに [受付中] 〜9/8 23:59 (2026-09-08) があるが登録に無い | 「バズリズム LIVE 2026」オフィシャル先行
    🔁RETRY id=4397 単独2回試しても0枠（本物の可能性・要確認）
✅ id=4397 TOOBOE | 登録0=ぴあ0 一致
    🔁RETRY id=4399 単独2回試しても0枠（本物の可能性・要確認）
✅ id=4399 FOMARE | 登録0=ぴあ0 一致
    🔁RETRY id=4400 単独2回試しても0枠（本物の可能性・要確認）
✅ id=4400 MASTERPIECE 2026 | 登録0=ぴあ0 一致
    🔁RETRY id=4402 単独2回試しても0枠（本物の可能性・要確認）
✅ id=4402 UNLIMITS | 登録0=ぴあ0 一致
    🔁RETRY id=4405 単独2回試しても0枠（本物の可能性・要確認）
✅ id=4405 EDEN’s CLINE Live turn 4 | 登録0=ぴあ0 一致
🚨 id=4406 Girls2 | 登録0枠 / ぴあ買える1枠
    🚨MISSING ぴあに [受付中] 〜9/6 23:59 (2026-09-06) があるが登録に無い | 「Girls2」2次プレリザーブ
    🔁RETRY id=4408 単独2回試しても0枠（本物の可能性・要確認）
✅ id=4408 SATANIC PARTY 2026 | 登録0=ぴあ0 一致
🚨 id=4409 清水翔太 | 登録0枠 / ぴあ買える2枠
    🚨MISSING ぴあに [発売前] 8/29 10:00発売 (2026-08-29) があるが登録に無い | 一般発売（１２／２３公演） ／ 清水翔太
    🚨MISSING ぴあに [発売前] 8/29 10:00発売 (2026-08-29) があるが登録に無い | 一般発売（１２／２４公演） ／ 清水翔太
    🔁RETRY id=4410 単独2回試しても0枠（本物の可能性・要確認）
✅ id=4410 玉置浩二 | 登録0=ぴあ0 一致
🚨 id=4411 ChouCho | 登録0枠 / ぴあ買える1枠
    🚨MISSING ぴあに [発売前] 8/29 10:00発売 (2026-08-29) があるが登録に無い | 一般発売 ／ ＣｈｏｕＣｈｏ
    🔁RETRY id=4412 単独2回試しても0枠（本物の可能性・要確認）
✅ id=4412 T.M.Revolution | 登録0=ぴあ0 一致
    🔁RETRY id=4415 単独2回試しても0枠（本物の可能性・要確認）
✅ id=4415 Tohji | 登録0=ぴあ0 一致
    🔁RETRY id=4416 単独2回試しても0枠（本物の可能性・要確認）
✅ id=4416 PENTAGON | 登録0=ぴあ0 一致
    🔁RETRY id=4418 単独2回試しても0枠（本物の可能性・要確認）
✅ id=4418 Osaka GLOW Glow-in-the-D | 登録0=ぴあ0 一致
    🔁RETRY id=4420 単独2回試しても0枠（本物の可能性・要確認）
✅ id=4420 Suchmos | 登録0=ぴあ0 一致
    🔁RETRY id=4422 単独2回試しても0枠（本物の可能性・要確認）
✅ id=4422 yeti let you notice | 登録0=ぴあ0 一致
    🔁RETRY id=4436 単独2回試しても0枠（本物の可能性・要確認）
✅ id=4436 GLAY | 登録0=ぴあ0 一致
    🔁RETRY id=4726 単独2回試しても0枠（本物の可能性・要確認）
✅ id=4726 世界のMIDORI 再び七尾へ!! 能登復興支援 | 登録0=ぴあ0 一致
    🔁RETRY id=4863 単独2回試しても0枠（本物の可能性・要確認）
✅ id=4863 『拝啓、親愛なる魔法使いのあなたへ -lapis | 登録0=ぴあ0 一致
    🔁RETRY id=4957 単独2回試しても0枠（本物の可能性・要確認）
✅ id=4957 TOWER RECORDS “NO MUSIC, | 登録0=ぴあ0 一致
    🔁RETRY id=4958 単独2回試しても0枠（本物の可能性・要確認）
✅ id=4958 "darlin. 10th ANNIVERSAR | 登録0=ぴあ0 一致
    🔁RETRY id=4960 単独2回試しても0枠（本物の可能性・要確認）
✅ id=4960 森山直太朗 | 登録0=ぴあ0 一致
    🔁RETRY id=5498 単独2回試しても0枠（本物の可能性・要確認）
✅ id=5498 ANI-ROCK FES.2026「僕のヒーロー | 登録0=ぴあ0 一致

=== 集計: OK 41 / 🚨MISSING 8 / ⚠️DROP 0 / 💤STALE 0 / ❌FETCH 0 / ❌QC 0 ===
=== QC照合カバレッジ: 照合できた枠 0/0 ===
=== 🔁0枠リトライ: 発動41件 / うち0件は枠が復活（一括時の0枠は偽陽性） / 残り41件は単独でも0枠 ===
→ 🚨/⚠️ は取りこぼし。該当エントリをぴあ機械パースで枠追加して修正すること。
