=== reconcile_pia (today=2026-08-29) 対象119件 ===

✅ id=5595 マザリ | 登録2=ぴあ2 一致
✅ id=5596 2026かわさき市民第九コンサート | 登録1=ぴあ1 一致
✅ id=5597 The Four of Us | 登録1=ぴあ1 一致
✅ id=5598 宝塚歌劇雪組 梅田芸術劇場メインホール公演『Mo | 登録1=ぴあ1 一致
✅ id=5599 2027 都民音楽フェスティバル NHK交響楽団 | 登録1=ぴあ1 一致
✅ id=5600 2027 都民音楽フェスティバル 東京シティ・フ | 登録1=ぴあ1 一致
✅ id=5601 2027 都民音楽フェスティバル 東京都交響楽団 | 登録1=ぴあ1 一致
✅ id=5602 2027 都民音楽フェスティバル 東京フィルハー | 登録1=ぴあ1 一致
✅ id=5603 2027 都民音楽フェスティバル 濱田芳通&アン | 登録1=ぴあ1 一致
✅ id=5604 2027 都民音楽フェスティバル モーツァルト・ | 登録1=ぴあ1 一致
✅ id=5605 2027 都民音楽フェスティバル 読売日本交響楽 | 登録1=ぴあ1 一致
✅ id=5606 2027都民音楽フェスティバル 日本バレエ団連盟 | 登録1=ぴあ1 一致
✅ id=5607 曽野舜太（M!LK）トークショー | 登録1=ぴあ1 一致
✅ id=5608 IZUMO OROCHI FES 2026 | 登録1=ぴあ1 一致
✅ id=5609 関西音酒場at大槻能楽堂「Re:ロックTHE魂」 | 登録1=ぴあ1 一致
✅ id=5610 ClariS | 登録1=ぴあ1 一致
✅ id=5611 Soala | 登録5=ぴあ5 一致
✅ id=5612 超ときめき宣伝部 | 登録2=ぴあ2 一致
✅ id=5613 マグロック & ポップ 2026 | 登録2=ぴあ2 一致
✅ id=5614 ヤバイTシャツ屋さん | 登録3=ぴあ3 一致
✅ id=5615 クニ三上・Jazzピアノトリオ 川崎 | 登録1=ぴあ1 一致
✅ id=5616 熊谷駿（sax） | 登録2=ぴあ2 一致
✅ id=5617 池田綾子 | 登録1=ぴあ1 一致
✅ id=5618 劇団ショーマンシップ公演 「すんまっせん～西島伊 | 登録1=ぴあ1 一致
✅ id=5619 上田晴子&門脇大樹 デュオリサイタル | 登録1=ぴあ1 一致
✅ id=5620 第39回 大阪府マーチングコンテスト | 登録1=ぴあ1 一致
✅ id=5621 「煌めきの奥に」 エバーグリーン交響楽団 | 登録1=ぴあ1 一致
✅ id=5622 クインテット・アッシュ 結成20周年記念 第4回 | 登録1=ぴあ1 一致
✅ id=5623 春風亭いっ休 二ツ目・四年目企画 公開落語勉強会 | 登録1=ぴあ1 一致
✅ id=5624 第2回月亭方正落語会 | 登録1=ぴあ1 一致
✅ id=5625 オルケストラ・クラシカ 第17回定期演奏会 | 登録1=ぴあ1 一致
✅ id=5626 本気の噺 ～ゆかいな仲間たち14～ | 登録1=ぴあ1 一致
✅ id=5627 落合陽一×日本フィルプロジェクト VOL.10  | 登録1=ぴあ1 一致
✅ id=5628 ラッパ屋リーディング公演VOL.5 ココロ町短篇 | 登録2=ぴあ2 一致
✅ id=5629 東京都交響楽団 第1063回定期演奏会Aシリーズ | 登録1=ぴあ1 一致
✅ id=5630 東京都交響楽団 第1064回定期演奏会Cシリーズ | 登録1=ぴあ1 一致
✅ id=5631 『千原ジュニアのヘベレケ』トークライブ2 | 登録2=ぴあ2 一致
✅ id=5632 第5回 FIDA GOLD CUP | 登録1=ぴあ1 一致
✅ id=5633 『DJ井澤の小耳に挟んでいきなはれ～公開収録イベ | 登録1=ぴあ1 一致
✅ id=5634 東北未来芸術花火2026 ～明日へのマーチ 桑田 | 登録1=ぴあ1 一致
✅ id=5635 野球いっかん!交流会 in 愛知 | 登録1=ぴあ1 一致
✅ id=5636 ヴァンフォーレ甲府対ジュビロ磐田 明治安田J2リ | 登録1=ぴあ1 一致
✅ id=5637 ヴァンラーレ八戸対横浜FC 明治安田J2リーグ | 登録1=ぴあ1 一致
✅ id=5638 【WEリーグ】三菱重工浦和レッズレディース対日テ | 登録1=ぴあ1 一致
✅ id=5639 【WEリーグ】三菱重工浦和レッズレディース対マイ | 登録1=ぴあ1 一致
✅ id=5640 ECCレディスゴルフトーナメント | 登録1=ぴあ1 一致
✅ id=5641 『5秒で完全犯罪を生成する方法』公開記念舞台挨拶 | 登録10=ぴあ10 一致
✅ id=5642 名古屋オーシャンズ対ペスカドーラ町田 メットライ | 登録1=ぴあ1 一致
✅ id=5643 『本当にあった話（の話）』完成披露上映会 | 登録2=ぴあ2 一致
✅ id=5644 Krush.193 | 登録1=ぴあ1 一致
✅ id=5645 ガンバレ☆プロレス | 登録1=ぴあ1 一致
✅ id=5646 ガンバレ☆プロレス | 登録1=ぴあ1 一致
✅ id=5647 愛媛FC対ザスパ群馬 明治安田J3リーグ | 登録1=ぴあ1 一致
✅ id=5648 THE MATSURI SESSION | 登録1=ぴあ1 一致
✅ id=5649 NHK交響楽団 | 登録1=ぴあ1 一致
✅ id=5650 新日本フィルハーモニー交響楽団 #45 すみだク | 登録4=ぴあ4 一致
✅ id=5651 新日本フィルハーモニー交響楽団 第674回定期演 | 登録2=ぴあ2 一致
✅ id=5652 新日本フィルハーモニー交響楽団 第675回定期演 | 登録2=ぴあ2 一致
✅ id=5653 2027 都民音楽フェスティバル 新日本フィルハ | 登録1=ぴあ1 一致
✅ id=5654 2027 都民音楽フェスティバル 東京交響楽団 | 登録1=ぴあ1 一致
✅ id=5655 2027 都民音楽フェスティバル 日本フィルハー | 登録1=ぴあ1 一致
✅ id=5656 TOTO | 登録1=ぴあ1 一致
✅ id=5657 DIR EN GREY | 登録1=ぴあ1 一致
✅ id=5658 宝塚歌劇 星組宝塚大劇場公演『RRR × TAK | 登録2=ぴあ2 一致
✅ id=5660 4GENEXYZ | 登録1=ぴあ1 一致
✅ id=5661 スーパー戦隊魂 XX 2026 ～FOREVER | 登録1=ぴあ1 一致
✅ id=5662 横須賀芸術劇場リニューアル記念 ヨコスカ ジャズ | 登録1=ぴあ1 一致
✅ id=5663 キム・キュジョン | 登録1=ぴあ1 一致
✅ id=5664 ハリー・ポッターTM in コンサート | 登録2=ぴあ2 一致
✅ id=5665 森口博子 クリスマスディナー&ライブ2026 | 登録1=ぴあ1 一致
✅ id=5666 舞台「文豪とアルケミスト 転生者ノ回顧(シンフォ | 登録2=ぴあ2 一致
✅ id=5667 第101回朝の光のクラシック 北村明日人（p） | 登録1=ぴあ1 一致
✅ id=5668 第39回 全日本マーチングコンテスト 中学生の部 | 登録4=ぴあ4 一致
✅ id=5669 フォーレ四重奏団 第1夜 | 登録1=ぴあ1 一致
✅ id=5670 フォーレ四重奏団 第2夜 | 登録1=ぴあ1 一致
✅ id=5671 イリヤ・イーティン（p） | 登録1=ぴあ1 一致
✅ id=5672 ベートーヴェン“第九”演奏会2026 | 登録1=ぴあ1 一致
✅ id=5673 アブナイ ヨセ 全国ツアー | 登録1=ぴあ1 一致
✅ id=5674 狂テット | 登録1=ぴあ1 一致
✅ id=5675 神韻日本公演2027 | 登録9=ぴあ9 一致
✅ id=5676 よしもとお笑いライブin川越2026 ～秋の夜の | 登録1=ぴあ1 一致
✅ id=5677 よしもとお笑いライブinけいはんな2026 ～実 | 登録1=ぴあ1 一致
✅ id=5678 よしもとお笑いライブin枚方2026 ～食欲の秋 | 登録1=ぴあ1 一致
✅ id=5679 笑いの秋!よしもとお笑いライブin堺2026 | 登録1=ぴあ1 一致
✅ id=5680 小井土文哉ピアノリサイタル Vol.4 | 登録1=ぴあ1 一致
✅ id=5681 オルガン名曲決定版2027 | 登録1=ぴあ1 一致
✅ id=5682 ザ・シンフォニーホール ジルベスターコンサート2 | 登録1=ぴあ1 一致
✅ id=5683 ザ・シンフォニーホール ニューイヤーコンサート2 | 登録1=ぴあ1 一致
✅ id=5684 仲道郁代 ベートーヴェンの宇宙第5回～不滅の恋人 | 登録1=ぴあ1 一致
✅ id=5685 小林紀子バレエ・シアター | 登録1=ぴあ1 一致
✅ id=5686 日本センチュリー交響楽団 京都公演 | 登録1=ぴあ1 一致
✅ id=5687 日本センチュリー交響楽団 第303回定期演奏会 | 登録1=ぴあ1 一致
✅ id=5688 ランチタイム・コンサート Vol.33 | 登録1=ぴあ1 一致
✅ id=5689 ミラクルひかる×エハラマサヒロ スペシャルものま | 登録1=ぴあ1 一致
✅ id=5690 ファンタスティック・オーケストラコンサートvol | 登録1=ぴあ1 一致
✅ id=5691 アルゲリッチが奏で継ぐ2日間 | 登録1=ぴあ1 一致
✅ id=5692 和波たかよし（vl） | 登録1=ぴあ1 一致
✅ id=5693 伝説の喜劇作家・板尾いつぞう～逆襲の王立劇場 | 登録1=ぴあ1 一致
✅ id=5694 東京シンフォニエッタ 第60回定期演奏会 | 登録1=ぴあ1 一致
✅ id=5695 田辺いちか真打昇進披露の会 ～第15回北九州つな | 登録1=ぴあ1 一致
✅ id=5696 田辺いちか真打昇進披露の会 ～第48回博多つなが | 登録1=ぴあ1 一致
✅ id=5697 「第20回SMAホープ大賞～決勝～」 | 登録3=ぴあ3 一致
✅ id=5698 「ピクサーの世界展」〈9/7〉 | 登録1=ぴあ1 一致
✅ id=5699 「ピクサーの世界展」〈9/14〉 | 登録1=ぴあ1 一致
✅ id=5700 動き出す浮世絵展 GIFU | 登録2=ぴあ2 一致
✅ id=5701 全日本プロレス<旭川大会> | 登録1=ぴあ1 一致
✅ id=5702 全日本プロレス<岩見沢大会> | 登録1=ぴあ1 一致
✅ id=5703 全日本プロレス<帯広大会> | 登録1=ぴあ1 一致
✅ id=5704 全日本プロレス<釧路大会> | 登録1=ぴあ1 一致
✅ id=5705 全日本プロレス<札幌大会> | 登録1=ぴあ1 一致
✅ id=5706 全日本プロレス<苫小牧大会> | 登録1=ぴあ1 一致
✅ id=5707 全日本プロレス<函館大会> | 登録1=ぴあ1 一致
✅ id=5708 全日本プロレス<美幌大会> | 登録1=ぴあ1 一致
✅ id=5709 APF EXE MACHO MACHO CUP  | 登録1=ぴあ1 一致
✅ id=5710 ALL JAPAN CHEER DANCE CH | 登録1=ぴあ1 一致
✅ id=5711 大樹生命 Wリーグ 2026-27 レギュラーシ | 登録2=ぴあ2 一致
✅ id=5712 映画『私はあなたを知らない、』舞台挨拶 | 登録2=ぴあ2 一致
✅ id=5713 ワンワンまつり フェスティバル | 登録4=ぴあ4 一致
✅ id=5714 TVアニメ「目覚めたら最強装備と宇宙船持ちだった | 登録2=ぴあ2 一致

=== 集計: OK 119 / 🚨MISSING 0 / ⚠️DROP 0 / 💤STALE 0 / ❌FETCH 0 / ❌QC 0 ===
=== QC照合カバレッジ: 照合できた枠 146/169 / 未照合 skip23(同締切の枠が複数で対を確定できない) ===
   ※未照合の枠は「正しい」と確認できていない枠。QC 0＝全部正しい、ではない。
