=== reconcile_pia (today=2026-07-18) 対象12件 ===

💤 id=1003 立川談春 独演会 2026 秋 | 登録2枠 / ぴあ買える0枠
    💤STALE 登録「一般発売（愛知 10/22公演）7/18 10:00発売」(2026-07-18) がぴあの買える枠に無い
    💤STALE 登録「一般発売（三重 10/24公演）7/18 10:00発売」(2026-07-18) がぴあの買える枠に無い
💤 id=1079 沼の中の淑女たち | 登録1枠 / ぴあ買える0枠
    💤STALE 登録「一般発売（岐阜 9/6公演）7/18 10:00発売」(2026-07-18) がぴあの買える枠に無い
💤 id=1618 NEE | 登録2枠 / ぴあ買える0枠
    💤STALE 登録「一般発売（東京 9/1公演）7/18 10:00発売」(2026-07-18) がぴあの買える枠に無い
    💤STALE 登録「一般発売（東京 9/2公演）7/18 10:00発売」(2026-07-18) がぴあの買える枠に無い
💤 id=2048 越中ホール寄席2026<講談編> 神田伯山独演会 | 登録1枠 / ぴあ買える0枠
    💤STALE 登録「一般発売（富山 10/18公演）7/18 10:00発売」(2026-07-18) がぴあの買える枠に無い
💤 id=2050 関内寄席 立川志の輔独演会 | 登録1枠 / ぴあ買える0枠
    💤STALE 登録「一般発売（神奈川 9/27公演）7/18 10:00発売」(2026-07-18) がぴあの買える枠に無い
💤 id=2052 志の輔らくご ブリリアント5 | 登録1枠 / ぴあ買える0枠
    💤STALE 登録「一般発売（富山 9/21公演）7/18 10:00発売」(2026-07-18) がぴあの買える枠に無い
💤 id=2271 FM802弾き語り部ー部長引き継ぎ式ー | 登録1枠 / ぴあ買える0枠
    💤STALE 登録「一般発売（大阪 8/19公演）7/18 12:00発売」(2026-07-18) がぴあの買える枠に無い
💤 id=2287 ハリウッドザコシショウのミニ単独ライブ 嫌な気持ちにさせツア | 登録1枠 / ぴあ買える0枠
    💤STALE 登録「一般発売（愛知 9/5公演）7/18 10:00発売」(2026-07-18) がぴあの買える枠に無い
💤 id=2662 富澤一誠 音楽評論家生活55周年記念「一誠まつり～音楽を熱く | 登録1枠 / ぴあ買える0枠
    💤STALE 登録「一般発売（長野 11/21公演）7/18 10:00発売」(2026-07-18) がぴあの買える枠に無い
💤 id=2829 ACEes | 登録1枠 / ぴあ買える0枠
    💤STALE 登録「一般発売（大阪 8/29〜8/30公演）7/18 12:00発売」(2026-07-18) がぴあの買える枠に無い
💤 id=2833 松任谷由実 | 登録1枠 / ぴあ買える0枠
    💤STALE 登録「一般発売（北海道 8/29〜9/2公演）7/18 10:00発売」(2026-07-18) がぴあの買える枠に無い
💤 id=2834 Yagami Toll ～64th Birthday Liv | 登録1枠 / ぴあ買える0枠
    💤STALE 登録「一般発売（東京 8/19公演）7/18 10:00発売」(2026-07-18) がぴあの買える枠に無い

=== 集計: OK 0 / 🚨MISSING 0 / ⚠️DROP 0 / 💤STALE 14 / ❌FETCH 0 ===
