=== reconcile_pia (today=2026-07-01) 対象50件 ===

✅ id=1758 みんなでうたうオーケストラコンサート | 登録1=ぴあ1 一致
✅ id=1759 鬼爆!! ものまねLIVE in 刈谷 | 登録1=ぴあ1 一致
✅ id=1761 桂文我上方落語選 大阪編 | 登録1=ぴあ1 一致
✅ id=1762 桂文我上方落語選 京都編 | 登録1=ぴあ1 一致
✅ id=1763 桂文我 上方落語全集 第1期・全10巻完結記念  | 登録1=ぴあ1 一致
✅ id=1764 桂文我 三遊亭遊馬 お盆に東西落語、怪談聞き比べ | 登録1=ぴあ1 一致
✅ id=1765 桂文我落語四百席 名古屋編 | 登録1=ぴあ1 一致
✅ id=1766 冬月能 | 登録1=ぴあ1 一致
✅ id=1767 名取裕子みちのく巡礼話芸劇場V「艶子姐さんメモリ | 登録1=ぴあ1 一致
✅ id=1768 Na Pookela ナーポオケラ 2026 | 登録2=ぴあ2 一致
✅ id=1769 日本の伝統芸能シリーズ52 「京舞と能 ～人間国 | 登録1=ぴあ1 一致
✅ id=1770 むつき能 | 登録1=ぴあ1 一致
✅ id=1771 もみじ能 | 登録1=ぴあ1 一致
✅ id=1772 柳家喬太郎 独演会 | 登録2=ぴあ2 一致
✅ id=1773 よしもとお笑いライブin西新井2026～暑さも夏 | 登録1=ぴあ1 一致
✅ id=1775 ワタナベお笑いライブ supported by  | 登録2=ぴあ2 一致
✅ id=1776 ウィーン・ヨハン・シュトラウス管弦楽団 ニューイ | 登録1=ぴあ1 一致
✅ id=1777 オペラを知らぬはもったいない! 『セヴィリアの理 | 登録1=ぴあ1 一致
✅ id=1778 オーケストラ・アンサンブル金沢 上越公演 | 登録1=ぴあ1 一致
✅ id=1779 霧島芸術の森を巡る旅コンサート | 登録1=ぴあ1 一致
✅ id=1780 クラリネット・フィルハーモニー名古屋 第14回演 | 登録1=ぴあ1 一致
✅ id=1781 札幌交響楽団 創立65周年記念 豊田公演 | 登録1=ぴあ1 一致
✅ id=1783 0歳児からのコンサート | 登録1=ぴあ1 一致
✅ id=1785 ファジル・サイ 《ゴルトベルク×トルコ行進曲×ブ | 登録4=ぴあ4 一致
✅ id=1786 藤原道山尺八コンサート | 登録1=ぴあ1 一致
✅ id=1787 古澤巖×ベルリン・フィルハーモニック ストリング | 登録3=ぴあ3 一致
✅ id=1789 前田妃奈&牛田智大 デュオリサイタル | 登録1=ぴあ1 一致
✅ id=1790 まなぶクラシック!頭のいい子が育つオーケストラコ | 登録1=ぴあ1 一致
✅ id=1791 三舩優子 ピアノ・リサイタル | 登録2=ぴあ2 一致
✅ id=1792 務川慧悟ピアノリサイタル2026 | 登録3=ぴあ3 一致
✅ id=1793 夜クラシックVol.42 郷古廉・横坂源・北村朋 | 登録1=ぴあ1 一致
✅ id=1760 カゲヤマpresents 14期大暴れツアーin | 登録1=ぴあ1 一致
✅ id=1774 「ローリーの怪奇骨董お話し箱2026」 | 登録1=ぴあ1 一致
✅ id=1782 JNO室内楽特別コンサート | 登録4=ぴあ4 一致
✅ id=1788 第24回ベートーヴェンは凄い!全交響曲連続演奏会 | 登録1=ぴあ1 一致
✅ id=1794 ルイ王朝 安らぎの音楽 | 登録1=ぴあ1 一致
✅ id=1795 寛平GMプロデュース公演 新喜劇出前ツアー202 | 登録1=ぴあ1 一致
✅ id=1796 こくみん共済 coop ホール／スペース・ゼロ  | 登録1=ぴあ1 一致
✅ id=1797 三遊亭東村山二ツ目昇進祝いの会in東村山 | 登録1=ぴあ1 一致
✅ id=1798 荒木奏美×五十嵐紅|オーボエとギター（東京公演） | 登録1=ぴあ1 一致
✅ id=1799 五十嵐紅|ギターと静寂『秋』（神戸公演） | 登録1=ぴあ1 一致
✅ id=1800 五十嵐紅|ギターと静寂『秋』（水戸公演） | 登録1=ぴあ1 一致
💤 id=1801 五十嵐紅|ギターと静寂『秋』（みなとみらい公演） | 登録1枠 / ぴあ買える0枠
    ❌FETCH HTTP Error 502: Bad Gateway | https://t.pia.jp/pia/event/event.do?eventCd=2625847
    💤STALE 登録「一般発売（神奈川 11/8公演）7/5 22:00発売」(2026-07-05) がぴあの買える枠に無い
✅ id=1802 五十嵐紅|ギターと静寂 特別公演『バロック』（滋 | 登録1=ぴあ1 一致
✅ id=1803 五十嵐紅|ギターと静寂 特別公演『バロック』（所 | 登録1=ぴあ1 一致
✅ id=1804 劇団papercraft 第13回公演『神のみぞ | 登録2=ぴあ2 一致
✅ id=1805 笑福亭鉄瓶・桂佐ん吉二人会 | 登録1=ぴあ1 一致
✅ id=1806 夢空間出発25年の会 | 登録2=ぴあ2 一致
✅ id=1807 『ゴールデン演芸会』 | 登録1=ぴあ1 一致
✅ id=1808 ナカハチ・オン・タイム ♯44 | 登録1=ぴあ1 一致

=== 集計: OK 49 / 🚨MISSING 0 / ⚠️DROP 0 / 💤STALE 1 / ❌FETCH 1 ===
