=== reconcile_pia (today=2026-07-02) 対象58件 ===

✅ id=1812 SWAN -Ballet cross Readi | 登録2=ぴあ2 一致
✅ id=1813 佐渡裕 シエナ・ウインド・オーケストラ ブラスの | 登録2=ぴあ2 一致
✅ id=1814 響-祈りの四季- Candlelight 日本と | 登録2=ぴあ2 一致
✅ id=1815 三浦一馬 東京グランド・ソロイスツ 結成10周年 | 登録2=ぴあ2 一致
✅ id=1816 三井住友海上管弦楽団第45回定期演奏会 | 登録1=ぴあ1 一致
✅ id=1817 演芸写真家 橘蓮二プロデュース 柳家喬太郎トリビ | 登録1=ぴあ1 一致
✅ id=1818 朗読劇ROOM2026 | 登録1=ぴあ1 一致
✅ id=1819 ART KUNSTFESTIVAL 2026 A | 登録1=ぴあ1 一致
✅ id=1820 「ジョン・ウィリアムズ」ウインド・オーケストラ・ | 登録1=ぴあ1 一致
✅ id=1821 五十嵐紅|ギターと静寂 特別公演『星と祈り』（滋 | 登録1=ぴあ1 一致
✅ id=1822 五十嵐紅|ギターと静寂 特別公演『星と祈り』（東 | 登録1=ぴあ1 一致
✅ id=1823 五十嵐紅トリオ|シネマ・セレクション（仙台公演） | 登録1=ぴあ1 一致
✅ id=1824 五十嵐紅トリオ|ジブリ 2026【A】（千葉公演 | 登録1=ぴあ1 一致
✅ id=1825 五十嵐紅トリオ|ジブリ 2026【A】（東京公演 | 登録1=ぴあ1 一致
✅ id=1826 紅福デュオ|師弟の響（東京公演） | 登録1=ぴあ1 一致
✅ id=1827 西川悟平 | 登録1=ぴあ1 一致
✅ id=1828 福間洸太朗ピアノリサイタル | 登録1=ぴあ1 一致
✅ id=1829 Bunkamura Produce×浜離宮朝日ホ | 登録2=ぴあ2 一致
✅ id=1830 村上裕亮 ピアノリサイタル | 登録1=ぴあ1 一致
✅ id=1831 柳家三三独演会 | 登録1=ぴあ1 一致
✅ id=1832 かるクラ・ウィンドオーケストラコンサートinいな | 登録1=ぴあ1 一致
✅ id=1833 永井千絵&溝上詩織 デュオコンサート | 登録1=ぴあ1 一致
✅ id=1834 響ホール室内合奏団 第48回定期演奏会 ～弦楽合 | 登録1=ぴあ1 一致
✅ id=1835 牛田智大室内楽プロジェクト Vol.4 若き日の | 登録1=ぴあ1 一致
✅ id=1836 大中 恩 歌曲の会 愛をうたう | 登録1=ぴあ1 一致
✅ id=1837 日本フィルハーモニー交響楽団 | 登録1=ぴあ1 一致
✅ id=1838 日本フィルハーモニー交響楽団 第264回芸劇シリ | 登録1=ぴあ1 一致
✅ id=1839 パーセル・プロジェクト2026-パーセル声楽芸術 | 登録1=ぴあ1 一致
✅ id=1840 柳家三三独演会with古川展生 DRAMATIC | 登録1=ぴあ1 一致
✅ id=1841 大阪交響楽団 第141回名曲コンサート | 登録1=ぴあ1 一致
✅ id=1842 中部フィルハーモニー交響楽団 NAGOYAシリー | 登録1=ぴあ1 一致
✅ id=1843 東京都交響楽団 第1052回定期演奏会Aシリーズ | 登録1=ぴあ1 一致
✅ id=1844 東京都交響楽団 第1057回定期演奏会Aシリーズ | 登録1=ぴあ1 一致
✅ id=1845 東京都交響楽団 第1055回定期演奏会Cシリーズ | 登録1=ぴあ1 一致
✅ id=1846 トリオ・リベルタ | 登録1=ぴあ1 一致
✅ id=1847 中井恒仁&武田美和子 ソロ&デュオリサイタル ピ | 登録1=ぴあ1 一致
✅ id=1848 日本フィル&サントリーホール にじクラ ～トーク | 登録3=ぴあ3 一致
✅ id=1849 野々村彩乃（S） | 登録1=ぴあ1 一致
✅ id=1850 プラハ・チェロ・リパブリック | 登録2=ぴあ2 一致
✅ id=1851 NBAバレエ団『くるみ割り人形』 | 登録1=ぴあ1 一致
✅ id=1852 さん喬あわせ鏡～柳家さん喬定期独演会～ | 登録1=ぴあ1 一致
✅ id=1853 吉本新喜劇inセカンドシアター | 登録1=ぴあ1 一致
✅ id=1854 吉本新喜劇inセカンドシアター | 登録1=ぴあ1 一致
✅ id=1855 吉本新喜劇inセカンドシアター | 登録1=ぴあ1 一致
✅ id=1856 サントリーホール室内楽アカデミー特別公演 第12 | 登録2=ぴあ2 一致
✅ id=1857 桂宮治 独演会 当別町文化公演事業 | 登録1=ぴあ1 一致
✅ id=1858 桂八十八独演会 | 登録1=ぴあ1 一致
✅ id=1859 第十一回 二子玉川ライズ ふたこ能 | 登録1=ぴあ1 一致
✅ id=1860 第17回 音楽大学オーケストラ・フェスティバル  | 登録1=ぴあ1 一致
✅ id=1861 第17回 音楽大学オーケストラ・フェスティバル  | 登録1=ぴあ1 一致
✅ id=1862 第17回 音楽大学オーケストラ・フェスティバル  | 登録1=ぴあ1 一致
✅ id=1863 京都市交響楽団 | 登録1=ぴあ1 一致
✅ id=1864 札幌交響楽団 当別町演奏会 | 登録1=ぴあ1 一致
✅ id=1865 第30回英国歌曲展Plus 辻裕久テノールリサイ | 登録1=ぴあ1 一致
✅ id=1866 第30回英国歌曲展Plus 辻裕久テノールリサイ | 登録1=ぴあ1 一致
✅ id=1867 中島結里愛凱旋!!京都市交響楽団演奏会 | 登録1=ぴあ1 一致
✅ id=1868 錦織健（T） | 登録1=ぴあ1 一致
✅ id=1869 古澤巖「バロックの朝と午後」 | 登録1=ぴあ1 一致

=== 集計: OK 58 / 🚨MISSING 0 / ⚠️DROP 0 / 💤STALE 0 / ❌FETCH 0 ===
