[1/74] id=130   宝塚歌劇団 雪組                 soldout    ぴあ1券種が予定枚数終了
[2/74] id=642   陰陽座                      soldout    ぴあ1券種が予定枚数終了
[3/74] id=1071  ミュージカル『ニコラ・テスラ～エジソンが恐れた孤 soldout    ぴあ2券種が予定枚数終了
[4/74] id=1554  高嶋ちさ子のザワつく!昭和歌謡祭 2026    nosold     予定枚数終了の表示なし（抽選受付終了）
[5/74] id=2223  宝塚歌劇星組 宝塚大劇場公演 三井住友VISAカ soldout    ぴあ2券種が予定枚数終了
[6/74] id=2341  GANG PARADE              soldout    ぴあ1券種が予定枚数終了
[7/74] id=2401  木根尚登                     soldout    ぴあ1券種が予定枚数終了
[8/74] id=2415  笑福亭鶴瓶×サンドウィッチマンLIVE『シルエッ soldout    ぴあ1券種が予定枚数終了
[9/74] id=2416  J亭スピンオフ企画44 白酒・一之輔 大手町二人 soldout    ぴあ1券種が予定枚数終了
[10/74] id=2626  センダイガールズプロレスリング          soldout    ぴあ1券種が予定枚数終了
[11/74] id=2997  真空ジェシカのイベン父ちゃん・イベアンドトシ   nosold     予定枚数終了の表示なし（抽選受付終了／販売終了）
[12/74] id=3116  CUTIE STREET 梅田みゆ 生誕祭 20 soldout    ぴあ1券種が予定枚数終了
[13/74] id=3119  THE PAINS OF BEING PURE  soldout    ぴあ1券種が予定枚数終了
[14/74] id=3120  シャイトープ                   soldout    ぴあ1券種が予定枚数終了
[15/74] id=3127  遊佐未森                     soldout    ぴあ1券種が予定枚数終了
[16/74] id=3169  野村義男                     soldout    ぴあ1券種が予定枚数終了
[17/74] id=3509  第56回田辺花火大会               soldout    ぴあ1券種が予定枚数終了
[18/74] id=3513  大相撲九月場所                  soldout    ぴあ7券種が予定枚数終了
[19/74] id=3527  中村敦                      soldout    ぴあ1券種が予定枚数終了
[20/74] id=3530  林哲司 SONG FILE SPECIAL ～シ soldout    ぴあ1券種が予定枚数終了
[21/74] id=3572  奥野真哉                     soldout    ぴあ1券種が予定枚数終了
[22/74] id=3577  ロックロックこんにちは!ver.28 ～にゃーロ soldout    ぴあ2券種が予定枚数終了
[23/74] id=3587  宝塚歌劇宙組 全国ツアー公演 ミュージカル・プレ soldout    ぴあ1券種が予定枚数終了
[24/74] id=3592  2026伝承ホール寺子屋 「渋谷金王丸伝説」&歌 soldout    ぴあ1券種が予定枚数終了
[25/74] id=3594  真一文字の会 ～春風亭一之輔勉強会～       soldout    ぴあ1券種が予定枚数終了
[26/74] id=3739  SHIBUYA MUSIC CROSSOVER  soldout    ぴあ1券種が予定枚数終了
[27/74] id=3743  Uru                      soldout    ぴあ1券種が予定枚数終了
[28/74] id=3766  国立能楽堂 9月特別公演             soldout    ぴあ1券種が予定枚数終了
[29/74] id=3841  阪神タイガース対中日ドラゴンズ 公式戦      soldout    ぴあ4券種が予定枚数終了
[30/74] id=3853  阪神タイガース対広島東洋カープ 公式戦      soldout    ぴあ4券種が予定枚数終了
[31/74] id=3849  阪神タイガース対東京ヤクルトスワローズ 公式戦  soldout    ぴあ4券種が予定枚数終了
[32/74] id=3858  阪神タイガース対読売ジャイアンツ 公式戦     soldout    ぴあ1券種が予定枚数終了
[33/74] id=3872  PM AGENCY 40th ANNIVERSA soldout    ぴあ1券種が予定枚数終了
[34/74] id=3875  ミュージカル「タイムトラベラーズ・ワイフ」    soldout    ぴあ3券種が予定枚数終了
[35/74] id=3896  伊藤蘭 クリスマスディナー&コンサート      soldout    ぴあ1券種が予定枚数終了
[36/74] id=3907  桂三度日本公演～桂三度入門十五周年記念祭～    soldout    ぴあ1券種が予定枚数終了
[37/74] id=3937  万筆舎『R3』刊行記念落語会           soldout    ぴあ1券種が予定枚数終了
[38/74] id=3965  読売ジャイアンツ対横浜DeNAベイスターズ 公式 soldout    ぴあ1券種が予定枚数終了
[39/74] id=3967  第一回 五圓會 ～三遊派落語研究会～       soldout    ぴあ1券種が予定枚数終了
[40/74] id=3978  【阪神タイガース 公式戦・交流戦】NTTドコモビ soldout    ぴあ10券種が予定枚数終了
[41/74] id=3979  【阪神タイガース 公式戦・交流戦】JCBエキサイ soldout    ぴあ10券種が予定枚数終了
[42/74] id=3980  【阪神タイガース】セコム ツイン・トリプルシート soldout    ぴあ10券種が予定枚数終了
[43/74] id=3981  【阪神タイガース】パナソニックペアシート     soldout    ぴあ10券種が予定枚数終了
[44/74] id=4080  澤野弘之 × THE SOUND OF GUND soldout    ぴあ1券種が予定枚数終了
[45/74] id=4164  島袋寛子                     soldout    ぴあ1券種が予定枚数終了
[46/74] id=4169  DEEN                     soldout    ぴあ1券種が予定枚数終了
[47/74] id=4197  演芸写真家 橘蓮二プロデュース 春風亭一之輔×桂 soldout    ぴあ1券種が予定枚数終了
[48/74] id=4205  第570回 花形演芸会              soldout    ぴあ1券種が予定枚数終了
[49/74] id=4255  フィルハーモニー・シリーズ オーケストラ・アンサ soldout    ぴあ1券種が予定枚数終了
[50/74] id=4268  APF SAPPHIRE CUP 2026    soldout    ぴあ1券種が予定枚数終了
[51/74] id=4272  横浜DeNAベイスターズ対阪神タイガース／公式戦 soldout    ぴあ1券種が予定枚数終了
[52/74] id=4326  Kis-My-Ft2               soldout    ぴあ2券種が予定枚数終了
[53/74] id=4611  MET JAZZ TOKYO: DAY 0    soldout    ぴあ1券種が予定枚数終了
[54/74] id=4726  世界のMIDORI 再び七尾へ!! 能登復興支援 soldout    ぴあ1券種が予定枚数終了
[55/74] id=4912  弁論2026                   soldout    ぴあ4券種が予定枚数終了
[56/74] id=4932  阪神タイガース対読売ジャイアンツ 公式戦     soldout    ぴあ1券種が予定枚数終了
[57/74] id=4934  センダイガールズプロレスリング<大阪大会>    soldout    ぴあ1券種が予定枚数終了
[58/74] id=4971  映画『ホーム スイート ホーム』公開記念舞台挨拶 soldout    ぴあ5券種が予定枚数終了
[59/74] id=4978  『キリコのタクト～YELL～』完成披露舞台挨拶上 soldout    ぴあ1券種が予定枚数終了
[60/74] id=4980  「SEKIRO:NO DEFEAT」公開御礼舞台 soldout    ぴあ1券種が予定枚数終了
[61/74] id=4982  『探偵はもう、死んでいる。Season2』第1話 soldout    ぴあ1券種が予定枚数終了
[62/74] id=4983  TVアニメ『さよならララ』最終話直前先行上映会  soldout    ぴあ1券種が予定枚数終了
[63/74] id=4985  TVアニメ「文豪ストレイドッグス」振り返り上映会 soldout    ぴあ1券種が予定枚数終了
[64/74] id=4986  TVアニメ「マジカル★エクスプローラー」第1話～ soldout    ぴあ1券種が予定枚数終了
[65/74] id=4987  TVアニメ『魔法騎士レイアース』ジャパンプレミア soldout    ぴあ1券種が予定枚数終了
[66/74] id=5030  『縁の手紙』完成披露上映会            soldout    ぴあ1券種が予定枚数終了
[67/74] id=5031  TVアニメ『超巡!超条先輩』キャスト舞台挨拶付き soldout    ぴあ1券種が予定枚数終了
[68/74] id=5123  阪神タイガース対読売ジャイアンツ 公式戦     soldout    ぴあ4券種が予定枚数終了
[69/74] id=5226  神奈川フィルハーモニー管弦楽団 音楽堂シリーズ第 soldout    ぴあ1券種が予定枚数終了
[70/74] id=5239  『東京リベンジャーズ』三天戦争編放送直前威弁斗～ soldout    ぴあ1券種が予定枚数終了
[71/74] id=5503  The Ravens               soldout    ぴあ1券種が予定枚数終了
[72/74] id=5510  PURPLE BUBBLE            soldout    ぴあ1券種が予定枚数終了
[73/74] id=5579  映画『白鳥とコウモリ』舞台挨拶          nosold     予定枚数終了の表示なし（抽選受付終了／販売終了）
[74/74] id=5670  フォーレ四重奏団 第2夜             soldout    ぴあ1券種が予定枚数終了

（判定のみ。適用するなら --apply）→ tmp/mark_soldout.json
