lg=01  rlsStatus=0101  総件数=4449
  sg=0100102 J-POP・ROCK が 3576件 → 地域で割る
    関東甲信越 も 1210件 → 都道府県で割る

=== バケツ 61個 ===
  sg=0100101 ジャズ・フュージョン                  156件
  sg=0100102 J-POP・ROCK / 関東甲信越 / pf=01  1439件
  sg=0100102 J-POP・ROCK / 関東甲信越 / pf=02  1236件
  sg=0100102 J-POP・ROCK / 関東甲信越 / pf=03  1250件
  sg=0100102 J-POP・ROCK / 関東甲信越 / pf=04  1383件
  sg=0100102 J-POP・ROCK / 関東甲信越 / pf=05  1238件
  sg=0100102 J-POP・ROCK / 関東甲信越 / pf=06  1233件
  sg=0100102 J-POP・ROCK / 関東甲信越 / pf=07  1255件
  sg=0100102 J-POP・ROCK / 関東甲信越 / pf=08  41件
  sg=0100102 J-POP・ROCK / 関東甲信越 / pf=09  36件
  sg=0100102 J-POP・ROCK / 関東甲信越 / pf=10  32件
  sg=0100102 J-POP・ROCK / 関東甲信越 / pf=11  61件
  sg=0100102 J-POP・ROCK / 関東甲信越 / pf=12  51件
  sg=0100102 J-POP・ROCK / 関東甲信越 / pf=13  737件
  sg=0100102 J-POP・ROCK / 関東甲信越 / pf=14  168件
  sg=0100102 J-POP・ROCK / 関東甲信越 / pf=15  67件
  sg=0100102 J-POP・ROCK / 関東甲信越 / pf=16  1228件
  sg=0100102 J-POP・ROCK / 関東甲信越 / pf=17  1268件
  sg=0100102 J-POP・ROCK / 関東甲信越 / pf=18  1221件
  sg=0100102 J-POP・ROCK / 関東甲信越 / pf=19  24件
  sg=0100102 J-POP・ROCK / 関東甲信越 / pf=20  52件
  sg=0100102 J-POP・ROCK / 関東甲信越 / pf=21  1234件
  sg=0100102 J-POP・ROCK / 関東甲信越 / pf=22  1278件
  sg=0100102 J-POP・ROCK / 関東甲信越 / pf=23  1543件
  sg=0100102 J-POP・ROCK / 関東甲信越 / pf=24  1226件
  sg=0100102 J-POP・ROCK / 関東甲信越 / pf=25  1237件
  sg=0100102 J-POP・ROCK / 関東甲信越 / pf=26  1298件
  sg=0100102 J-POP・ROCK / 関東甲信越 / pf=27  1587件
  sg=0100102 J-POP・ROCK / 関東甲信越 / pf=28  1304件
  sg=0100102 J-POP・ROCK / 関東甲信越 / pf=29  1235件
  sg=0100102 J-POP・ROCK / 関東甲信越 / pf=30  1224件
  sg=0100102 J-POP・ROCK / 関東甲信越 / pf=31  1222件
  sg=0100102 J-POP・ROCK / 関東甲信越 / pf=32  1218件
  sg=0100102 J-POP・ROCK / 関東甲信越 / pf=33  1278件
  sg=0100102 J-POP・ROCK / 関東甲信越 / pf=34  1336件
  sg=0100102 J-POP・ROCK / 関東甲信越 / pf=35  1231件
  sg=0100102 J-POP・ROCK / 関東甲信越 / pf=36  1217件
  sg=0100102 J-POP・ROCK / 関東甲信越 / pf=37  1286件
  sg=0100102 J-POP・ROCK / 関東甲信越 / pf=38  1239件
  sg=0100102 J-POP・ROCK / 関東甲信越 / pf=39  1231件
  sg=0100102 J-POP・ROCK / 関東甲信越 / pf=40  1446件
  sg=0100102 J-POP・ROCK / 関東甲信越 / pf=41  1222件
  sg=0100102 J-POP・ROCK / 関東甲信越 / pf=42  1227件
  sg=0100102 J-POP・ROCK / 関東甲信越 / pf=43  1236件
  sg=0100102 J-POP・ROCK / 関東甲信越 / pf=44  1235件
  sg=0100102 J-POP・ROCK / 関東甲信越 / pf=45  1223件
  sg=0100102 J-POP・ROCK / 関東甲信越 / pf=46  1231件
  sg=0100102 J-POP・ROCK / 関東甲信越 / pf=47  1252件
  sg=0100102 J-POP・ROCK / 関西             626件
  sg=0100102 J-POP・ROCK / 中部             457件
  sg=0100102 J-POP・ROCK / 九州・沖縄          387件
  sg=0100102 J-POP・ROCK / 北海道            238件
  sg=0100102 J-POP・ROCK / 中国・四国          350件
  sg=0100102 J-POP・ROCK / 東北             323件
  sg=0100102 J-POP・ROCK / 北陸             91件
  sg=0100103 演歌・邦楽                       265件
  sg=0100105 アニメ音楽                       14件
  sg=0100108 海外ROCK・POPS                 206件
  sg=0100109 民族音楽                        18件
  sg=0100111 フェスティバル                     94件
  sg=0100199 音楽その他                       148件
[1/61] sg=0100101 ジャズ・フュージョン              総 156 取得 112 ページ到達17/16
[2/61] sg=0100102 J-POP・ROCK / 関東甲信越 / pf 総1439 取得 681 ページ到達145/144
[3/61] sg=0100102 J-POP・ROCK / 関東甲信越 / pf 総1236 取得 709 ページ到達125/124
[4/61] sg=0100102 J-POP・ROCK / 関東甲信越 / pf 総1250 取得 708 ページ到達126/125
[5/61] sg=0100102 J-POP・ROCK / 関東甲信越 / pf 総1383 取得 697 ページ到達140/139
[6/61] sg=0100102 J-POP・ROCK / 関東甲信越 / pf 総1238 取得 713 ページ到達125/124
[7/61] sg=0100102 J-POP・ROCK / 関東甲信越 / pf 総1233 取得 711 ページ到達125/124
[8/61] sg=0100102 J-POP・ROCK / 関東甲信越 / pf 総1255 取得 704 ページ到達127/126
[9/61] sg=0100102 J-POP・ROCK / 関東甲信越 / pf 総  41 取得  39 ページ到達6/5
[10/61] sg=0100102 J-POP・ROCK / 関東甲信越 / pf 総  36 取得  34 ページ到達5/4
[11/61] sg=0100102 J-POP・ROCK / 関東甲信越 / pf 総  32 取得  30 ページ到達5/4
[12/61] sg=0100102 J-POP・ROCK / 関東甲信越 / pf 総  61 取得  57 ページ到達8/7
[13/61] sg=0100102 J-POP・ROCK / 関東甲信越 / pf 総  51 取得  42 ページ到達7/6
[14/61] sg=0100102 J-POP・ROCK / 関東甲信越 / pf 総 737 取得 636 ページ到達75/74
[15/61] sg=0100102 J-POP・ROCK / 関東甲信越 / pf 総 168 取得 144 ページ到達18/17
[16/61] sg=0100102 J-POP・ROCK / 関東甲信越 / pf 総  67 取得  65 ページ到達8/7
[17/61] sg=0100102 J-POP・ROCK / 関東甲信越 / pf 総1228 取得 712 ページ到達124/123
[18/61] sg=0100102 J-POP・ROCK / 関東甲信越 / pf 総1268 取得 706 ページ到達128/127
[19/61] sg=0100102 J-POP・ROCK / 関東甲信越 / pf 総1221 取得 710 ページ到達124/123
[20/61] sg=0100102 J-POP・ROCK / 関東甲信越 / pf 総  24 取得  22 ページ到達4/3
[21/61] sg=0100102 J-POP・ROCK / 関東甲信越 / pf 総  52 取得  50 ページ到達7/6
[22/61] sg=0100102 J-POP・ROCK / 関東甲信越 / pf 総1234 取得 708 ページ到達125/124
[23/61] sg=0100102 J-POP・ROCK / 関東甲信越 / pf 総1278 取得 710 ページ到達129/128
[24/61] sg=0100102 J-POP・ROCK / 関東甲信越 / pf 総1543 取得 724 ページ到達156/155
[25/61] sg=0100102 J-POP・ROCK / 関東甲信越 / pf 総1226 取得 711 ページ到達124/123
[26/61] sg=0100102 J-POP・ROCK / 関東甲信越 / pf 総1237 取得 709 ページ到達125/124
[27/61] sg=0100102 J-POP・ROCK / 関東甲信越 / pf 総1298 取得 709 ページ到達131/130
[28/61] sg=0100102 J-POP・ROCK / 関東甲信越 / pf 総1587 取得 714 ページ到達160/159
[29/61] sg=0100102 J-POP・ROCK / 関東甲信越 / pf 総1304 取得 705 ページ到達132/131
[30/61] sg=0100102 J-POP・ROCK / 関東甲信越 / pf 総1235 取得 711 ページ到達125/124
[31/61] sg=0100102 J-POP・ROCK / 関東甲信越 / pf 総1224 取得 710 ページ到達124/123
[32/61] sg=0100102 J-POP・ROCK / 関東甲信越 / pf 総1222 取得 712 ページ到達124/123
[33/61] sg=0100102 J-POP・ROCK / 関東甲信越 / pf 総1218 取得 714 ページ到達123/122
[34/61] sg=0100102 J-POP・ROCK / 関東甲信越 / pf 総1278 取得 713 ページ到達129/128
[35/61] sg=0100102 J-POP・ROCK / 関東甲信越 / pf 総1336 取得 705 ページ到達135/134
[36/61] sg=0100102 J-POP・ROCK / 関東甲信越 / pf 総1231 取得 710 ページ到達125/124
[37/61] sg=0100102 J-POP・ROCK / 関東甲信越 / pf 総1217 取得 715 ページ到達123/122
[38/61] sg=0100102 J-POP・ROCK / 関東甲信越 / pf 総1286 取得 708 ページ到達130/129
[39/61] sg=0100102 J-POP・ROCK / 関東甲信越 / pf 総1239 取得 713 ページ到達125/124
[40/61] sg=0100102 J-POP・ROCK / 関東甲信越 / pf 総1231 取得 711 ページ到達125/124
[41/61] sg=0100102 J-POP・ROCK / 関東甲信越 / pf 総1446 取得 700 ページ到達146/145
[42/61] sg=0100102 J-POP・ROCK / 関東甲信越 / pf 総1222 取得 712 ページ到達124/123
[43/61] sg=0100102 J-POP・ROCK / 関東甲信越 / pf 総1227 取得 709 ページ到達124/123
[44/61] sg=0100102 J-POP・ROCK / 関東甲信越 / pf 総1236 取得 708 ページ到達125/124
[45/61] sg=0100102 J-POP・ROCK / 関東甲信越 / pf 総1235 取得 711 ページ到達125/124
[46/61] sg=0100102 J-POP・ROCK / 関東甲信越 / pf 総1223 取得 713 ページ到達124/123
[47/61] sg=0100102 J-POP・ROCK / 関東甲信越 / pf 総1231 取得 711 ページ到達125/124
[48/61] sg=0100102 J-POP・ROCK / 関東甲信越 / pf 総1252 取得 708 ページ到達127/126
[49/61] sg=0100102 J-POP・ROCK / 関西         総 626 取得 495 ページ到達64/63
[50/61] sg=0100102 J-POP・ROCK / 中部         総 457 取得 390 ページ到達47/46
[51/61] sg=0100102 J-POP・ROCK / 九州・沖縄      総 387 取得 317 ページ到達40/39
[52/61] sg=0100102 J-POP・ROCK / 北海道        総 238 取得 191 ページ到達25/24
[53/61] sg=0100102 J-POP・ROCK / 中国・四国      総 350 取得 245 ページ到達36/35
[54/61] sg=0100102 J-POP・ROCK / 東北         総 323 取得 233 ページ到達34/33
[55/61] sg=0100102 J-POP・ROCK / 北陸         総  91 取得  81 ページ到達11/10
[56/61] sg=0100103 演歌・邦楽                   総 265 取得 245 ページ到達28/27
[57/61] sg=0100105 アニメ音楽                   総  14 取得  10 ページ到達3/2
[58/61] sg=0100108 海外ROCK・POPS             総 206 取得 130 ページ到達22/21
[59/61] sg=0100109 民族音楽                    総  18 取得  17 ページ到達3/2
[60/61] sg=0100111 フェスティバル                 総  94 取得  45 ページ到達11/10
[61/61] sg=0100199 音楽その他                   総 148 取得 133 ページ到達16/15

未掲載(eventCd未登録)の候補 = 1439件
written tmp/sw01_music.json
