lg=01  rlsStatus=0101  総件数=4665
  sg=0100102 J-POP・ROCK が 3761件 → 地域で割る
    関東甲信越 も 1247件 → 都道府県で割る

=== バケツ 61個 ===
  sg=0100101 ジャズ・フュージョン                  155件
  sg=0100102 J-POP・ROCK / 関東甲信越 / pf=01  1480件
  sg=0100102 J-POP・ROCK / 関東甲信越 / pf=02  1273件
  sg=0100102 J-POP・ROCK / 関東甲信越 / pf=03  1290件
  sg=0100102 J-POP・ROCK / 関東甲信越 / pf=04  1433件
  sg=0100102 J-POP・ROCK / 関東甲信越 / pf=05  1277件
  sg=0100102 J-POP・ROCK / 関東甲信越 / pf=06  1271件
  sg=0100102 J-POP・ROCK / 関東甲信越 / pf=07  1293件
  sg=0100102 J-POP・ROCK / 関東甲信越 / pf=08  39件
  sg=0100102 J-POP・ROCK / 関東甲信越 / pf=09  38件
  sg=0100102 J-POP・ROCK / 関東甲信越 / pf=10  29件
  sg=0100102 J-POP・ROCK / 関東甲信越 / pf=11  71件
  sg=0100102 J-POP・ROCK / 関東甲信越 / pf=12  52件
  sg=0100102 J-POP・ROCK / 関東甲信越 / pf=13  748件
  sg=0100102 J-POP・ROCK / 関東甲信越 / pf=14  175件
  sg=0100102 J-POP・ROCK / 関東甲信越 / pf=15  70件
  sg=0100102 J-POP・ROCK / 関東甲信越 / pf=16  1266件
  sg=0100102 J-POP・ROCK / 関東甲信越 / pf=17  1308件
  sg=0100102 J-POP・ROCK / 関東甲信越 / pf=18  1259件
  sg=0100102 J-POP・ROCK / 関東甲信越 / pf=19  25件
  sg=0100102 J-POP・ROCK / 関東甲信越 / pf=20  56件
  sg=0100102 J-POP・ROCK / 関東甲信越 / pf=21  1271件
  sg=0100102 J-POP・ROCK / 関東甲信越 / pf=22  1314件
  sg=0100102 J-POP・ROCK / 関東甲信越 / pf=23  1614件
  sg=0100102 J-POP・ROCK / 関東甲信越 / pf=24  1266件
  sg=0100102 J-POP・ROCK / 関東甲信越 / pf=25  1271件
  sg=0100102 J-POP・ROCK / 関東甲信越 / pf=26  1341件
  sg=0100102 J-POP・ROCK / 関東甲信越 / pf=27  1650件
  sg=0100102 J-POP・ROCK / 関東甲信越 / pf=28  1345件
  sg=0100102 J-POP・ROCK / 関東甲信越 / pf=29  1273件
  sg=0100102 J-POP・ROCK / 関東甲信越 / pf=30  1261件
  sg=0100102 J-POP・ROCK / 関東甲信越 / pf=31  1260件
  sg=0100102 J-POP・ROCK / 関東甲信越 / pf=32  1258件
  sg=0100102 J-POP・ROCK / 関東甲信越 / pf=33  1321件
  sg=0100102 J-POP・ROCK / 関東甲信越 / pf=34  1379件
  sg=0100102 J-POP・ROCK / 関東甲信越 / pf=35  1270件
  sg=0100102 J-POP・ROCK / 関東甲信越 / pf=36  1253件
  sg=0100102 J-POP・ROCK / 関東甲信越 / pf=37  1323件
  sg=0100102 J-POP・ROCK / 関東甲信越 / pf=38  1278件
  sg=0100102 J-POP・ROCK / 関東甲信越 / pf=39  1269件
  sg=0100102 J-POP・ROCK / 関東甲信越 / pf=40  1505件
  sg=0100102 J-POP・ROCK / 関東甲信越 / pf=41  1259件
  sg=0100102 J-POP・ROCK / 関東甲信越 / pf=42  1264件
  sg=0100102 J-POP・ROCK / 関東甲信越 / pf=43  1275件
  sg=0100102 J-POP・ROCK / 関東甲信越 / pf=44  1272件
  sg=0100102 J-POP・ROCK / 関東甲信越 / pf=45  1260件
  sg=0100102 J-POP・ROCK / 関東甲信越 / pf=46  1272件
  sg=0100102 J-POP・ROCK / 関東甲信越 / pf=47  1290件
  sg=0100102 J-POP・ROCK / 関西             660件
  sg=0100102 J-POP・ROCK / 中部             493件
  sg=0100102 J-POP・ROCK / 九州・沖縄          415件
  sg=0100102 J-POP・ROCK / 北海道            241件
  sg=0100102 J-POP・ROCK / 中国・四国          369件
  sg=0100102 J-POP・ROCK / 東北             342件
  sg=0100102 J-POP・ROCK / 北陸             95件
  sg=0100103 演歌・邦楽                       269件
  sg=0100105 アニメ音楽                       18件
  sg=0100108 海外ROCK・POPS                 234件
  sg=0100109 民族音楽                        21件
  sg=0100111 フェスティバル                     99件
  sg=0100199 音楽その他                       139件
[1/61] sg=0100101 ジャズ・フュージョン              総 155 取得 114 ページ到達17/16
[2/61] sg=0100102 J-POP・ROCK / 関東甲信越 / pf 総1480 取得 693 ページ到達149/148
[3/61] sg=0100102 J-POP・ROCK / 関東甲信越 / pf 総1273 取得 717 ページ到達129/128
[4/61] sg=0100102 J-POP・ROCK / 関東甲信越 / pf 総1290 取得 717 ページ到達130/129
[5/61] sg=0100102 J-POP・ROCK / 関東甲信越 / pf 総1433 取得 702 ページ到達145/144
[6/61] sg=0100102 J-POP・ROCK / 関東甲信越 / pf 総1277 取得 720 ページ到達129/128
[7/61] sg=0100102 J-POP・ROCK / 関東甲信越 / pf 総1271 取得 718 ページ到達129/128
[8/61] sg=0100102 J-POP・ROCK / 関東甲信越 / pf 総1293 取得 710 ページ到達131/130
[9/61] sg=0100102 J-POP・ROCK / 関東甲信越 / pf 総  39 取得  38 ページ到達5/4
[10/61] sg=0100102 J-POP・ROCK / 関東甲信越 / pf 総  38 取得  36 ページ到達5/4
[11/61] sg=0100102 J-POP・ROCK / 関東甲信越 / pf 総  29 取得  28 ページ到達4/3
[12/61] sg=0100102 J-POP・ROCK / 関東甲信越 / pf 総  71 取得  64 ページ到達9/8
[13/61] sg=0100102 J-POP・ROCK / 関東甲信越 / pf 総  52 取得  45 ページ到達7/6
[14/61] sg=0100102 J-POP・ROCK / 関東甲信越 / pf 総 748 取得 642 ページ到達76/75
[15/61] sg=0100102 J-POP・ROCK / 関東甲信越 / pf 総 175 取得 151 ページ到達19/18
[16/61] sg=0100102 J-POP・ROCK / 関東甲信越 / pf 総  70 取得  68 ページ到達8/7
[17/61] sg=0100102 J-POP・ROCK / 関東甲信越 / pf 総1266 取得 717 ページ到達128/127
[18/61] sg=0100102 J-POP・ROCK / 関東甲信越 / pf 総1308 取得 711 ページ到達132/131
[19/61] sg=0100102 J-POP・ROCK / 関東甲信越 / pf 総1259 取得 715 ページ到達127/126
[20/61] sg=0100102 J-POP・ROCK / 関東甲信越 / pf 総  25 取得  23 ページ到達4/3
[21/61] sg=0100102 J-POP・ROCK / 関東甲信越 / pf 総  56 取得  54 ページ到達7/6
[22/61] sg=0100102 J-POP・ROCK / 関東甲信越 / pf 総1271 取得 714 ページ到達129/128
[23/61] sg=0100102 J-POP・ROCK / 関東甲信越 / pf 総1314 取得 711 ページ到達133/132
[24/61] sg=0100102 J-POP・ROCK / 関東甲信越 / pf 総1614 取得 721 ページ到達163/162
[25/61] sg=0100102 J-POP・ROCK / 関東甲信越 / pf 総1266 取得 716 ページ到達128/127
[26/61] sg=0100102 J-POP・ROCK / 関東甲信越 / pf 総1271 取得 714 ページ到達129/128
[27/61] sg=0100102 J-POP・ROCK / 関東甲信越 / pf 総1341 取得 707 ページ到達136/135
[28/61] sg=0100102 J-POP・ROCK / 関東甲信越 / pf 総1650 取得 718 ページ到達167/166
[29/61] sg=0100102 J-POP・ROCK / 関東甲信越 / pf 総1345 取得 710 ページ到達136/135
[30/61] sg=0100102 J-POP・ROCK / 関東甲信越 / pf 総1273 取得 719 ページ到達129/128
[31/61] sg=0100102 J-POP・ROCK / 関東甲信越 / pf 総1261 取得 717 ページ到達128/127
[32/61] sg=0100102 J-POP・ROCK / 関東甲信越 / pf 総1260 取得 716 ページ到達128/127
[33/61] sg=0100102 J-POP・ROCK / 関東甲信越 / pf 総1258 取得 718 ページ到達127/126
[34/61] sg=0100102 J-POP・ROCK / 関東甲信越 / pf 総1321 取得 714 ページ到達134/133
[35/61] sg=0100102 J-POP・ROCK / 関東甲信越 / pf 総1379 取得 714 ページ到達139/138
[36/61] sg=0100102 J-POP・ROCK / 関東甲信越 / pf 総1270 取得 717 ページ到達129/128
[37/61] sg=0100102 J-POP・ROCK / 関東甲信越 / pf 総1253 取得 717 ページ到達127/126
[38/61] sg=0100102 J-POP・ROCK / 関東甲信越 / pf 総1323 取得 708 ページ到達134/133
[39/61] sg=0100102 J-POP・ROCK / 関東甲信越 / pf 総1278 取得 719 ページ到達129/128
[40/61] sg=0100102 J-POP・ROCK / 関東甲信越 / pf 総1269 取得 717 ページ到達128/127
[41/61] sg=0100102 J-POP・ROCK / 関東甲信越 / pf 総1505 取得 706 ページ到達152/151
[42/61] sg=0100102 J-POP・ROCK / 関東甲信越 / pf 総1259 取得 716 ページ到達127/126
[43/61] sg=0100102 J-POP・ROCK / 関東甲信越 / pf 総1264 取得 714 ページ到達128/127
[44/61] sg=0100102 J-POP・ROCK / 関東甲信越 / pf 総1275 取得 715 ページ到達129/128
[45/61] sg=0100102 J-POP・ROCK / 関東甲信越 / pf 総1272 取得 716 ページ到達129/128
[46/61] sg=0100102 J-POP・ROCK / 関東甲信越 / pf 総1260 取得 718 ページ到達128/127
[47/61] sg=0100102 J-POP・ROCK / 関東甲信越 / pf 総1272 取得 716 ページ到達129/128
[48/61] sg=0100102 J-POP・ROCK / 関東甲信越 / pf 総1290 取得 716 ページ到達131/130
[49/61] sg=0100102 J-POP・ROCK / 関西         総 660 取得 527 ページ到達67/66
[50/61] sg=0100102 J-POP・ROCK / 中部         総 493 取得 420 ページ到達51/50
[51/61] sg=0100102 J-POP・ROCK / 九州・沖縄      総 415 取得 339 ページ到達43/42
[52/61] sg=0100102 J-POP・ROCK / 北海道        総 241 取得 196 ページ到達26/25
[53/61] sg=0100102 J-POP・ROCK / 中国・四国      総 369 取得 253 ページ到達38/37
[54/61] sg=0100102 J-POP・ROCK / 東北         総 342 取得 243 ページ到達36/35
[55/61] sg=0100102 J-POP・ROCK / 北陸         総  95 取得  86 ページ到達11/10
[56/61] sg=0100103 演歌・邦楽                   総 269 取得 248 ページ到達28/27
[57/61] sg=0100105 アニメ音楽                   総  18 取得  13 ページ到達3/2
[58/61] sg=0100108 海外ROCK・POPS             総 234 取得 145 ページ到達25/24
[59/61] sg=0100109 民族音楽                    総  21 取得  18 ページ到達4/3
[60/61] sg=0100111 フェスティバル                 総  99 取得  47 ページ到達11/10
[61/61] sg=0100199 音楽その他                   総 139 取得 126 ページ到達15/14

未掲載(eventCd未登録)の候補 = 1361件
written tmp/sweep_music_0101_0829.json
