lg=01  rlsStatus=0101  総件数=4907
  sg=0100102 J-POP・ROCK が 4028件 → 地域で割る
    関東甲信越 も 1305件 → 都道府県で割る

=== バケツ 61個 ===
  sg=0100101 ジャズ・フュージョン                  170件
  sg=0100102 J-POP・ROCK / 関東甲信越 / pf=01  1563件
  sg=0100102 J-POP・ROCK / 関東甲信越 / pf=02  1330件
  sg=0100102 J-POP・ROCK / 関東甲信越 / pf=03  1350件
  sg=0100102 J-POP・ROCK / 関東甲信越 / pf=04  1498件
  sg=0100102 J-POP・ROCK / 関東甲信越 / pf=05  1334件
  sg=0100102 J-POP・ROCK / 関東甲信越 / pf=06  1328件
  sg=0100102 J-POP・ROCK / 関東甲信越 / pf=07  1352件
  sg=0100102 J-POP・ROCK / 関東甲信越 / pf=08  43件
  sg=0100102 J-POP・ROCK / 関東甲信越 / pf=09  40件
  sg=0100102 J-POP・ROCK / 関東甲信越 / pf=10  32件
  sg=0100102 J-POP・ROCK / 関東甲信越 / pf=11  71件
  sg=0100102 J-POP・ROCK / 関東甲信越 / pf=12  48件
  sg=0100102 J-POP・ROCK / 関東甲信越 / pf=13  811件
  sg=0100102 J-POP・ROCK / 関東甲信越 / pf=14  164件
  sg=0100102 J-POP・ROCK / 関東甲信越 / pf=15  68件
  sg=0100102 J-POP・ROCK / 関東甲信越 / pf=16  1323件
  sg=0100102 J-POP・ROCK / 関東甲信越 / pf=17  1373件
  sg=0100102 J-POP・ROCK / 関東甲信越 / pf=18  1318件
  sg=0100102 J-POP・ROCK / 関東甲信越 / pf=19  25件
  sg=0100102 J-POP・ROCK / 関東甲信越 / pf=20  58件
  sg=0100102 J-POP・ROCK / 関東甲信越 / pf=21  1332件
  sg=0100102 J-POP・ROCK / 関東甲信越 / pf=22  1368件
  sg=0100102 J-POP・ROCK / 関東甲信越 / pf=23  1706件
  sg=0100102 J-POP・ROCK / 関東甲信越 / pf=24  1322件
  sg=0100102 J-POP・ROCK / 関東甲信越 / pf=25  1329件
  sg=0100102 J-POP・ROCK / 関東甲信越 / pf=26  1409件
  sg=0100102 J-POP・ROCK / 関東甲信越 / pf=27  1759件
  sg=0100102 J-POP・ROCK / 関東甲信越 / pf=28  1399件
  sg=0100102 J-POP・ROCK / 関東甲信越 / pf=29  1330件
  sg=0100102 J-POP・ROCK / 関東甲信越 / pf=30  1321件
  sg=0100102 J-POP・ROCK / 関東甲信越 / pf=31  1318件
  sg=0100102 J-POP・ROCK / 関東甲信越 / pf=32  1318件
  sg=0100102 J-POP・ROCK / 関東甲信越 / pf=33  1381件
  sg=0100102 J-POP・ROCK / 関東甲信越 / pf=34  1452件
  sg=0100102 J-POP・ROCK / 関東甲信越 / pf=35  1328件
  sg=0100102 J-POP・ROCK / 関東甲信越 / pf=36  1310件
  sg=0100102 J-POP・ROCK / 関東甲信越 / pf=37  1392件
  sg=0100102 J-POP・ROCK / 関東甲信越 / pf=38  1341件
  sg=0100102 J-POP・ROCK / 関東甲信越 / pf=39  1327件
  sg=0100102 J-POP・ROCK / 関東甲信越 / pf=40  1593件
  sg=0100102 J-POP・ROCK / 関東甲信越 / pf=41  1319件
  sg=0100102 J-POP・ROCK / 関東甲信越 / pf=42  1327件
  sg=0100102 J-POP・ROCK / 関東甲信越 / pf=43  1342件
  sg=0100102 J-POP・ROCK / 関東甲信越 / pf=44  1327件
  sg=0100102 J-POP・ROCK / 関東甲信越 / pf=45  1318件
  sg=0100102 J-POP・ROCK / 関東甲信越 / pf=46  1335件
  sg=0100102 J-POP・ROCK / 関東甲信越 / pf=47  1352件
  sg=0100102 J-POP・ROCK / 関西             717件
  sg=0100102 J-POP・ROCK / 中部             522件
  sg=0100102 J-POP・ROCK / 九州・沖縄          469件
  sg=0100102 J-POP・ROCK / 北海道            267件
  sg=0100102 J-POP・ROCK / 中国・四国          401件
  sg=0100102 J-POP・ROCK / 東北             349件
  sg=0100102 J-POP・ROCK / 北陸             100件
  sg=0100103 演歌・邦楽                       256件
  sg=0100105 アニメ音楽                       21件
  sg=0100108 海外ROCK・POPS                 228件
  sg=0100109 民族音楽                        22件
  sg=0100111 フェスティバル                     94件
  sg=0100199 音楽その他                       130件
[1/61] sg=0100101 ジャズ・フュージョン              総 170 取得 126 ページ到達18/17
[2/61] sg=0100102 J-POP・ROCK / 関東甲信越 / pf 総1563 取得 704 ページ到達158/157
[3/61] sg=0100102 J-POP・ROCK / 関東甲信越 / pf 総1330 取得 728 ページ到達134/133
[4/61] sg=0100102 J-POP・ROCK / 関東甲信越 / pf 総1350 取得 725 ページ到達136/135
[5/61] sg=0100102 J-POP・ROCK / 関東甲信越 / pf 総1498 取得 711 ページ到達151/150
[6/61] sg=0100102 J-POP・ROCK / 関東甲信越 / pf 総1334 取得 727 ページ到達135/134
[7/61] sg=0100102 J-POP・ROCK / 関東甲信越 / pf 総1328 取得 728 ページ到達134/133
[8/61] sg=0100102 J-POP・ROCK / 関東甲信越 / pf 総1352 取得 721 ページ到達137/136
[9/61] sg=0100102 J-POP・ROCK / 関東甲信越 / pf 総  43 取得  41 ページ到達6/5
[10/61] sg=0100102 J-POP・ROCK / 関東甲信越 / pf 総  40 取得  39 ページ到達5/4
[11/61] sg=0100102 J-POP・ROCK / 関東甲信越 / pf 総  32 取得  31 ページ到達5/4
[12/61] sg=0100102 J-POP・ROCK / 関東甲信越 / pf 総  71 取得  66 ページ到達9/8
[13/61] sg=0100102 J-POP・ROCK / 関東甲信越 / pf 総  48 取得  44 ページ到達6/5
[14/61] sg=0100102 J-POP・ROCK / 関東甲信越 / pf 総 811 取得 697 ページ到達83/82
[15/61] sg=0100102 J-POP・ROCK / 関東甲信越 / pf 総 164 取得 141 ページ到達18/17
[16/61] sg=0100102 J-POP・ROCK / 関東甲信越 / pf 総  68 取得  66 ページ到達8/7
[17/61] sg=0100102 J-POP・ROCK / 関東甲信越 / pf 総1323 取得 728 ページ到達134/133
[18/61] sg=0100102 J-POP・ROCK / 関東甲信越 / pf 総1373 取得 721 ページ到達139/138
[19/61] sg=0100102 J-POP・ROCK / 関東甲信越 / pf 総1318 取得 728 ページ到達134/133
[20/61] sg=0100102 J-POP・ROCK / 関東甲信越 / pf 総  25 取得  24 ページ到達4/3
[21/61] sg=0100102 J-POP・ROCK / 関東甲信越 / pf 総  58 取得  55 ページ到達7/6
[22/61] sg=0100102 J-POP・ROCK / 関東甲信越 / pf 総1332 取得 729 ページ到達135/134
[23/61] sg=0100102 J-POP・ROCK / 関東甲信越 / pf 総1368 取得 720 ページ到達139/138
[24/61] sg=0100102 J-POP・ROCK / 関東甲信越 / pf 総1706 取得 717 ページ到達172/171
[25/61] sg=0100102 J-POP・ROCK / 関東甲信越 / pf 総1322 取得 730 ページ到達134/133
[26/61] sg=0100102 J-POP・ROCK / 関東甲信越 / pf 総1329 取得 726 ページ到達135/134
[27/61] sg=0100102 J-POP・ROCK / 関東甲信越 / pf 総1409 取得 720 ページ到達143/142
[28/61] sg=0100102 J-POP・ROCK / 関東甲信越 / pf 総1759 取得 720 ページ到達178/177
[29/61] sg=0100102 J-POP・ROCK / 関東甲信越 / pf 総1399 取得 721 ページ到達142/141
[30/61] sg=0100102 J-POP・ROCK / 関東甲信越 / pf 総1330 取得 730 ページ到達135/134
[31/61] sg=0100102 J-POP・ROCK / 関東甲信越 / pf 総1321 取得 727 ページ到達134/133
[32/61] sg=0100102 J-POP・ROCK / 関東甲信越 / pf 総1318 取得 730 ページ到達134/133
[33/61] sg=0100102 J-POP・ROCK / 関東甲信越 / pf 総1318 取得 729 ページ到達134/133
[34/61] sg=0100102 J-POP・ROCK / 関東甲信越 / pf 総1381 取得 727 ページ到達140/139
[35/61] sg=0100102 J-POP・ROCK / 関東甲信越 / pf 総1452 取得 724 ページ到達147/146
[36/61] sg=0100102 J-POP・ROCK / 関東甲信越 / pf 総1328 取得 727 ページ到達135/134
[37/61] sg=0100102 J-POP・ROCK / 関東甲信越 / pf 総1310 取得 729 ページ到達133/132
[38/61] sg=0100102 J-POP・ROCK / 関東甲信越 / pf 総1392 取得 716 ページ到達141/140
[39/61] sg=0100102 J-POP・ROCK / 関東甲信越 / pf 総1341 取得 728 ページ到達136/135
[40/61] sg=0100102 J-POP・ROCK / 関東甲信越 / pf 総1327 取得 727 ページ到達134/133
[41/61] sg=0100102 J-POP・ROCK / 関東甲信越 / pf 総1593 取得 718 ページ到達161/160
[42/61] sg=0100102 J-POP・ROCK / 関東甲信越 / pf 総1319 取得 729 ページ到達134/133
[43/61] sg=0100102 J-POP・ROCK / 関東甲信越 / pf 総1327 取得 727 ページ到達134/133
[44/61] sg=0100102 J-POP・ROCK / 関東甲信越 / pf 総1342 取得 726 ページ到達136/135
[45/61] sg=0100102 J-POP・ROCK / 関東甲信越 / pf 総1327 取得 729 ページ到達134/133
[46/61] sg=0100102 J-POP・ROCK / 関東甲信越 / pf 総1318 取得 731 ページ到達134/133
[47/61] sg=0100102 J-POP・ROCK / 関東甲信越 / pf 総1335 取得 724 ページ到達135/134
[48/61] sg=0100102 J-POP・ROCK / 関東甲信越 / pf 総1352 取得 725 ページ到達137/136
[49/61] sg=0100102 J-POP・ROCK / 関西         総 717 取得 578 ページ到達74/73
[50/61] sg=0100102 J-POP・ROCK / 中部         総 522 取得 442 ページ到達54/53
[51/61] sg=0100102 J-POP・ROCK / 九州・沖縄      総 469 取得 371 ページ到達48/47
[52/61] sg=0100102 J-POP・ROCK / 北海道        総 267 取得 214 ページ到達28/27
[53/61] sg=0100102 J-POP・ROCK / 中国・四国      総 401 取得 278 ページ到達42/41
[54/61] sg=0100102 J-POP・ROCK / 東北         総 349 取得 248 ページ到達36/35
[55/61] sg=0100102 J-POP・ROCK / 北陸         総 100 取得  91 ページ到達11/10
[56/61] sg=0100103 演歌・邦楽                   総 256 取得 244 ページ到達27/26
[57/61] sg=0100105 アニメ音楽                   総  21 取得  16 ページ到達4/3
[58/61] sg=0100108 海外ROCK・POPS             総 228 取得 130 ページ到達24/23
[59/61] sg=0100109 民族音楽                    総  22 取得  18 ページ到達4/3
[60/61] sg=0100111 フェスティバル                 総  94 取得  46 ページ到達11/10
[61/61] sg=0100199 音楽その他                   総 130 取得 121 ページ到達15/14

未掲載(eventCd未登録)の候補 = 627件
written tmp/sweep_music_0101_0914.json
