  91001 OK
  91002 OK
  91003 OK
  91004 OK
  91005 OK
  91006 OK
  91007 OK
  91008 OK
  91009 OK
  91010 OK
  91011 OK
  91012 OK
  91013 OK
  91014 OK
  91015 OK
  91016 OK
  91017 OK
  91018 OK
  91019 OK
  91020 OK
  91021 OK
  91022 skip(売切)
  91023 OK
  91024 OK
  91025 OK
  91026 OK
  91027 OK
  91028 OK
  91029 skip(売切)
  91030 skip(売切)
  91031 OK
  91032 OK
  91033 OK
  91034 OK
  91035 OK
  91036 OK
  91037 OK
  91038 skip(売切)
  91039 OK
  91040 OK
  91041 OK
  91042 OK
  91043 OK
  91044 OK
  91045 OK
  91046 OK
  91047 OK
  91048 OK
  91049 OK
  91050 OK
  91051 OK
  91052 OK
  91053 OK
  91054 OK
  91055 OK
  91056 OK
  91057 OK
  91058 skip(売切)
  91059 skip(売切)
  91060 skip(売切)
  91061 skip(売切)
  91062 OK
  91063 OK
  91064 OK
  91065 OK
  91066 OK
  91067 OK
  91068 OK
構築 60 件 / skip [91022, 91029, 91030, 91038, 91058, 91059, 91060, 91061]

!!!!!!!!!!!!!!!!!!!!!!!!!!!!!!!!!!!!!!!!!!!!!!!!!!!!!!!!!!!!
\u26a0\ufe0f 取りこぼし 1件（買える枠なのに取り込めなかった＝要対応）:
   id91017 [発売前] when='' | 一般発売 ／ 中部フィルハーモニー交響楽団 室内楽シリーズＶｏｌ．６
→ parse_when/kenshu/状態判定にこの表記を足してから再構築すること。
!!!!!!!!!!!!!!!!!!!!!!!!!!!!!!!!!!!!!!!!!!!!!!!!!!!!!!!!!!!!
