  登録済みのTIGETイベント 5432件（新着順で追い越したら打ち切る）
  一覧 cat=29(アイドル) page=1/51 … 24件（未登録16件）/ 累計24件
  一覧 cat=29(アイドル) page=2/51 … 24件（未登録10件）/ 累計46件
  一覧 cat=29(アイドル) page=3/51 … 23件（未登録5件）/ 累計69件
  一覧 cat=29(アイドル) page=4/51 … 24件（未登録5件）/ 累計93件
  一覧 cat=29(アイドル) page=5/51 … 24件（未登録3件）/ 累計117件
  一覧 cat=29(アイドル) page=6/51 … 23件（未登録3件）/ 累計140件
  一覧 cat=29(アイドル) page=7/51 … 24件（未登録2件）/ 累計164件
  一覧 cat=29(アイドル) page=8/51 … 24件（未登録3件）/ 累計188件
  一覧 cat=29(アイドル) page=9/51 … 24件（未登録5件）/ 累計212件
  一覧 cat=29(アイドル) page=10/51 … 24件（未登録1件）/ 累計236件
  一覧 cat=29(アイドル) page=11/51 … 24件（未登録0件）/ 累計260件
  → 登録済みだけのページが1枚続いたので cat=29 は打ち切り
  一覧 cat=30(ジャズ／フュージョン) page=1/7 … 24件（未登録1件）/ 累計282件
  一覧 cat=30(ジャズ／フュージョン) page=2/7 … 24件（未登録2件）/ 累計306件
  一覧 cat=30(ジャズ／フュージョン) page=3/7 … 24件（未登録2件）/ 累計330件
  一覧 cat=30(ジャズ／フュージョン) page=4/7 … 24件（未登録0件）/ 累計354件
  → 登録済みだけのページが1枚続いたので cat=30 は打ち切り
  一覧 cat=31(邦楽ポップ／ロック) page=1/115 … 24件（未登録24件）/ 累計376件
  一覧 cat=31(邦楽ポップ／ロック) page=2/115 … 24件（未登録4件）/ 累計392件
  一覧 cat=31(邦楽ポップ／ロック) page=3/115 … 24件（未登録9件）/ 累計410件
  一覧 cat=31(邦楽ポップ／ロック) page=4/115 … 24件（未登録7件）/ 累計427件
  一覧 cat=31(邦楽ポップ／ロック) page=5/115 … 24件（未登録5件）/ 累計449件
  一覧 cat=31(邦楽ポップ／ロック) page=6/115 … 24件（未登録2件）/ 累計468件
  一覧 cat=31(邦楽ポップ／ロック) page=7/115 … 24件（未登録2件）/ 累計488件
  一覧 cat=31(邦楽ポップ／ロック) page=8/115 … 24件（未登録3件）/ 累計510件
  一覧 cat=31(邦楽ポップ／ロック) page=9/115 … 24件（未登録11件）/ 累計533件
  一覧 cat=31(邦楽ポップ／ロック) page=10/115 … 24件（未登録0件）/ 累計551件
  → 登録済みだけのページが1枚続いたので cat=31 は打ち切り
  一覧 cat=32(邦楽ヒップホップ／レゲエ) page=1/6 … 24件（未登録1件）/ 累計562件
  一覧 cat=32(邦楽ヒップホップ／レゲエ) page=2/6 … 24件（未登録2件）/ 累計586件
  一覧 cat=32(邦楽ヒップホップ／レゲエ) page=3/6 … 24件（未登録0件）/ 累計610件
  → 登録済みだけのページが1枚続いたので cat=32 は打ち切り
  一覧 cat=33(邦楽ソウル／R&B) page=1/9 … 24件（未登録0件）/ 累計620件
  → 登録済みだけのページが1枚続いたので cat=33 は打ち切り
  一覧 cat=34(邦楽演歌／民謡) page=1/2 … 24件（未登録3件）/ 累計638件
  一覧 cat=34(邦楽演歌／民謡) page=2/2 … 14件（未登録2件）/ 累計652件
  一覧 cat=35(邦楽その他) page=1/22 … 24件（未登録2件）/ 累計654件
  一覧 cat=35(邦楽その他) page=2/22 … 24件（未登録1件）/ 累計660件
  一覧 cat=35(邦楽その他) page=3/22 … 22件（未登録0件）/ 累計679件
  → 登録済みだけのページが1枚続いたので cat=35 は打ち切り
  一覧 cat=36(洋楽ポップ／ロック) page=1/7 … 24件（未登録4件）/ 累計687件
  一覧 cat=36(洋楽ポップ／ロック) page=2/7 … 24件（未登録1件）/ 累計705件
  一覧 cat=36(洋楽ポップ／ロック) page=3/7 … 24件（未登録1件）/ 累計722件
  一覧 cat=36(洋楽ポップ／ロック) page=4/7 … 24件（未登録1件）/ 累計743件
  一覧 cat=36(洋楽ポップ／ロック) page=5/7 … 24件（未登録1件）/ 累計767件
  一覧 cat=36(洋楽ポップ／ロック) page=6/7 … 24件（未登録2件）/ 累計790件
  一覧 cat=36(洋楽ポップ／ロック) page=7/7 … 15件（未登録0件）/ 累計804件
  → 登録済みだけのページが1枚続いたので cat=36 は打ち切り
  一覧 cat=37(洋楽ヒップホップ／レゲエ) page=1/1 … 13件（未登録0件）/ 累計811件
  → 登録済みだけのページが1枚続いたので cat=37 は打ち切り
  一覧 cat=38(洋楽ソウル／R&B) page=1/3 … 24件（未登録2件）/ 累計817件
  一覧 cat=38(洋楽ソウル／R&B) page=2/3 … 24件（未登録2件）/ 累計826件
  一覧 cat=38(洋楽ソウル／R&B) page=3/3 … 3件（未登録0件）/ 累計828件
  → 登録済みだけのページが1枚続いたので cat=38 は打ち切り
  一覧 cat=39(洋楽その他) page=1/3 … 24件（未登録0件）/ 累計835件
  → 登録済みだけのページが1枚続いたので cat=39 は打ち切り
  一覧 cat=40(アカペラ／合唱) page=1/2 … 24件（未登録0件）/ 累計858件
  → 登録済みだけのページが1枚続いたので cat=40 は打ち切り
  一覧 cat=41(アニメ／ゲーム／声優) page=1/8 … 24件（未登録0件）/ 累計867件
  → 登録済みだけのページが1枚続いたので cat=41 は打ち切り
  一覧 cat=42(フェスティバル(音楽)) page=1/5 … 24件（未登録1件）/ 累計877件
  一覧 cat=42(フェスティバル(音楽)) page=2/5 … 24件（未登録0件）/ 累計896件
  → 登録済みだけのページが1枚続いたので cat=42 は打ち切り
  一覧 cat=43(音楽その他) page=1/24 … 24件（未登録5件）/ 累計899件
  一覧 cat=43(音楽その他) page=2/24 … 24件（未登録2件）/ 累計904件
  一覧 cat=43(音楽その他) page=3/24 … 24件（未登録3件）/ 累計914件
  一覧 cat=43(音楽その他) page=4/24 … 24件（未登録1件）/ 累計934件
  一覧 cat=43(音楽その他) page=5/24 … 24件（未登録0件）/ 累計948件
  → 登録済みだけのページが1枚続いたので cat=43 は打ち切り
  一覧 cat=44(脱出／謎解き) page=1/1 … 15件（未登録0件）/ 累計962件
  → 登録済みだけのページが1枚続いたので cat=44 は打ち切り
  一覧 cat=45(ショー／ファンイベント) page=1/12 … 23件（未登録13件）/ 累計977件
  一覧 cat=45(ショー／ファンイベント) page=2/12 … 19件（未登録0件）/ 累計982件
  → 登録済みだけのページが1枚続いたので cat=45 は打ち切り
  一覧 cat=46(トークショー／講演会) page=1/11 … 22件（未登録13件）/ 累計990件
  一覧 cat=46(トークショー／講演会) page=2/11 … 19件（未登録1件）/ 累計999件
  一覧 cat=46(トークショー／講演会) page=3/11 … 21件（未登録0件）/ 累計1018件
  → 登録済みだけのページが1枚続いたので cat=46 は打ち切り
  一覧 cat=47(グルメ／ディナーショー) page=1/2 … 24件（未登録1件）/ 累計1033件
  一覧 cat=47(グルメ／ディナーショー) page=2/2 … 13件（未登録1件）/ 累計1045件
  一覧 cat=48(ファミリー／子ども向け) page=1/2 … 24件（未登録0件）/ 累計1065件
  → 登録済みだけのページが1枚続いたので cat=48 は打ち切り
  一覧 cat=49(アニメ／ゲーム) page=1/2 … 24件（未登録0件）/ 累計1086件
  → 登録済みだけのページが1枚続いたので cat=49 は打ち切り
  一覧 cat=50(ファッション／ビューティー) page=1/1 … 18件（未登録0件）/ 累計1098件
  → 登録済みだけのページが1枚続いたので cat=50 は打ち切り
  一覧 cat=51(展示会／博覧会) page=1/1 … 24件（未登録0件）/ 累計1112件
  → 登録済みだけのページが1枚続いたので cat=51 は打ち切り
  一覧 cat=52(イベントその他) page=1/22 … 24件（未登録19件）/ 累計1117件
  一覧 cat=52(イベントその他) page=2/22 … 23件（未登録2件）/ 累計1123件
  一覧 cat=52(イベントその他) page=3/22 … 21件（未登録0件）/ 累計1128件
  → 登録済みだけのページが1枚続いたので cat=52 は打ち切り
  一覧 cat=53(お笑い／寄席) page=1/57 … 24件（未登録15件）/ 累計1149件
  一覧 cat=53(お笑い／寄席) page=2/57 … 24件（未登録6件）/ 累計1171件
  一覧 cat=53(お笑い／寄席) page=3/57 … 24件（未登録4件）/ 累計1194件
  一覧 cat=53(お笑い／寄席) page=4/57 … 24件（未登録0件）/ 累計1215件
  → 登録済みだけのページが1枚続いたので cat=53 は打ち切り
  一覧 cat=54(演劇) page=1/5 … 24件（未登録2件）/ 累計1231件
  一覧 cat=54(演劇) page=2/5 … 24件（未登録0件）/ 累計1255件
  → 登録済みだけのページが1枚続いたので cat=54 は打ち切り
  一覧 cat=55(ダンス／パフォーマンス) page=1/8 … 24件（未登録8件）/ 累計1256件
  一覧 cat=55(ダンス／パフォーマンス) page=2/8 … 24件（未登録0件）/ 累計1267件
  → 登録済みだけのページが1枚続いたので cat=55 は打ち切り
  一覧 cat=56(バレエ) page=1/1 … 2件（未登録0件）/ 累計1269件
  → 登録済みだけのページが1枚続いたので cat=56 は打ち切り
  一覧 cat=57(朗読／リーディング) page=1/2 … 24件（未登録4件）/ 累計1281件
  一覧 cat=57(朗読／リーディング) page=2/2 … 8件（未登録1件）/ 累計1289件
  一覧 cat=58(ミュージカル／ショー) page=1/2 … 24件（未登録0件）/ 累計1294件
  → 登録済みだけのページが1枚続いたので cat=58 は打ち切り
  一覧 cat=59(フェスティバル(演劇)) page=1/1 … 19件（未登録0件）/ 累計1303件
  → 登録済みだけのページが1枚続いたので cat=59 は打ち切り
  一覧 cat=60(マジック／手品) page=1/1 … 6件（未登録1件）/ 累計1307件
  一覧 cat=61(演劇その他) page=1/3 … 24件（未登録2件）/ 累計1311件
  一覧 cat=61(演劇その他) page=2/3 … 24件（未登録0件）/ 累計1326件
  → 登録済みだけのページが1枚続いたので cat=61 は打ち切り
  一覧 cat=66(オーケストラ) page=1/1 … 10件（未登録0件）/ 累計1334件
  → 登録済みだけのページが1枚続いたので cat=66 は打ち切り
  一覧 cat=67(器楽／室内楽) page=1/4 … 24件（未登録0件）/ 累計1349件
  → 登録済みだけのページが1枚続いたので cat=67 は打ち切り
  一覧 cat=68(オペラ／声楽／合唱) page=1/2 … 24件（未登録0件）/ 累計1359件
  → 登録済みだけのページが1枚続いたので cat=68 は打ち切り
  一覧 cat=69(吹奏楽) page=1/1 … 17件（未登録0件）/ 累計1369件
  → 登録済みだけのページが1枚続いたので cat=69 は打ち切り
  一覧 cat=70(クラシックその他) page=1/2 … 24件（未登録2件）/ 累計1373件
  一覧 cat=70(クラシックその他) page=2/2 … 24件（未登録0件）/ 累計1384件
  → 登録済みだけのページが1枚続いたので cat=70 は打ち切り
  一覧 cat=72(球技) page=1/1 … 8件（未登録1件）/ 累計1389件
  一覧 cat=73(格闘技) page=1/1 … 7件（未登録0件）/ 累計1396件
  → 登録済みだけのページが1枚続いたので cat=73 は打ち切り
  一覧 cat=74(スポーツその他) page=1/1 … 13件（未登録0件）/ 累計1405件
  → 登録済みだけのページが1枚続いたので cat=74 は打ち切り
  一覧 cat=75(映画) page=1/1 … 20件（未登録1件）/ 累計1419件
  一覧 cat=76(アート・ミュージアム) page=1/2 … 24件（未登録0件）/ 累計1425件
  → 登録済みだけのページが1枚続いたので cat=76 は打ち切り
  一覧 cat=77(その他) page=1/4 … 22件（未登録1件）/ 累計1431件
  一覧 cat=77(その他) page=2/4 … 22件（未登録0件）/ 累計1449件
  → 登録済みだけのページが1枚続いたので cat=77 は打ち切り
  一覧 cat=78(K-POP) page=1/1 … 14件（未登録0件）/ 累計1459件
  → 登録済みだけのページが1枚続いたので cat=78 は打ち切り
  一覧 cat=79(歌い手) page=1/14 … 24件（未登録6件）/ 累計1468件
  一覧 cat=79(歌い手) page=2/14 … 24件（未登録0件）/ 累計1476件
  → 登録済みだけのページが1枚続いたので cat=79 は打ち切り
  一覧 cat=80(ボカロ) page=1/7 … 24件（未登録5件）/ 累計1477件
  一覧 cat=80(ボカロ) page=2/7 … 24件（未登録0件）/ 累計1496件
  → 登録済みだけのページが1枚続いたので cat=80 は打ち切り
  一覧 cat=81(YouTuber) page=1/3 … 24件（未登録1件）/ 累計1508件
  一覧 cat=81(YouTuber) page=2/3 … 24件（未登録0件）/ 累計1526件
  → 登録済みだけのページが1枚続いたので cat=81 は打ち切り
  一覧 cat=82(2.5次元) page=1/1 … 10件（未登録0件）/ 累計1533件
  → 登録済みだけのページが1枚続いたので cat=82 は打ち切り
  一覧 cat=84(VTuber) page=1/1 … 23件（未登録1件）/ 累計1548件
  登録済み 1360件は個別ページを引かない / これから引く 188件
  [1/188] 524947 ASPIRE PARADE＃アスパレ 花宮りん/輝夜凜咲/仁恋あかり 公演1/券種1
  [2/188] 525027 電波らん生誕祭2026 公演1/券種0
  [3/188] 525041 新章 大阪☆春夏秋冬『天界定期公演』東京#01 公演1/券種1
  [4/188] 524553 歌っていいともvol.605 公演1/券種1
  [5/188] 525036 #来玲町しあり生誕祭2026 ~アフターパーティー！~ 公演1/券種1
  [6/188] 524944 はちみつハーベスト #4 公演1/券種1
  [7/188] 524891 GIRLS LIVE-Diary 1部 (10/8) 公演1/券種2
  [8/188] 524892 GIRLS LIVE-Diary 2部 (10/8) 公演1/券種2
  [9/188] 525050 9月27日（日）神田CLUB F# 「Seltzer Girls L 公演1/券種1
  [10/188] 525080 【Noxy ~ベアードール公演~】 公演1/券種2
  [11/188] 524141 第二回 GMU ボーリング大会（28名様参加限定） 公演1/券種7
  [12/188] 525067 Trick★Stars復活祭(仮)北堀江Goldee 公演1/券種3
  [13/188] 525047 兵頭百華「ヤンマガWeb NEXT推しガール！04」 発売記念イベン 公演1/券種1
  [14/188] 525039 緊急KINKYU-KAISAI怪祭 公演1/券種1
  [15/188] 524999 プリリアオフ会 in 徳島 公演1/券種1
  [16/188] 524997 プリリアオフ会 in 名古屋 公演1/券種1
  [17/188] 524968 平沢騎士and秋月ひなた BARイベント 公演1/券種0
  [18/188] 524936 煌〜KIRA〜 独立１周年記念LIVE in荒尾 公演1/券種3
  [19/188] 524256 アイドルカレッジ 金沢ファンイベント 公演1/券種1
  [20/188] 524943 <1部>『木曜新宿梟決戦 #48』<2部>『ごちゃまぜ舞踏会』 公演2/券種4
  [21/188] 524900 GLIM9定期公演 -Faint Light-vol.70 公演1/券種1
  [22/188] 524659 理想のLIVE グループ対抗カラオケバトル 公演1/券種0
  [23/188] 524757 点染テンセイ少女。単独公演 公演1/券種2
  [24/188] 524894 GLIM9定期公演 -Faint Light-vol.69 公演1/券種1
  [25/188] 524662 KAWAII LAB. SOUTH 定期公演vol.7 公演1/券種2
  [26/188] 524822 広島アイドルライブ「POPAPIPU PEPOPA NEO」 公演1/券種1
  [27/188] 524855 アイドルパーティー in MBL 2026 9 26〜Live＆ゲー 公演3/券種3
  [28/188] 524788 きさきさき 生誕祭『あつまれ！さきちゅの森』 公演2/券種4
  [29/188] 524787 火蜥蜴いず 生誕祭『キミも蜥蜴にならないか 〜すみません円けど、ファ 公演2/券種4
  [30/188] 524791 瀬戸栞【年に一度のセクシー少人数撮影会 2026】 公演1/券種6
  [31/188] 524768 アイドルパーティー in MBL 2026 9 27 公演3/券種3
  [32/188] 524412 わーすたpresents にゃんぽこらフェス！ Vol.3 公演2/券種2
  [33/188] 524682 〜 vVibe!此乃花優希 Birthday Live〜『共闘』 公演1/券種0
  [34/188] 524611 Teamくれれっ娘！定期公演「Teamくれれっ娘！フェスタ Vol. 公演1/券種1
  [35/188] 523902 武田羽瑠 卒業公演 公演1/券種2
  [36/188] 524545 SAKURA PARTY vol.13 公演1/券種2
  [37/188] 524549 SAKURA PARTY vol.13 公演1/券種2
  [38/188] 524011 アイドルカレッジ 17th anniversary tour 202 公演1/券種3
  [39/188] 524012 アイドルカレッジ 17th anniversary tour 202 公演1/券種3
  [40/188] 524099 Teamくれれっ娘！定期公演「Teamくれれっ娘！フェスタ Vol. 公演1/券種1
  [41/188] 523104 太陽カーニバル トゥエルブステージday2 公演1/券種3
  [42/188] 524370 I☆Cicle 定期公演「Ice☆Bullet」vol.95 公演1/券種1
  [43/188] 524250 Blueberry Girlsツアー直前無銭ライブ 公演1/券種2
  [44/188] 523099 太陽カーニバル トゥエルブステージday1 公演1/券種3
  [45/188] 523737 第5回 neoぱ ~neomelty 1st ワンマンライブ~ 公演1/券種1
  [46/188] 524150 金沢イベント〜himawari(船橋)と金沢さんぽ〜 公演1/券種2
  [47/188] 524146 沖縄イベント〜himawari(船橋)とバスツアー〜 公演1/券種1
  [48/188] 524110 Teamくれれっ娘！定期公演「Teamくれれっ娘！フェスタ Vol. 公演1/券種1
  [49/188] 524109 I☆Cicle 定期公演「Ice☆Bullet」vol.98 公演1/券種1
  [50/188] 524096 Sapporo-GirlsLink 公演1/券種1
  [51/188] 524090 Teamくれれっ娘！定期公演「Teamくれれっ娘！フェスタ Vol. 公演1/券種1
  [52/188] 524020 アイドルカレッジ チェキ会 公演1/券種1
  [53/188] 522585 【Bunny La Crew オンラインチェキ通販】 公演1/券種7
  [54/188] 519928 松谷卓 ピアノアルバム ライブ 〜Monk〜 公演1/券種1
  [55/188] 520271 永井敏己セッション PROGRESSIVE JAM "Keyboar 公演1/券種0
  [56/188] 520044 Asian café ストリーミング配信 LIVE 公演1/券種1
  [57/188] 517291 「The Collection 2026〜OCTOBER〜」【202 公演1/券種1
  [58/188] 517294 「The Collection 2026〜NOVEMBER〜」【20 公演1/券種1
  [59/188] 525133 -日本酒とおばんざいとライブ-『 日本酒エンペラー会🍶 』 公演1/券種1
  [60/188] 525021 Anotherズレコン〜ずれやまズレ子LIVE 公演1/券種0
  [61/188] 525125 ASCEND 公演1/券種0
  [62/188] 525090 大北哲央 昼の弾き語りワンマン「やさしい風の、その先で」〜君とめくる 公演1/券種1
  [63/188] 525136 A To Fade In × mod 共同企画「反転の季節」Vol. 公演1/券種2
  [64/188] 523752 有頂天外 vol.4 公演1/券種1
  [65/188] 524927 『或陽 2nd album「螺旋」リリースツアー〜赤坂編〜』 公演1/券種1
  [66/188] 525123 まる銀pre Fragment #3 公演1/券種0
  [67/188] 523923 琳子 Presents Music Popup vol.0 『この先 公演1/券種1
  [68/188] 524593 JAGGER'S HOTDOG TOUR 名古屋編 公演1/券種1
  [69/188] 525117 “居酒屋投げ銭シーシーオー ” 公演1/券種1
  [70/188] 524592 JAGGER'S HOTDOG TOUR 2026 飯田編 公演1/券種1
  [71/188] 524648 MACH PUNCH 公演1/券種1
  [72/188] 524631 MACH PUNCH 公演1/券種1
  [73/188] 524721 桃秋13 公演1/券種1
  [74/188] 524602 Oh! Friends pre. 『LOVE GIANT Relea 公演1/券種1
  [75/188] 525074 「Act For Nepal From JAPAN」 公演1/券種1
  [76/188] 524859 かとうめいpresents.「余白にて。」 公演1/券種1
  [77/188] 525051 MAJESTIC BLIZZARD 公演1/券種1
  [78/188] 524798 『常にピンチ ’26』 〜DAY2 公演1/券種1
  [79/188] 524797 『常にピンチ ’26』 〜DAY1 公演1/券種1
  [80/188] 524643 SPECIAL-2MIX「Gargoyle vs. 東京ヒーローズ」 公演1/券種2
  [81/188] 524990 オヌキ諒チャリティーコンサート 公演1/券種1
  [82/188] 524992 オヌキ諒チャリティーコンサート 公演1/券種1
  [83/188] 524170 Misanthrope Presents『Unusual Sanct 公演1/券種0
  [84/188] 524484 Hang Out!! 公演1/券種1
  [85/188] 524654 ヒッピハッピシェイク-ダイナマイト3マンSP- 公演1/券種1
  [86/188] 524777 Letters Day3 公演1/券種1
  [87/188] 524776 Letters Day2 公演1/券種1
  [88/188] 524780 Letters Day5 公演1/券種1
  [89/188] 524779 Letters Day4 公演1/券種1
  [90/188] 524775 Letters Day1 公演1/券種1
  [91/188] 524260 『TOKYO DOOM FEST 2026 -WINTER Edit 公演1/券種0
  [92/188] 524264 『TOKYO DOOM FEST 2026 -WINTER Edit 公演1/券種0
  [93/188] 524566 【一般予約】N.U.バンドワンマンライブ2026 ～イブイブじゃない 公演1/券種1
  [94/188] 524489 【ファンクラブ優先予約】N.U.バンドワンマンライブ2026 ～イブ 公演1/券種1
  [95/188] 524520 年末の小さな音楽宴 〜 ライブ＆トークショー 〜 公演1/券種1
  [96/188] 524671 【相良浩司ソロ】大塚MEETS 田森理生 TOUR2026【HEAR 公演1/券種1
  [97/188] 524655 【相良浩司ソロ】兵庫 神戸 ダイスキッチン【Yaichi Fes!前 公演1/券種1
  [98/188] 524651 【相良浩司ソロ】大阪庄内 Livebar「OKAERI。」【Yaic 公演1/券種1
  [99/188] 523881 IKUO ベースセミナー IN 北九州 公演1/券種0
  [100/188] 524618 『よっくんリクエストワンマン』〜大阪•京橋〜 公演1/券種1
  [101/188] 524590 KOKOKARA FES 公演1/券種1
  [102/188] 524535 モグモグラララ vol.1 公演1/券種1
  [103/188] 521878 野崎藍ONE-MAN LIVE 『明日、また』 公演1/券種1
  [104/188] 524189 ANDANTE 公演1/券種1
  [105/188] 524345 『Fiction』 公演1/券種2
  [106/188] 524214 CHAOSアコースティック 【エボフロ専用】 公演1/券種1
  [107/188] 524231 板橋ファイト！SODA SPOON?自主企画『KAN-PAI』6杯目 公演1/券種2
  [108/188] 519740 「俺たちがHEROです。」アフターパーティー 公演1/券種1
  [109/188] 519754 「俺たちがHEROです。」アフターパーティー 公演1/券種1
  [110/188] 519745 「俺たちがHEROです。」アフターパーティー 公演1/券種1
  [111/188] 519744 「俺たちがHEROです。」アフターパーティー 公演1/券種1
  [112/188] 519736 「俺たちがHEROです。」アフターパーティー 公演1/券種1
  [113/188] 519747 「俺たちがHEROです。」アフターパーティー 公演1/券種1
  [114/188] 519741 「俺たちがHEROです。」アフターパーティー 公演1/券種1
  [115/188] 519750 「俺たちがHEROです。」アフターパーティー 公演1/券種1
  [116/188] 519748 「俺たちがHEROです。」アフターパーティー 公演1/券種1
  [117/188] 519746 「俺たちがHEROです。」アフターパーティー 公演1/券種1
  [118/188] 519743 「俺たちがHEROです。」アフターパーティー 公演1/券種1
  [119/188] 519749 「俺たちがHEROです。」アフターパーティー 公演1/券種1
  [120/188] 524166 【来場予約】10/16 浜端ヨウヘイ「BIGMAN IN THE F 公演1/券種1
  [121/188] 521644 Taro's Bar vol.63~鈴木太郎とお酒と音楽と~ 公演1/券種3
  [122/188] 521642 Taro's Bar vol.62~鈴木太郎とお酒と音楽と~ 公演1/券種3
  [123/188] 513452 神戸花隈 宇治川音楽祭2026 公演1/券種1
  [124/188] 513451 神戸三宮 PADOMA『FUJIN ROCK FESTIVAL ’2 公演1/券種1
  [125/188] 523243 esq Satellite Tour 2026 公演2/券種2
  [126/188] 517635 藤井風特集 風の歌で踊れ！！ 公演1/券種1
  [127/188] 513658 いのちのうた 第19章 〜にぎやかな法事〜 公演1/券種1
  [128/188] 510592 DJ DNJ ONE MAN DJ LIVE "愛があれば大丈夫" 公演1/券種1
  [129/188] 509904 藤井風特集 風の歌で踊れ！！ 公演1/券種1
  [130/188] 525114 Again vol.5 公演1/券種1
  [131/188] 523395 松岡英明デビュー40周年記念《X X X X》東名阪ツアー_大阪公演 公演1/券種2
  [132/188] 523394 松岡英明デビュー40周年記念《X X X X》東名阪ツアー_東京公演 公演1/券種2
  [133/188] 523393 松岡英明デビュー40周年記念《X X X X》東名阪ツアー_名古屋公 公演1/券種2
  [134/188] 522551 Sound Crossroads 〜Winter Session 2 公演1/券種0
  [135/188] 522916 えいさなファンミ 〜ファミリーに会いに行く旅 2026 in TOK 公演2/券種2
  [136/188] 524923 ぶいかふぇてりあ Vol.2【鬼麗リュカ様専用チケットページ】 公演1/券種2
  [137/188] 524911 ぶいかふぇてりあ Vol.2【宇井葉 宙様専用チケットページ】 公演1/券種2
  [138/188] 524922 ぶいかふぇてりあ Vol.2【ChumNote様専用チケットページ】 公演1/券種2
  [139/188] 524914 ぶいかふぇてりあ Vol.2【シャルロット・リリー様専用チケットペー 公演1/券種2
  [140/188] 524925 ぶいかふぇてりあ Vol.2【菫ヨスガ様専用チケットページ】 公演1/券種2
  [141/188] 524913 ぶいかふぇてりあ Vol.2【町山マチカ様専用チケットページ】 公演1/券種2
  [142/188] 524915 ぶいかふぇてりあ Vol.2【こなつ様専用チケットページ】 公演1/券種2
  [143/188] 524928 ぶいかふぇてりあ Vol.2【アメリー・カノン様専用チケットページ】 公演1/券種2
  [144/188] 524857 SAS Cafe 公演4/券種4
  [145/188] 524856 Spice 5th Anniversary Cafe 公演4/券種4
  [146/188] 518059 第41回コマドらくごwith落語協会〜ふとっちょ☆カウボーイとハロウ 公演1/券種1
  [147/188] 525084 みうさんと！ 本音トーク編 公演1/券種1
  [148/188] 524288 伊達の大喜利 ガン魂侍 #９２ 有料公開収録 公演1/券種1
  [149/188] 515253 第55回 紅愛寿司 公演1/券種1
  [150/188] 525130 おもてなしぃ〜SPECIAL Vol.6 公演1/券種1
  [151/188] 525128 おもてなしぃ〜Vol.6 公演1/券種1
  [152/188] 524986 ざんか、はいさ〜い！ -BBQ編- 公演1/券種1
  [153/188] 524714 燦楽景ピクニックオフ会&撮影会 公演1/券種2
  [154/188] 525143 TRY引越センターpresentsネタライブ納屋橋”STEP”！！＃ 公演1/券種3
  [155/188] 525137 幸福の漫才 公演1/券種1
  [156/188] 522568 ユビッジャ・ポポポーの1日ファラオ編 公演2/券種2
  [157/188] 525119 年の差交流会 公演1/券種1
  [158/188] 525071 薬局新聞 ―シャワーカーテニスト×惹女香花ツーマンライブ― 公演1/券種1
  [159/188] 524895 論と証拠の花束 クジラ会館篇 公演1/券種1
  [160/188] 524879 助けなよ 10月 公演1/券種1
  [161/188] 525099 10/18(日) 【キャメルクラッチ クロカワモーズvsキタニシテツ 公演1/券種1
  [162/188] 524903 芸人がネタをやったあと沢山クイズに答えるライブ２ 公演1/券種1
  [163/188] 524987 10/3(土)『ネタ＆コーナーの60分ライブ』 公演1/券種1
  [164/188] 525031 あつまれ！！おわらいのもり 公演1/券種1
  [165/188] 525006 IKAYADO NEO オリエンテーション 公演1/券種1
  [166/188] 524609 クニヤス ネタライブ「くにゃ6」 公演1/券種1
  [167/188] 524991 ぷんきぷんき1 公演1/券種0
  [168/188] 524976 スプリットフィンガーボール 公演1/券種1
  [169/188] 524847 コン太（ふと）ボリューム16 公演1/券種1
  [170/188] 524920 10/18(日)ワンコイン30分お笑いライブ「シモキタキャラバン」 公演1/券種1
  [171/188] 524811 仲良い人呼びたくてpart1 公演1/券種1
  [172/188] 524831 しおさい新ネタライブ 【トリプレッタ26 vol.22】 公演1/券種1
  [173/188] 518791 区寄席 公演1/券種1
  [174/188] 524803 前説の時代が来る 公演1/券種1
  [175/188] 524801 いい企画ギャバホイ 公演1/券種1
  [176/188] 524735 ゴーゴー決勝戦 公演1/券種1
  [177/188] 525132 読経讃歌 【12月13日（日）】 公演1/券種1
  [178/188] 525131 読経讃歌 【12月12日（土）】 公演2/券種2
  [179/188] 525046 文月きいラストライブ 公演2/券種3
  [180/188] 510327 モンスターズ ２章：布告 公演1/券種2
  [181/188] 510323 モンスターズ 1章：陰謀 公演1/券種2
  [182/188] 521928 第2回ビリケン座 船場deロードショー！ 公演1/券種0
  [183/188] 523977 もも ファーストクラス撮影会（個撮） 公演5/券種5
  [184/188] 525075 妖狐繚乱 新体制始動!! 活動開始一年半記念単独公演 一狐一会 公演1/券種1
  [185/188] 524430 【2部再販Bチケット】trick or melody 公演1/券種1
  [186/188] 524428 【1部再販Bチケット】trick or melody 公演1/券種1
  [187/188] 524427 trick or melody【再販2部Aチケット】 公演1/券種1
  [188/188] 520146 Limited 公演1/券種0

=== イベント 188件 / 読めなかった 0件 → tmp/tiget_0923pm.json ===
券種のクラス（売り状態）: [('is-available', 143), ('is-unable is-unopened', 107), ('is-available is-fewremaining', 8), ('is-unable is-unavailable', 5), ('is-unable is-closed', 2)]
