  登録済みのTIGETイベント 5573件（新着順で追い越したら打ち切る）
  一覧 cat=29(アイドル) page=1/51 … 24件（未登録24件）/ 累計24件
  一覧 cat=29(アイドル) page=2/51 … 24件（未登録24件）/ 累計48件
  一覧 cat=29(アイドル) page=3/51 … 23件（未登録12件）/ 累計71件
  一覧 cat=29(アイドル) page=4/51 … 24件（未登録6件）/ 累計95件
  一覧 cat=29(アイドル) page=5/51 … 24件（未登録4件）/ 累計119件
  一覧 cat=29(アイドル) page=6/51 … 24件（未登録4件）/ 累計143件
  一覧 cat=29(アイドル) page=7/51 … 24件（未登録5件）/ 累計167件
  一覧 cat=29(アイドル) page=8/51 … 24件（未登録1件）/ 累計191件
  一覧 cat=29(アイドル) page=9/51 … 24件（未登録0件）/ 累計215件
  → 登録済みだけのページが1枚続いたので cat=29 は打ち切り
  一覧 cat=30(ジャズ／フュージョン) page=1/7 … 24件（未登録4件）/ 累計237件
  一覧 cat=30(ジャズ／フュージョン) page=2/7 … 24件（未登録2件）/ 累計261件
  一覧 cat=30(ジャズ／フュージョン) page=3/7 … 24件（未登録2件）/ 累計285件
  一覧 cat=30(ジャズ／フュージョン) page=4/7 … 24件（未登録0件）/ 累計309件
  → 登録済みだけのページが1枚続いたので cat=30 は打ち切り
  一覧 cat=31(邦楽ポップ／ロック) page=1/115 … 24件（未登録24件）/ 累計327件
  一覧 cat=31(邦楽ポップ／ロック) page=2/115 … 24件（未登録24件）/ 累計349件
  一覧 cat=31(邦楽ポップ／ロック) page=3/115 … 24件（未登録17件）/ 累計367件
  一覧 cat=31(邦楽ポップ／ロック) page=4/115 … 24件（未登録3件）/ 累計386件
  一覧 cat=31(邦楽ポップ／ロック) page=5/115 … 24件（未登録4件）/ 累計408件
  一覧 cat=31(邦楽ポップ／ロック) page=6/115 … 24件（未登録12件）/ 累計432件
  一覧 cat=31(邦楽ポップ／ロック) page=7/115 … 24件（未登録2件）/ 累計449件
  一覧 cat=31(邦楽ポップ／ロック) page=8/115 … 24件（未登録2件）/ 累計468件
  一覧 cat=31(邦楽ポップ／ロック) page=9/115 … 24件（未登録0件）/ 累計486件
  → 登録済みだけのページが1枚続いたので cat=31 は打ち切り
  一覧 cat=32(邦楽ヒップホップ／レゲエ) page=1/6 … 24件（未登録5件）/ 累計495件
  一覧 cat=32(邦楽ヒップホップ／レゲエ) page=2/6 … 24件（未登録5件）/ 累計519件
  一覧 cat=32(邦楽ヒップホップ／レゲエ) page=3/6 … 24件（未登録1件）/ 累計543件
  一覧 cat=32(邦楽ヒップホップ／レゲエ) page=4/6 … 24件（未登録2件）/ 累計563件
  一覧 cat=32(邦楽ヒップホップ／レゲエ) page=5/6 … 24件（未登録0件）/ 累計587件
  → 登録済みだけのページが1枚続いたので cat=32 は打ち切り
  一覧 cat=33(邦楽ソウル／R&B) page=1/9 … 24件（未登録2件）/ 累計594件
  一覧 cat=33(邦楽ソウル／R&B) page=2/9 … 24件（未登録2件）/ 累計609件
  一覧 cat=33(邦楽ソウル／R&B) page=3/9 … 24件（未登録0件）/ 累計622件
  → 登録済みだけのページが1枚続いたので cat=33 は打ち切り
  一覧 cat=34(邦楽演歌／民謡) page=1/2 … 24件（未登録6件）/ 累計638件
  一覧 cat=34(邦楽演歌／民謡) page=2/2 … 12件（未登録1件）/ 累計650件
  一覧 cat=35(邦楽その他) page=1/23 … 24件（未登録16件）/ 累計653件
  一覧 cat=35(邦楽その他) page=2/23 … 23件（未登録1件）/ 累計666件
  一覧 cat=35(邦楽その他) page=3/23 … 23件（未登録0件）/ 累計685件
  → 登録済みだけのページが1枚続いたので cat=35 は打ち切り
  一覧 cat=36(洋楽ポップ／ロック) page=1/7 … 24件（未登録7件）/ 累計694件
  一覧 cat=36(洋楽ポップ／ロック) page=2/7 … 24件（未登録1件）/ 累計709件
  一覧 cat=36(洋楽ポップ／ロック) page=3/7 … 24件（未登録2件）/ 累計728件
  一覧 cat=36(洋楽ポップ／ロック) page=4/7 … 24件（未登録1件）/ 累計747件
  一覧 cat=36(洋楽ポップ／ロック) page=5/7 … 24件（未登録1件）/ 累計767件
  一覧 cat=36(洋楽ポップ／ロック) page=6/7 … 24件（未登録2件）/ 累計790件
  一覧 cat=36(洋楽ポップ／ロック) page=7/7 … 13件（未登録0件）/ 累計802件
  → 登録済みだけのページが1枚続いたので cat=36 は打ち切り
  一覧 cat=37(洋楽ヒップホップ／レゲエ) page=1/1 … 13件（未登録0件）/ 累計805件
  → 登録済みだけのページが1枚続いたので cat=37 は打ち切り
  一覧 cat=38(洋楽ソウル／R&B) page=1/3 … 24件（未登録4件）/ 累計811件
  一覧 cat=38(洋楽ソウル／R&B) page=2/3 … 24件（未登録4件）/ 累計821件
  一覧 cat=38(洋楽ソウル／R&B) page=3/3 … 1件（未登録0件）/ 累計821件
  → 登録済みだけのページが1枚続いたので cat=38 は打ち切り
  一覧 cat=39(洋楽その他) page=1/3 … 24件（未登録2件）/ 累計827件
  一覧 cat=39(洋楽その他) page=2/3 … 24件（未登録1件）/ 累計841件
  一覧 cat=39(洋楽その他) page=3/3 … 20件（未登録0件）/ 累計850件
  → 登録済みだけのページが1枚続いたので cat=39 は打ち切り
  一覧 cat=40(アカペラ／合唱) page=1/2 … 24件（未登録1件）/ 累計871件
  一覧 cat=40(アカペラ／合唱) page=2/2 … 2件（未登録0件）/ 累計873件
  → 登録済みだけのページが1枚続いたので cat=40 は打ち切り
  一覧 cat=41(アニメ／ゲーム／声優) page=1/8 … 24件（未登録5件）/ 累計881件
  一覧 cat=41(アニメ／ゲーム／声優) page=2/8 … 24件（未登録1件）/ 累計904件
  一覧 cat=41(アニメ／ゲーム／声優) page=3/8 … 24件（未登録1件）/ 累計927件
  一覧 cat=41(アニメ／ゲーム／声優) page=4/8 … 24件（未登録0件）/ 累計947件
  → 登録済みだけのページが1枚続いたので cat=41 は打ち切り
  一覧 cat=42(フェスティバル(音楽)) page=1/5 … 24件（未登録5件）/ 累計957件
  一覧 cat=42(フェスティバル(音楽)) page=2/5 … 24件（未登録1件）/ 累計971件
  一覧 cat=42(フェスティバル(音楽)) page=3/5 … 24件（未登録3件）/ 累計988件
  一覧 cat=42(フェスティバル(音楽)) page=4/5 … 24件（未登録1件）/ 累計1004件
  一覧 cat=42(フェスティバル(音楽)) page=5/5 … 16件（未登録0件）/ 累計1019件
  → 登録済みだけのページが1枚続いたので cat=42 は打ち切り
  一覧 cat=43(音楽その他) page=1/24 … 24件（未登録14件）/ 累計1021件
  一覧 cat=43(音楽その他) page=2/24 … 24件（未登録3件）/ 累計1029件
  一覧 cat=43(音楽その他) page=3/24 … 24件（未登録1件）/ 累計1043件
  一覧 cat=43(音楽その他) page=4/24 … 24件（未登録0件）/ 累計1061件
  → 登録済みだけのページが1枚続いたので cat=43 は打ち切り
  一覧 cat=44(脱出／謎解き) page=1/1 … 19件（未登録0件）/ 累計1079件
  → 登録済みだけのページが1枚続いたので cat=44 は打ち切り
  一覧 cat=45(ショー／ファンイベント) page=1/11 … 20件（未登録7件）/ 累計1087件
  一覧 cat=45(ショー／ファンイベント) page=2/11 … 23件（未登録0件）/ 累計1102件
  → 登録済みだけのページが1枚続いたので cat=45 は打ち切り
  一覧 cat=46(トークショー／講演会) page=1/11 … 18件（未登録6件）/ 累計1110件
  一覧 cat=46(トークショー／講演会) page=2/11 … 22件（未登録0件）/ 累計1124件
  → 登録済みだけのページが1枚続いたので cat=46 は打ち切り
  一覧 cat=47(グルメ／ディナーショー) page=1/2 … 24件（未登録3件）/ 累計1139件
  一覧 cat=47(グルメ／ディナーショー) page=2/2 … 13件（未登録1件）/ 累計1150件
  一覧 cat=48(ファミリー／子ども向け) page=1/2 … 24件（未登録1件）/ 累計1168件
  一覧 cat=48(ファミリー／子ども向け) page=2/2 … 21件（未登録0件）/ 累計1183件
  → 登録済みだけのページが1枚続いたので cat=48 は打ち切り
  一覧 cat=49(アニメ／ゲーム) page=1/2 … 24件（未登録1件）/ 累計1197件
  一覧 cat=49(アニメ／ゲーム) page=2/2 … 7件（未登録0件）/ 累計1204件
  → 登録済みだけのページが1枚続いたので cat=49 は打ち切り
  一覧 cat=50(ファッション／ビューティー) page=1/1 … 17件（未登録0件）/ 累計1217件
  → 登録済みだけのページが1枚続いたので cat=50 は打ち切り
  一覧 cat=51(展示会／博覧会) page=1/1 … 24件（未登録0件）/ 累計1228件
  → 登録済みだけのページが1枚続いたので cat=51 は打ち切り
  一覧 cat=52(イベントその他) page=1/21 … 23件（未登録17件）/ 累計1234件
  一覧 cat=52(イベントその他) page=2/21 … 21件（未登録0件）/ 累計1239件
  → 登録済みだけのページが1枚続いたので cat=52 は打ち切り
  一覧 cat=53(お笑い／寄席) page=1/57 … 24件（未登録24件）/ 累計1262件
  一覧 cat=53(お笑い／寄席) page=2/57 … 24件（未登録24件）/ 累計1283件
  一覧 cat=53(お笑い／寄席) page=3/57 … 24件（未登録3件）/ 累計1303件
  一覧 cat=53(お笑い／寄席) page=4/57 … 24件（未登録2件）/ 累計1327件
  一覧 cat=53(お笑い／寄席) page=5/57 … 24件（未登録12件）/ 累計1339件
  一覧 cat=53(お笑い／寄席) page=6/57 … 24件（未登録0件）/ 累計1361件
  → 登録済みだけのページが1枚続いたので cat=53 は打ち切り
  一覧 cat=54(演劇) page=1/5 … 24件（未登録0件）/ 累計1375件
  → 登録済みだけのページが1枚続いたので cat=54 は打ち切り
  一覧 cat=55(ダンス／パフォーマンス) page=1/8 … 24件（未登録9件）/ 累計1375件
  一覧 cat=55(ダンス／パフォーマンス) page=2/8 … 24件（未登録0件）/ 累計1389件
  → 登録済みだけのページが1枚続いたので cat=55 は打ち切り
  一覧 cat=56(バレエ) page=1/1 … 2件（未登録0件）/ 累計1391件
  → 登録済みだけのページが1枚続いたので cat=56 は打ち切り
  一覧 cat=57(朗読／リーディング) page=1/2 … 24件（未登録2件）/ 累計1407件
  一覧 cat=57(朗読／リーディング) page=2/2 … 7件（未登録0件）/ 累計1414件
  → 登録済みだけのページが1枚続いたので cat=57 は打ち切り
  一覧 cat=58(ミュージカル／ショー) page=1/2 … 24件（未登録0件）/ 累計1416件
  → 登録済みだけのページが1枚続いたので cat=58 は打ち切り
  一覧 cat=59(フェスティバル(演劇)) page=1/1 … 18件（未登録0件）/ 累計1422件
  → 登録済みだけのページが1枚続いたので cat=59 は打ち切り
  一覧 cat=60(マジック／手品) page=1/1 … 5件（未登録0件）/ 累計1425件
  → 登録済みだけのページが1枚続いたので cat=60 は打ち切り
  一覧 cat=61(演劇その他) page=1/3 … 24件（未登録0件）/ 累計1439件
  → 登録済みだけのページが1枚続いたので cat=61 は打ち切り
  一覧 cat=66(オーケストラ) page=1/1 … 10件（未登録0件）/ 累計1447件
  → 登録済みだけのページが1枚続いたので cat=66 は打ち切り
  一覧 cat=67(器楽／室内楽) page=1/4 … 24件（未登録0件）/ 累計1463件
  → 登録済みだけのページが1枚続いたので cat=67 は打ち切り
  一覧 cat=68(オペラ／声楽／合唱) page=1/2 … 24件（未登録1件）/ 累計1472件
  一覧 cat=68(オペラ／声楽／合唱) page=2/2 … 11件（未登録0件）/ 累計1474件
  → 登録済みだけのページが1枚続いたので cat=68 は打ち切り
  一覧 cat=69(吹奏楽) page=1/1 … 17件（未登録0件）/ 累計1483件
  → 登録済みだけのページが1枚続いたので cat=69 は打ち切り
  一覧 cat=70(クラシックその他) page=1/3 … 24件（未登録3件）/ 累計1487件
  一覧 cat=70(クラシックその他) page=2/3 … 24件（未登録0件）/ 累計1497件
  → 登録済みだけのページが1枚続いたので cat=70 は打ち切り
  一覧 cat=72(球技) page=1/1 … 7件（未登録1件）/ 累計1501件
  一覧 cat=73(格闘技) page=1/1 … 7件（未登録0件）/ 累計1508件
  → 登録済みだけのページが1枚続いたので cat=73 は打ち切り
  一覧 cat=74(スポーツその他) page=1/1 … 14件（未登録0件）/ 累計1516件
  → 登録済みだけのページが1枚続いたので cat=74 は打ち切り
  一覧 cat=75(映画) page=1/1 … 20件（未登録1件）/ 累計1528件
  一覧 cat=76(アート・ミュージアム) page=1/2 … 24件（未登録0件）/ 累計1535件
  → 登録済みだけのページが1枚続いたので cat=76 は打ち切り
  一覧 cat=77(その他) page=1/4 … 22件（未登録3件）/ 累計1544件
  一覧 cat=77(その他) page=2/4 … 22件（未登録0件）/ 累計1561件
  → 登録済みだけのページが1枚続いたので cat=77 は打ち切り
  一覧 cat=78(K-POP) page=1/1 … 14件（未登録0件）/ 累計1571件
  → 登録済みだけのページが1枚続いたので cat=78 は打ち切り
  一覧 cat=79(歌い手) page=1/14 … 24件（未登録17件）/ 累計1580件
  一覧 cat=79(歌い手) page=2/14 … 24件（未登録0件）/ 累計1588件
  → 登録済みだけのページが1枚続いたので cat=79 は打ち切り
  一覧 cat=80(ボカロ) page=1/7 … 24件（未登録8件）/ 累計1589件
  一覧 cat=80(ボカロ) page=2/7 … 24件（未登録0件）/ 累計1607件
  → 登録済みだけのページが1枚続いたので cat=80 は打ち切り
  一覧 cat=81(YouTuber) page=1/3 … 24件（未登録1件）/ 累計1620件
  一覧 cat=81(YouTuber) page=2/3 … 24件（未登録0件）/ 累計1637件
  → 登録済みだけのページが1枚続いたので cat=81 は打ち切り
  一覧 cat=82(2.5次元) page=1/1 … 10件（未登録1件）/ 累計1643件
  一覧 cat=84(VTuber) page=1/1 … 23件（未登録2件）/ 累計1650件
  登録済み 1384件は個別ページを引かない / これから引く 266件
  [1/266] 524612 第110回 きんさい！みんさい！狐魂祭！ 公演2/券種2
  [2/266] 524793 のーぷらん。瀬戸栞 生誕祭2026 公演1/券種1
  [3/266] 524791 瀬戸栞【年に一度のセクシー少人数撮影会 2026】 公演1/券種6
  [4/266] 524784 OWLscroll LABEL 無規制ツーマンLIVE『極点衝突』 公演1/券種2
  [5/266] 524785 にーも茶屋〜メンバーが軽く歌う編〜 公演1/券種1
  [6/266] 522411 桃知みなみバースデーLIVE2026 公演1/券種1
  [7/266] 524761 【10/4 一般チケット】あにもふっ！半周年記念主催イベント 公演1/券種1
  [8/266] 524768 アイドルパーティー in MBL 2026 9 27 公演3/券種3
  [9/266] 524766 ツインテールナイト愛野可奈予約 公演1/券種1
  [10/266] 524762 寝る間も惜しむタコ vol.3 公演1/券種1
  [11/266] 524730 姫 陽依 クラファン参加者限定 オフ会 公演1/券種1
  [12/266] 524740 かつお。お誕生日会 ~人生初の生誕祭お疲れ様でした会〜 公演1/券種1
  [13/266] 523883 ミラクルTOYBOX 公演1/券種1
  [14/266] 524737 MiNO10周年&かつお生誕 アフタートーク&ミニライブ 公演1/券種1
  [15/266] 522262 星来 ワンマンLIVE2026 公演1/券種1
  [16/266] 524698 『緊急開催！NORMiL衣装交換ライブ！』 公演1/券種2
  [17/266] 524258 スペアアイドルライブ Vol.20 〜ハロウィンライブ〜 公演1/券種0
  [18/266] 524412 わーすたpresents にゃんぽこらフェス！ Vol.3 公演2/券種2
  [19/266] 524703 『池袋グラフィティ』 公演1/券種1
  [20/266] 524704 『ドグマエッジ』 公演1/券種1
  [21/266] 524705 合同撮影会(9/27) 公演1/券種1
  [22/266] 524706 ㊗️ゆりうどん誕生日モルックオフ会 公演1/券種1
  [23/266] 524587 L♡VE UNLOCK 公演1/券種3
  [24/266] 524639 陽乃ほのか主催 あしたもはれのひ！ vol.26 〜爆熱注意報！オル 公演1/券種1
  [25/266] 524650 あしたもはれのひ！vol.26 ～爆熱注意報！オルスタSP～ 公演1/券種1
  [26/266] 524605 森田理紗子 Birthday One man live 2026【大 公演1/券種2
  [27/266] 524604 森田理紗子 Birthday One man live 2026【東 公演1/券種2
  [28/266] 524664 『MIXVORTEX』 公演1/券種1
  [29/266] 524666 『遊撃少女』 公演1/券種1
  [30/266] 524665 『Nage Summit』 公演1/券種1
  [31/266] 524663 『CureDoLL』 公演1/券種1
  [32/266] 524608 『 大宮I☆DOLL Cafe＠cafeMENU 』 公演2/券種2
  [33/266] 524485 二葉あやかラストライブ 〜One More Period〜 公演1/券種1
  [34/266] 524611 Teamくれれっ娘！定期公演「Teamくれれっ娘！フェスタ Vol. 公演1/券種1
  [35/266] 523620 なおかほ酒場 公演1/券種6
  [36/266] 523902 武田羽瑠 卒業公演 公演1/券種2
  [37/266] 524576 『YOUまいみぃ』Vol.2 〜秋のいたずら🎃🦇👻 Hallowee 公演1/券種1
  [38/266] 524545 SAKURA PARTY vol.13 公演1/券種2
  [39/266] 524549 SAKURA PARTY vol.13 公演1/券種2
  [40/266] 523085 始発待ちアンダーグラウンドの｢花火、見に行ってみる？｣ 公演1/券種1
  [41/266] 524554 歌姫クエスト23〜歌の源〜 公演1/券種1
  [42/266] 524425 LLC - LOVE LIVE CLUB - vol.42 公演1/券種1
  [43/266] 524453 はいばず瑞お誕じょーび会「 軌条の宇宙論 」 公演1/券種2
  [44/266] 524011 アイドルカレッジ 17th anniversary tour 202 公演1/券種3
  [45/266] 524359 アユスクファンミーティング!! 〜ワンマン映像上映会〜 公演1/券種1
  [46/266] 524012 アイドルカレッジ 17th anniversary tour 202 公演1/券種3
  [47/266] 524139 レッスントゥミー沖野杏菜生誕祭2026 公演1/券種2
  [48/266] 522945 『 わた誕2026 』~ こんなに大きくなりました！~ 公演2/券種2
  [49/266] 524200 LIQUID連続主催「暗黒倶楽部‐第二夜‐」 公演1/券種2
  [50/266] 523942 スーパーマカロニサラダ主催イベント「スパマカフェス vol.1」 公演1/券種2
  [51/266] 523204 東京咖喱喰部プレゼンツ【第2回】ジルとジョンのカレー定例会 公演1/券種1
  [52/266] 517905 アイドルクロス〜コラボな夜祭とついでにみやっち生誕祭〜 公演3/券種7
  [53/266] 524307 I-CONNECTION♯13 ～5th Anniversary そ 公演1/券種1
  [54/266] 524009 ERR HTTP Error 405: Not Allowed
  [55/266] 524444 ERR HTTP Error 405: Not Allowed
  [56/266] 524443 ERR HTTP Error 405: Not Allowed
  [57/266] 524433 そえるん焼肉オフ会 公演1/券種1
  [58/266] 524360 白黒アリス無規制主催3MAN【侵略的交流曲 - 第“暴”楽章 - 】 公演1/券種3
  [59/266] 524099 Teamくれれっ娘！定期公演「Teamくれれっ娘！フェスタ Vol. 公演1/券種1
  [60/266] 523104 太陽カーニバル トゥエルブステージday2 公演1/券種3
  [61/266] 524370 I☆Cicle 定期公演「Ice☆Bullet」vol.95 公演1/券種1
  [62/266] 524172 【9/27（日）】たたら祭り内 Galaxy特設野外ステージ 前方撮 公演2/券種2
  [63/266] 524167 【9/26（土）】たたら祭り内 Galaxy特設野外ステージ 前方撮 公演1/券種2
  [64/266] 524049 BOYS BANQUET 公演2/券種2
  [65/266] 521101 UNiFY ラブリーチャージ Tour 2026 あふたーとーく&特 公演1/券種1
  [66/266] 524250 Blueberry Girlsツアー直前無銭ライブ 公演1/券種2
  [67/266] 523099 太陽カーニバル トゥエルブステージday1 公演1/券種3
  [68/266] 524154 広島アイドルライブ「POPAPIPUPEPOPA NEO」 公演1/券種1
  [69/266] 524153 広島アイドルライブ「POPAPIPUPEPOPA NEO」 公演1/券種1
  [70/266] 523737 第5回 neoぱ ~neomelty 1st ワンマンライブ~ 公演1/券種1
  [71/266] 524150 金沢イベント〜himawari(船橋)と金沢さんぽ〜 公演1/券種2
  [72/266] 524146 沖縄イベント〜himawari(船橋)とバスツアー〜 公演1/券種1
  [73/266] 524110 Teamくれれっ娘！定期公演「Teamくれれっ娘！フェスタ Vol. 公演1/券種1
  [74/266] 524109 I☆Cicle 定期公演「Ice☆Bullet」vol.98 公演1/券種1
  [75/266] 524096 Sapporo-GirlsLink 公演1/券種1
  [76/266] 524090 Teamくれれっ娘！定期公演「Teamくれれっ娘！フェスタ Vol. 公演1/券種1
  [77/266] 524020 アイドルカレッジ チェキ会 公演1/券種1
  [78/266] 522585 【Bunny La Crew オンラインチェキ通販】 公演1/券種7
  [79/266] 523922 ゼロキョリハーツ空町柚希生誕祭2026 そらまちハーツクリニック 公演1/券種1
  [80/266] 523722 FUSION MOVE FES Vol.3 公演1/券種1
  [81/266] 524782 徳島ファド会 月例会11月特別編 公演1/券種1
  [82/266] 519928 松谷卓 ピアノアルバム ライブ 〜Monk〜 公演1/券種1
  [83/266] 520271 永井敏己セッション PROGRESSIVE JAM "Keyboar 公演1/券種0
  [84/266] 520044 Asian café ストリーミング配信 LIVE 公演1/券種1
  [85/266] 517291 「The Collection 2026〜OCTOBER〜」【202 公演1/券種1
  [86/266] 517294 「The Collection 2026〜NOVEMBER〜」【20 公演1/券種1
  [87/266] 524777 Letters Day3 公演1/券種0
  [88/266] 524776 Letters Day2 公演1/券種0
  [89/266] 524780 Letters Day5 公演1/券種0
  [90/266] 524779 Letters Day4 公演1/券種0
  [91/266] 524781 嘘VISUAL FES ～最後の四天王～ 公演2/券種2
  [92/266] 524775 Letters Day1 公演1/券種0
  [93/266] 524767 大樹祭2026 〜夕暮れのひとり唄〜 公演1/券種1
  [94/266] 524260 『TOKYO DOOM FEST 2026 -WINTER Edit 公演1/券種0
  [95/266] 524264 『TOKYO DOOM FEST 2026 -WINTER Edit 公演1/券種0
  [96/266] 517206 カノン感謝祭～10年間のありがとう～ 公演1/券種2
  [97/266] 524758 WALL pre. 【Punks Without Borders】 公演1/券種1
  [98/266] 524622 【10/31(Sat)】 Loojy / 3 Tone Sunbur 公演1/券種2
  [99/266] 524614 birthday live 『26』 公演1/券種1
  [100/266] 524294 11/24(火) 「落果 presents G27 Yusuke 爆 公演1/券種1
  [101/266] 524621 Beautiful is Life 20 公演1/券種1
  [102/266] 524566 【一般予約】N.U.バンドワンマンライブ2026 ～イブイブじゃない 公演1/券種1
  [103/266] 524489 【ファンクラブ優先予約】N.U.バンドワンマンライブ2026 ～イブ 公演1/券種1
  [104/266] 524541 『OTONARI vol.47』 公演1/券種1
  [105/266] 524520 年末の小さな音楽宴 〜 ライブ＆トークショー 〜 公演1/券種1
  [106/266] 524464 NeoBallad聖夜会2026 公演1/券種2
  [107/266] 524679 新宿SACT! pre. 「Sactone-Proud！2026」 公演1/券種1
  [108/266] 524293 GOLD SOUNDZ 公演1/券種1
  [109/266] 524671 【相良浩司ソロ】大塚MEETS 田森理生 TOUR2026【HEAR 公演1/券種1
  [110/266] 524655 【相良浩司ソロ】兵庫 神戸 ダイスキッチン【Yaichi Fes!前 公演1/券種1
  [111/266] 524651 【相良浩司ソロ】大阪庄内 Livebar「OKAERI。」【Yaic 公演1/券種1
  [112/266] 524634 ERR HTTP Error 405: Not Allowed
  [113/266] 522215 Smokin' In The ”BOYS ROOM” 公演1/券種1
  [114/266] 523978 Twinkle Booster presents vol.38「おで 公演1/券種3
  [115/266] 523881 IKUO ベースセミナー IN 北九州 公演1/券種0
  [116/266] 523792 iYURi 1st ONE MAN LIVE “SET SAIL” 公演1/券種1
  [117/266] 524618 『よっくんリクエストワンマン』〜大阪•京橋〜 公演1/券種1
  [118/266] 524615 『ロマンティックポエマー2MAN LIVE!!』〜大阪府高槻市〜 公演1/券種1
  [119/266] 521789 Яyokei Night 〜Яyokeiの曲しか歌えません（笑）〜 公演1/券種1
  [120/266] 524590 KOKOKARA FES 公演1/券種1
  [121/266] 522978 Celebration vol.10 公演1/券種2
  [122/266] 524580 [WEIRD TV Special MADAME EDWARDA 4 公演1/券種1
  [123/266] 524062 「DONSHARI 」"GUMADAC-式" 公演1/券種1
  [124/266] 524568 いたづら ACOUSTIC LIVE 『涼風に吹かれて』 公演1/券種1
  [125/266] 524565 『よとふうか~HOME16周年記念ライブ 21日目』〜福岡〜 公演1/券種1
  [126/266] 524362 しんきろうのまち presents "BOY, GIRL, GUIT 公演1/券種1
  [127/266] 524409 ハシグチカナデリヤと ゲーム音楽の ひとりツーマンLIVE vol. 公演1/券種1
  [128/266] 524347 【11/2(Mon)】 灯人 / Clumsy. / 白昼夢 / 大 公演1/券種2
  [129/266] 524325 【11/6(Fri)】 はぴぐら / 怜音-REON- / Mam_ 公演1/券種2
  [130/266] 524346 JAM presents「Proust 」 公演1/券種1
  [131/266] 521650 赤いアフロ&BANGBOO pre. 【ロード・オブ・ザ・アフロ】  公演1/券種1
  [132/266] 524535 モグモグラララ vol.1 公演1/券種1
  [133/266] 521434 ERR HTTP Error 405: Not Allowed
  [134/266] 524268 ～HeartBeat 21th Anniversary Event～ 公演1/券種1
  [135/266] 522538 sunset BLUE 11th Anniversary "cora 公演1/券種1
  [136/266] 521878 野崎藍ONE-MAN LIVE 『明日、また』 公演1/券種1
  [137/266] 524295 【DOYAMarvelous vol.11】 公演1/券種1
  [138/266] 524336 Real Beat ~3drummers LIVE~ 公演1/券種2
  [139/266] 524189 ANDANTE 公演1/券種1
  [140/266] 524379 namami acoustic one-man live "HERE 公演1/券種3
  [141/266] 524345 『Fiction』 公演1/券種2
  [142/266] 524214 CHAOSアコースティック 【エボフロ専用】 公演1/券種1
  [143/266] 524193 杉本ラララ １京と42歳バースデー トーク少なめワンマン 「ビコーズ 公演1/券種1
  [144/266] 524231 板橋ファイト！SODA SPOON?自主企画『KAN-PAI』6杯目 公演1/券種2
  [145/266] 524104 DooDooDooMiuMiuMiu×コバラヘルSPLIT TOUR 公演1/券種1
  [146/266] 519740 「俺たちがHEROです。」アフターパーティー 公演1/券種1
  [147/266] 519754 「俺たちがHEROです。」アフターパーティー 公演1/券種1
  [148/266] 519745 「俺たちがHEROです。」アフターパーティー 公演1/券種1
  [149/266] 519744 「俺たちがHEROです。」アフターパーティー 公演1/券種1
  [150/266] 519736 「俺たちがHEROです。」アフターパーティー 公演1/券種1
  [151/266] 519747 「俺たちがHEROです。」アフターパーティー 公演1/券種1
  [152/266] 519741 「俺たちがHEROです。」アフターパーティー 公演1/券種1
  [153/266] 519750 「俺たちがHEROです。」アフターパーティー 公演1/券種1
  [154/266] 519748 「俺たちがHEROです。」アフターパーティー 公演1/券種1
  [155/266] 519746 「俺たちがHEROです。」アフターパーティー 公演1/券種1
  [156/266] 519743 「俺たちがHEROです。」アフターパーティー 公演1/券種1
  [157/266] 519749 「俺たちがHEROです。」アフターパーティー 公演1/券種1
  [158/266] 524166 【来場予約】10/16 浜端ヨウヘイ「BIGMAN IN THE F 公演1/券種1
  [159/266] 523714 弾語旋律祭 公演1/券種1
  [160/266] 524019 Psalmマンスリーワンマンライブ #165 公演1/券種2
  [161/266] 523742 板橋ファイト！ 弾き語りワンマンライブ 「空ばかり見ていた」 公演1/券種1
  [162/266] 522776 cig out × FOWS pre.『cig night ~Now 公演1/券種1
  [163/266] 522400 ERR HTTP Error 405: Not Allowed
  [164/266] 521772 ERR HTTP Error 405: Not Allowed
  [165/266] 521644 ERR HTTP Error 405: Not Allowed
  [166/266] 521642 Taro's Bar vol.62~鈴木太郎とお酒と音楽と~ 公演1/券種3
  [167/266] 518686 mono’s Ark phonia -Acoustic LIVE e 公演1/券種1
  [168/266] 516940 『CAMP FIRE 2026』※N.R.R専用取り置き 公演1/券種1
  [169/266] 516513 Picobit×N.R.R pre. 『FROM CHAOS VOL 公演1/券種1
  [170/266] 513452 神戸花隈 宇治川音楽祭2026 公演1/券種1
  [171/266] 513451 神戸三宮 PADOMA『FUJIN ROCK FESTIVAL ’2 公演1/券種1
  [172/266] 524628 LIVE かずま ソロワンマンライブ ＠人形町サロンゴカフェ ※チケ 公演1/券種1
  [173/266] 524678 Strip Joint 3rd Album 『PRAYERS IN  公演1/券種1
  [174/266] 523243 esq Satellite Tour 2026 公演2/券種2
  [175/266] 518146 KUZUHA & AICHI DUO★LIVE 〜アコースティック日 公演1/券種1
  [176/266] 517635 藤井風特集 風の歌で踊れ！！ 公演1/券種1
  [177/266] 513658 いのちのうた 第19章 〜にぎやかな法事〜 公演1/券種1
  [178/266] 510592 DJ DNJ ONE MAN DJ LIVE "愛があれば大丈夫" 公演1/券種1
  [179/266] 509904 藤井風特集 風の歌で踊れ！！ 公演1/券種1
  [180/266] 524548 JSB48非公開リハ 公演1/券種1
  [181/266] 481554 勝田 一樹(Sax)×加藤素朗(Gt&Mani) New Sax E 公演1/券種1
  [182/266] 481553 勝田 一樹(Sax)×加藤素朗(Gt&Mani) New Sax E 公演1/券種1
  [183/266] 515962 女声合唱団「桐」第2回定期演奏会 ──信長貴富作品個展── 公演1/券種2
  [184/266] 524207 『CLUB SCRUM』¿童処？×やわまる主催ライブ 公演1/券種4
  [185/266] 521928 第2回ビリケン座 船場deロードショー！ 公演1/券種0
  [186/266] 520146 Limited 公演1/券種0
  [187/266] 524053 松藤量平live 大阪cafeなかちよ 10月 公演1/券種1
  [188/266] 523395 松岡英明デビュー40周年記念《X X X X》東名阪ツアー_大阪公演 公演1/券種2
  [189/266] 523394 松岡英明デビュー40周年記念《X X X X》東名阪ツアー_東京公演 公演1/券種2
  [190/266] 523393 松岡英明デビュー40周年記念《X X X X》東名阪ツアー_名古屋公 公演1/券種2
  [191/266] 522551 Sound Crossroads 〜Winter Session 2 公演1/券種0
  [192/266] 524726 9/26（土）おでかけ撮影会@渋谷 公演1/券種7
  [193/266] 524571 EN – KANZANJI TEMPLE 公演1/券種1
  [194/266] 524544 おらさ愛に恋vol.2 公演1/券種1
  [195/266] 524265 『かまぼこ体育館と河本太とまつもとの蒲田温泉大爆笑トークライブ』 公演1/券種1
  [196/266] 524728 祝！連載完結 -- 「復讐が足りない」が足りない！冬野梅子トークイベ 公演1/券種1
  [197/266] 524597 喫茶トークライブ➈ 公演1/券種1
  [198/266] 523417 positive!新ネタライブ「stand up⤴︎」 公演1/券種1
  [199/266] 523154 【9月27日】ファンミーティング（チェキ会） 公演1/券種8
  [200/266] 515253 第55回 紅愛寿司 公演1/券種1
  [201/266] 524760 「 共鳴 」 #2 ~閃光の架け橋~ 2部 公演1/券種1
  [202/266] 524759 「 共鳴 」 #2 ~閃光の架け橋~ 1部 公演1/券種1
  [203/266] 524756 「 共鳴 」 #2 ~閃光の架け橋~ 2部 公演1/券種1
  [204/266] 524755 「 共鳴 」 #2 ~閃光の架け橋~ 1部 公演1/券種1
  [205/266] 524751 アルプスおとめとりんごもぎ体験 公演2/券種2
  [206/266] 524441 あいら撮影交流会 公演5/券種5
  [207/266] 524770 セゾン 公演1/券種1
  [208/266] 524752 第７６回ヤンヤン魂! 公演1/券種1
  [209/266] 524748 10/26吠えろ!MC魂! 公演1/券種1
  [210/266] 524510 『漫才キングスマン』 公演1/券種2
  [211/266] 524742 ブランニュー中野 公演1/券種1
  [212/266] 524753 10/26ぶちぬき魂!プレーオフ 公演1/券種1
  [213/266] 524750 関西3回生同期ライブ「風来坊」vol.5 公演1/券種1
  [214/266] 524747 グツグツ魂! 公演1/券種1
  [215/266] 524745 10/29ぶちぬき魂!プレーオフ 公演1/券種1
  [216/266] 524735 ゴーゴー決勝戦 公演1/券種1
  [217/266] 524731 第二回 立石のあて書き-1グランプリ 公演1/券種1
  [218/266] 524716 軟式トークチーム『メモジョイ』 公演1/券種1
  [219/266] 524713 お笑いライブ💰RAGS TO RICHES.vol.937💰 公演1/券種1
  [220/266] 522119 みんなのペチカvol.223 公演2/券種4
  [221/266] 514776 みんなのペチカvol.224 公演2/券種4
  [222/266] 514778 ぼくらのペチカvol.44 公演1/券種2
  [223/266] 524633 荒川ROLLIN' #1 公演1/券種1
  [224/266] 524686 水掛論Vol5 公演1/券種1
  [225/266] 524685 M1勝つぜライブ-漫才師組合員と一緒- 公演1/券種1
  [226/266] 524680 名大落研9月学内ライブ『おいしいもんはたくさんあるけど』 公演1/券種1
  [227/266] 523954 バトンロード vol.1 公演1/券種1
  [228/266] 524552 ネターボエンジン 公演1/券種1
  [229/266] 524656 角座ひる寄席vol.11 公演1/券種0
  [230/266] 524575 公開ジャーナリズム3 公演1/券種1
  [231/266] 524647 第八回つめたいごはん新ネタライブ『昨日の敵』 公演1/券種1
  [232/266] 524637 不退転vol.4 1部 公演1/券種1
  [233/266] 524636 不退転vol.4 2部 公演1/券種1
  [234/266] 524627 高円寺スラバーノッカー #45 公演1/券種0
  [235/266] 517123 即興ネタ対策ライブ 公演1/券種1
  [236/266] 524623 後1回で獲れるのに50円玉しかない。 公演1/券種1
  [237/266] 524620 ネト作計 公演1/券種1
  [238/266] 524606 カナメストーン全国ライブ「粉吹いてんのかよ」東京凱旋公演 公演1/券種1
  [239/266] 524607 大喜利ペーパーテスト 「試喜利験６」 公演1/券種1
  [240/266] 524603 カチカチ山 vol.4 公演1/券種1
  [241/266] 524600 高校ズの放課後トークvol.29 公演1/券種1
  [242/266] 524573 スタメン 公演1/券種1
  [243/266] 524567 キャンディー 公演1/券種1
  [244/266] 524563 10/18(日)V-1で#ワイガヤ《3部》 公演1/券種1
  [245/266] 524560 10/18(日)V-1で#ワイガヤ《2部》 公演1/券種1
  [246/266] 524559 10/18(日)V-1で#ワイガヤ《1部》 公演1/券種1
  [247/266] 524205 10/14(水) 漫腹〜まんぷく〜 公演1/券種1
  [248/266] 524556 そろそろ決めませんか？vol.4 公演1/券種1
  [249/266] 524522 ERR HTTP Error 405: Not Allowed
  [250/266] 523936 ERR HTTP Error 405: Not Allowed
  [251/266] 524506 ERR HTTP Error 405: Not Allowed
  [252/266] 517814 ERR HTTP Error 405: Not Allowed
  [253/266] 524374 ロイヤルペイダート20 公演1/券種2
  [254/266] 524080 SUN 公演1/券種1
  [255/266] 524081 MAN MAN ZAI 公演1/券種1
  [256/266] 510327 モンスターズ ２章：布告 公演1/券種2
  [257/266] 510323 モンスターズ 1章：陰謀 公演1/券種2
  [258/266] 524070 Fukuoka ARTIE'S ~2026 season~④ 公演1/券種2
  [259/266] 523977 もも ファーストクラス撮影会（個撮） 公演5/券種5
  [260/266] 524732 BE:YOND 公演2/券種2
  [261/266] 524734 BE:YOND 公演2/券種2
  [262/266] 523951 凜ふぇす mini 公演1/券種1
  [263/266] 524072 だくーん達による歌祭り！Vol.2.5 公演1/券種1
  [264/266] 524430 【2部再販Bチケット】trick or melody 公演1/券種1
  [265/266] 524428 【1部再販Bチケット】trick or melody 公演1/券種1
  [266/266] 524427 trick or melody【再販2部Aチケット】 公演1/券種1

=== イベント 254件 / 読めなかった 12件 → tmp/tiget_0922.json ===
券種のクラス（売り状態）: [('is-available', 206), ('is-unable is-unopened', 126), ('is-available is-fewremaining', 13), ('btn-unable', 7), ('is-unable is-unavailable', 3), ('is-unable is-closed', 1)]
exit=0
