  一覧 cat=81(YouTuber) page=1/4 … 24件 / 累計24件
  一覧 cat=81(YouTuber) page=2/4 … 24件 / 累計48件
  一覧 cat=81(YouTuber) page=3/4 … 24件 / 累計72件
  一覧 cat=81(YouTuber) page=4/4 … 3件 / 累計75件
  一覧 cat=84(VTuber) page=1/1 … 24件 / 累計95件
  [1/95] 521257 日高里緒 Acoustic Studio Live 公演1/券種1
  [2/95] 512153 てらコワ6 公演1/券種1
  [3/95] 517518 バトル形式怪談ライブ【埼玉vs千葉-因縁の対決-】 公演1/券種1
  [4/95] 516776 「最」ライブツアー2026 in 福岡 公演1/券種2
  [5/95] 517288 「最」ライブツアー2026 in 仙台 公演1/券種2
  [6/95] 516777 「最」ライブツアー2026 in 宮古島 公演1/券種2
  [7/95] 516046 「最」ライブツアー2026 in 大阪 公演1/券種2
  [8/95] 517298 改めまして、私たち「アイドルのいる生活」です！in大阪 公演1/券種2
  [9/95] 520814 すけあやROOM1111 全力ゲームバラエティVol.4 公演1/券種1
  [10/95] 516924 余白章 ---赦されない祝祭--- 公演2/券種5
  [11/95] 520239 おっさんラジコン倶楽部 チャンネル登録1万人達成記念オフ会 公演1/券種1
  [12/95] 510288 コウタ10周年LIVE MANYMANYHAPPY～コウタのやりたい 公演1/券種0
  [13/95] 519149 ドラマ&映画『災』大好き芸人トークライブ 〜あいつは一体何者なんだ？ 公演1/券種1
  [14/95] 515592 KOTTY 1st ファンミーティング～本日も結構なお手前で～ 公演2/券種6
  [15/95] 517249 【ぶいきゃすコレクション】ミニライブ【輝常うどん様 / いねかりたん 公演1/券種3
  [16/95] 517235 【ぶいきゃすコレクション】ファンミーティング(2026/10/18開 公演2/券種4
  [17/95] 517219 【ぶいきゃすコレクション】ミニライブ【あいぷろ様 / はむぷら様】( 公演1/券種3
  [18/95] 517215 【ぶいきゃすコレクション】ファンミーティング(2026/10/17開 公演2/券種4
  [19/95] 517214 【ぶいきゃすコレクション】ミニライブ【葵井詩雫様 / 百瀬ヒバナ様  公演1/券種3
  [20/95] 517212 【ぶいきゃすコレクション】ファンミーティング(2026/10/12開 公演2/券種4
  [21/95] 517198 【ぶいきゃすコレクション】ミニライブ【胡桃澤もも様 / NoirLo 公演1/券種3
  [22/95] 517188 【ぶいきゃすコレクション】ファンミーティング(2026/10/11開 公演2/券種4
  [23/95] 517183 【ぶいきゃすコレクション】ミニライブ【狼谷はるか様 / BΣrett 公演1/券種3
  [24/95] 517163 【ぶいきゃすコレクション】ファンミーティング(2026/10/10開 公演2/券種4
  [25/95] 518060 Say acheese! vol.2 公演1/券種3
  [26/95] 518335 9/22(火•祝)まゆぴぴファンミ@東京 公演2/券種3
  [27/95] 516045 「最」ライブツアー2026 in 名古屋 公演1/券種2
  [28/95] 491013 高野いつか弾き語りライブ【Someday】 公演1/券種1
  [29/95] 511670 難波大 ピアノリサイタルin神戸〜クラシックの「癒し」と「情熱」〜 公演1/券種1
  [30/95] 516472 エスターク先輩の福岡オフ会！ 公演1/券種1
  [31/95] 516471 エスターク先輩のチーズケーキオフ会！ 公演1/券種1
  [32/95] 514844 ゆめりすひみちゅのライブ～まかろちゃん・のあちゃんバースデー～ 公演1/券種3
  [33/95] 515461 いまいりさ🎂ワンマンライブ🎂~帰る場所~ 公演1/券種2
  [34/95] 513788 おすずTikTok10万人フォロワー記念イベント 公演1/券種6
  [35/95] 510710 Snack Bar KONJYO〜根性月がママになる夜〜 公演1/券種1
  [36/95] 513403 さんとら10万人記念イベント ～さんとらと〇〇〇〇初対面！？～ 公演1/券種5
  [37/95] 511668 スミワタル ピアノリサイタル2026 公演1/券種1
  [38/95] 510707 ねぶたるみ生誕祭イベント〜もう歳は数えねぇ〜 公演1/券種1
  [39/95] 510704 ねぶたるみちゃんねるオフ会 in 青森 vol.2 公演1/券種1
  [40/95] 511527 お女郎 お鰻 お怪談 公演1/券種1
  [41/95] 511431 スペシャルトリオ怪談ライブ5th 公演1/券種1
  [42/95] 511136 Happy Halloween！Trick or Stage！ 公演1/券種1
  [43/95] 511139 Happy Halloween！Trick or Stage！メッセ 公演1/券種5
  [44/95] 511301 【2次募集】夕霧×エスターク先輩 大阪初オフ会 公演1/券種1
  [45/95] 488065 こわミゾ 2026 〜秋の怪〜 公演3/券種3
  [46/95] 498290 パクユソンの独演会 DA.GA.NE！vol.2 公演1/券種1
  [47/95] 502632 SARAH BIRTHDAY LIVE 2026 〜stargaze 公演1/券種3
  [48/95] 509045 禁断之箱-パンドラのはこ- 公演1/券種1
  [49/95] 508669 nenemelo主催ライブvol.1 公演1/券種2
  [50/95] 505160 C.A.T. FESTIVAL Vol.2 公演1/券種1
  [51/95] 503941 満開パフェのお楽しみ会 〜ドカ盛り！⭐︎ウエハース多めでお願いします 公演1/券種1
  [52/95] 500125 垣内ミル納言のじゃあ言わせていただきますけど！公開生配信vol.4 公演1/券種1
  [53/95] 503145 夕霧×エスターク先輩 大阪初オフ会 公演1/券種1
  [54/95] 464407 シダックスのこれできる？選手権&ビンゴ大会2026 公演1/券種4
  [55/95] 492770 ヴェルナー第1回単独ライブ「ヴェルナーの『お』単独」 公演1/券種2
  [56/95] 498540 毎日が楽しくない単独ライブ「マーガレットを忘れないで」 公演1/券種1
  [57/95] 495023 インターネットカラオケマツリ〜バーチャル・リアル〜 公演3/券種12
  [58/95] 492429 エスターク先輩×夕霧 スペシャルアフターパーティー 公演1/券種1
  [59/95] 486370 まにこ Birthday Eve One-man Live「シアーギ 公演1/券種3
  [60/95] 491000 びびの怖語2026 公演1/券種1
  [61/95] 490697 秋祭〜MATSURI〜2026 公演1/券種1
  [62/95] 487675 【特別企画】 花村きり チェキ撮影会 公演1/券種1
  [63/95] 487309 ブイ×カケ フェス ゲストレイヤーチェキ撮影会 公演1/券種1
  [64/95] 487308 ブイ×カケ フェス ゲストレイヤーチェキ撮影会 公演1/券種1
  [65/95] 485274 ブイ×カケ フェス ゲストレイヤーチェキ撮影会 公演1/券種1
  [66/95] 485937 大月ゲームサミット2026 公演1/券種2
  [67/95] 483458 歌ってみます。 公演1/券種1
  [68/95] 482077 もののけフェス2026【チケット先行案内登録】 公演1/券種1
  [69/95] 476542 ブイ×カケ フェス 事前予約駐車場 公演1/券種1
  [70/95] 474934 ☆VTuber様限定！ご本人様のグッズ委託販売&配布ブース 公演1/券種1
  [71/95] 474931 第3回 ブイ×カケフェス VTuberグッズ即売会 公演1/券種1
  [72/95] 474924 第三回 ブイ×カケ フェス Vtuberコスプレ&撮影参加エントリー 公演1/券種2
  [73/95] 474921 痛車二輪エントリーフォーム＠第三回ブイ×カケフェス 公演1/券種1
  [74/95] 474906 痛車(四輪)エントリーフォーム＠第三回ブイ×カケフェス 公演1/券種1
  [75/95] 457276 ねぶたるみ青森公演〜ただいま青森〜 公演1/券種1
  [76/95] 522754 「Pilina★Night☆Fever Vol.５ 〜BLAST〜」 公演1/券種3
  [77/95] 522249 Torimochi virtual live vol.028 DAY 公演2/券種9
  [78/95] 522238 Torimochi virtual live vol.028 DAY 公演1/券種4
  [79/95] 522256 Torimochi virtual live vol.028 DAY 公演2/券種9
  [80/95] 520146 Limited 公演1/券種0
  [81/95] 517366 ホシアツメ 𝐅𝐈𝐑𝐒𝐓 𝐀𝐍𝐃 𝐋𝐀𝐒𝐓 𝐎𝐍𝐄-𝐌𝐀𝐍 𝐋𝐈𝐕𝐄  公演2/券種6
  [82/95] 494645 汐音かなう生誕祭2026 -Aqour Memoria- 公演1/券種1
  [83/95] 516086 YURiコス＠百合が原公園 公演1/券種8
  [84/95] 494643 みんかな生誕祭2026 -Halo Bubble!!- 公演1/券種1
  [85/95] 517390 ハロパ！～みんなでハロウィン～ 公演1/券種2
  [86/95] 515839 TRY!!!～なんでもアリのハロウィンパーティー！ 公演3/券種3
  [87/95] 515594 BirdLimeTrap vol.012 DAY2 公演2/券種7
  [88/95] 515591 BirdLimeTrap vol.012 DAY1 公演2/券種7
  [89/95] 514766 VSinger StarS - vol.2 - 公演2/券種7
  [90/95] 506897 少女革命計画 × 岡田美術館「ぬいぐるみお泊り会」 公演1/券種1
  [91/95] 510414 FLANICA FES 公演1/券種2
  [92/95] 507555 Torimochi virtual live vol.027 DAY 公演2/券種7
  [93/95] 507556 Torimochi virtual live vol.027 DAY 公演2/券種7
  [94/95] 495983 rE:音LIVE!! 公演1/券種1
  [95/95] 499519 SO.ON project LaV LIVE TOUR 2026「L 公演1/券種1

=== イベント 95件 / 読めなかった 0件 → tmp/tiget_yt_vt_0918.json ===
券種のクラス（売り状態）: [('is-available', 170), ('is-available is-fewremaining', 20), ('is-unable is-closed', 20), ('is-unable is-unavailable', 17), ('is-unable is-unopened', 16), ('btn-unable', 1)]
