=== バッジ（買える枠）が1枚も出ないエントリ（today=2026-08-25）===
  公演が今日まで … 8件（翌朝の削除ルートで消える＝正常）
  公演まで30日以内 … 45件（前売り終了なら自然だが要確認）
  🚨公演まで31日より先 … 65件（1か月以上先なのに買えない＝取り込み漏れを疑う）

【🚨要対応】公演まで31日より先なのに買える枠が0
  あと 32日 id4066  [engeki   ] 公演2026-09-26 枠1  新サクラ大戦 the Stage ～誠伝 TSURUGI～
           https://t.pia.jp/pia/event/event.do?eventCd=2619766
  あと 32日 id4172  [jpop     ] 公演2026-09-26 枠1  Bocchi
           https://t.pia.jp/pia/event/event.do?eventBundleCd=b2670225
  あと 32日 id4398  [jpop     ] 公演2026-09-26 枠1  比嘉ゆめの生誕祭2026『～ユメノハナシ～』
           https://t.pia.jp/pia/event/event.do?eventCd=2632368
  あと 33日 id4150  [yougaku  ] 公演2026-09-27 枠2  FIVE O ONE
           https://t.pia.jp/pia/event/event.do?eventCd=2629146
  あと 33日 id4173  [jpop     ] 公演2026-09-27 枠1  esq
           https://t.pia.jp/pia/event/event.do?eventCd=2624127
  あと 33日 id4174  [jpop     ] 公演2026-09-27 枠2  Lead
           https://t.pia.jp/pia/event/event.do?eventCd=2630529
  あと 39日 id4035  [jpop     ] 公演2026-10-03 枠1  紫 今
           https://t.pia.jp/pia/event/event.do?eventCd=2625136
  あと 39日 id4036  [jpop     ] 公演2026-10-03 枠1  Little Parade
           https://t.pia.jp/pia/event/event.do?eventCd=2629363
  あと 39日 id4405  [jpop     ] 公演2026-10-03 枠1  EDEN’s CLINE Live turn 4
           https://t.pia.jp/pia/event/event.do?eventCd=2632029
  あと 39日 id4416  [kpop     ] 公演2026-10-03 枠1  PENTAGON
           https://t.pia.jp/pia/event/event.do?eventCd=2632037
  あと 45日 id3169  [jpop     ] 公演2026-10-09 枠1  野村義男
           https://t.pia.jp/pia/event/event.do?eventCd=2626547
  あと 45日 id4409  [jpop     ] 公演2026-10-09 枠1  清水翔太
           https://t.pia.jp/pia/event/event.do?eventBundleCd=b2669341
  あと 46日 id4039  [jpop     ] 公演2026-10-10 枠1  FMY RADIO CRUSH
           https://t.pia.jp/pia/event/event.do?eventCd=2629023
  あと 48日 id4399  [jpop     ] 公演2026-10-12 枠1  FOMARE
           https://t.pia.jp/pia/event/event.do?eventCd=2619530
  あと 48日 id4423  [jpop     ] 公演2026-10-12 枠1  The Performance Zero
           https://t.pia.jp/pia/event/event.do?eventBundleCd=b2670473
  あと 52日 id4041  [jpop     ] 公演2026-10-16 枠1  MAYSON’s PARTY
           https://t.pia.jp/pia/event/event.do?eventCd=2630752
  あと 53日 id4068  [jpop     ] 公演2026-10-17 枠1  Insheart
           https://t.pia.jp/pia/event/event.do?eventCd=2620239
  あと 54日 id2748  [jpop     ] 公演2026-10-18 枠1  熊本地震10年復興コンサート「FUTURE」
           https://t.pia.jp/pia/event/event.do?eventCd=2626277
  あと 54日 id3178  [owarai   ] 公演2026-10-18 枠1  dolce“偏愛”落語会
           https://t.pia.jp/pia/event/event.do?eventCd=2627879
  あと 54日 id4406  [jpop     ] 公演2026-10-18 枠2  Girls2
           https://t.pia.jp/pia/event/event.do?eventCd=2632404
  あと 56日 id4396  [jpop     ] 公演2026-10-20 枠1  Spicy Sessions -THE LIVE- 2026
           https://t.pia.jp/pia/event/event.do?eventBundleCd=b2670476
  あと 58日 id4404  [jpop     ] 公演2026-10-22 枠1  iri
           https://t.pia.jp/pia/event/event.do?eventBundleCd=b2669959
  あと 60日 id3696  [kpop     ] 公演2026-10-24 枠2  Stray Kids
           https://t.pia.jp/pia/event/event.do?eventBundleCd=b2670074
  あと 61日 id2206  [jpop     ] 公演2026-10-25 枠1  FULL METAL JAPAN 2026 ～Powered by 
           https://t.pia.jp/pia/event/event.do?eventBundleCd=b2667009
  あと 61日 id3085  [jpop     ] 公演2026-10-25 枠9  浦島坂田船
           https://eplus.jp/sf/detail/1067170001-P0030269P021002
  あと 61日 id4411  [anime    ] 公演2026-10-25 枠1  ChouCho
           https://t.pia.jp/pia/event/event.do?eventCd=2630760
  あと 67日 id4044  [jpop     ] 公演2026-10-31 枠2  堂島孝平
           https://t.pia.jp/pia/event/event.do?eventCd=2629699
  あと 68日 id4047  [jpop     ] 公演2026-11-01 枠1  山下大輝
           https://t.pia.jp/pia/event/event.do?eventCd=2623223
  あと 68日 id4408  [jpop     ] 公演2026-11-01 枠2  SATANIC PARTY 2026
           https://t.pia.jp/pia/event/event.do?eventCd=2626823
  あと 69日 id4958  [jpop     ] 公演2026-11-02 枠1  "darlin. 10th ANNIVERSARY"
           https://t.pia.jp/pia/event/event.do?eventBundleCd=b2670417
  あと 72日 id4410  [jpop     ] 公演2026-11-05 枠1  玉置浩二
           https://t.pia.jp/pia/event/event.do?eventCd=2630176
  あと 75日 id4414  [jpop     ] 公演2026-11-08 枠1  TRUST RECORDS presents.PUNK IN AUT
           https://t.pia.jp/pia/event/event.do?eventBundleCd=b2670397
  あと 75日 id4424  [jpop     ] 公演2026-11-08 枠1  シャッポ
           https://t.pia.jp/pia/event/event.do?eventBundleCd=b2670245
  あと 77日 id4051  [kpop     ] 公演2026-11-10 枠1  K-Drama OST Tribute Concert 2026
           https://t.pia.jp/pia/event/event.do?eventBundleCd=b2670325
  あと 82日 id753   [jpop     ] 公演2026-11-15 枠1  渡辺真知子
           https://t.pia.jp/pia/event/event.do?eventCd=2606489
  あと 82日 id4117  [jpop     ] 公演2026-11-15 枠1  RAINCOVER
           https://t.pia.jp/pia/event/event.do?eventCd=2625334
  あと 84日 id4415  [jpop     ] 公演2026-11-17 枠2  Tohji
           https://t.pia.jp/pia/event/event.do?eventBundleCd=b2670415
  あと 94日 id4106  [jpop     ] 公演2026-11-27 枠1  放送50周年記念 第20回「徹子の部屋」コンサート
           https://t.pia.jp/pia/event/event.do?eventCd=2616808
  あと 94日 id4413  [jpop     ] 公演2026-11-27 枠1  DeNeel
           https://t.pia.jp/pia/event/event.do?eventBundleCd=b2669562
  あと 95日 id4422  [jpop     ] 公演2026-11-28 枠1  yeti let you notice
           https://t.pia.jp/pia/event/event.do?eventBundleCd=b2669302
  あと 96日 id4107  [jpop     ] 公演2026-11-29 枠1  ロックアンセム2026 EX
           https://t.pia.jp/pia/event/event.do?eventBundleCd=b2668773
  あと 96日 id4400  [jpop     ] 公演2026-11-29 枠1  MASTERPIECE 2026
           https://t.pia.jp/pia/event/event.do?eventBundleCd=b2668940
  あと100日 id4100  [yougaku  ] 公演2026-12-03 枠3  Khalid
           https://t.pia.jp/pia/event/event.do?eventBundleCd=b2669789
  あと102日 id4099  [jpop     ] 公演2026-12-05 枠1  KOTORI pre. TORI ROCK FESTIVAL'26
           https://t.pia.jp/pia/event/event.do?eventBundleCd=b2669467
  あと103日 id2752  [jpop     ] 公演2026-12-06 枠1  Chevon
           https://t.pia.jp/pia/event/event.do?eventBundleCd=b2669309
  あと103日 id4402  [jpop     ] 公演2026-12-06 枠1  UNLIMITS
           https://t.pia.jp/pia/event/event.do?eventCd=2626998
  あと110日 id4094  [jpop     ] 公演2026-12-13 枠1  KAWAII LAB. SESSION
           https://t.pia.jp/pia/event/event.do?eventCd=2631397
  あと119日 id3967  [owarai   ] 公演2026-12-22 枠1  第一回 五圓會 ～三遊派落語研究会～
           https://t.pia.jp/pia/event/event.do?eventCd=2630515
  あと121日 id1601  [jpop     ] 公演2026-12-24 枠6  藍井エイル
           https://t.pia.jp/pia/event/event.do?eventCd=2625347
  あと121日 id4055  [jpop     ] 公演2026-12-24 枠1  純名里沙
           https://t.pia.jp/pia/event/event.do?eventCd=2631403
  あと123日 id3484  [jpop     ] 公演2026-12-26 枠4  マカロニえんぴつ
           https://t.pia.jp/pia/event/event.do?eventCd=2620662
  あと124日 id4412  [jpop     ] 公演2026-12-27 枠6  T.M.Revolution
           https://t.pia.jp/pia/event/event.do?eventBundleCd=b2669838
  あと128日 id4089  [jpop     ] 公演2026-12-31 枠1  花宮初奈
           https://t.pia.jp/pia/event/event.do?eventCd=2625344
  あと144日 id4425  [jazz     ] 公演2027-01-16 枠1  スミワタルトリオ
           https://t.pia.jp/pia/event/event.do?eventCd=2631967
  あと158日 id4085  [jpop     ] 公演2027-01-30 枠2  East Of Eden
           https://t.pia.jp/pia/event/event.do?eventCd=2631907
  あと170日 id4059  [jpop     ] 公演2027-02-11 枠1  Midnight Grand Orchestra
           https://t.pia.jp/pia/event/event.do?eventBundleCd=b2667494
  あと173日 id4084  [jpop     ] 公演2027-02-14 枠1  セブンス・ベガ
           https://t.pia.jp/pia/event/event.do?eventBundleCd=b2670226
  あと180日 id4397  [jpop     ] 公演2027-02-21 枠3  TOOBOE
           https://t.pia.jp/pia/event/event.do?eventBundleCd=b2669512
  あと182日 id4081  [jpop     ] 公演2027-02-23 枠1  梅田サイファー
           https://t.pia.jp/pia/event/event.do?eventBundleCd=b2669477
  あと183日 id4087  [jpop     ] 公演2027-02-24 枠1  WHITE ASH
           https://t.pia.jp/pia/event/event.do?eventBundleCd=b2670250
  あと186日 id4080  [jpop     ] 公演2027-02-27 枠1  澤野弘之 × THE SOUND OF GUNDAM - 機動戦士ガ
           https://t.pia.jp/pia/event/event.do?eventBundleCd=b2670108
  あと208日 id4418  [kids     ] 公演2027-03-21 枠1  Osaka GLOW Glow-in-the-Dark Dance 
           https://t.pia.jp/pia/event/event.do?eventCd=2631839
  あと221日 id1401  [jpop     ] 公演2027-04-03 枠3  いきものがかり
           https://t.pia.jp/pia/event/event.do?eventBundleCd=b2564372
  あと250日 id4420  [jpop     ] 公演2027-05-02 枠1  Suchmos
           https://t.pia.jp/pia/event/event.do?eventBundleCd=b2668000
  あと439日 id4121  [jpop     ] 公演2027-11-07 枠1  MASS OF THE FERMENTING DREGS
           https://t.pia.jp/pia/event/event.do?eventCd=2631947

→ 直し方: この id を reconcile_pia.py --ids で照合し、
   ぴあに買える枠があれば build_pia_entries で取り直す／無ければ削除ゲートへ回す。
【参考】公演まで30日以内で枠0（45件）
  あと  1日 id504   公演2026-08-26  池田綾子
  あと  1日 id924   公演2026-08-26  松尾雄史／二見颯一／原田波人
  あと  1日 id1040  公演2026-08-26  三谷文楽『人形ぎらい』
  あと  1日 id1137  公演2026-08-26  よしもと ド夏笑い（どかわらい）３ＤＡＹＳ ｉｎ 神戸２０２６
  あと  1日 id1956  公演2026-08-26  歌舞伎座 八月納涼歌舞伎
  あと  1日 id5028  公演2026-08-26  「愛し合ってるかい? 忌野清志郎が教えてくれた」最速プレミア上映
  あと  2日 id1318  公演2026-08-27  東京演歌ライブ Vol.256 ～納涼!歌謡パレード!!～
  あと  2日 id4133  公演2026-08-27  Age Factory／ENTH／Paledusk
  あと  2日 id4134  公演2026-08-27  BEEEEM FES Vol.7
  あと  3日 id2004  公演2026-08-28  国立能楽堂 8月企画公演
  あと  3日 id2616  公演2026-08-28  8月国立演芸場寄席（24日～28日）
  あと  3日 id3899  公演2026-08-28  MISIA
  あと  3日 id5029  公演2026-08-28  映画『私はあなたを知らない、』初日舞台挨拶
  あと  4日 id673   公演2026-08-29  THE BACK HORN
  あと  4日 id1344  公演2026-08-29  THE GREATEST ROCK FUKUOKA
  … ほか30件
