=== バッジ（買える枠）が1枚も出ないエントリ（today=2026-09-01）===
  公演が今日まで … 5件（翌朝の削除ルートで消える＝正常）
  公演まで30日以内 … 51件（前売り終了なら自然だが要確認）
  🚨公演まで31日より先 … 66件（1か月以上先なのに買えない＝取り込み漏れを疑う）

【🚨要対応】公演まで31日より先なのに買える枠が0
  あと 32日 id4035  [jpop     ] 公演2026-10-03 枠1  紫 今
           https://t.pia.jp/pia/event/event.do?eventCd=2625136
  あと 32日 id4036  [jpop     ] 公演2026-10-03 枠1  Little Parade
           https://t.pia.jp/pia/event/event.do?eventCd=2629363
  あと 32日 id4405  [jpop     ] 公演2026-10-03 枠1  EDEN’s CLINE Live turn 4
           https://t.pia.jp/pia/event/event.do?eventCd=2632029
  あと 33日 id3032  [jpop     ] 公演2026-10-04 枠2  センチミリメンタル
           https://eplus.jp/sf/detail/3342000001-P0030038P021001
  あと 33日 id3273  [yougaku  ] 公演2026-10-04 枠1  Xnterstellar Music Festival 2026
           https://t.pia.jp/pia/event/event.do?eventBundleCd=b2669777
  あと 33日 id4863  [engeki   ] 公演2026-10-04 枠1  『拝啓、親愛なる魔法使いのあなたへ -lapis lazuli-』
           https://t.pia.jp/pia/event/event.do?eventBundleCd=b2670341
  あと 40日 id4384  [jpop     ] 公演2026-10-11 枠1  STARフェス
           https://t.pia.jp/pia/event/event.do?eventCd=2630954
  あと 40日 id4956  [jpop     ] 公演2026-10-11 枠1  ずっと真夜中でいいのに。
           https://t.pia.jp/pia/event/event.do?eventBundleCd=b2670292
  あと 41日 id4399  [jpop     ] 公演2026-10-12 枠1  FOMARE
           https://t.pia.jp/pia/event/event.do?eventCd=2619530
  あと 41日 id4423  [jpop     ] 公演2026-10-12 枠1  The Performance Zero
           https://t.pia.jp/pia/event/event.do?eventBundleCd=b2670473
  あと 46日 id4259  [fanevent ] 公演2026-10-17 枠1  ≪当選者限定≫佐藤大樹 2nd写真集『In Motion』発売記念 
           https://t.pia.jp/pia/event/event.do?eventCd=2631533
  あと 47日 id2748  [jpop     ] 公演2026-10-18 枠1  熊本地震10年復興コンサート「FUTURE」
           https://t.pia.jp/pia/event/event.do?eventCd=2626277
  あと 50日 id3510  [dento    ] 公演2026-10-21 枠1  第39期竜王戦第2局三島対局 前夜祭
           https://t.pia.jp/pia/event/event.do?eventCd=2626657
  あと 53日 id3430  [classic  ] 公演2026-10-24 枠1  榛葉樹人＆今井俊輔 コンサート in 仙台 Vol.4
           http://www.morinohibiki.com/bbs/in_vol4_1.html
  あと 53日 id3696  [kpop     ] 公演2026-10-24 枠2  Stray Kids
           https://t.pia.jp/pia/event/event.do?eventBundleCd=b2670074
  あと 54日 id3085  [jpop     ] 公演2026-10-25 枠9  浦島坂田船
           https://eplus.jp/sf/detail/1067170001-P0030269P021002
  あと 55日 id4959  [yougaku  ] 公演2026-10-26 枠1  マイケル・シェンカー・グループ
           https://t.pia.jp/pia/event/event.do?eventCd=2632195
  あと 56日 id4814  [jpop     ] 公演2026-10-27 枠1  Tsukisamu Mutton Network presents 
           https://t.pia.jp/pia/event/event.do?eventCd=2632357
  あと 58日 id4041  [jpop     ] 公演2026-10-29 枠1  MAYSON’s PARTY
           https://t.pia.jp/pia/event/event.do?eventCd=2630752
  あと 61日 id4351  [classic  ] 公演2026-11-01 枠2  マーチング・カーニバルin別府2026
           https://t.pia.jp/pia/event/event.do?eventCd=2626202
  あと 61日 id4408  [jpop     ] 公演2026-11-01 枠2  SATANIC PARTY 2026
           https://t.pia.jp/pia/event/event.do?eventCd=2626823
  あと 62日 id4958  [jpop     ] 公演2026-11-02 枠1  "darlin. 10th ANNIVERSARY"
           https://t.pia.jp/pia/event/event.do?eventBundleCd=b2670417
  あと 63日 id4045  [jpop     ] 公演2026-11-03 枠4  ブランデー戦記
           https://t.pia.jp/pia/event/event.do?eventCd=2614528
  あと 63日 id4819  [jpop     ] 公演2026-11-03 枠1  Hump Back
           https://t.pia.jp/pia/event/event.do?eventCd=2633478
  あと 65日 id4410  [jpop     ] 公演2026-11-05 枠1  玉置浩二
           https://t.pia.jp/pia/event/event.do?eventCd=2630176
  あと 68日 id4656  [jpop     ] 公演2026-11-08 枠7  LINKL PLANET
           https://eplus.jp/sf/detail/3739940001
  あと 70日 id4051  [kpop     ] 公演2026-11-10 枠1  K-Drama OST Tribute Concert 2026
           https://t.pia.jp/pia/event/event.do?eventBundleCd=b2670325
  あと 73日 id5432  [jazz     ] 公演2026-11-13 枠4  高岩遼
           https://eplus.jp/sf/detail/2701050002-P0030003P021001
  あと 75日 id4116  [jpop     ] 公演2026-11-15 枠1  『exPoP!!!!!再会 2026』
           https://t.pia.jp/pia/event/event.do?eventBundleCd=b2669835
  あと 75日 id4117  [jpop     ] 公演2026-11-15 枠1  RAINCOVER
           https://t.pia.jp/pia/event/event.do?eventCd=2625334
  あと 77日 id4415  [jpop     ] 公演2026-11-17 枠2  Tohji
           https://t.pia.jp/pia/event/event.do?eventBundleCd=b2670415
  あと 79日 id4114  [yougaku  ] 公演2026-11-19 枠3  Yung Kai
           https://t.pia.jp/pia/event/event.do?eventBundleCd=b2670313
  あと 82日 id4108  [jpop     ] 公演2026-11-22 枠1  大貫妙子
           https://t.pia.jp/pia/event/event.do?eventCd=2628174
  あと 86日 id4373  [jpop     ] 公演2026-11-26 枠2  椎名林檎
           https://t.pia.jp/pia/event/event.do?eventBundleCd=b2670162
  あと 87日 id4106  [jpop     ] 公演2026-11-27 枠1  放送50周年記念 第20回「徹子の部屋」コンサート
           https://t.pia.jp/pia/event/event.do?eventCd=2616808
  あと 89日 id4400  [jpop     ] 公演2026-11-29 枠1  MASTERPIECE 2026
           https://t.pia.jp/pia/event/event.do?eventBundleCd=b2668940
  あと 92日 id4102  [jpop     ] 公演2026-12-02 枠1  Alaska Jam
           https://t.pia.jp/pia/event/event.do?eventCd=2617117
  あと 95日 id4099  [jpop     ] 公演2026-12-05 枠1  KOTORI pre. TORI ROCK FESTIVAL'26
           https://t.pia.jp/pia/event/event.do?eventBundleCd=b2669467
  あと 96日 id4387  [jpop     ] 公演2026-12-06 枠1  PEOPLE 1
           https://t.pia.jp/pia/event/event.do?eventCd=2626417
  あと 99日 id4388  [jpop     ] 公演2026-12-09 枠1  HOSHIKUMA MINAMI
           https://t.pia.jp/pia/event/event.do?eventBundleCd=b2668851
  あと102日 id4057  [jpop     ] 公演2026-12-12 枠1  Faulieu.
           https://t.pia.jp/pia/event/event.do?eventBundleCd=b2670182
  あと102日 id4105  [jpop     ] 公演2026-12-12 枠1  ガラスの靴は落とさない
           https://t.pia.jp/pia/event/event.do?eventCd=2624299
  あと103日 id4094  [jpop     ] 公演2026-12-13 枠1  KAWAII LAB. SESSION
           https://t.pia.jp/pia/event/event.do?eventCd=2631397
  あと105日 id1554  [jpop     ] 公演2026-12-15 枠3  高嶋ちさ子のザワつく!昭和歌謡祭 2026
           https://t.pia.jp/pia/event/event.do?eventCd=2625233
  あと105日 id4092  [jpop     ] 公演2026-12-15 枠1  松任谷由実
           https://t.pia.jp/pia/event/event.do?eventBundleCd=b2561802
  あと110日 id4095  [jpop     ] 公演2026-12-20 枠1  稲葉浩志
           https://t.pia.jp/pia/event/event.do?eventBundleCd=b2669355
  あと112日 id4372  [jpop     ] 公演2026-12-22 枠1  THE JAPANESE PRIDE
           https://t.pia.jp/pia/event/event.do?eventCd=2629790
  あと117日 id4412  [jpop     ] 公演2026-12-27 枠6  T.M.Revolution
           https://t.pia.jp/pia/event/event.do?eventBundleCd=b2669838
  あと121日 id4089  [jpop     ] 公演2026-12-31 枠1  花宮初奈
           https://t.pia.jp/pia/event/event.do?eventCd=2625344
  あと121日 id4325  [musical  ] 公演2026-12-31 枠1  カウントダウン ミュージカル コンサート 2026-2027
           https://t.pia.jp/pia/event/event.do?eventCd=2622602
  あと126日 id4332  [jpop     ] 公演2027-01-05 枠5  宮川大聖
           https://t.pia.jp/pia/event/event.do?eventCd=2626035
  あと132日 id3491  [owarai   ] 公演2027-01-11 枠1  吉例 桂 文珍 新春独演会2027
           https://t.pia.jp/pia/event/event.do?eventCd=2628140
  あと136日 id3488  [jpop     ] 公演2027-01-15 枠11  Little Glee Monster
           https://t.pia.jp/pia/event/event.do?eventCd=2629978
  あと137日 id4386  [jpop     ] 公演2027-01-16 枠1  BUDDiiS
           https://t.pia.jp/pia/event/event.do?eventCd=2629662
  あと150日 id4823  [engeki   ] 公演2027-01-29 枠1  浪漫派マシュマロ
           https://t.pia.jp/pia/event/event.do?eventBundleCd=b2669171
  あと159日 id5191  [engeki   ] 公演2027-02-07 枠1  フラガリアメモリーズ READING THEATER -BOUQUE
           https://t.pia.jp/pia/event/event.do?eventCd=2630717
  あと164日 id5161  [jpop     ] 公演2027-02-12 枠1  Ctrl + Us
           https://t.pia.jp/pia/event/event.do?eventCd=2633559
  あと165日 id5160  [jpop     ] 公演2027-02-13 枠1  稲垣潤一・八神純子 ～歌は時を越えて～
           https://t.pia.jp/pia/event/event.do?eventCd=2625276
  あと166日 id5193  [engeki   ] 公演2027-02-14 枠1  2026年劇団☆新感線46周年興行・冬公演 いのうえ歌舞伎 『髑髏城
           https://t.pia.jp/pia/event/event.do?eventCd=2627872
  あと190日 id5157  [jpop     ] 公演2027-03-10 枠1  MY FLAGMENT
           https://t.pia.jp/pia/event/event.do?eventBundleCd=b2670475
  あと201日 id4418  [kids     ] 公演2027-03-21 枠1  Osaka GLOW Glow-in-the-Dark Dance 
           https://t.pia.jp/pia/event/event.do?eventCd=2631839
  あと207日 id5158  [jpop     ] 公演2027-03-27 枠1  GOODWARP
           https://t.pia.jp/pia/event/event.do?eventBundleCd=b2670598
  あと222日 id2168  [jpop     ] 公演2027-04-11 枠2  This is LAST
           https://t.pia.jp/pia/event/event.do?eventBundleCd=b2563332
  あと284日 id5155  [jpop     ] 公演2027-06-12 枠1  きゃりーぱみゅぱみゅ
           https://t.pia.jp/pia/event/event.do?eventBundleCd=b2670626
  あと285日 id4079  [jpop     ] 公演2027-06-13 枠1  Eve
           https://t.pia.jp/pia/event/event.do?eventBundleCd=b2670151
  あと432日 id4121  [jpop     ] 公演2027-11-07 枠1  MASS OF THE FERMENTING DREGS
           https://t.pia.jp/pia/event/event.do?eventCd=2631947

→ 直し方: この id を reconcile_pia.py --ids で照合し、
   ぴあに買える枠があれば build_pia_entries で取り直す／無ければ削除ゲートへ回す。
【参考】公演まで30日以内で枠0（51件）
  あと  1日 id614   公演2026-09-02  ＩＫＫＯ ＤＲＡＭＡＴＩＣ ～ＢＥＡＵＴＹ ＭＵＳＩＣ ＳＨＯＷ～ 
  あと  2日 id2359  公演2026-09-03  ワールド・シビック・オーケストラ
  あと  2日 id2866  公演2026-09-03  The BONEZ／SHADOWS
  あと  3日 id673   公演2026-09-04  THE BACK HORN
  あと  3日 id1613  公演2026-09-04  THE GOOD-BYE
  あと  3日 id2215  公演2026-09-04  JAILHOUSE presents 「Hello End Vol.
  あと  3日 id4471  公演2026-09-04  ano
  あと  4日 id3214  公演2026-09-05  ガールズ&パンツァー 劇場版 10th Anniversary シネ
  あと  4日 id3315  公演2026-09-05  イモトアヤコのすっぴんしゃん10周年イベント～大大大感謝祭～
  あと  4日 id3764  公演2026-09-05  国立能楽堂 9月国立能楽堂ショーケース
  あと  4日 id4015  公演2026-09-05  田村ゆかり
  あと  4日 id4202  公演2026-09-05  9月国立演芸場寄席（2日～5日）
  あと  4日 id5038  公演2026-09-05  宮田愛萌さん『夏までに』発売記念サイン本お渡し会
  あと  5日 id631   公演2026-09-06  OKINAWAFES Milafete エスコンフィールドHOKKA
  あと  5日 id732   公演2026-09-06  ピュアミュージック 2026 「残暑お見舞いツアー」
  … ほか36件
