  94000 skip(売切)
  94001 skip(売切)
  94002 skip(売切)
  94003 skip(売切)
  94004 skip(売切)
  94005 skip(売切)
  94006 skip(売切)
  94007 skip(売切)
  94008 skip(売切)
  94009 skip(売切)
  94010 skip(売切)
  94011 skip(売切)
  94012 skip(売切)
  94013 skip(売切)
  94014 skip(売切)
  94015 skip(売切)
  94016 OK
  94017 skip(売切)
  94018 OK
  94019 skip(売切)
  94020 skip(売切)
  94021 skip(売切)
  94022 OK
  94023 skip(売切)
  94024 skip(売切)
  94025 OK
  94026 skip(売切)
  94027 skip(売切)
  94028 skip(売切)
  94029 skip(売切)
  94030 OK
  94031 skip(売切)
  94032 OK
  94033 skip(売切)
  94034 skip(売切)
  94035 skip(売切)
  94036 OK
  94037 skip(売切)
  94038 skip(売切)
  94039 skip(売切)
  94040 OK
  94041 skip(売切)
  94042 OK
  94043 OK
  94044 OK
  94045 OK
  94046 skip(売切)
  94047 skip(売切)
  94048 skip(売切)
  94049 OK
  94050 OK
  94051 OK
  94052 OK
  94053 OK
  94054 OK
  94055 skip(売切)
  94056 OK
  94057 OK
  94058 skip(売切)
  94059 skip(売切)
  94060 skip(売切)
  94061 skip(売切)
  94062 skip(売切)
  94063 skip(売切)
  94064 OK
  94065 OK
  94066 skip(売切)
  94067 OK
  94068 skip(売切)
  94069 skip(売切)
  94070 skip(売切)
  94071 skip(売切)
  94072 OK
  94073 skip(売切)
  94074 OK
  94075 skip(売切)
  94076 skip(売切)
  94077 skip(売切)
  94078 skip(売切)
  94079 skip(売切)
  94080 skip(売切)
  94081 OK
  94082 skip(売切)
  94083 skip(売切)
  94084 skip(売切)
  94085 skip(売切)
  94086 skip(売切)
  94087 skip(売切)
  94088 OK
  94089 skip(売切)
  94090 skip(売切)
  94091 skip(売切)
  94092 skip(売切)
  94093 skip(売切)
  94094 skip(売切)
  94095 skip(売切)
  94096 skip(売切)
  94097 skip(売切)
  94098 skip(売切)
  94099 OK
  94100 OK
  94101 OK
  94102 skip(売切)
  94103 skip(売切)
  94104 skip(売切)
  94105 skip(売切)
  94106 skip(売切)
  94107 OK
  94108 OK
  94109 OK
  94110 skip(売切)
  94111 skip(売切)
  94112 skip(売切)
  94113 skip(売切)
  94114 OK
  94115 OK
  94116 OK
  94117 skip(売切)
  94118 OK
  94119 OK
  94120 skip(売切)
  94121 OK
  94122 skip(売切)
  94123 skip(売切)
  94124 skip(売切)
  94125 skip(売切)
  94126 skip(売切)
  94127 skip(売切)
  94128 skip(売切)
  94129 skip(売切)
  94130 skip(売切)
  94131 skip(売切)
  94132 OK
  94133 skip(売切)
  94134 skip(売切)
  94135 skip(売切)
  94136 skip(売切)
  94137 skip(売切)
  94138 skip(売切)
  94139 skip(売切)
  94140 skip(売切)
  94141 skip(売切)
  94142 skip(売切)
  94143 skip(売切)
  94144 OK
  94145 OK
  94146 OK
  94147 OK
  94148 OK
  94149 OK
  94150 OK
  94151 OK
  94152 skip(売切)
  94153 skip(売切)
  94154 OK
  94155 OK
  94156 skip(売切)
  94157 skip(売切)
  94158 OK
  94159 OK
  94160 OK
  94161 OK
  94162 OK
  94163 OK
  94164 OK
  94165 OK
  94166 skip(売切)
  94167 skip(売切)
  94168 OK
  94169 skip(売切)
  94170 skip(売切)
  94171 skip(売切)
  94172 OK
  94173 OK
  94174 OK
  94175 skip(売切)
  94176 skip(売切)
  94177 OK
  94178 OK
  94179 skip(売切)
  94180 skip(売切)
  94181 OK
  94182 OK
  94183 OK
  94184 OK
  94185 skip(売切)
  94186 skip(売切)
  94187 OK
  94188 skip(売切)
  94189 OK
  94190 OK
  94191 OK
  94192 OK
  94193 OK
  94194 OK
  94195 OK
  94196 OK
  94197 OK
  94198 OK
  94199 skip(売切)
  94200 OK
  94201 skip(売切)
  94202 OK
  94203 OK
  94204 OK
  94205 OK
  94206 OK
  94207 OK
  94208 OK
  94209 OK
  94210 OK
  94211 OK
  94212 OK
  94213 OK
  94214 OK
  94215 OK
  94216 skip(売切)
  94217 OK
  94218 OK
  94219 OK
  94220 OK
  94221 OK
  94222 skip(売切)
  94223 skip(売切)
  94224 OK
  94225 OK
  94226 OK
  94227 skip(売切)
  94228 skip(売切)
  94229 skip(売切)
  94230 OK
  94231 OK
  94232 OK
  94233 skip(売切)
  94234 OK
  94235 OK
  94236 OK
  94237 OK
  94238 OK
  94239 OK
  94240 OK
  94241 OK
  94242 OK
  94243 OK
  94244 OK
  94245 skip(売切)
  94246 skip(売切)
  94247 OK
  94248 OK
  94249 OK
  94250 OK
  94251 OK
  94252 skip(売切)
  94253 skip(売切)
  94254 OK
  94255 OK
  94256 OK
  94257 skip(売切)
  94258 OK
  94259 OK
  94260 OK
  94261 OK
  94262 OK
  94263 OK
  94264 OK
  94265 OK
  94266 skip(売切)
  94267 OK
  94268 skip(売切)
  94269 OK
  94270 skip(売切)
  94271 skip(売切)
  94272 OK
  94273 OK
  94274 OK
  94275 skip(売切)
  94276 OK
  94277 OK
  94278 skip(売切)
  94279 OK
  94280 OK
  94281 OK
  94282 OK
  94283 OK
  94284 OK
  94285 OK
  94286 skip(売切)
  94287 skip(売切)
  94288 skip(売切)
  94289 skip(売切)
  94290 skip(売切)
  94291 OK
  94292 skip(売切)
  94293 skip(売切)
  94294 skip(売切)
  94295 OK
  94296 skip(売切)
  94297 skip(売切)
  94298 skip(売切)
  94299 skip(売切)
  94300 OK
  94301 skip(売切)
  94302 skip(売切)
  94303 skip(売切)
  94304 skip(売切)
  94305 skip(売切)
  94306 skip(売切)
  94307 OK
  94308 skip(売切)
  94309 OK
  94310 OK
  94311 OK
  94312 skip(売切)
  94313 OK
  94314 OK
  94315 OK
  94316 skip(売切)
  94317 OK
  94318 skip(売切)
  94319 skip(売切)
  94320 skip(売切)
  94321 OK
  94322 OK
  94323 OK
  94324 OK
  94325 OK
  94326 OK
  94327 skip(売切)
  94328 skip(売切)
  94329 OK
  94330 OK
  94331 skip(売切)
  94332 OK
  94333 skip(売切)
  94334 skip(売切)
  94335 OK
  94336 skip(売切)
  94337 OK
構築 168 件 / skip [94000, 94001, 94002, 94003, 94004, 94005, 94006, 94007, 94008, 94009, 94010, 94011, 94012, 94013, 94014, 94015, 94017, 94019, 94020, 94021, 94023, 94024, 94026, 94027, 94028, 94029, 94031, 94033, 94034, 94035, 94037, 94038, 94039, 94041, 94046, 94047, 94048, 94055, 94058, 94059, 94060, 94061, 94062, 94063, 94066, 94068, 94069, 94070, 94071, 94073, 94075, 94076, 94077, 94078, 94079, 94080, 94082, 94083, 94084, 94085, 94086, 94087, 94089, 94090, 94091, 94092, 94093, 94094, 94095, 94096, 94097, 94098, 94102, 94103, 94104, 94105, 94106, 94110, 94111, 94112, 94113, 94117, 94120, 94122, 94123, 94124, 94125, 94126, 94127, 94128, 94129, 94130, 94131, 94133, 94134, 94135, 94136, 94137, 94138, 94139, 94140, 94141, 94142, 94143, 94152, 94153, 94156, 94157, 94166, 94167, 94169, 94170, 94171, 94175, 94176, 94179, 94180, 94185, 94186, 94188, 94199, 94201, 94216, 94222, 94223, 94227, 94228, 94229, 94233, 94245, 94246, 94252, 94253, 94257, 94266, 94268, 94270, 94271, 94275, 94278, 94286, 94287, 94288, 94289, 94290, 94292, 94293, 94294, 94296, 94297, 94298, 94299, 94301, 94302, 94303, 94304, 94305, 94306, 94308, 94312, 94316, 94318, 94319, 94320, 94327, 94328, 94331, 94333, 94334, 94336]

!!!!!!!!!!!!!!!!!!!!!!!!!!!!!!!!!!!!!!!!!!!!!!!!!!!!!!!!!!!!
\u26a0\ufe0f 取りこぼし 1件（買える枠なのに取り込めなかった＝要対応）:
   id94180 [FETCH-ERR] when='ぴあが混雑ページに飛ばした（券種は読めていない）: http://sorry.pia.jp/nt2/pia/?mark=type-L10' | https://ticket.pia.jp/pia/event.do?eventBundleCd=b2671154
→ parse_when/kenshu/状態判定にこの表記を足してから再構築すること。
!!!!!!!!!!!!!!!!!!!!!!!!!!!!!!!!!!!!!!!!!!!!!!!!!!!!!!!!!!!!
