########## ① ZAIKOの番人（作り直しが当たったか全件突合）
gate_zaiko_slots: 一致1 / 食い違い1 / 一覧落ち0 / 判定不能419 → tmp/gate_zaiko_report.txt
########## ② TIGETの食い違い16件をヒール
heal_tiget: healed=14 empty=2 fetcherr=0 apply=True -> tmp/heal_tiget_report.txt
########## ③ 昼の隠れ枠ヒールを当てる
!! tmp/heal_stale.json は 8.5 時間前の取り直し。--ids で build したなら --apply にも同じ --ids を付けて。（本当に古いのを当てるなら --force-old）
########## ④ 枠が本当に減った件だけ見る
減った4件 / 増えた61件 / 同数15192件 / 売り切れ印が消えた144件 → tmp/x0921/heal_tiget_compare.txt
########## ⑤ 本日発売の形（締切が入ったか）
after: 本日発売 161枠（締切つき 8 / 締切なし 153）
########## ⑥ ZAIKOの前後比較
wrote tmp/x0921/zaiko_beforeafter.txt  {'直った': 420, '枠が増えた': 61, '枠が減った': 4, '変わらない': 1}
########## ⑦ 機械ゲート
OK: genre:new のバッジ公演日は全てオレンジ強調される形になっている（略記なし・日付欠落なし）。
=== 並び順違反: 日付逆転 0 / 同日順序 0 / rank逆転 0 ===
=== バッジ（買える枠）が1枚も出ないエントリ（today=2026-09-21）===
  公演が今日まで … 56件（翌朝の削除ルートで消える＝正常）
  公演まで30日以内 … 151件（前売り終了なら自然だが要確認）
  🚨公演まで31日より先 … 21件（1か月以上先なのに買えない＝取り込み漏れを疑う）

ALL DONE
