########## lg=02 発売前 ##########
 NEW | 2026/9/21 | 新宿末廣亭10月余一会 | 2026/10/31(土) | 東京都
 NEW | 2026/9/26 | 『ジャズ大名』 | 2026/12/19(土) ～ 2026/1 | 神奈川県
 NEW | 2026/10/3 | Bunkamura Production 202 | 2026/11/6(金) ～ 2026/11 | 東京都
########## lg=03 発売前 ##########
 NEW |  | カマタマーレ讃岐対ロアッソ熊本 明治安田Ｊ３リー | 2026/10/18(日) | 香川県
 NEW | TODAY | 第１０５回全国高校サッカー選手権大会 愛知県大会 | 2026/11/7(土) ～ 2026/11 | 愛知県
 NEW | 2026/10/1 | ボートピア梅田 | 2026/11/1(日) ～ 2026/11 | 大阪府
########## lg=04 発売前 ##########
already in DB (eventCd一致): 27 | NOT in DB (new candidates): 0
  うち 0件は同名の既存エントリあり＝投入時に統合を検討（旧実装はここを丸ごと捨てていた）
written tmp/x0921/presale_04.json
########## lg=05 発売前 ##########
  うち 1件は同名の既存エントリあり＝投入時に統合を検討（旧実装はここを丸ごと捨てていた）
written tmp/x0921/presale_05.json
 NEW | 2026/10/6 | 特別展「源氏物語 王朝のかがやき」 | 2026/10/6(火) ～ 2026/11 | 京都府
########## lg=06 発売前 ##########
 NEW | 2026/10/2 | SUNGMIN FANMEETING in OS | 2026/10/17(土) | 大阪府
 NEW |  | 筑後ＳＡＫＥフェスタ２０２６ | 2026/10/10(土) ～ 2026/1 | 福岡県
 NEW | 2026/10/6 | 特別展「源氏物語 王朝のかがやき」 | 2026/10/6(火) ～ 2026/11 | 京都府
########## lg=07 発売前 ##########
 NEW | 2026/9/25 | 仙台メサイアを歌う会 第４４回メサイアニューイヤ | 2027/1/10(日) | 宮城県
 NEW | 2026/10/11 | 読響名曲シリーズ | 2027/1/28(木) | 東京都
 NEW | 2026/10/11 | 読響横浜マチネーシリーズ | 2027/1/30(土) | 神奈川県
ALL DONE
