
=== lg=06 (イベント) 受付中0101 総数=890 ===
[06_all] rc=0 380s total=890 pages=89 new=435

=== lg=03 (スポーツ) 受付中0101 総数=872 ===
[03_all] rc=0 333s total=872 pages=88 new=371

=== lg=05 (アート) 受付中0101 総数=86 ===
[05_all] rc=0 39s total=86 pages=9 new=40

=== lg=04 (映画) 受付中0101 総数=63 ===
[04_all] rc=0 23s total=63 pages=7 new=26

=== lg=02 (演劇) 受付中0101 総数=1892 ===
  1,000の頭打ちを越えるので都道府県で割る
[02_pf01] rc=0 38s total=79 pages=8 new=47
  pf=02 0件（か取得できず）＝飛ばす
  pf=03 0件（か取得できず）＝飛ばす
[02_pf04] rc=0 16s total=45 pages=5 new=13
[02_pf05] rc=0 4s total=11 pages=2 new=3
  pf=06 0件（か取得できず）＝飛ばす
  pf=07 0件（か取得できず）＝飛ばす
[02_pf08] rc=0 5s total=16 pages=2 new=3
[02_pf09] rc=0 5s total=12 pages=2 new=4
[02_pf10] rc=0 5s total=17 pages=2 new=4
[02_pf11] rc=0 15s total=44 pages=5 new=13
[02_pf12] rc=0 13s total=41 pages=5 new=5
[02_pf13] rc=0 311s total=717 pages=72 new=244
[02_pf14] rc=0 29s total=70 pages=7 new=24
[02_pf15] rc=0 8s total=22 pages=3 new=7
[02_pf16] rc=0 5s total=13 pages=2 new=4
[02_pf17] rc=0 10s total=31 pages=4 new=13
  pf=18 0件（か取得できず）＝飛ばす
  pf=19 0件（か取得できず）＝飛ばす
[02_pf20] rc=0 3s total=13 pages=2 new=4
  pf=21 0件（か取得できず）＝飛ばす
[02_pf22] rc=0 8s total=23 pages=3 new=6
[02_pf23] rc=0 51s total=123 pages=13 new=29
[02_pf24] rc=0 2s total=11 pages=2 new=4
  pf=25 0件（か取得できず）＝飛ばす
[02_pf26] rc=0 24s total=56 pages=6 new=22
[02_pf27] rc=0 90s total=272 pages=28 new=60
[02_pf28] rc=0 28s total=108 pages=11 new=11
  pf=29 0件（か取得できず）＝飛ばす
  pf=30 0件（か取得できず）＝飛ばす
  pf=31 0件（か取得できず）＝飛ばす
  pf=32 0件（か取得できず）＝飛ばす
[02_pf33] rc=0 13s total=33 pages=4 new=10
[02_pf34] rc=0 12s total=40 pages=4 new=15
[02_pf35] rc=0 5s total=16 pages=2 new=6
  pf=36 0件（か取得できず）＝飛ばす
[02_pf37] rc=0 2s total=13 pages=2 new=7
  pf=38 0件（か取得できず）＝飛ばす
  pf=39 0件（か取得できず）＝飛ばす
[02_pf40] rc=0 34s total=102 pages=11 new=21
  pf=41 0件（か取得できず）＝飛ばす
  pf=42 0件（か取得できず）＝飛ばす
[02_pf43] rc=0 8s total=20 pages=2 new=10
  pf=44 0件（か取得できず）＝飛ばす
[02_pf45] rc=0 3s total=11 pages=2 new=0
  pf=46 0件（か取得できず）＝飛ばす
[02_pf47] rc=0 6s total=15 pages=2 new=5

=== lg=07 (クラシック) 受付中0101 総数=2003 ===
  1,000の頭打ちを越えるので都道府県で割る
[07_pf01] rc=0 22s total=49 pages=5 new=20
  pf=02 0件（か取得できず）＝飛ばす
  pf=03 0件（か取得できず）＝飛ばす
[07_pf04] rc=0 20s total=64 pages=7 new=16
  pf=05 0件（か取得できず）＝飛ばす
[07_pf06] rc=0 7s total=16 pages=2 new=9
  pf=07 0件（か取得できず）＝飛ばす
[07_pf08] rc=0 3s total=15 pages=2 new=5
[07_pf09] rc=0 7s total=12 pages=2 new=6
[07_pf10] rc=0 4s total=12 pages=2 new=5
[07_pf11] rc=0 18s total=47 pages=5 new=20
[07_pf12] rc=0 7s total=17 pages=2 new=8
[07_pf13] rc=0 344s total=727 pages=73 new=399
[07_pf14] rc=0 88s total=196 pages=20 new=106
[07_pf15] rc=0 3s total=11 pages=2 new=4
  pf=16 0件（か取得できず）＝飛ばす
[07_pf17] rc=0 6s total=21 pages=3 new=7
  pf=18 0件（か取得できず）＝飛ばす
[07_pf19] rc=0 6s total=14 pages=2 new=6
[07_pf20] rc=0 11s total=29 pages=3 new=20
[07_pf21] rc=0 5s total=12 pages=2 new=2
[07_pf22] rc=0 22s total=49 pages=5 new=20
[07_pf23] rc=0 67s total=154 pages=16 new=75
[07_pf24] rc=0 2s total=12 pages=2 new=2
[07_pf25] rc=0 5s total=12 pages=2 new=7
[07_pf26] rc=0 26s total=58 pages=6 new=25
[07_pf27] rc=0 80s total=187 pages=19 new=98
[07_pf28] rc=0 26s total=65 pages=7 new=36
  pf=29 0件（か取得できず）＝飛ばす
  pf=30 0件（か取得できず）＝飛ばす
  pf=31 0件（か取得できず）＝飛ばす
  pf=32 0件（か取得できず）＝飛ばす
[07_pf33] rc=0 11s total=26 pages=3 new=9
[07_pf34] rc=0 17s total=33 pages=4 new=17
[07_pf35] rc=0 6s total=11 pages=2 new=7
  pf=36 0件（か取得できず）＝飛ばす
  pf=37 0件（か取得できず）＝飛ばす
  pf=38 0件（か取得できず）＝飛ばす
  pf=39 0件（か取得できず）＝飛ばす
[07_pf40] rc=0 34s total=72 pages=8 new=39
[07_pf41] rc=0 4s total=11 pages=2 new=4
[07_pf42] rc=0 2s total=13 pages=2 new=3
  pf=43 0件（か取得できず）＝飛ばす
[07_pf44] rc=0 4s total=18 pages=2 new=7
  pf=45 0件（か取得できず）＝飛ばす
  pf=46 0件（か取得できず）＝飛ばす
  pf=47 0件（か取得できず）＝飛ばす

=== lg=01 (音楽) 受付中0101 総数=4701 ===
  1,000の頭打ちを越えるので都道府県で割る
[01_pf01] rc=0 108s total=291 pages=30 new=69
[01_pf02] rc=0 8s total=30 pages=3 new=10
[01_pf03] rc=0 19s total=50 pages=5 new=17
[01_pf04] rc=0 75s total=216 pages=22 new=59
[01_pf05] rc=0 12s total=36 pages=4 new=12
[01_pf06] rc=0 9s total=25 pages=3 new=10
[01_pf07] rc=0 19s total=65 pages=7 new=24
[01_pf08] rc=0 22s total=51 pages=6 new=21
[01_pf09] rc=0 21s total=49 pages=5 new=21
[01_pf10] rc=0 12s total=49 pages=5 new=15
[01_pf11] rc=0 37s total=102 pages=11 new=34
[01_pf12] rc=0 22s total=66 pages=7 new=23
[01_pf13] rc=0 385s total=980 pages=98 new=337
[01_pf14] rc=0 84s total=227 pages=23 new=75
[01_pf15] rc=0 28s total=75 pages=8 new=34
[01_pf16] rc=0 10s total=26 pages=3 new=4
[01_pf17] rc=0 27s total=83 pages=9 new=32
[01_pf18] rc=0 7s total=25 pages=3 new=4
[01_pf19] rc=0 9s total=28 pages=3 new=8
[01_pf20] rc=0 27s total=78 pages=8 new=26
[01_pf21] rc=0 11s total=34 pages=4 new=10
[01_pf22] rc=0 31s total=88 pages=9 new=28
[01_pf23] rc=0 172s total=460 pages=46 new=153
[01_pf24] rc=0 10s total=26 pages=3 new=12
[01_pf25] rc=0 10s total=28 pages=3 new=10
[01_pf26] rc=0 49s total=135 pages=14 new=49
[01_pf27] rc=0 210s total=557 pages=56 new=189
[01_pf28] rc=0 58s total=155 pages=16 new=46
[01_pf29] rc=0 15s total=33 pages=4 new=13
[01_pf30] rc=0 5s total=16 pages=2 new=7
[01_pf31] rc=0 6s total=17 pages=2 new=7
[01_pf32] rc=0 4s total=13 pages=2 new=3
[01_pf33] rc=0 37s total=91 pages=10 new=37
[01_pf34] rc=0 55s total=160 pages=16 new=66
[01_pf35] rc=0 13s total=33 pages=4 new=6
  pf=36 0件（か取得できず）＝飛ばす
[01_pf37] rc=0 34s total=86 pages=9 new=35
[01_pf38] rc=0 11s total=37 pages=4 new=12
[01_pf39] rc=0 9s total=28 pages=3 new=12
[01_pf40] rc=0 108s total=297 pages=30 new=84
[01_pf41] rc=0 7s total=18 pages=2 new=6
[01_pf42] rc=0 9s total=27 pages=3 new=9
[01_pf43] rc=0 12s total=45 pages=5 new=13
[01_pf44] rc=0 11s total=30 pages=3 new=8
[01_pf45] rc=0 4s total=17 pages=2 new=6
[01_pf46] rc=0 11s total=31 pages=4 new=14
[01_pf47] rc=0 21s total=54 pages=6 new=19

=== 受付中スイープ 終了 ===
