FANY 2026-10-01〜2027-04-01  総件数 3169件
    全体  200/3169件
    全体  400/3169件
    全体  600/3169件
    全体  800/3169件
    全体  1000/3169件
    全体  1200/3169件
    全体  1400/3169件
    全体  1600/3169件
    全体  1800/3169件
    全体  2000/3169件
    全体  2200/3169件
    全体  2400/3169件
    全体  2600/3169件
    全体  2800/3169件
    全体  3000/3169件
  引けた公演 3169件 / 目標 3169件  取れなかったoffset 0個
    genre=30  200/3143件
    genre=30  400/3143件
    genre=30  600/3143件
    genre=30  800/3143件
    genre=30  1000/3143件
    genre=30  1200/3143件
    genre=30  1400/3143件
    genre=30  1600/3143件
    genre=30  1800/3143件
    genre=30  2000/3143件
    genre=30  2200/3143件
    genre=30  2400/3143件
    genre=30  2600/3143件
    genre=30  2800/3143件
    genre=30  3000/3143件
  genre=30 お笑い        3143件（目標3143）
  genre=31 音楽         34件（目標34）
  genre=32 演劇/ステージ    40件（目標40）
  genre=33 スポーツ       4件（目標4）
  genre=37 アート/イベント   34件（目標34）
    genre=38  200/1025件
    genre=38  400/1025件
    genre=38  600/1025件
    genre=38  800/1025件
    genre=38  1000/1025件
  genre=38 劇場以外       1025件（目標1025）
→ tmp/x1001/eve/fany_eve.json  公演 3169件 / 販売枠 8580枠
