  一覧 page=1/40 … 20件（未登録20件）/ 累計20件
  一覧 page=2/40 … 20件（未登録20件）/ 累計40件
  一覧 page=3/40 … 20件（未登録20件）/ 累計60件
  一覧 page=4/40 … 20件（未登録20件）/ 累計80件
  一覧 page=5/40 … 20件（未登録20件）/ 累計100件
  一覧 page=6/40 … 20件（未登録20件）/ 累計120件
  一覧 page=7/40 … 20件（未登録20件）/ 累計140件
  一覧 page=8/40 … 20件（未登録20件）/ 累計160件
  一覧 page=9/40 … 20件（未登録20件）/ 累計180件
  一覧 page=10/40 … 20件（未登録20件）/ 累計200件
  一覧 page=11/40 … 20件（未登録20件）/ 累計220件
  一覧 page=12/40 … 20件（未登録20件）/ 累計240件
  一覧 page=13/40 … 20件（未登録20件）/ 累計260件
  一覧 page=14/40 … 20件（未登録20件）/ 累計280件
  一覧 page=15/40 … 20件（未登録20件）/ 累計300件
  一覧 page=16/40 … 20件（未登録20件）/ 累計320件
  一覧 page=17/40 … 20件（未登録20件）/ 累計340件
  一覧 page=18/40 … 20件（未登録20件）/ 累計360件
  一覧 page=19/40 … 20件（未登録20件）/ 累計380件
  一覧 page=20/40 … 20件（未登録20件）/ 累計400件
  一覧 page=21/40 … 20件（未登録20件）/ 累計420件
  一覧 page=22/40 … 20件（未登録20件）/ 累計440件
  一覧 page=23/40 … 20件（未登録20件）/ 累計460件
  一覧 page=24/40 … 20件（未登録20件）/ 累計480件
  一覧 page=25/40 … 20件（未登録20件）/ 累計500件
  一覧 page=26/40 … 20件（未登録20件）/ 累計520件
  一覧 page=27/40 … 20件（未登録20件）/ 累計540件
  一覧 page=28/40 … 20件（未登録20件）/ 累計560件
  一覧 page=29/40 … 20件（未登録20件）/ 累計580件
  一覧 page=30/40 … 20件（未登録20件）/ 累計600件
  一覧 page=31/40 … 20件（未登録20件）/ 累計620件
  一覧 page=32/40 … 20件（未登録20件）/ 累計640件
  一覧 page=33/40 … 20件（未登録20件）/ 累計660件
  一覧 page=34/40 … 20件（未登録20件）/ 累計680件
  一覧 page=35/40 … 20件（未登録20件）/ 累計700件
  一覧 page=36/40 … 20件（未登録20件）/ 累計720件
  一覧 page=37/40 … 20件（未登録20件）/ 累計740件
  一覧 page=38/40 … 20件（未登録20件）/ 累計760件
  一覧 page=39/40 … 20件（未登録20件）/ 累計780件
  一覧 page=40/40 … 20件（未登録20件）/ 累計800件
  [1/800] 270120 森永陽実 2nd Album Release Tour 斬新 受付1/券種1
  [2/800] 39degreesmakeyourmove112 39degrees presents. Make Your  受付1/券種1
  [3/800] ldmpq 衝動革命 [ひかりの感触] レコ発 東京編 受付1/券種1
  [4/800] eb6d0 【蟲主総会2026】真之蟲主杯 受付1/券種2
  [5/800] bhxtx 【大創トレカフェス】公式大会 千怪戦戯 受付1/券種1
  [6/800] pj5u2 【大創トレカフェス】蟲神器 キッズ蟲主杯 受付1/券種1
  [7/800] w9b5m 明徳 40th anniversary -Level 40- 受付1/券種2
  [8/800] sohaoneman soha pre. 「WHAT IS, AND WHAT I 受付1/券種1
  [9/800] bjp8u 【大創トレカフェス】イジンデンフェス2026 受付1/券種1
  [10/800] s-75k 劇場アニメーション「クスノキの番人」スタッフ本制作祈念イベン 受付1/券種1
  [11/800] n56pp コレクティブ2周年記念！配信者大集合だよ！コレクティブフェス 受付1/券種1
  [12/800] mv6ri 【Little Glee Monster】第65回東邦祭AR 受付1/券種1
  [13/800] e-dwb 【神木隆之介】第65回東邦祭トークショー2026 受付1/券種1
  [14/800] z--78 大西丈Swing Quintet配信チケット 受付1/券種1
  [15/800] wally1011 超宮古主義Vol.14~プロデュース公演~ 受付1/券種2
  [16/800] hahahakyogen 『ははは狂言シアター』０歳から入場可。泣いても笑っても大丈夫 受付1/券種6
  [17/800] hahahakyogenws ははは狂言シアター特別ワークショップ 受付1/券種1
  [18/800] 9wtl5 【アゾン名古屋】サアラズ ア・ラ・モード『MAYA（マヤ）／ 受付1/券種1
  [19/800] 5mykj 雪村春樹写真展示 トークイベント 受付2/券種2
  [20/800] cg6ux 雪村春樹写真展示 イベント 受付6/券種6
  [21/800] upmq9 雪村春樹写真展示 向理来写真集公開撮影 受付6/券種6
  [22/800] wa2cd KAKUMAY ONEMAN TOUR「KILLING ME 受付1/券種1
  [23/800] ftmxv ペルピンズSpecial live［イオンモールKAGOSH 受付2/券種2
  [24/800] ukn70 KAKUMAY ONEMAN TOUR「KILLING ME 受付1/券種1
  [25/800] blxa- KAKUMAY ONEMAN TOUR「KILLING ME 受付1/券種1
  [26/800] kx8xy 上杉周大の「ひとり弾きガッタリー」vol.3 受付3/券種3
  [27/800] nvtgr コスメイトinゆりの里 受付1/券種5
  [28/800] sw9yx 新宿：人前で話すのが楽になる！！60分話しても全く緊張しない 受付1/券種1
  [29/800] p2vxx 新宿：人前で話すのが楽になる！！60分話しても全く緊張しない 受付1/券種1
  [30/800] 0xtim 2026/10/7(水)【サンリオキャラクターズ めじるしア 受付1/券種2
  [31/800] qbizt 2026/10/7(水)【サンリオキャラクターズ めじるしア 受付1/券種2
  [32/800] gwmv0 2026/10/7(水)【サンリオキャラクターズ めじるしア 受付1/券種2
  [33/800] 5erab 2026/10/7(水)【サンリオキャラクターズ めじるしア 受付1/券種2
  [34/800] 7uznc KAKUMAY ONEMAN TOUR「KILLING ME 受付1/券種1
  [35/800] 1ditw 2026/10/7(水)【サンリオキャラクターズ めじるしア 受付1/券種2
  [36/800] j1mb0 2026/10/7(水)【サンリオキャラクターズ めじるしア 受付1/券種2
  [37/800] 3-gza <コスメデコルテ>「アドベントカレンダー2026」 受付1/券種15
  [38/800] fd2x8 【銀座三越】<コスメデコルテ>「アドベント カレンダー 20 受付1/券種1
  [39/800] flyon 【銀座三越】＜コスメデコルテ＞「メイクアップ コレクション  受付1/券種1
  [40/800] w7b6n 【書店謎解き】書店員リブと大きな本屋の小さな秘密［11/1～ 受付1/券種1
  [41/800] 1rgkw 【アゾン湘南】サアラズ ア・ラ・モード『MAYA（マヤ）／S 受付1/券種1
  [42/800] o9oou 【当選者1名のみ入場可能※お子様・乳幼児・介護者等含む同伴入 受付1/券種10
  [43/800] cf6-r 都城市新市誕生２０周年記念 ファミリーコンサート 受付2/券種2
  [44/800] cryhf <コスメデコルテ>「コスメデコルテ メイクアップ コレクショ 受付1/券種15
  [45/800] nugmk 【当選者1名のみ入場可能※お子様・乳幼児・介護者等含む同伴入 受付1/券種10
  [46/800] mm67n 【当選者1名のみ入場可能※お子様・乳幼児・介護者等含む同伴入 受付1/券種10
  [47/800] yrqw_ 潮風祭 声優トークショー2026 受付2/券種3
  [48/800] fxhl- 【当選者1名のみ入場可能※お子様・乳幼児・介護者等含む同伴入 受付1/券種10
  [49/800] p2pco 朝ノ瑠璃トークライブ＠三田祭 受付0/券種0
  [50/800] i83x0 ＜鎌倉紅谷＞Demi-Sec Collection ～クルミ 受付1/券種14
  [51/800] cbovd ヤマシロヤ ベイブレードX「2026年10月10日発売商品」 受付1/券種3
  [52/800] xd_r0 大阪：【あがり症を根絶する！！】100人の前で話してもまった 受付1/券種1
  [53/800] ubq_6 大阪：【あがり症を根絶する！！】100人の前で話してもまった 受付1/券種1
  [54/800] re_discovery Re:Discovery 受付1/券種7
  [55/800] 71usu 2026年10月24日午後 岳南電車運転体験 受付1/券種1
  [56/800] v-tjx 2026年10月24日午前 岳南電車運転体験 受付1/券種1
  [57/800] yunosato_watertalk_20261214 お水のお話会2026.12.14 受付1/券種1
  [58/800] 7f3m1 福祉のつどい 受付1/券種1
  [59/800] vsca3 『Leaf』創刊×コミック『団地のふたり』(双葉社)刊行記念 受付1/券種3
  [60/800] nadvg 遊幻界2610 受付1/券種1
  [61/800] ltjh3 2026/10/2(金)【PUNIKKO by TOKOTO 受付1/券種22
  [62/800] 8v3qx Lucky Time Vol.3 新曲披露会Ver. 受付0/券種0
  [63/800] uku40 Lss&muu popup 受付1/券種2
  [64/800] gidhy 【ステージ出演】はれステMall 2026 Christma 受付2/券種4
  [65/800] 4z7g0 cruising party 受付1/券種1
  [66/800] 14uiz 蒸気と冒険の飛空艇TRPG 歯車の塔の探空士【4時間】 受付1/券種2
  [67/800] ffqk2 オオカミ再生プロジェクトRPG グレイヘブン【4時間】 受付1/券種2
  [68/800] 7257s 【テキストセッション】下僕系イケメンTRPG ダークデイズド 受付1/券種2
  [69/800] ti7f9 初めてのTRPG体験会 ＆ 体験会で使用するツール（Disc 受付1/券種2
  [70/800] tisew オンライン動画(応募券付き) 受付1/券種2
  [71/800] x698t ランダムチェキ(応募券付き) 受付1/券種2
  [72/800] 1jrgt N ウイングス エレキの店定期Live 2026年10月17 受付1/券種1
  [73/800] tnhqx 宮古莉奈卒業 カンパ 受付1/券種5
  [74/800] tb7u3 🧸 TAMAYAMA MIE TOY BOX TOUR 20 受付0/券種0
  [75/800] 06_c_ Just the 2 of us 受付1/券種2
  [76/800] 227t1 UNBE vol.4 受付1/券種2
  [77/800] xxm-g 10/6(火) 大久保太郎(b/leader)児島孝典（cl 受付1/券種1
  [78/800] b5tof 10/4(日)夜 渡辺 辰晃(g/leader)篠原彪我(t 受付1/券種2
  [79/800] bansankai 伴讃会 （BANSANKAI） 受付1/券種1
  [80/800] kfw-q ALL I WANT acoustic oneman 〜Wh 受付2/券種2
  [81/800] bakudance4 バクダンス Vol.4 受付3/券種3
  [82/800] bakudance3 バクダンス Vol.3 受付3/券種3
  [83/800] bakudance2 バクダンス Vol.2 受付3/券種3
  [84/800] dnq1m 10月10日開催／胡守なずな／STAN撮影会 受付1/券種6
  [85/800] 6thconcert 第6回演奏会 受付1/券種2
  [86/800] 6mr7c 【第１部】上仁樹 35th Birthday Event 受付1/券種1
  [87/800] 87pxr 【第２部】上仁樹 35th Birthday Event 受付1/券種1
  [88/800] areok 【第３部】上仁樹 35th Birthday Event【F 受付1/券種1
  [89/800] que20261229 ベンジーノムラ(BLANKEY JET CITY cover 受付1/券種1
  [90/800] thelightishere ザ・ダービーズ 1st ONEMAN LIVE "The L 受付1/券種1
  [91/800] 1azq_ 第2回こどもの居場所FES 受付1/券種2
  [92/800] sakitee2610 誕生祭2026「saki's bar」 受付1/券種6
  [93/800] dnbcf 10月Tool to特典券 受付1/券種5
  [94/800] y_-t6 BACHIKORI!BAN!BAN 1st ALBUM RE 受付1/券種1
  [95/800] sm6u3 財布類抽選受付 受付4/券種32
  [96/800] vtubersnackbar_yokyuakeru 2026年10月31日（土）【VTuberスナック街】ママ： 受付1/券種5
  [97/800] 59j81 Enjoint MusiC *05 受付1/券種1
  [98/800] ft4j7 財布類抽選受付 受付4/券種32
  [99/800] que20261230 オリオリバンド(oriori cover)/玉ーリン(スター 受付1/券種1
  [100/800] lovlis_twilightblue 【Lovlis】泡沫ブルー|トワイライトブルー【あすな卒業公 受付1/券種11
  [101/800] sk_matthaeus-passion2027 Salicus Kammerchor特別公演 J.S. バッ 受付1/券種6
  [102/800] que20261229_30 【通し券】“KOGA COVER NIGHT 2026” 受付1/券種1
  [103/800] funvc-live2026 FUTURE CLASTAR 2026 受付1/券種1
  [104/800] rzw3_ 🌈💀大きな魔女さんの秘め夜会 Vol.5💀🌈 受付1/券種1
  [105/800] 15ka- 10/22 キャッツホール 2部 受付1/券種1
  [106/800] zbjff 10/22 キャッツホール 1部 受付1/券種1
  [107/800] kfiq4 10/21 ヘッドパワー2部 LH GZ BR RH TA  受付1/券種1
  [108/800] ma2-w １０月２５日(日) バンビーナ撮影会 雛川ひゅなこ 受付1/券種3
  [109/800] 0k3w6 10/21 ヘッドパワー1部 LH GZ BR RH TA  受付1/券種1
  [110/800] takemoto_dai-bounenkai-17 竹本孝之 2026 大忘年会シーズン17！ 受付2/券種2
  [111/800] takemoto-takayuki-live2026_final 竹本孝之 Crossroads of Life tour 2 受付2/券種2
  [112/800] vekxg １０月２４日(土) バンビーナ撮影会 穂南しずく 受付1/券種4
  [113/800] c_bn8 ピーターパンシンドローム単独公演『Old Trafford  受付1/券種1
  [114/800] d8in_ 10/20 キャッツホール 1部制 受付1/券種1
  [115/800] pch1y NEWPOEM 単独公演vol.37 受付1/券種1
  [116/800] nz_parade_100526_re NiziIROぱれっと主催LIVE 『NiziParade』 受付2/券種2
  [117/800] hwd5e 10/19 池袋momo 2部 LH GZ TA 黄泉 LR 受付1/券種1
  [118/800] tjc9h 10/19 池袋momo 1部 LH GZ TA 黄泉 LR 受付1/券種1
  [119/800] viu-8 カイトーーク -Halloween SP- 受付1/券種1
  [120/800] 2_3eq 【1部〜2部通し】「さばいどる・かほなん生誕祭！ in梅田L 受付1/券種1
  [121/800] 9klvs 10/10(土)自主企画個人撮影会 受付1/券種7
  [122/800] yw_44 キャッツホール 2部 LL AN AT 受付1/券種1
  [123/800] nfu80 【2部】「さばいどる・かほなん生誕祭！ in梅田Latera 受付1/券種1
  [124/800] i1bvz 10/19 キャッツホール 1部 受付1/券種1
  [125/800] asterisk260930-2 Ⱥstral単独公演『Ⱥsterisk vol.132（1部 受付1/券種1
  [126/800] 3qgp6 【深夜ライブ】10/16 サイエンス LL AN LH AT 受付1/券種1
  [127/800] cwacs 【1部】「さばいどる・かほなん生誕祭！ in梅田Latera 受付1/券種1
  [128/800] asterisk260930-1 Ⱥstral単独公演『Ⱥsterisk vol.137（1部 受付1/券種1
  [129/800] bo5yx マシュマロ撮影会 2026/11/8(日) 浅草エリア個人撮 受付4/券種20
  [130/800] op394 マシュマロ撮影会 2026/11/7(土) 江戸川橋エリア個 受付1/券種2
  [131/800] tnsaq THAT’S FASHION WEEKEND 2026 グリ 受付1/券種5
  [132/800] ed7s- LIE LILIE河原崎凜生誕祭 受付2/券種2
  [133/800] o_all_osaka o_all 1st album release tour 受付1/券種2
  [134/800] liveplanet_halloween_in_nagoya 『LIVE PLANET HALLOWEEN in NAGO 受付1/券種2
  [135/800] hapjm All Entertainment produce Team 受付1/券種1
  [136/800] meteo7 METEOLIVE vol.7 再始動LIVE 受付1/券種1
  [137/800] ch7oa o_all 1st album release tour 受付1/券種2
  [138/800] 20261216saurus サウルスpre.「キラーストリート」 受付1/券種1
  [139/800] 1028_amatou 【10/28】甘党祭 受付1/券種1
  [140/800] qgbcz めたセン生誕衣装単独公演-リベンジ編- 受付1/券種2
  [141/800] hs10thpirits7 『10thpirits 「HIGH SPIRITS × 強が 受付1/券種2
  [142/800] pwrtt MEOWMEW 音瀬希愛生誕祭 受付2/券種2
  [143/800] uagqg LIE LILIEミエル・モア生誕祭 受付2/券種2
  [144/800] 5jact 立花祭| 福岡工業大学|SKRYUライブ 受付1/券種1
  [145/800] c7_8e マシュマロ撮影会 2026/11/7(土) スペーススタジオ 受付7/券種13
  [146/800] 4em36 秋の歌祭 受付1/券種3
  [147/800] euu-7 10/14(水)FADEIN＋トーク配信チェキ 受付1/券種3
  [148/800] l5yf4 第１回中村町カラオケ大会 受付2/券種2
  [149/800] dde36 マシュマロ撮影会 2026/11/3(火) Mu House 受付6/券種48
  [150/800] l7404 音楽食堂『Orange Sky』新春2027 スペシャルライ 受付1/券種1
  [151/800] 0zrbm 10/15 新宿グラムシュタイン 2部 受付1/券種1
  [152/800] isr5i VIVID JEWELRY -Halloween Night 受付1/券種1
  [153/800] xcy7v Rubber Soul 受付1/券種2
  [154/800] 4ga9s JAMDOL vol.3 受付1/券種1
  [155/800] yg5w- FRAME THE X Greating Live 受付3/券種3
  [156/800] gktour1202 GK 煌めく東名阪観測TOUR！〜名古屋編〜 受付1/券種1
  [157/800] o___01 お。 受付1/券種2
  [158/800] gktour1203 GK 煌めく東名阪観測TOUR！〜大阪編〜 受付1/券種1
  [159/800] friefes02 DJ To-i & Yackle Pre.『FRIEFES  受付1/券種1
  [160/800] 57xqh 出張！NAKAJI FESTIVAL！〜北海道編〜 受付1/券種2
  [161/800] n4v64 【石原 克】Two Man Live「聴きながら」Prese 受付2/券種3
  [162/800] wwk7d FRAME THE X HALLOWEEN PARTY LI 受付3/券種3
  [163/800] 261021id IDOORLOVES -EXTRA SPARKING!- 受付1/券種2
  [164/800] q2x2t VIVID JEWELRY -Halloween Night 受付1/券種1
  [165/800] ysf4d ホワイトクレヨン 受付1/券種1
  [166/800] ex813 『AOHAROOM ~OCTOBER~』 mini BIST 受付1/券種1
  [167/800] wox33 【振替公演】名盤ラジオオフ会#06 再会そして何かが動き出す 受付1/券種1
  [168/800] u8g9l 10/15 新宿グラムシュタイン 1部 受付1/券種1
  [169/800] 112rf 10/15 キャッツホール 2部 受付1/券種1
  [170/800] lj66x 11/25(水)井野利治30thバースディライブ 受付1/券種2
  [171/800] gary8 10/15 キャッツホール 1部 AT LH TA 受付1/券種1
  [172/800] yce7f 10/14 アトリエ2部 LL AN AT LH 受付1/券種1
  [173/800] tw2ol 10/14 アトリエ 1部 LL AN AT LH 受付1/券種1
  [174/800] 1yain 『りりイベvol.3』 受付1/券種2
  [175/800] wud_y 10/13 キャッツホール 2部 LL AN AT LH T 受付1/券種1
  [176/800] kokorone26103001 音楽と心の時間 第五回１部 受付1/券種1
  [177/800] kokorone26103002 音楽と心の時間 第五回2部 受付1/券種1
  [178/800] nucqt 10/13 キャッツホール 1部 LL AT GZ RH L 受付1/券種1
  [179/800] g-j5t 第15回アイ文研アイドルライブ 〜15th Annivers 受付2/券種2
  [180/800] happyrinkaday2026 Happy Rinka Day 2026 受付2/券種2
  [181/800] 9pqr3 ふぇさんとのファンミーティング!! 年内ラスト編!! in東 受付1/券種4
  [182/800] wj5bx ふぇさんとのファンミーティング!! 年内ラスト編!! in大 受付1/券種4
  [183/800] d4tsk ヲタ芸甲子園2026 パフォーマンス部門 受付1/券種4
  [184/800] 4kvxz mzsrz 「お歌とお話の会 2026」（仮） 受付0/券種0
  [185/800] 6d7-y 川瀬もえ Newフォトブック「Moement」発売記念イベン 受付2/券種5
  [186/800] dronj R▷PUTURE.（1部） 受付1/券種1
  [187/800] 261113 月見ル君想フ22周年記念公演 “Danceable” 受付1/券種2
  [188/800] 9cr4u 電歌祭2026 受付0/券種0
  [189/800] 9a52p R▷PUTURE.（2部） 受付1/券種1
  [190/800] yugihal1123_2 Yugiri & HAL PRESENTS KARAOKE  受付2/券種2
  [191/800] yugihal1123_1 Yugiri & HAL PRESENTS KARAOKE  受付2/券種2
  [192/800] mwu7_ UNISTAGE〜お菓子くれなきゃイタズラしちゃうぞ〜 受付2/券種12
  [193/800] ktc01 WARP 28th Anniversary!! 回春李 pr 受付1/券種2
  [194/800] 261014id IDOORLOVES -EXTRA SPARKING!- 受付1/券種2
  [195/800] uxih2 【10/12(月)開催】千星真穂BUBKA掲載記念イベント 受付2/券種5
  [196/800] 1c40a ヲタ芸甲子園2026 バトル部門 受付0/券種0
  [197/800] k2u1w 29 受付1/券種2
  [198/800] pure_place1101day PURE PLACE前祭！ 受付1/券種2
  [199/800] ytce1 ほずみの新年会2027 受付1/券種1
  [200/800] merrytomostmas_2026 メリーともスマス★2026 受付1/券種3
  [201/800] bakudance1 バクダンス Vol.1 受付3/券種3
  [202/800] suvivalosaka 『RESISTANCE SURVIVAL』2026.11.2 受付3/券種10
  [203/800] r5pe4 『温め10分！まいにち節約冷凍鍋』刊行記念 「タピキチのオフ 受付1/券種1
  [204/800] eot-o 10/3 19:00竹内 直 SOLOライブ同時生配信＠川越 受付1/券種1
  [205/800] ctizi みしまちゃんZOOMお話会🍻 受付1/券種1
  [206/800] 0cssv みしまちゃんZOOMお話会🍻 受付1/券種1
  [207/800] ivqzu みしまちゃんZOOMお話会🍻 受付1/券種1
  [208/800] 0fu6- みしまちゃんZOOMお話会🍻 受付1/券種1
  [209/800] mico_mini_live 美心、初ソロステージ！Halloween mini Live 受付1/券種2
  [210/800] e7akn 【指導型マッスルキャンプ、女子フィジークポージングセミナー】 受付1/券種2
  [211/800] ueno1001 超じゃぽ主義Vol.13~全曲公演~ 受付1/券種2
  [212/800] ddq76 10/24(土)林ゆめバースデー撮影会♡ 受付1/券種3
  [213/800] rc7zr みしまちゃんZOOMお話会🍻 受付1/券種1
  [214/800] 4a-pe みしまちゃんZOOMお話会🍻 受付1/券種1
  [215/800] xcxt- みしまちゃんZOOMお話会🍻 受付1/券種1
  [216/800] xfk84 みしまちゃんZOOMお話会🍻 受付1/券種1
  [217/800] i5sgg 第79回自主法政祭市ヶ谷地区 企画集団法政JoY pre.  受付2/券種2
  [218/800] hyper_subliminal3 HYPER SUBLIMINAL vol.3 受付1/券種1
  [219/800] xrpou Ly@ 受付1/券種1
  [220/800] wpw2g 『Electrical Halloween Party』 受付1/券種2
  [221/800] omcg1st どこまでのび〜るOMOCHI宣言！〜初出荷！〜 受付2/券種2
  [222/800] gravity1026 『GrAViTy』vol.10 -THE 2MAN SHOW 受付1/券種1
  [223/800] azi9- HUG!BUG!FAT! 受付1/券種1
  [224/800] lit1004 lit 受付1/券種1
  [225/800] 94rsq みしまちゃんZOOMお話会🍻 受付1/券種1
  [226/800] 114u3 10/17(土)自主企画(スタジオシェア)撮影会 受付1/券種7
  [227/800] mzgbc みしまちゃんZOOMお話会🍻 受付1/券種1
  [228/800] 7iwcm 【ビギナークラス】ソーダライト・ランクマッチ 2026 Ro 受付1/券種1
  [229/800] c0mnv みしまちゃんZOOMお話会🍻 受付1/券種1
  [230/800] p_0xw ［2026/10/25］どぅ→たま 個別撮影会 @ 名古屋 受付1/券種6
  [231/800] pt7u5 【スタンダードクラス】ソーダライト・ランクマッチ 2026  受付1/券種1
  [232/800] 62wnd キクチミチタカ・ナイト番外編~恋人たちの雨(LOVERS R 受付1/券種2
  [233/800] skloh ドラムレッスン 奈良 受付1/券種1
  [234/800] naoya_2shot なおや撮影交流会 受付1/券種24
  [235/800] 1004_kimihana キミはな単独公演-10月もよろしくね公演- 受付1/券種2
  [236/800] rpp1u 『今日も嫁が見つからない。』発売記念イベント「小田原ドラゴン 受付1/券種1
  [237/800] jed3k Ⅱ tone clan Pre. Ballade Night 受付1/券種2
  [238/800] c3ybz MAD JAMIEヨーロッパ＆日本五大都市ツアー打ち上げイベ 受付1/券種1
  [239/800] 394tm CLOWN'S CROWN✖︎青玻一哉✖︎清元たすく Tik 受付1/券種1
  [240/800] pguol 【東京】ufotableCafeTOKYO 10/7(水)  受付2/券種12
  [241/800] ir7j5 【大阪】マチ★アソビカフェOSAKA 10/8(木) アニメ 受付2/券種12
  [242/800] us59b 【大阪】マチ★アソビカフェOSAKA 10/9(金) アニメ 受付2/券種12
  [243/800] 9w8sn GANGDEMIC『テーマパーク個別オフ会』 受付1/券種14
  [244/800] v7yck 【名古屋】ufotableCafe & マチ★アソビカフェ  受付2/券種12
  [245/800] lv34e 【東京】マチ★アソビカフェTOKYO 10/9(金) アニメ 受付2/券種9
  [246/800] vtubersnackbar_hakushikaiori 2026年10月31日（土）【VTuberスナック街】ママ： 受付2/券種10
  [247/800] iql15 やさうさちゃん似顔絵やさん 受付1/券種15
  [248/800] mg0ad やさうさちゃん似顔絵やさん 受付1/券種15
  [249/800] f8x93 【名古屋】ufotableCafe & マチ★アソビカフェ  受付2/券種12
  [250/800] 7wkue 【東京】マチ★アソビカフェTOKYO 10/6(火) アニメ 受付2/券種9
  [251/800] efnsg 【東京】マチ★アソビカフェTOKYO 10/7(水) アニメ 受付2/券種9
  [252/800] goadl 【東京】マチ★アソビカフェTOKYO 10/6(火) 『テイ 受付2/券種12
  [253/800] ecyk6 【東京】マチ★アソビカフェTOKYO 10/8(木) 『テイ 受付2/券種12
  [254/800] aat50 【東京】マチ★アソビカフェTOKYO 10/10(土) 『テ 受付2/券種12
  [255/800] c4t29 UPPER HALLOWEEN KNIGHT 受付1/券種1
  [256/800] jp932 あおいとあいかのオフ会 受付1/券種1
  [257/800] 6n8-o 【東京】ufotableCafeTOKYO 10/9(金)  受付2/券種12
  [258/800] zw4dv 【東京】ufotableCafeTOKYO 10/10(土) 受付2/券種12
  [259/800] o7k7p 【大阪】マチ★アソビカフェOSAKA 10/11(日) アニ 受付2/券種12
  [260/800] 5sl47 JAM2026 二次オーディション 【１部】 受付1/券種1
  [261/800] myaq7 JAM2026 二次オーディション 【２部】 受付1/券種1
  [262/800] rgq53 【大阪】マチ★アソビカフェOSAKA 10/7(水) アニメ 受付2/券種12
  [263/800] jbalr 【10月16日（金）・17日(土)・18日(日)】ファミレス 受付3/券種54
  [264/800] gpw2i 2026年10月3日(土)Märmiフリーライブ＠有明ガーデ 受付1/券種1
  [265/800] aw9uq PARAMENA pre. "PARANORMAL PHEN 受付1/券種1
  [266/800] 20261221 PAGE 受付1/券種1
  [267/800] jltsq 【東京】ufotableCafeTOKYO 10/11(日) 受付2/券種12
  [268/800] wie8u 【東京】ufotableCafeTOKYO 10/12(月) 受付2/券種12
  [269/800] 3ti6f 【大阪】マチ★アソビカフェOSAKA 10/6(火) アニメ 受付2/券種12
  [270/800] h5hpg 【大阪】マチ★アソビカフェOSAKA 10/10(土) アニ 受付2/券種12
  [271/800] 378d- 【名古屋】ufotableCafe & マチ★アソビカフェ  受付2/券種12
  [272/800] zbgt5 【名古屋】ufotableCafe & マチ★アソビカフェ  受付2/券種12
  [273/800] anr8f 【東京】マチ★アソビカフェTOKYO 10/8(木) アニメ 受付2/券種9
  [274/800] 3j1ok 【東京】マチ★アソビカフェTOKYO 10/10(土) アニ 受付2/券種9
  [275/800] pu2qd 【東京】マチ★アソビカフェTOKYO 10/11(日) アニ 受付2/券種9
  [276/800] s8ar0 【東京】マチ★アソビカフェTOKYO 10/11(日) 『テ 受付2/券種12
  [277/800] vtubersnackbar_musubimeyui 2026年10月31日（土）【VTuberスナック街】ママ： 受付2/券種10
  [278/800] ar88i 『呼ばれたことのない名前 Never Before Name 受付1/券種1
  [279/800] qd9ng やさうさちゃん似顔絵やさん 受付1/券種15
  [280/800] fq3a2 やさうさちゃん似顔絵やさん 受付1/券種15
  [281/800] s1-92 きみはれ。 ガールズカルチャー雑誌『BEEEEM』vol.3 受付2/券種4
  [282/800] l4mid CARAVAN STORIES 9周年ファンミーティング i 受付1/券種1
  [283/800] z1jr0 【東京】ufotableCafeTOKYO 10/6(火)  受付2/券種12
  [284/800] txmhq 【東京】ufotableCafeTOKYO 10/8(木)  受付2/券種12
  [285/800] z-6ui 【大阪】マチ★アソビカフェOSAKA 10/12(月) アニ 受付2/券種12
  [286/800] 70146 Osaka VTuber Circuit FES vol.8 受付2/券種50
  [287/800] y73ql 【名古屋】ufotableCafe & マチ★アソビカフェ  受付2/券種12
  [288/800] 4ft6c 【名古屋】ufotableCafe & マチ★アソビカフェ  受付2/券種12
  [289/800] xgqk3 【名古屋】ufotableCafe & マチ★アソビカフェ  受付2/券種12
  [290/800] 16pq1 【東京】マチ★アソビカフェTOKYO 10/12(月) アニ 受付2/券種9
  [291/800] xhqdc 【東京】マチ★アソビカフェTOKYO 10/7(水) 『テイ 受付2/券種12
  [292/800] d_-2o 【東京】マチ★アソビカフェTOKYO 10/9(金) 『テイ 受付2/券種12
  [293/800] tnhz4 【東京】マチ★アソビカフェTOKYO 10/12(月) 『テ 受付2/券種12
  [294/800] ngo0c indoor cats. 4th oneman live " 受付1/券種1
  [295/800] dg22x EMO NIGHT HALLOWEEN 受付1/券種1
  [296/800] 69uur KAZANE - 2nd Anniversary - epi 受付1/券種1
  [297/800] 29kha ほにょ。料理撮影オフ会 受付1/券種5
  [298/800] 1014guild-shizuka ギルド in 静かの海 受付2/券種2
  [299/800] ffu23 SODLAND Halloween水着撮影会 受付1/券種3
  [300/800] 202611au23 おやこで楽しむ音楽祭〜2026秋・幕張クロスポート 受付1/券種6
  [301/800] 4_owl ドラムレッスン 大阪 受付1/券種1
  [302/800] doubledutchdelightjapan2026 Double Dutch Delight Japan 202 受付5/券種10
  [303/800] 2026au1121 おやこで楽しむ音楽祭〜2026秋・豊洲文化センター 受付0/券種0
  [304/800] u9yol 若宮大起 × MIRAI DROPS 2MAN FREE L 受付0/券種0
  [305/800] ulqa6 『加賀翔のカメラの歩き方』発売記念サイン本お渡し会＆写真撮影 受付1/券種2
  [306/800] h-63w 11/7(土) 河合あすな チェキ会 受付1/券種1
  [307/800] g49au VOAT FES vol.2 受付3/券種27
  [308/800] unblancheballetacademy UNBLANCHÉ BALLET ACADEMY year- 受付1/券種1
  [309/800] 8zz0w STELLAθ入場無料公演@CBC1スタホール 受付1/券種2
  [310/800] otonari13 OTONARI Vol.13 受付2/券種2
  [311/800] niime Lumi→A LIVE ～あなたのために輝きたい～ Vol. 受付1/券種2
  [312/800] 5ika- Halloween あもちゃないと 受付1/券種3
  [313/800] 48nc3 らじお女子水野楓奈生誕祭@CBC1スタホール 受付1/券種2
  [314/800] pzgeh 🎃大きな魔女さんの魔法薬調合室 Vol.5🎃 受付1/券種2
  [315/800] wtca4 場づくりと倫理 受付1/券種4
  [316/800] 9g-zk これからの“組織”を考える 組織の中で働くひとたちのための対 受付1/券種4
  [317/800] o45l_ 三宮：人前で話すのが楽になる！！60分話しても全く緊張しない 受付1/券種1
  [318/800] p1-pt 三軒茶屋「０歳からの・はじめてのオーケストラ」〜冬のコンサー 受付1/券種2
  [319/800] jff4w 福岡：言いたいことが言えず、後悔したことがある方に…言葉がス 受付1/券種1
  [320/800] u3xp9 10/20(火)2部Pixy Ainsel Filene ら 受付1/券種1
  [321/800] utiwp 川中健介選手 マッスルキャンプ＆ポージングセミナー＆出張パー 受付1/券種5
  [322/800] tlaee 福岡：説明下手を克服する！30秒で思いを伝える「ピンポイント 受付1/券種1
  [323/800] 1zxi3 「Lumi→Aを推してみるっ？」#13 受付1/券種1
  [324/800] bfl5c 10/20(火)1部Pixy Ainsel らっきぃとりが〜 受付1/券種1
  [325/800] 4sxl2 雛見沢くるみHelloween 受付3/券種5
  [326/800] 9l_ol 『EpicTravels Story100』 受付1/券種1
  [327/800] yew1f 『EpicTravels Story100』 受付1/券種1
  [328/800] p5til 『EpicTravels Story100』 受付1/券種1
  [329/800] q6o_d 『EpicTravels Story100』 受付1/券種1
  [330/800] b__vg 『EpicTravels Story100』 受付1/券種1
  [331/800] g8-sj 名古屋：人前で話すのが楽になる！！60分話しても全く緊張しな 受付1/券種1
  [332/800] 7s68t 『EpicTravels Story100』 受付1/券種1
  [333/800] g2e4c 名古屋：人前で話すのが楽になる！！60分話しても全く緊張しな 受付1/券種1
  [334/800] fjorb 10/7(水)もしもしともや 受付1/券種3
  [335/800] 2mqzx 10/19(月)2部Pixy Filene Sirius ら 受付1/券種1
  [336/800] b_n31 いくおぼっち 受付2/券種2
  [337/800] yuzukohappy1 杏ゆず子生誕祭2026【1部】 受付1/券種6
  [338/800] yuzukohappy2 杏ゆず子生誕祭2026【2部】 受付1/券種3
  [339/800] e_m1f 10/8 BLACK IRIS WEEKLY LIVE ＠u 受付3/券種3
  [340/800] ring-1018 RING 私服の15分 受付1/券種2
  [341/800] ring1018 すこフェス Day8 受付1/券種2
  [342/800] 3ahci アーカイブ9月26日バリ喜劇 受付1/券種7
  [343/800] 4occi 10/19(月)1部Pixy Filene Sirius ら 受付1/券種1
  [344/800] 7fm3l アーカイブ9月27日Ｒ指定コントライブ 受付1/券種5
  [345/800] grit1013 ネコプラpixx.×アイテムはてるてるのみ 2MAN 受付1/券種6
  [346/800] pmq6h Prima pallet ~プリマパレット~ 受付1/券種2
  [347/800] furabi202610 #フラサービックル 毎週木曜定期公演10月 受付1/券種10
  [348/800] kunaq 門松みゆき Premium Live ライブハウス 東京発 受付1/券種2
  [349/800] w2bs- 『にとになの日』飲みイベント🍻 受付1/券種2
  [350/800] stayrad06_2 STAY RAD vol.06 -2部- 受付1/券種1
  [351/800] sm75c 【10月1日～10月7日分 とらもっち整理券 17時～19時 受付1/券種7
  [352/800] wnaz0 【10月1日～7日分 とらもっち整理券 11時～14時枠】 受付1/券種7
  [353/800] rise-up_03 SMN TRAINEE -RISE UP LIVE- #03 受付1/券種1
  [354/800] 9peou 2026/10/2(金)【PUNIKKO by TOKOTO 受付1/券種20
  [355/800] ee1rk HALLOWEEN LIVE 受付1/券種1
  [356/800] tjbba 新右衛門さん祭１０（仮） 受付1/券種1
  [357/800] 5v6_i 【一般発売】藤澤ノリマサLIVE『ノリカバ』Vol.6〜オリ 受付1/券種1
  [358/800] u4ugc メットライフ生命Fリーグ2026-27 ディビジョン２ 第1 受付1/券種6
  [359/800] yuzuka_2026 【予約限定生産・会場受取】宮代柚花生誕Tシャツ2026 受付1/券種5
  [360/800] zondonawa3 第3回 全道なわとび大会 受付1/券種1
  [361/800] anvha 横須賀「０歳からの・はじめてのオーケストラ」〜冬のコンサート 受付1/券種3
  [362/800] q5zit CBCラジオ第30回お笑いオーディションLIVE「笑スタ」 受付1/券種1
  [363/800] lmcp8_ab_ticket 【 A/Bエリア】LES MILLS CAMP8 チケット申 受付2/券種17
  [364/800] hyakuju2 MCU×シティコネクション 主催 『第2回 百獣ゲームランド 受付1/券種1
  [365/800] homeylivinglive77 Homey Living Live #77 受付1/券種3
  [366/800] wew-1 【人気No.1】オンラインカウンセリング/MIYABI10月 受付1/券種1
  [367/800] bomber ごじゃっぺボンバーLIVE 3 受付1/券種1
  [368/800] vqnnd 怪獣酒場新橋蒸溜所”怪獣襲来!”ババルウ星人登場【18:30 受付1/券種4
  [369/800] 2moot 怪獣酒場新橋蒸溜所”怪獣襲来!”ババルウ星人登場【16:00 受付1/券種4
  [370/800] yve-2 怪獣酒場新橋蒸溜所”怪獣襲来!”ババルウ星人登場【13:30 受付1/券種4
  [371/800] brqn- 怪獣酒場新橋蒸溜所”怪獣襲来!”ババルウ星人登場【11:00 受付1/券種4
  [372/800] 88i-r 【銀座三越】＜FUJITAKA＞フラワーチャームワークショッ 受付1/券種1
  [373/800] 1_9td 【銀座三越】＜FUJITAKA＞フラワーチャームワークショッ 受付1/券種1
  [374/800] tgcqo 『孤独はかけがえないディスコ』刊行記念 ゆっきゅん×金原ひと 受付1/券種1
  [375/800] jytoo 原つむぎ2027年カレンダー発売記念イベント（神保町） 受付1/券種4
  [376/800] r-ce-m 【日本橋三越本店】『VIVANT』×日本橋三越本店 ポップア 受付3/券種3
  [377/800] al0pe 【銀座三越】＜FUJITAKA＞フラワーチャームワークショッ 受付1/券種1
  [378/800] d95um チルファーム撮影会 2026年10月25日 受付7/券種44
  [379/800] srrl1 【銀座三越】＜FUJITAKA＞フラワーチャームワークショッ 受付1/券種1
  [380/800] 1txnn 【銀座三越】＜FUJITAKA＞フラワーチャームワークショッ 受付1/券種1
  [381/800] 2tqa3 波崎天結2027年カレンダー発売記念イベント（神保町） 受付1/券種4
  [382/800] 640yl チルファーム撮影会 2026年10月31日 受付7/券種64
  [383/800] aorab1024 【一般販売】青山Rabness LIVE TOUR 2026 受付0/券種0
  [384/800] 06dh_ 2026/10/2(金)【PUNIKKO by TOKOTO 受付1/券種20
  [385/800] 5sco0 【アーカイブ販売】9/22開催『バラバラな世界で共に生きる』 受付1/券種1
  [386/800] ssuo4 ＜LOA/ロア＞ヘアアレンジ＆髪のお悩み相談会 受付2/券種42
  [387/800] naoko_the_birth 幸田尚子 ANNIVERSARY LIVE『THE BIRT 受付0/券種0
  [388/800] anof2 びわ湖くんワンマンライブ〜きっかけをくれた男の場所で〜 受付0/券種0
  [389/800] oczmn GO UPDATE 2026 〜もういっちょ水曜日のDDTど 受付1/券種6
  [390/800] 83x8g 【事前予約制】託児申込みチケット 受付0/券種0
  [391/800] q0w0z 学校夜光 -IDOL EDITION- vol.3 受付1/券種1
  [392/800] quzfn ひとり、輝く夜 vol.2 〜SOLO LIVE〜 受付1/券種1
  [393/800] aw8r1 冨十みとpresents異文化交流会vol.2 受付1/券種3
  [394/800] txxyd 10/1(thu) 扇田裕太郎 Live From FLOW 受付1/券種4
  [395/800] 543tl CIRQL Launch Party 受付2/券種2
  [396/800] nozokimi_beja2026 beja Piano recital "OSTINATO" 受付1/券種2
  [397/800] tuthihatuga 土、発芽 受付1/券種2
  [398/800] foets 『RESISTANCE』2026.11.21 大阪公演 受付3/券種10
  [399/800] lr3mh 上野deソロソロ 受付2/券種3
  [400/800] kyoto2610 【2026年10月度】モルック体験会 受付1/券種2
  [401/800] mochimochibirthday 2026年11月2日(月)望月もも生誕祭2026＠神田明神ホ 受付2/券種3
  [402/800] uekuf MIC RAW RUGA 定期公演 HIGH-HO vol. 受付3/券種3
  [403/800] rw0z3 meot初のリアル開催の無料説明会 受付1/券種1
  [404/800] ie3ft THE END pre. FROM THE END - 9t 受付1/券種1
  [405/800] aoharunote1023 青春ノートVol.3 受付1/券種1
  [406/800] iu1hy SERIKA oneman live 〜はぴはろたいむ〜 受付1/券種2
  [407/800] online2610 【LeoLooP ONLINE特典会】- Skyphone  受付1/券種2
  [408/800] rintosuru2026 リントスル企画vol.2 朗読劇イベント『王子様と執事』 受付1/券種14
  [409/800] newsong2 ジュリアナの祟りトークライブ「新曲の話 其の二」 受付1/券種1
  [410/800] srmnn JUNCTION 受付1/券種2
  [411/800] al_vol3 AMUSEMENT LAGER pre.「尋常じゃない。 V 受付1/券種2
  [412/800] m53ab 【1部】Luce Twinkle Wink☆×AMASTAG 受付1/券種1
  [413/800] hedomegaaf3 【③19：00】へドニアキュクロスアフターイベント 受付1/券種1
  [414/800] hedomegaaf2 【②16：00】へドニアキュクロスアフターイベント 受付1/券種1
  [415/800] hedomegaaf1 【①13：00】へドニアキュクロスアフターイベント 受付1/券種1
  [416/800] njk6v 2026/10/1(木)【PUNIKKO by TOKOTO 受付1/券種20
  [417/800] airionemanlive SUPERHERO -AIRI SPECIAL LIVE-東 受付1/券種1
  [418/800] im13t 復刻‼わくわく岸田メルランド2026 受付1/券種1
  [419/800] 1i9vi 仮面ライダーストア名古屋 10/2(金)入店チケット 受付1/券種12
  [420/800] tune-file_5 tune time capsule presents tun 受付2/券種2
  [421/800] 7py0t 絆(キズナ)presents "secret base" v 受付1/券種2
  [422/800] w_jst 10/2 ＜無銭＞ 2部 NOXNOIR ギルティクラウン  受付1/券種1
  [423/800] layla-pullovers レイラ× the pullovers pre. 「生活はつづ 受付1/券種1
  [424/800] 9fdcy 眠リ姫ノ喰夢-死喰ちる生誕祭- 受付1/券種2
  [425/800] swn1w 10/2 ＜無銭＞ 1部 NOXNOIR ギルティクラウン  受付1/券種1
  [426/800] 251261027 251 presents 『MUSICA HOLIC』 受付1/券種1
  [427/800] uopxr Fan Meeting KASUMISOU vol.1 受付0/券種0
  [428/800] utakata_free-two-man-live106 UtaKata pre.《Free TWO-MAN Live 受付1/券種1
  [429/800] 03to3 私、おデブ宣言オーディション候補生 「SYNC UP!」音源 受付1/券種1
  [430/800] 4qike TAKUMI BIRTHDAY LIVE -Chasing  受付2/券種2
  [431/800] 1003_mikashun 未完成の瞬き単独公演！華月りあん徹底解剖編🔎-メンバー考案ロ 受付1/券種1
  [432/800] h8m-7 N.TOP COMEBACK D-DAY CONCERT 受付1/券種11
  [433/800] sdoll2026102801 『きゃんどるぱーてぃー！vol.31(1部)』（すきゃんどー 受付1/券種1
  [434/800] sdoll2026102802 『きゃんどるぱーてぃー！vol.31(2部)』（すきゃんどー 受付1/券種1
  [435/800] de845 強欲で謙虚なイベントTURN20 一般参加向け事前販売チケッ 受付1/券種3
  [436/800] 1puuc Merry Shone.BirthdayワンマンLIVE 受付1/券種12
  [437/800] s_w7s 2026/10/17(土)[コキア＆コスモスX秋元るい&李マ 受付1/券種1
  [438/800] blr_5 ビビコスin大須矢場 受付1/券種6
  [439/800] rp09b ねこねこさきちゃんワンマンライブ「死にたいわ 悪い事ぢゃない 受付1/券種1
  [440/800] v3izr 2026/10/1(木)【PUNIKKO by TOKOTO 受付1/券種22
  [441/800] 26_1022 Halloween Party Live 受付3/券種3
  [442/800] saved_by_the_next_wave270113 SAVED BY THE NEXT WAVE vol.4 受付1/券種1
  [443/800] snbk2026aco 心臓爆発CIRCUIT2026 -AFTER "ACOUST 受付1/券種1
  [444/800] cm1113 BIZEN pre. CYBERCITY X 受付1/券種1
  [445/800] 1003_2man 革命の旋律&Mis=Fit 2マンライブ！！~コラボあり！~ 受付1/券種1
  [446/800] f37s7 GOOD DAY 受付1/券種1
  [447/800] 1002_misfit Mis=Fit 定期公演 受付1/券種3
  [448/800] cc_urge_ep1 CLUB CRAWL pre. Urge episode.1 受付2/券種4
  [449/800] lunch01 MAKE IT LUNCH 受付1/券種1
  [450/800] yuibirthday2026 橘ゆい生誕祭2026～ゆいは今日もかわゆいやん。せやから奈良 受付1/券種2
  [451/800] 1007_litv Lit★V定期LIVE vol.79-柚希ハピバSP- 受付1/券種1
  [452/800] kjpnm 呪物メイト チャーミーとさゆりと 原宿DAYS【11/28~ 受付8/券種64
  [453/800] kc0vx 呪物メイト チャーミーとさゆりと 原宿DAYS【12/6~1 受付8/券種64
  [454/800] 5-y8s 呪物メイト チャーミーとさゆりと 原宿DAYS【11/21~ 受付7/券種56
  [455/800] lk945 呪物メイト チャーミーとさゆりと 原宿DAYS【12/14~ 受付7/券種56
  [456/800] 46qx1 10/9 「ゆうり生誕祭」サイエンス 2部 LL LH AT 受付1/券種1
  [457/800] 89x9t 【一般】瞬旬株主総会 vol.2 受付1/券種1
  [458/800] mckb7 【11/1・16:00】一宮あい『どうしてもって言うなら…』 受付1/券種5
  [459/800] mu63s 10/9 サイエンス 1部 LL TA 黄泉 BR LR R 受付1/券種1
  [460/800] 9i40f 10/8 リヴォイス 2部 受付1/券種1
  [461/800] rlx9_ 10/8 リヴォイス 1部 受付1/券種1
  [462/800] c4-vu 10/7 新宿グラムシュタイン 2部 受付1/券種1
  [463/800] ejef2 10/7 新宿グラムシュタイン 1部 受付1/券種1
  [464/800] rtw6z 10/7 キャッツホール 2部 AT LH TA 受付1/券種1
  [465/800] quf_3 10/7 キャッツホール 1部 LH AT TA 受付1/券種1
  [466/800] 95mq2 honey comp コラボカフェ 受付1/券種3
  [467/800] 7lp_g 10/6 アトリエ 2部 LL AN AT LH TA GZ 受付1/券種1
  [468/800] 20261130 Marty Holoubek Trio II × Gensu 受付1/券種2
  [469/800] 0x0nl 梁河懸（Liang Chord） JAPAN TOUR 「日 受付1/券種1
  [470/800] lmc1019 LUSH MUSIC CLUB 受付1/券種1
  [471/800] zrq1u オタクによる反戦NIGHT Act.3 女性クリエイターが語 受付1/券種1
  [472/800] g_assort Girls Assort 受付1/券種2
  [473/800] 6g-ki 10/6 アトリエ 1部 LL AN AT LH BR LR 受付1/券種1
  [474/800] y0k1u 『Laiqa Exclusive Night Vol.2』 受付1/券種1
  [475/800] wetqu 10/4 アトリエ 1部制 LL AN GZ CA AT T 受付1/券種1
  [476/800] 5w7sa 【深夜ライブ】10/2 サイエンス LL AN LH AT  受付1/券種1
  [477/800] h5bd8 10/2 新宿グラムシュタイン 2部 受付1/券種1
  [478/800] dt1zr 10/2 新宿グラムシュタイン 1部 受付1/券種1
  [479/800] coq4_ 症状03『わたしの赤い花嫁』昼公演 受付0/券種0
  [480/800] 55mjw ESU vol9 in Osaka 受付1/券種1
  [481/800] vm3ve 【白雪りら＆クマ】人狼HOUSE深夜会 受付1/券種1
  [482/800] mini1025 akari 20席限定miniONEMANLIVE 受付1/券種1
  [483/800] ytp2u 10/3 85studio 受付1/券種1
  [484/800] lrptx USTUSTUNE vol.1 受付2/券種2
  [485/800] uux4z 石原希望 2027年カレンダー発売記念イベント(秋葉原) 受付1/券種4
  [486/800] fsgij ABDK40+ POP UP SHOP in 横浜赤レンガ倉 受付1/券種8
  [487/800] j5g-7 追加枠 10月12日(月祝)ULTRAMAN STORE T 受付1/券種19
  [488/800] tate-workshop-2026-12 コスプレイヤーのための殺陣講座(β版) 受付1/券種2
  [489/800] rlxve 高橋政吉ワンマンライブ”あなたとの約束” 受付1/券種1
  [490/800] fmnorth-hinoyayoi-samabana 【FM NORTH WAVE】さよならミオちゃん日野ヤヨイの 受付1/券種1
  [491/800] oi7zl 追加枠 10月10日(土)ULTRAMAN STORE TO 受付1/券種17
  [492/800] 2qsoz エコーズハロウィン 受付2/券種2
  [493/800] kqzy1 ナイツ独演会 「国民の皆さん」ではなく「国民の一部の皆さん」 受付2/券種2
  [494/800] u2c_p 追加枠 10月11日(日)ULTRAMAN STORE TO 受付1/券種17
  [495/800] 2gw1u ナイツ独演会 「国民の皆さん」ではなく「国民の一部の皆さん」 受付2/券種2
  [496/800] 6vusp ABDK40+ POP UP SHOP in 横浜赤レンガ倉 受付1/券種8
  [497/800] chumpfestextra "CHUMP!! FEST EXTRA" -2026 暴年會 受付1/券種1
  [498/800] hk5px Snowflake 2nd EP「裸足のまま」Release 受付1/券種1
  [499/800] qlix2 追加枠 10月9日(金)ULTRAMAN STORE TOK 受付1/券種7
  [500/800] gran-wilywnka GRAN presents HUMAN AGAIN SESS 受付1/券種1
  [501/800] f-9l_ 『「読む人」だけが得られる時間』刊行記念 しんや×花田菜々子 受付1/券種1
  [502/800] 51a88 二次受付【抽選】三秋縋さん『かがみよかがみ』刊行記念ＷＥＢサ 受付1/券種2
  [503/800] 57m1w BLACK ASTER 無銭 LIVE 受付1/券種1
  [504/800] funfun_step53 FUN×FUN単独公演「ふぁんたすてぃっく！Step53」 受付1/券種2
  [505/800] b9ndy 【11/1・18:00】山下みり『1ミリ近づきたい』DVD発 受付1/券種5
  [506/800] rtw_o 夢幻に咲く詩 岡本莉瑚生誕祭2026 受付1/券種3
  [507/800] 0r271 【11/1・14:00】栗原もみじ『美尻の国』DVD発売記念 受付1/券種5
  [508/800] oapec ふあふあサークルvol.22-ダブルバースデースペシャル- 受付1/券種1
  [509/800] d-zv7 【11/1・12:00】北園ゆう『秘密の園』DVD発売記念イ 受付1/券種5
  [510/800] pz-z3 【梅田ロフト】10/6(火)～10/12(月・祝) 「pol 受付1/券種9
  [511/800] nsjqd 第34回 和泉姉妹の会 受付2/券種3
  [512/800] vent_20261218 KIA / TOGENKYO 受付1/券種1
  [513/800] w7dwo 『鬼畜 青山正明』出版記念トークライブ！〝鬼畜・悪趣味文化〟 受付1/券種1
  [514/800] shukutoku2026 淑徳祭2026 お笑いライブイベント 受付1/券種1
  [515/800] 2o1hs TOY STORY5 めじるしアクセサリー 受付1/券種1
  [516/800] y765n サンリオ キャラクターズ めじるし アクセサリー Hallo 受付1/券種3
  [517/800] dlvw- ズートピア2 めじるしアクセサリー2 受付1/券種3
  [518/800] f7be1 ズートピア2 めじるしアクセサリー2 受付1/券種1
  [519/800] 1eu7u 2026 DIGITAL BUSINESS PARTNERS 受付1/券種1
  [520/800] 545fn 26年10月18日（日）ジャポニスタンとツマミ具依の時事放談 受付1/券種3
  [521/800] qo86x えこーず無銭!! 受付1/券種1
  [522/800] 1tnhl 栗田すみれ、個人撮影会 受付1/券種3
  [523/800] 6c5yj 瑞海にも生誕祭2026withハロウィンパーティー 受付1/券種5
  [524/800] 8zbz8 🍁📸 かすみん秋の2shot撮影会 📸🍁 受付1/券種1
  [525/800] i-pv0 Special Show Time!! 〜After Par 受付1/券種1
  [526/800] skr7u 26年10月9日（金）松澤チョロの小部屋（仮）＜パンディット 受付1/券種2
  [527/800] 6f9di 【2部制】いぶき酒 公開生放送＆団体撮影会 出演：葵いぶき 受付1/券種4
  [528/800] mrc20261206n 真璃子40th Anniversary in 東京★夜の部 受付1/券種1
  [529/800] mrc20261206d 真璃子40th Anniversary in 東京★昼夜プレ 受付1/券種2
  [530/800] zvc0w 合同花火撮影会 受付4/券種32
  [531/800] olkq4 【10/5・19:00 配信】放課後プリンセス『月曜からソフ 受付1/券種23
  [532/800] 94e62 １０月度 定期ライブ 受付1/券種1
  [533/800] t4rl9 【3部制】あべみかこカフェイベント【番組連動】 受付1/券種5
  [534/800] xkds6 【S.P.C会員限定】門林有羽にお誕生日祝いのお花を贈ろう！ 受付0/券種0
  [535/800] wqhc8 キラキラヒカレ 受付1/券種3
  [536/800] 7c_zz 【S.P.C会員限定】竹内ななみにお誕生日祝いのお花を贈ろう 受付0/券種0
  [537/800] iyc91 【S.P.C会員限定】新森二愛・二宮伶寧・浜田萌帆にお誕生日 受付0/券種0
  [538/800] wp7n3 「JOCHUM×東武動物公園」ショップ入店整理券【10月3日 受付1/券種8
  [539/800] bd4ku 「JOCHUM×東武動物公園」ショップ入店整理券【10月4日 受付1/券種8
  [540/800] mayo_p2026 宇城茉世プロデュース公演「縫音」 受付1/券種1
  [541/800] 71stg うきひろカフェ3♡あの曲を…歌って踊っちゃいます！ 受付3/券種13
  [542/800] 202611-jin-an 仁庵 2026年11月3日 受付1/券種1
  [543/800] shibuya1017 with Falench.!! 受付1/券種2
  [544/800] 1120jinsbar リアルJin's BAR 11月20日 受付1/券種3
  [545/800] bridgedogjapan2 Bridge Dog Japan 2026 Tokyo DA 受付1/券種1
  [546/800] bridgedogjapan1 Bridge Dog Japan 2026 Tokyo DA 受付1/券種1
  [547/800] fushimi1001 #ジューロック 木曜定期公演 vol.17〜ご注文はジューロ 受付1/券種1
  [548/800] ring-1004 Falench.単独公演『決起集会』 受付1/券種2
  [549/800] e689_ かがみ。もち、個人撮影会 受付1/券種7
  [550/800] 4n4c1 【10月18日（日）開催】銀座のきらめきを飾ろう― 銀座のか 受付1/券種7
  [551/800] oxc-n 【10月17日（土）開催】銀座のきらめきを飾ろう― 銀座のか 受付1/券種7
  [552/800] 3_o3w ▶Hiiro Kanazawa’s Great Trumpe 受付1/券種3
  [553/800] xntgr あいち県民の日記念イベント2026 受付1/券種1
  [554/800] sv65s 新潟：人前で話すのが楽になる！！60分話しても全く緊張しない 受付1/券種1
  [555/800] mkosd 新潟：人前で話すのが楽になる！！60分話しても全く緊張しない 受付1/券種1
  [556/800] i6z00 京都：人前で話すのが楽になる！！60分話しても全く緊張しない 受付1/券種1
  [557/800] 2n4sm 京都：人前で話すのが楽になる！！60分話しても全く緊張しない 受付1/券種1
  [558/800] dlm_h 2026/10/1(木)【PUNIKKO by TOKOTO 受付1/券種20
  [559/800] thmxl TGR TEAM au TOM'S キッズピットツアー SU 受付1/券種1
  [560/800] gm4tp 【11月24日(火)】スタジオD in代官山鳳鳴館 受付1/券種3
  [561/800] 2_kex 第三四半期終了打ち上げ会費用 受付1/券種1
  [562/800] tc_hg SUGAR 受付1/券種1
  [563/800] 2q2rk 恋予知♡みらーじゅ2nd単独公演｢LET’S BE SAIL 受付6/券種7
  [564/800] hiraethlive-vol39 HIRAETH.Tokyo定期ライブvol.39 受付1/券種2
  [565/800] nxt1k キャンプイベント「ロマンチストとシャングリラ 2026 vo 受付2/券種2
  [566/800] terfe pipia aira爆誕祭 2026 受付1/券種3
  [567/800] 3gefq 夢月ゆのん撮影会、ビキニ撮影会40分 受付1/券種1
  [568/800] 7ykvm マシュマロ撮影会 2026/11/1(日) スクラップ工場個 受付7/券種86
  [569/800] kf_m9 MITSUBACHI ROCK CIRCUIT 2026 受付1/券種2
  [570/800] homestic40 HOMESTIC Vol.40 (HOMEY Acousti 受付1/券種1
  [571/800] 1024quen 【only you live】 Trick or Song! 受付1/券種3
  [572/800] 7v87b 神木悠里 お台場野外撮影会 受付1/券種7
  [573/800] novemberlive NOVEMBER LIVE 受付1/券種1
  [574/800] hoooope202610 EXTEND STEP HOOOOPE! 番組イベント202 受付1/券種2
  [575/800] dksxg MITSUKI 対バンLIVE " COLOR vol.4  受付1/券種1
  [576/800] 4kgyr マシュマロ撮影会 2026/10/31(土) セッションあり 受付8/券種88
  [577/800] trp261012 International Social Night wit 受付1/券種1
  [578/800] kodohiro_fm_2026 第22回こどもひろばとフリーマーケット 受付1/券種1
  [579/800] wc35p 終音☆眠 ONEMAN LIVE 「堕天、そして再誕。」 受付2/券種2
  [580/800] ygspx 11/15 都内個撮 受付1/券種5
  [581/800] mpdhe マシュマロ撮影会 2026/10/28(水) 池袋エリア個人 受付1/券種2
  [582/800] 4iebw マシュマロ撮影会 2026/10/28(水) すたじお金魚個 受付2/券種5
  [583/800] toshidensetsu20261031 【中目黒】オカルティックハロウィーンパーティー 受付1/券種2
  [584/800] ooqpz 『UNiT vol.27 無銭LIVE』 受付1/券種1
  [585/800] 7pfxv ノンストップvol.6 受付1/券種1
  [586/800] toshidensetsu20261030 ペアーズユーザー限定！ハロウィンの都市伝説＆怪談交流会 in 受付1/券種2
  [587/800] toshidensetsu20261011 【川口】遭遇率80%!?UFOアブダクション体験&UFO観測 受付1/券種1
  [588/800] maychan2612 めいちゃんライブ 受付0/券種0
  [589/800] kht20 深夜単独LIVE「晴れ恋じゃNight 」 受付2/券種2
  [590/800] 0rn_n 2026/9/30(水)【PUNIKKO by TOKOTO 受付1/券種22
  [591/800] jyujyunohi2026 じゅじゅpresents 「じゅじゅの日」 受付1/券種2
  [592/800] 78hns 10/16(金)2部Pixy Filene Sirius ら 受付1/券種1
  [593/800] rh1_h UNIVERSE企画 4th anniversary 『Da 受付1/券種1
  [594/800] e-u3m 【一般】The Page vol.20〜ハロウィンSP〜【1 受付1/券種1
  [595/800] i07s1 青春CYBER&X8EE 合同フリーイベント 受付2/券種2
  [596/800] jq466 【一般】The Page vol.20〜ハロウィンSP〜【2 受付1/券種1
  [597/800] amhall1001 ワッツ◎さーくる 木曜定期公演vol.281 受付1/券種5
  [598/800] rqrr8 Meet Me Dreamy in 梅田BANGBOO 受付1/券種2
  [599/800] iluj_ 2026/9/30(水)【PUNIKKO by TOKOTO 受付1/券種20
  [600/800] pm1159_vol43 AVAM単独公演-PM11:59-vol.43 -ハロウィン 受付1/券種2
  [601/800] gy-2m 10/16(金)1部Pixy Sirius らっきぃとりが〜 受付1/券種1
  [602/800] princefes_vol17 Pr!nce FES vol.17 受付1/券種1
  [603/800] xalap 10/15(木)2部自社対バンPixy Ainsel Fil 受付1/券種1
  [604/800] uyon_ 10/15(木)1部自社対バンPixy Ainsel Fil 受付1/券種1
  [605/800] kimipale_vol37 キミパレvol.37 受付1/券種1
  [606/800] yhv26 「星希成奏のSecret Show Room」星希成奏さん＆ 受付0/券種0
  [607/800] przyw 【アーカイブ】TAMAYAMA MIE Acoustic B 受付1/券種1
  [608/800] m_bomb40 【Melodic Bomb vol.40-Exes on T 受付1/券種1
  [609/800] withrings_8 With Ring$ vol.8 受付1/券種1
  [610/800] yhhon 「鴨志田一は青春ブタ野郎の夢を見ない？ 2」 受付1/券種1
  [611/800] gold-e5 【GOLD EXPERIENCE】 受付1/券種1
  [612/800] i9ab3 CUBΣLIC ONE MAN LIVE「もしも、世界が終わ 受付2/券種5
  [613/800] daidol207 【DAIDOL vol.207】 受付1/券種1
  [614/800] ae_pot ArmaElla FREE ONEMAN LIVE 『PRE 受付1/券種2
  [615/800] 3xjor 池田レイ HALLOWEEN Night ーハロウィーンオフ 受付1/券種1
  [616/800] yuuri1128 RIOTTiKAゆうり生誕祭2026-宝石祭- 受付0/券種0
  [617/800] funfun_step52 FUN×FUN単独公演「ふぁんたすてぃっく！Step52」 受付1/券種2
  [618/800] k7sdt １０月２１日(水) バンビーナ撮影会 ツジ・ルイス 受付1/券種4
  [619/800] award2026 おこさまぷれ〜と。9周年記念イベント 「おこぷれアワード20 受付1/券種1
  [620/800] kusogaki_vol-1 【くそがきvol.1】(りゅうが主催) 受付1/券種1
  [621/800] swd4s とみといびー×がくちゃんねる presents「ガクトミ東京 受付1/券種1
  [622/800] ebi07 TOKYO impressionism Vol.1 受付1/券種1
  [623/800] moenabd もえな生誕祭カンパ 受付1/券種4
  [624/800] wtw20261213 PON pre. WALK THIS WAY〜柏の大宴編～ 受付1/券種1
  [625/800] 2_jyf WASEDA ARENA SUMMIT vol.7 supp 受付1/券種8
  [626/800] oyj_z 【1部】加藤瞳 生誕イベント『加藤瞳のおたんじょうび会202 受付2/券種2
  [627/800] o-vpx 【2部】加藤瞳 生誕イベント『加藤瞳のおたんじょうび会202 受付2/券種2
  [628/800] y95_4 ゆぺくん☆★ファンミーティング 受付1/券種5
  [629/800] hiyoribd ひより生誕祭カンパ 受付1/券種4
  [630/800] b1mk6 仮面ライダーストアin博多マルイ 10/2(金) 入店予約チ 受付1/券種9
  [631/800] rql_h 仮面ライダーストアin博多マルイ 10/3(土) 入店予約チ 受付1/券種9
  [632/800] kvibaba_wasedasai2026 Kvi Baba / COLLEGE LIVE 2026 i 受付1/券種4
  [633/800] trick-or-live_2026 TRICK OR LIVE 2026 受付2/券種2
  [634/800] resonance_1130 RESONANCE 受付1/券種1
  [635/800] kikibangaihen_1 『きききゃん 番外編（1部）』 受付1/券種1
  [636/800] 4-jpl EONと夜遊びしNight!! 〜Halloween Par 受付1/券種1
  [637/800] kikibangaihen_2 『きききゃん 番外編（2部）』 受付1/券種1
  [638/800] n80j4 B2takes‼︎定期公演 受付3/券種3
  [639/800] w9lvt B2takes‼︎定期公演 受付3/券種3
  [640/800] qdv34 Flower＊Hour新衣装お披露目ミニライブ 受付1/券種2
  [641/800] 20261228 たられば。2nd One Man Live "69" 受付1/券種1
  [642/800] 1hbsg B2takes‼︎定期公演 受付3/券種3
  [643/800] uzayuzu26 うざゆず2026生誕祭タケノヅカ中年歌劇団 in 六本木 1 受付1/券種1
  [644/800] tvhl4 【1日目】前野修一写真集（仮）お渡し会 受付0/券種0
  [645/800] 5wsda 10/10(土)入場無料チェキ会 受付1/券種1
  [646/800] 9gmcn かにちゃんファンミーティング 東京 受付1/券種4
  [647/800] 4k6ma <Feel> 受付1/券種1
  [648/800] maqvh 『NIGHT SEEKER』 受付1/券種1
  [649/800] proofofpower proof of power〜移転1周年記念コラボ怪談〜✖️ 受付1/券種1
  [650/800] fnf09 【ファンイベント】prink Family Meeting  受付1/券種1
  [651/800] p7u_6 Dr.マクガイヤーの「Tシャツは〝メディア〟だ！」〜全部見せ 受付1/券種1
  [652/800] 261104 William Tyler and Takuro Okada 受付1/券種1
  [653/800] sakuhana_312_china 『サクヤコノハナ 単独定期公演 Vol.312~中華公演~』 受付1/券種2
  [654/800] 07m1y SECRET BLOODY GRAVE 受付1/券種1
  [655/800] hero51 バリアフリープロレスHERO51 受付1/券種5
  [656/800] 1018bd 相良ましろ生誕撮影会2026 受付1/券種4
  [657/800] bm6s5 【先着】柚月美美 誕生日オフ会 10月25日 受付1/券種1
  [658/800] 259bx ★With Allen★BD2026 1on1オンライントー 受付1/券種1
  [659/800] ryukokusai2026 RF Special Live 2026 受付2/券種2
  [660/800] ahjt6 ★With Allen★BD2026 1on1オンライントー 受付1/券種1
  [661/800] 01-yq ★With Allen★BD2026 1on1オンライントー 受付1/券種1
  [662/800] n9r_p ★With Allen ★BD2026 1on1オンライント 受付1/券種1
  [663/800] yk6jx ★With Allen★BD2026 1on1オンライントー 受付1/券種1
  [664/800] d80ln ★With Allen ★BD2026 1on1オンライント 受付1/券種1
  [665/800] 0splb LIttle Treasure Land inTOKYO v 受付1/券種1
  [666/800] tgplx ★With Allen ★BD2026 1on1オンライント 受付1/券種1
  [667/800] fnsnagoya26 ふなっしーLAND名古屋店ハロウィンイベント2026 10月 受付1/券種1
  [668/800] o7cku ★With Allen★BD2026 1on1オンライントー 受付1/券種1
  [669/800] 8z_bs Rain Tree 定期公演 『LIVE Rain Tree 受付0/券種0
  [670/800] 440261101 CRUISIN' CREW pre NEW ALBUM RE 受付1/券種1
  [671/800] aso5u 「LIT THEATER🎃Happy Halloween🎃V 受付1/券種2
  [672/800] bizan_basecamp31_2 [2泊3日]【10月16日(金)IN～10月18日(日)OU 受付1/券種1
  [673/800] 1004_vol422 HACHI$LIVE vol.422 受付1/券種2
  [674/800] fs20261013 CASSETTE WEEK × FRIENDSHIP.（渋谷 受付1/券種1
  [675/800] n4k9e UMA Chaos Fes. vol.4 受付2/券種36
  [676/800] bizan_basecamp31_1 [1泊2日]【10月16日(金)IN～10月17日(土)OU 受付1/券種1
  [677/800] fegt- Shimotsuki見聞録【1部：会議編】 受付1/券種1
  [678/800] 3yu5q Shimotsuki見聞録【2部：傍観編】 受付1/券種1
  [679/800] s7qmt NO Live STOP 受付1/券種1
  [680/800] newstory_1014 「new story」 受付1/券種1
  [681/800] gv5b7 【We♡P】ゆりぴ〜バースデーライブ🎂✨あなたと私のオンリー 受付1/券種2
  [682/800] pw5bs 【10/10(土)】がおぱわるぅグリーティング 受付1/券種3
  [683/800] bizan_basecamp31_3 [3泊4日]【10月16日(金)IN～10月19日(月)OU 受付1/券種1
  [684/800] bizan_basecamp31_5 [2泊3日]【10月17日(土)IN～10月19日(月)OU 受付1/券種1
  [685/800] bizan_basecamp31_6 [1泊2日]【10月18日(日)IN～10月19日(月)OU 受付1/券種1
  [686/800] pmb-i 【追加募集】2026年10月3日（土）先着入場チケット mi 受付1/券種4
  [687/800] p4zqc Shimotsuki見聞録【3部：公演編】 受付1/券種1
  [688/800] 1004_vol421 HACHI$LIVE vol.421 受付1/券種2
  [689/800] themusicdrawsthelife_1019 The Music Draws The Life 受付1/券種1
  [690/800] xpia261028_2 『ピアステ #８5〜ハロウィン公演〜（ムーンステージ）』（X 受付1/券種1
  [691/800] nyxws 「二か月のパパ」ファンミーティング2026 受付1/券種1
  [692/800] 20261208 LOOSE PLAY 受付1/券種1
  [693/800] bizan_basecamp31_4 [1泊2日]【10月17日(土)IN～10月18日(日)OU 受付1/券種1
  [694/800] 1003_vol420 HACHI$LIVE vol.420 受付1/券種2
  [695/800] xpia261030_1 『ピアステ #８5〜ハロウィン公演〜（サンステージ）』（XP 受付1/券種1
  [696/800] m_fdc 「LIT THEATER🦇Happy Halloween🦇V 受付1/券種2
  [697/800] 1prsa xikers 10/4 大阪公演 終演後メンバー全員お見送り 受付1/券種1
  [698/800] frontline261028 ビビプロネタライブ フロントライン Round.2 受付2/券種2
  [699/800] funya261030 【抽選】ふなっしーLAND船橋本店 ふにゃっしー撮影会・チェ 受付1/券種2
  [700/800] funagoro261015 【抽選】ふなっしーLAND船橋本店 ふなごろー撮影会・チェキ 受付1/券種2
  [701/800] yukina_amour 白石ゆきな卒業公演 受付1/券種3
  [702/800] r_zid 『鬼滅の刃』フェアコーナー【当日入店申込・先着】10月9日( 受付4/券種4
  [703/800] 84wvy 【大阪】ヤミテラ ONEMAN TOUR 関西制圧 受付1/券種1
  [704/800] veo0t 鬼滅の刃フェアコーナー【当日入店申込・先着①】10月9日(金 受付8/券種15
  [705/800] dmk55 鬼滅の刃フェアコーナー【当日入店申込・先着②】10月9日(金 受付3/券種3
  [706/800] nijmd 「ONE PIECE カードゲーム」再入荷コーナー【事前入店 受付1/券種1
  [707/800] cee09 『鬼滅の刃』フェアコーナー【当日入店申込・先着】10月9日( 受付3/券種3
  [708/800] sgq88 ONE PIECEカードゲームコーナー【事前入店申込・抽選】 受付1/券種2
  [709/800] pm70s ONE PIECEカードゲームコーナー【事前入店申込・抽選】 受付1/券種2
  [710/800] nose_ataku "Headphone Live" 安宅伸明 受付1/券種1
  [711/800] erwmb マダムココ&バンナー星人の OK na Kha!! 受付1/券種1
  [712/800] tppp20261005 トピパ #64 受付4/券種7
  [713/800] vtspv 【飯田菜々／アンナ役】人狼交流会アフターパーティー 受付1/券種1
  [714/800] nr-ih 【まゆり／ソフィア役】人狼交流会アフターパーティー 受付1/券種1
  [715/800] 2-s0q 【江畑浩季／ヒュー役】人狼交流会アフターパーティー 受付1/券種1
  [716/800] hino_hapiba2026 シャニムニ＝パレード 麦茶ひの生誕祭 受付1/券種2
  [717/800] s-ren 【白雪りら／スーザン役】人狼交流会アフターパーティー 受付1/券種1
  [718/800] amanekagura20261120 2026年11月20日(金) 梅田BANGBOO 天女神樂  受付1/券種1
  [719/800] xgdux 【星乃圭吾／ロディ役】人狼交流会アフターパーティー 受付1/券種1
  [720/800] ss5tv 【星乃圭吾／ロディ役】人狼交流会アフターパーティー 受付1/券種1
  [721/800] nd6rq 10月10日開催／陽葵ゆめの／STAN撮影会 受付1/券種8
  [722/800] jqam9 【飯田菜々／アンナ役】人狼交流会アフターパーティー 受付1/券種1
  [723/800] eei1b 【まゆり／ソフィア役】人狼交流会アフターパーティー 受付1/券種1
  [724/800] k6_c3 【ずっちー／マリアンヌ役】人狼交流会アフターパーティー 受付1/券種1
  [725/800] 1010_layergame LAYER GAME 受付1/券種2
  [726/800] vk2pe 【江畑浩季／ヒュー役】人狼交流会アフターパーティー 受付1/券種1
  [727/800] uy6lq 『池澤春菜と本屋でお買い物ツアー！リアル本ツイ！＆トーク会』 受付1/券種1
  [728/800] q-awj 10月10日開催／ZIRO／STAN撮影会 受付1/券種8
  [729/800] 9rfsu 【飯田菜々／アンナ役】人狼交流会アフターパーティー 受付1/券種1
  [730/800] gf-6y ラッシーpresents フリースリーマンライブ "晩餐会" 受付1/券種10
  [731/800] vent_20261113 AZU TIWALINE , DJ MARIA. / LDG 受付1/券種1
  [732/800] 2u_hh 【11月8日開催】WIXOSS ディーヴァグランプリ2026 受付1/券種1
  [733/800] sally103 【2026年10月3日】喜多さりぃ 撮影イベント 受付1/券種6
  [734/800] yuuka103 【2026年10月3日】李優香 撮影イベント 受付1/券種6
  [735/800] ryo103 【2026年10月3日】如月涼 撮影イベント 受付1/券種6
  [736/800] miyuu103 【2026年10月3日】岸里美優 撮影イベント 受付1/券種6
  [737/800] v7kni 【大阪梅田店】ベイブレードX 10/10再販売品購入券抽選 受付1/券種2
  [738/800] mizuki103 【2026年10月3日】佐野瑞季 撮影イベント 受付1/券種6
  [739/800] i6e5p 【大阪梅田店】ベイブレードX 10/10発売商品購入券抽選 受付1/券種2
  [740/800] nagisa103 【2026年10月3日】松倉凪沙 撮影イベント 受付1/券種6
  [741/800] rara103 【2026年10月3日】南ララ 撮影イベント 受付1/券種6
  [742/800] non103 【2026年10月3日】暖野木のん 撮影イベント 受付1/券種6
  [743/800] 9k4hr 来栖暖ハロウィンオンライントーク会 受付4/券種60
  [744/800] tto26 杉岡恵美子 オンライントーク 受付1/券種3
  [745/800] hbwsf ウルトラアスレチック ウルトラヒーロー撮影会【10月31日】 受付0/券種0
  [746/800] r11gz 【当日入店申込・先着】10月9日(金) JUMP SHOP仙 受付1/券種1
  [747/800] 4uhxt 星野ねねオンライントーク 受付1/券種4
  [748/800] 2u3uh 白木優子 プライベートトーク 受付1/券種1
  [749/800] ufz-w 神月レオ 1stソロライブ「Now Loading...」B 受付1/券種1
  [750/800] 4qagw LIT THEATER Autumn Vol.2 受付1/券種2
  [751/800] g_sgy 【11/3・14:00】山崎真由美『Velvet Gaze』 受付1/券種5
  [752/800] shinnosuke_37 新之助上布 第37回 直販 抽選販売 ＜綿麻＞ 無地10反  受付1/券種10
  [753/800] j22e9 ウルトラアスレチック ウルトラヒーローショー【10月25日】 受付0/券種0
  [754/800] wjbmo 【11/3・16:00】霧島聖子『Luxe』DVD発売記念イ 受付1/券種5
  [755/800] lv4qf 紅羽祐美2027年カレンダー発売記念イベント(秋葉原) 受付1/券種4
  [756/800] haw0w 宮越虹海2027年カレンダー発売記念イベント(秋葉原) 受付1/券種4
  [757/800] hpa_c 2026-27 リーグＨ レギュラーシーズン アースフレンズ 受付2/券種9
  [758/800] eiqy5 ウルトラアスレチック ウルトラヒーロー撮影会【10月18日】 受付0/券種0
  [759/800] himamama_2026nov ひまひまママお茶会 受付1/券種1
  [760/800] sz34s ViViBee定期公演〜ハロウィン公演〜 受付2/券種2
  [761/800] 8v6mg HappyBirthdayLive～10月11月合同バースデ 受付2/券種2
  [762/800] tdxyj 三重：【あがり症を根絶する！！】100人の前で話してもまった 受付1/券種1
  [763/800] b97ph 三重：【あがり症を根絶する！！】100人の前で話してもまった 受付1/券種1
  [764/800] 131jw 【10/15・18:30 オンライン特典】『コスマップ撮影会 受付2/券種30
  [765/800] er0cm Jaafar Jackson Super Photo Exh 受付1/券種1
  [766/800] sw6bx 【きゅるりんってしてみて】「Secret Heaven」発売 受付1/券種1
  [767/800] 59z4u 【10/15 18:30 番組観覧チケット】『コスマップ撮影 受付1/券種2
  [768/800] soyb_ 関西ローカルツアー【堺市】 受付1/券種1
  [769/800] o69ek 関西ローカルツアー【寝屋川市】 受付1/券種1
  [770/800] joctg 関西ローカルツアー【京都市】 受付1/券種1
  [771/800] wgakw 札幌：説明下手を克服する！30秒で思いを伝える「ピンポイント 受付1/券種1
  [772/800] 3-j82 関西ローカルツアー【大津市】 受付1/券種1
  [773/800] w08-a 関西ローカルツアー【姫路市】 受付1/券種1
  [774/800] kj8pl_1008 怪獣８号PLAZA in 池袋ロフト 受付1/券種1
  [775/800] 1qnic ランキング男「教える」 受付1/券種1
  [776/800] 6k2fm 花井美春･松岡美里 春待つふたりの1日青春 受付1/券種1
  [777/800] fiik3 大喜利ライブ『一傑』 受付1/券種1
  [778/800] psychedelicfall BASEMENTBAR pre. “psychedelic  受付1/券種1
  [779/800] jozy7 おめがシスターズのトークライブ！！@早稲田祭 受付1/券種2
  [780/800] p6d8y 関西ローカルツアー【岸和田市】 受付1/券種1
  [781/800] ajo4k 2026/9/30(水)【PUNIKKO by TOKOTO 受付1/券種20
  [782/800] 26_1q 関西ローカルツアー【和歌山市】 受付1/券種1
  [783/800] d-4c- 関西ローカルツアー【奈良市】 受付1/券種1
  [784/800] u4f4d 関西ローカルツアー【尼崎市】 受付1/券種1
  [785/800] 49uz8 関西ローカルツアー【宇治市】 受付1/券種1
  [786/800] jw_ha 島根：人前で話すのが楽になる！！60分話しても全く緊張しない 受付1/券種1
  [787/800] 87h9y 山形：説明下手を克服する！！30秒で思いを伝える「ピンポイン 受付1/券種1
  [788/800] cluemetic-popup_ebisu ClueMetic Popup in Ebisu 受付4/券種57
  [789/800] xc5tj 【日本橋三越本店】『VIVANT』 K24小判 抽選販売 受付1/券種2
  [790/800] m-qn8 札幌：「あがり症」をカンタンに克服する！メンタル・ボイストレ 受付1/券種1
  [791/800] p4kbu ハウステンボス天鼓 和太鼓コンサート 「Xmas Beat 受付1/券種2
  [792/800] u0kmy ヤーレンズトークライブ「ハッとしてトーク」 受付1/券種1
  [793/800] 21oae ハウステンボス天鼓 和太鼓コンサート 「Xmas Beat 受付1/券種2
  [794/800] 9juin ハウステンボス天鼓 和太鼓コンサート 「Xmas Beat 受付1/券種1
  [795/800] bzyu4 櫻木はる 生誕祭 受付1/券種3
  [796/800] toshidensetsu20261016 【大塚】都市伝説カフェ会♪★1人参加&初参加&途中参加大歓迎 受付1/券種1
  [797/800] hitokowa20261009 【横浜】怖い話を語る会 ヒトコワ&未解決事件 produce 受付1/券種1
  [798/800] o9ud- リクエストオンライン 受付1/券種1
  [799/800] kaidan20261014 【大塚】怪談カフェ会★心霊考察★1人参加&初心者歓迎!仕事帰 受付1/券種1
  [800/800] hitokowa20261025 【川崎】怖い話を語る会 ヒトコワ&未解決事件 produce 受付1/券種1

=== イベント 800件 / 読めなかった 0件 → tmp/x1001/eve/livepocket_eve.json ===
受付の状態: [('販売中', 643), ('販売前', 324), ('予定販売枚数終了', 33), ('販売終了', 25)]
