  27268 OK
  27269 OK
  27270 OK
  27271 OK
  27272 OK
  27273 OK
  27274 OK
  27275 OK
  27276 OK
  27277 OK
  27278 OK
  27279 OK
  27280 OK
  27281 OK
  27282 OK
  27283 OK
  27284 OK
  27285 OK
  27286 OK
  27287 OK
  27288 OK
  27289 OK
  27290 OK
  27291 OK
  27292 OK
  27293 OK
  27294 OK
  27295 OK
  27296 OK
  27297 OK
  27298 OK
  27299 OK
  27300 OK
  27301 OK
  27302 OK
  27303 OK
  27304 OK
  27305 OK
  27306 skip(売切)
  27307 skip(売切)
  27308 skip(売切)
  27309 OK
  27310 OK
  27311 OK
  27312 OK
  27313 OK
  27314 OK
  27315 skip(売切)
  27316 OK
  27317 OK
  27318 OK
  27319 skip(売切)
  27320 OK
  27321 OK
  27322 OK
  27323 OK
  27324 OK
  27325 OK
  27326 OK
  27327 OK
  27328 skip(売切)
  27329 OK
  27330 OK
  27331 OK
  27332 OK
  27333 OK
  27334 OK
構築 61 件 / skip [27306, 27307, 27308, 27315, 27319, 27328]

!!!!!!!!!!!!!!!!!!!!!!!!!!!!!!!!!!!!!!!!!!!!!!!!!!!!!!!!!!!!
\u26a0\ufe0f 取りこぼし 1件（買える枠なのに取り込めなかった＝要対応）:
   id27308 [FETCH-ERR] when='ぴあが混雑ページに飛ばした（券種は読めていない）: http://sorry.pia.jp/nt2/pia/?mark=type-L10' | https://t.pia.jp/pia/event/event.do?eventCd=2638614
→ parse_when/kenshu/状態判定にこの表記を足してから再構築すること。
!!!!!!!!!!!!!!!!!!!!!!!!!!!!!!!!!!!!!!!!!!!!!!!!!!!!!!!!!!!!
