  登録済みのTIGETイベント 5470件（新着順で追い越したら打ち切る）
  一覧 cat=29(アイドル) page=1/49 … 24件（未登録24件）/ 累計24件
  一覧 cat=29(アイドル) page=2/49 … 24件（未登録9件）/ 累計48件
  一覧 cat=29(アイドル) page=3/49 … 24件（未登録4件）/ 累計72件
  一覧 cat=29(アイドル) page=4/49 … 24件（未登録2件）/ 累計96件
  一覧 cat=29(アイドル) page=5/49 … 24件（未登録1件）/ 累計120件
  一覧 cat=29(アイドル) page=6/49 … 24件（未登録0件）/ 累計144件
  → 登録済みだけのページが1枚続いたので cat=29 は打ち切り
  一覧 cat=30(ジャズ／フュージョン) page=1/8 … 24件（未登録3件）/ 累計163件
  一覧 cat=30(ジャズ／フュージョン) page=2/8 … 24件（未登録0件）/ 累計187件
  → 登録済みだけのページが1枚続いたので cat=30 は打ち切り
  一覧 cat=31(邦楽ポップ／ロック) page=1/114 … 24件（未登録24件）/ 累計203件
  一覧 cat=31(邦楽ポップ／ロック) page=2/114 … 24件（未登録21件）/ 累計219件
  一覧 cat=31(邦楽ポップ／ロック) page=3/114 … 24件（未登録0件）/ 累計237件
  → 登録済みだけのページが1枚続いたので cat=31 は打ち切り
  一覧 cat=32(邦楽ヒップホップ／レゲエ) page=1/6 … 24件（未登録2件）/ 累計258件
  一覧 cat=32(邦楽ヒップホップ／レゲエ) page=2/6 … 24件（未登録0件）/ 累計281件
  → 登録済みだけのページが1枚続いたので cat=32 は打ち切り
  一覧 cat=33(邦楽ソウル／R&B) page=1/9 … 24件（未登録2件）/ 累計294件
  一覧 cat=33(邦楽ソウル／R&B) page=2/9 … 24件（未登録0件）/ 累計306件
  → 登録済みだけのページが1枚続いたので cat=33 は打ち切り
  一覧 cat=34(邦楽演歌／民謡) page=1/2 … 24件（未登録1件）/ 累計330件
  一覧 cat=34(邦楽演歌／民謡) page=2/2 … 11件（未登録0件）/ 累計341件
  → 登録済みだけのページが1枚続いたので cat=34 は打ち切り
  一覧 cat=35(邦楽その他) page=1/22 … 24件（未登録3件）/ 累計349件
  一覧 cat=35(邦楽その他) page=2/22 … 23件（未登録0件）/ 累計366件
  → 登録済みだけのページが1枚続いたので cat=35 は打ち切り
  一覧 cat=36(洋楽ポップ／ロック) page=1/8 … 24件（未登録1件）/ 累計374件
  一覧 cat=36(洋楽ポップ／ロック) page=2/8 … 24件（未登録0件）/ 累計382件
  → 登録済みだけのページが1枚続いたので cat=36 は打ち切り
  一覧 cat=37(洋楽ヒップホップ／レゲエ) page=1/1 … 19件（未登録0件）/ 累計393件
  → 登録済みだけのページが1枚続いたので cat=37 は打ち切り
  一覧 cat=38(洋楽ソウル／R&B) page=1/3 … 24件（未登録1件）/ 累計397件
  一覧 cat=38(洋楽ソウル／R&B) page=2/3 … 24件（未登録0件）/ 累計419件
  → 登録済みだけのページが1枚続いたので cat=38 は打ち切り
  一覧 cat=39(洋楽その他) page=1/3 … 24件（未登録0件）/ 累計429件
  → 登録済みだけのページが1枚続いたので cat=39 は打ち切り
  一覧 cat=40(アカペラ／合唱) page=1/2 … 24件（未登録0件）/ 累計451件
  → 登録済みだけのページが1枚続いたので cat=40 は打ち切り
  一覧 cat=41(アニメ／ゲーム／声優) page=1/8 … 24件（未登録8件）/ 累計459件
  一覧 cat=41(アニメ／ゲーム／声優) page=2/8 … 24件（未登録1件）/ 累計481件
  一覧 cat=41(アニメ／ゲーム／声優) page=3/8 … 24件（未登録0件）/ 累計505件
  → 登録済みだけのページが1枚続いたので cat=41 は打ち切り
  一覧 cat=42(フェスティバル(音楽)) page=1/5 … 24件（未登録3件）/ 累計517件
  一覧 cat=42(フェスティバル(音楽)) page=2/5 … 24件（未登録0件）/ 累計536件
  → 登録済みだけのページが1枚続いたので cat=42 は打ち切り
  一覧 cat=43(音楽その他) page=1/24 … 24件（未登録10件）/ 累計539件
  一覧 cat=43(音楽その他) page=2/24 … 24件（未登録1件）/ 累計550件
  一覧 cat=43(音楽その他) page=3/24 … 24件（未登録1件）/ 累計563件
  一覧 cat=43(音楽その他) page=4/24 … 24件（未登録0件）/ 累計578件
  → 登録済みだけのページが1枚続いたので cat=43 は打ち切り
  一覧 cat=44(脱出／謎解き) page=1/4 … 24件（未登録4件）/ 累計602件
  一覧 cat=44(脱出／謎解き) page=2/4 … 24件（未登録4件）/ 累計626件
  一覧 cat=44(脱出／謎解き) page=3/4 … 24件（未登録4件）/ 累計650件
  一覧 cat=44(脱出／謎解き) page=4/4 … 21件（未登録0件）/ 累計671件
  → 登録済みだけのページが1枚続いたので cat=44 は打ち切り
  一覧 cat=45(ショー／ファンイベント) page=1/12 … 23件（未登録8件）/ 累計678件
  一覧 cat=45(ショー／ファンイベント) page=2/12 … 16件（未登録0件）/ 累計688件
  → 登録済みだけのページが1枚続いたので cat=45 は打ち切り
  一覧 cat=46(トークショー／講演会) page=1/10 … 20件（未登録3件）/ 累計703件
  一覧 cat=46(トークショー／講演会) page=2/10 … 20件（未登録0件）/ 累計718件
  → 登録済みだけのページが1枚続いたので cat=46 は打ち切り
  一覧 cat=47(グルメ／ディナーショー) page=1/2 … 24件（未登録1件）/ 累計730件
  一覧 cat=47(グルメ／ディナーショー) page=2/2 … 16件（未登録0件）/ 累計745件
  → 登録済みだけのページが1枚続いたので cat=47 は打ち切り
  一覧 cat=48(ファミリー／子ども向け) page=1/2 … 24件（未登録1件）/ 累計764件
  一覧 cat=48(ファミリー／子ども向け) page=2/2 … 23件（未登録0件）/ 累計783件
  → 登録済みだけのページが1枚続いたので cat=48 は打ち切り
  一覧 cat=49(アニメ／ゲーム) page=1/2 … 24件（未登録4件）/ 累計801件
  一覧 cat=49(アニメ／ゲーム) page=2/2 … 2件（未登録0件）/ 累計803件
  → 登録済みだけのページが1枚続いたので cat=49 は打ち切り
  一覧 cat=50(ファッション／ビューティー) page=1/1 … 17件（未登録0件）/ 累計814件
  → 登録済みだけのページが1枚続いたので cat=50 は打ち切り
  一覧 cat=51(展示会／博覧会) page=1/1 … 19件（未登録0件）/ 累計826件
  → 登録済みだけのページが1枚続いたので cat=51 は打ち切り
  一覧 cat=52(イベントその他) page=1/21 … 22件（未登録7件）/ 累計831件
  一覧 cat=52(イベントその他) page=2/21 … 22件（未登録1件）/ 累計842件
  一覧 cat=52(イベントその他) page=3/21 … 21件（未登録2件）/ 累計851件
  一覧 cat=52(イベントその他) page=4/21 … 22件（未登録0件）/ 累計871件
  → 登録済みだけのページが1枚続いたので cat=52 は打ち切り
  一覧 cat=53(お笑い／寄席) page=1/57 … 24件（未登録24件）/ 累計893件
  一覧 cat=53(お笑い／寄席) page=2/57 … 24件（未登録9件）/ 累計913件
  一覧 cat=53(お笑い／寄席) page=3/57 … 24件（未登録0件）/ 累計934件
  → 登録済みだけのページが1枚続いたので cat=53 は打ち切り
  一覧 cat=54(演劇) page=1/5 … 24件（未登録6件）/ 累計941件
  一覧 cat=54(演劇) page=2/5 … 24件（未登録0件）/ 累計963件
  → 登録済みだけのページが1枚続いたので cat=54 は打ち切り
  一覧 cat=55(ダンス／パフォーマンス) page=1/8 … 24件（未登録5件）/ 累計969件
  一覧 cat=55(ダンス／パフォーマンス) page=2/8 … 24件（未登録1件）/ 累計980件
  一覧 cat=55(ダンス／パフォーマンス) page=3/8 … 24件（未登録0件）/ 累計996件
  → 登録済みだけのページが1枚続いたので cat=55 は打ち切り
  一覧 cat=56(バレエ) page=1/1 … 2件（未登録0件）/ 累計998件
  → 登録済みだけのページが1枚続いたので cat=56 は打ち切り
  一覧 cat=57(朗読／リーディング) page=1/2 … 24件（未登録0件）/ 累計1010件
  → 登録済みだけのページが1枚続いたので cat=57 は打ち切り
  一覧 cat=58(ミュージカル／ショー) page=1/2 … 24件（未登録1件）/ 累計1020件
  一覧 cat=58(ミュージカル／ショー) page=2/2 … 18件（未登録0件）/ 累計1034件
  → 登録済みだけのページが1枚続いたので cat=58 は打ち切り
  一覧 cat=59(フェスティバル(演劇)) page=1/1 … 24件（未登録0件）/ 累計1047件
  → 登録済みだけのページが1枚続いたので cat=59 は打ち切り
  一覧 cat=60(マジック／手品) page=1/1 … 7件（未登録1件）/ 累計1053件
  一覧 cat=61(演劇その他) page=1/3 … 24件（未登録1件）/ 累計1057件
  一覧 cat=61(演劇その他) page=2/3 … 24件（未登録0件）/ 累計1075件
  → 登録済みだけのページが1枚続いたので cat=61 は打ち切り
  一覧 cat=66(オーケストラ) page=1/1 … 10件（未登録0件）/ 累計1083件
  → 登録済みだけのページが1枚続いたので cat=66 は打ち切り
  一覧 cat=67(器楽／室内楽) page=1/4 … 24件（未登録0件）/ 累計1098件
  → 登録済みだけのページが1枚続いたので cat=67 は打ち切り
  一覧 cat=68(オペラ／声楽／合唱) page=1/2 … 24件（未登録0件）/ 累計1109件
  → 登録済みだけのページが1枚続いたので cat=68 は打ち切り
  一覧 cat=69(吹奏楽) page=1/1 … 17件（未登録1件）/ 累計1117件
  一覧 cat=70(クラシックその他) page=1/2 … 24件（未登録0件）/ 累計1126件
  → 登録済みだけのページが1枚続いたので cat=70 は打ち切り
  一覧 cat=72(球技) page=1/1 … 6件（未登録0件）/ 累計1131件
  → 登録済みだけのページが1枚続いたので cat=72 は打ち切り
  一覧 cat=73(格闘技) page=1/1 … 9件（未登録0件）/ 累計1138件
  → 登録済みだけのページが1枚続いたので cat=73 は打ち切り
  一覧 cat=74(スポーツその他) page=1/1 … 12件（未登録0件）/ 累計1145件
  → 登録済みだけのページが1枚続いたので cat=74 は打ち切り
  一覧 cat=75(映画) page=1/1 … 19件（未登録0件）/ 累計1157件
  → 登録済みだけのページが1枚続いたので cat=75 は打ち切り
  一覧 cat=76(アート・ミュージアム) page=1/2 … 24件（未登録0件）/ 累計1166件
  → 登録済みだけのページが1枚続いたので cat=76 は打ち切り
  一覧 cat=77(その他) page=1/5 … 23件（未登録3件）/ 累計1172件
  一覧 cat=77(その他) page=2/5 … 22件（未登録0件）/ 累計1186件
  → 登録済みだけのページが1枚続いたので cat=77 は打ち切り
  一覧 cat=78(K-POP) page=1/1 … 19件（未登録0件）/ 累計1196件
  → 登録済みだけのページが1枚続いたので cat=78 は打ち切り
  一覧 cat=79(歌い手) page=1/14 … 24件（未登録9件）/ 累計1205件
  一覧 cat=79(歌い手) page=2/14 … 24件（未登録2件）/ 累計1211件
  一覧 cat=79(歌い手) page=3/14 … 24件（未登録0件）/ 累計1232件
  → 登録済みだけのページが1枚続いたので cat=79 は打ち切り
  一覧 cat=80(ボカロ) page=1/7 … 24件（未登録7件）/ 累計1232件
  一覧 cat=80(ボカロ) page=2/7 … 24件（未登録0件）/ 累計1236件
  → 登録済みだけのページが1枚続いたので cat=80 は打ち切り
  一覧 cat=81(YouTuber) page=1/3 … 24件（未登録0件）/ 累計1239件
  → 登録済みだけのページが1枚続いたので cat=81 は打ち切り
  一覧 cat=82(2.5次元) page=1/1 … 9件（未登録2件）/ 累計1245件
  一覧 cat=84(VTuber) page=1/2 … 24件（未登録0件）/ 累計1262件
  → 登録済みだけのページが1枚続いたので cat=84 は打ち切り
  見張りリスト：登録された 2件を外した
  見張りリスト 0件も個別ページを引く
  登録済み 1118件は個別ページを引かない / これから引く 144件
  [1/144] 527302 【2部】10/8(木) 『LEVEL4 -man- vol.216』 公演1/券種3
  [2/144] 527292 10月13日(火) 吉祥寺SEATA 【2部：COMRIZED祭り】 公演1/券種2
  [3/144] 527296 マリメト定期公演vol.1 公演1/券種0
  [4/144] 526925 ルナリウム名阪福ツアー2026 in 名古屋 公演1/券種3
  [5/144] 527215 ガールズ×ガールズ×ガールズvol.604 公演1/券種5
  [6/144] 525999 めるてぃ▽ないと お披露目ライブ＆オフ会 公演1/券種1
  [7/144] 527078 月野さゆ生誕祭2026 公演1/券種1
  [8/144] 526963 Star★Platinum 14 公演1/券種1
  [9/144] 523378 sasanqua(船橋)定期ライブ〜ゆうみ生誕祭〜 公演1/券種2
  [10/144] 526724 LIKE! 2026/11/03/13:00 公演1/券種3
  [11/144] 526789 ～おるち生誕祭～ JEWELRY JEWELRY JEWELRY v 公演1/券種1
  [12/144] 524971 かなめ×みぐコラボライブ 公演1/券種1
  [13/144] 516395 秋の名古屋美少女ファクトリー(dela＆グランダルメ)原宿ライブ＆撮 公演4/券種36
  [14/144] 527032 【LIVE with Marie!!】 ～ We Love Mari 公演1/券種2
  [15/144] 526916 【入れ替えVIPエリア】ガラフェス ～渋谷 文化的衝撃センセーション 公演1/券種3
  [16/144] 527061 Diamond Polishers 公演1/券種2
  [17/144] 527106 夏陽フェス2026 公演1/券種1
  [18/144] 527195 アイドパーティー in MBL 2026 10 17〜配信Live〜 公演1/券種1
  [19/144] 527207 好事家の宴〜第六十七章〜道を間違えたサンタクロース達 公演1/券種1
  [20/144] 527012 INFINITY vol.156 公演1/券種4
  [21/144] 527006 ガールズ×ガールズ×ガールズ 〜EXtra〜 公演1/券種4
  [22/144] 526416 パピ♡ライブ vol.144 ハロウィンパーティー 公演1/券種5
  [23/144] 527223 10月13日(火)【COMRIZED祭り1部】＠吉祥寺SEATA 公演1/券種2
  [24/144] 527208 11月26日(木)【EMPATHY一致団結TOUR FINAL】＠W 公演1/券種3
  [25/144] 527180 Niimo仙台オフ会 公演1/券種1
  [26/144] 527179 りのワンマンライブ『りの婚2026〜絶対1122になろうな〜』 公演1/券種2
  [27/144] 527162 アイドルパーティー in MBL 2026 10 10 公演3/券種3
  [28/144] 524283 きなこ 1st Solo Live ここから。 公演1/券種1
  [29/144] 527105 『 AZの理由 Cafe＠cafeMENU 』 公演1/券種1
  [30/144] 527117 推し事.LivePolluxハロウィン 公演1/券種2
  [31/144] 526860 We Are VI octave Vol.12~ evolving  公演1/券種1
  [32/144] 527115 REDLIST vol.3 公演1/券種1
  [33/144] 526419 代々木音楽療法#42 Yoyogi Music Therapy #4 公演1/券種1
  [34/144] 522447 堕storia Debut LIVE 公演1/券種0
  [35/144] 526982 LuvHz 定期公演前 個別撮影会 公演4/券種18
  [36/144] 526971 10/12（月祝） 『Dolls Collection #3』 公演1/券種2
  [37/144] 526974 10/12（月祝） 『ねむめろ生誕祭2026』 公演1/券種2
  [38/144] 525542 ガールズ×ガールズ×ガールズvol.603 公演1/券種5
  [39/144] 526485 ぱぁなしぁハロウィンオフ会 公演1/券種0
  [40/144] 526674 福岡アイドル大運動会2026 公演6/券種11
  [41/144] 527140 井波陽子＆HARPIN’ JOE〜ひとふで描きの音楽〜其の二〜 公演1/券種1
  [42/144] 520755 SUGO E おせちライブ 公演1/券種1
  [43/144] 526331 Three M Project Christmas LIVE Vol 公演1/券種0
  [44/144] 527193 メガネとアイスとクールガイ2026 仙台編 公演1/券種1
  [45/144] 524232 The N.I.L Presents 『Disaster-Level 公演1/券種1
  [46/144] 525768 christmas at yours Live2026 ~with  公演1/券種1
  [47/144] 526355 しゃららんベイビーズ&BANGBOO pre.【アナタガイナイトハジ 公演1/券種1
  [48/144] 526852 LONG PARTY RECORDS Pre.『スラム』vol.40 公演1/券種1
  [49/144] 527273 第4回門下生ドラムショー 公演1/券種1
  [50/144] 527271 11/26(木) 「Honey Collection vol.89」 公演1/券種1
  [51/144] 526953 『ハピコレ!!vol.636』 公演1/券種1
  [52/144] 526696 〈MONOQLO presents〉Live Meteor 2026 公演1/券種0
  [53/144] 526730 コンセント。＋限定「架空居酒屋 福酒家。五品目」 公演1/券種2
  [54/144] 526620 BAR濱書房〜華金も歌声サロン〜1106SP 公演1/券種2
  [55/144] 526733 ともだち会-COVER ACOUSTIC NIGHT- 公演1/券種2
  [56/144] 527236 [大阪] "MASSATSU GIG vol.72" 公演1/券種1
  [57/144] 527235 ガッキガタロウひとり旅2 公演1/券種1
  [58/144] 527224 加藤が応援してくれた人呼んで、勝手に幸せになりたい日 公演1/券種1
  [59/144] 527222 阿佐ヶ谷ロンサム 『青い三角定規』 公演1/券種1
  [60/144] 525171 zoo 1st full album "WISH I WERE" L 公演1/券種1
  [61/144] 527203 [大阪] BLONDnewHALF 20th Anniversary 公演1/券種1
  [62/144] 527166 完全生歌ワンマンライブ 『real note.vol."11"』 公演1/券種1
  [63/144] 527170 HOME AGAIN #15 公演1/券種1
  [64/144] 526753 「公開尋問ライブ 『ファンキー末吉 きみは誰だ？』 第１回」 公演1/券種1
  [65/144] 526754 「公開尋問ライブ 『ファンキー末吉 きみは誰だ？』 第２回」 公演1/券種1
  [66/144] 526282 『天-sora-見る夜 vol.2〜ハロウィンの夜に〜』 公演1/券種1
  [67/144] 526770 GOOD MUSIQ 公演1/券種1
  [68/144] 527010 景 2026.Birthday.DRUM SOLO EVENT. - 公演1/券種1
  [69/144] 526771 JOURNAL LIFE 公演1/券種1
  [70/144] 526200 日向秀和×伊澤一葉×村松拓 SESSION 公演2/券種2
  [71/144] 527083 伝説のBar【LEGEND】 あちらのお客様から ～23杯目～ 公演1/券種1
  [72/144] 526623 BAR濱書房〜木曜日は歌声サロン〜1112SP 公演1/券種2
  [73/144] 526621 BAR濱書房〜水曜どうでしょう！？歌声サロン〜1111SP 公演1/券種2
  [74/144] 527070 みきな企画vol.1「Keep Loving What You Lo 公演1/券種0
  [75/144] 520280 YEAR END TOUR 2026 公演1/券種1
  [76/144] 527098 やがみ ソロライブ〜1ヶ月遅れでBIRTHDAY LIVE させてく 公演1/券種2
  [77/144] 526486 荻野まどかの ぼんじゅーる東京！ 〜初ワンマンライブ〜 公演2/券種2
  [78/144] 525559 ウイングベイコスプレフェスウイコス17第一日目優先チケット 公演1/券種1
  [79/144] 525558 ウイングベイコスプレフェスウイコス17第二日目優先チケット 公演1/券種1
  [80/144] 525384 安藤陽菜生誕祭2026 公演1/券種0
  [81/144] 525278 TRAIL THE TRACE 2026 公演1/券種0
  [82/144] 525873 乙姫寿藍22nd お誕生日当日祭~めちゃんこカウントダウン~ 公演1/券種1
  [83/144] 527171 池袋GLOBALRING音楽祭２０２６ 学生吹奏楽コンサート 公演10/券種10
  [84/144] 526215 めいなとるんこのクリスマス会2026 公演1/券種0
  [85/144] 524164 【11/1】flat mini Live/101st. flat m 公演1/券種1
  [86/144] 525332 なぞのつみき「ふしぎな謎解きミュージアム」（ホールブース⑦） 公演12/券種12
  [87/144] 525330 CrossXOne「私物の使用は可能です」（ホールブース④） 公演9/券種9
  [88/144] 525328 ナゾトキ番長「HACK&SLASH シンドバッドと無限の宝物庫」（ホ 公演10/券種10
  [89/144] 525325 ドリム「無限に◻︎◻︎◻︎が続く塔」（ホールブース①） 公演12/券種12
  [90/144] 525142 CrossXOne「私物の使用は可能です」（ホールブース④） 公演9/券種9
  [91/144] 525139 ナゾトキ番長「HACK&SLASH シンドバッドと無限の宝物庫」（ホ 公演10/券種10
  [92/144] 525127 モノマニアック「FLOW」（ホールブース②） 公演6/券種6
  [93/144] 525126 ドリム「無限に◻︎◻︎◻︎が続く塔」（ホールブース①） 公演13/券種13
  [94/144] 523572 なぞのつみき「ふしぎな謎解きミュージアム」（ホールブース⑥） 公演12/券種12
  [95/144] 523555 モノマニアック「FLOW」（ホールブース） 公演6/券種6
  [96/144] 523543 ドリム「無限に◻︎◻︎◻︎が続く塔」（ホールブース①） 公演13/券種13
  [97/144] 523518 ナゾトキ番長「リドルヨーヨー」（ステージブース） 公演10/券種10
  [98/144] 526931 DKO presents 「えち大 ～見ると×××が上手くなるかもし 公演1/券種2
  [99/144] 515495 渚祭 ～2026 秋の陣～ 公演1/券種1
  [100/144] 526511 KUSABA MANAMI Birthday Event 公演1/券種1
  [101/144] 526390 HAWAII BREEZE TOKYO Vol.1 - Produc 公演2/券種6
  [102/144] 524696 "パセラ×バリアンpresents 音楽とマジックで贈るハロウィンナ 公演1/券種1
  [103/144] 527154 第１回『えのすぱ×えのこすハロウィンパーティー』 公演1/券種4
  [104/144] 527121 第54回『江ノ島コスプレ祭』 公演1/券種5
  [105/144] 526337 撮影会⋆⸜🌻⸝‍⋆ オフ会 公演5/券種5
  [106/144] 525345 【1公演のみ】今日バッシュで2連勝した芸人が最強ライブ 公演1/券種1
  [107/144] 525342 【通し券】今日バッシュで2連勝した芸人が最強ライブ 公演1/券種1
  [108/144] 526662 アダムシルバー寄席 公演1/券種1
  [109/144] 526936 漫才NOROSHI2026 公演1/券種1
  [110/144] 527281 大喜王 公演1/券種1
  [111/144] 527278 大喜王 公演1/券種1
  [112/144] 527272 ベルナルド大将としょうへい トークライブ「一夜干しvol.66」 公演1/券種1
  [113/144] 522123 みんなのペチカvol.225 公演2/券種4
  [114/144] 526865 ちぇく田の月に一度のトークライブ「おもしろい」 公演1/券種1
  [115/144] 526927 コント・スピード・ユー！ 公演1/券種1
  [116/144] 527185 K-PROシャッフル寄席〜いつも見てるあのネタを夢の組み合わせで〜 公演1/券種1
  [117/144] 527173 【見逃し配信】コウメ太夫とヒロ・オクムラのトークライブ『（仮）』 公演1/券種1
  [118/144] 527172 10/18(日) とし金トーク 公演1/券種1
  [119/144] 527156 お笑いライブ💰RAGS TO RICHES.vol.946💰 公演1/券種1
  [120/144] 527155 お笑いライブ💰RAGS TO RICHES.vol.945💰 公演1/券種1
  [121/144] 527149 ひーちゃん 公演1/券種1
  [122/144] 521828 「戯言 -スタンダップライブ-」 公演1/券種1
  [123/144] 525037 照マー湯 其の拾漆(じゅうなな) 公演1/券種1
  [124/144] 526987 11/22（土）16時の部 Bチーム 第10回DKOコントライブ「ド 公演1/券種2
  [125/144] 526986 11/22（日）12時の部 Aチーム 第10回DKOコントライブ「ド 公演1/券種2
  [126/144] 526985 11/21（土）19時の部 Bチーム 第10回DKOコントライブ「ド 公演1/券種2
  [127/144] 526981 11/21（土）16時の部 Aチーム 第10回DKOコントライブ「ド 公演1/券種2
  [128/144] 522556 昭栄 公演1/券種1
  [129/144] 526669 11/20（金）19時の部 Aチーム 第10回DKOコントライブ「ド 公演1/券種2
  [130/144] 526670 11/21（土）12時の部 Bチーム 第10回DKOコントライブ「ド 公演1/券種2
  [131/144] 527101 ようこそ 公演1/券種1
  [132/144] 527087 楽芸会 公演1/券種1
  [133/144] 526888 10/29(木)開催！ともちゃん赤ちゃんごきげんライブ7 ～ハロウィ 公演1/券種2
  [134/144] 526740 THE ダイバクショウ。～笑ってまち歩き～ 公演1/券種1
  [135/144] 527092 ラジオイベント「村上、元気そうでよかった。の成長日記」 公演1/券種1
  [136/144] 527089 漫才激凸バトル~漫凸~ 第二十戦 公演1/券種1
  [137/144] 526904 月刊☆カープ！2026 1.月号 公演1/券種0
  [138/144] 527088 感謝！感激！ありがたや寄席FINAL 公演1/券種1
  [139/144] 526539 いきいき中華食堂リターンズ 公演1/券種1
  [140/144] 527085 わんわん宇宙おいわいの会「 いぬの成人式 」 公演1/券種1
  [141/144] 522918 Neo⭐︎N 2ndワンマンライブ 公演1/券種0
  [142/144] 526190 CIRQUE ÉTOILE -シルク・エトワール- 公演2/券種2
  [143/144] 526186 CIRQUE ÉTOILE -シルク・エトワール- 公演2/券種2
  [144/144] 526616 Euphoria 公演1/券種1

=== イベント 144件 / 読めなかった 0件 → tmp/x1001/eve/tiget_eve.json ===
券種のクラス（売り状態）: [('is-unable is-closed', 143), ('is-unable is-unopened', 130), ('is-available', 108), ('is-available is-fewremaining', 6), ('btn-unable', 2), ('is-unable is-unavailable', 1)]
