踊りモード＝台詞なし（音楽に合わせて動く）
セリフ 0字 / 尺10秒に収まる目安 50字
task_id: 443028632711400
    10s status=running
    20s status=running
    31s status=running
    41s status=running
    51s status=running
    62s status=running
    72s status=running
    83s status=running
    93s status=running
   104s status=running
   114s status=running
   126s status=running
   137s status=running
   148s status=running
   158s status=running
   169s status=running
   179s status=running
   190s status=running
   200s status=running
   212s status=running
   223s status=running
   234s status=running
   244s status=running
   257s status=running
   268s status=running
   278s status=running
   290s status=running
   300s status=running
   311s status=running
   322s status=running
   333s status=running
   344s status=running
   354s status=running
   365s status=running
   390s status=succeeded
保存: tmp/mv/h3_1.mp4 9646130 bytes
nning
   407s status=running
   431s status=succeeded
保存: tmp/mv/h3_1.mp4 11559856 bytes
