
=== lg=06 (イベント) 受付中0101 総数=910 ===
[06_all] rc=0 390s total=910 pages=91 new=441

=== lg=03 (スポーツ) 受付中0101 総数=863 ===
[03_all] rc=0 322s total=863 pages=87 new=348

=== lg=05 (アート) 受付中0101 総数=80 ===
[05_all] rc=0 36s total=80 pages=8 new=35

=== lg=04 (映画) 受付中0101 総数=57 ===
[04_all] rc=0 23s total=57 pages=6 new=27

=== lg=02 (演劇) 受付中0101 総数=1898 ===
  1,000の頭打ちを越えるので都道府県で割る
[02_pf01] rc=0 34s total=79 pages=8 new=47
  pf=02 0件（か取得できず）＝飛ばす
  pf=03 0件（か取得できず）＝飛ばす
[02_pf04] rc=0 17s total=44 pages=5 new=13
[02_pf05] rc=0 4s total=11 pages=2 new=3
  pf=06 0件（か取得できず）＝飛ばす
  pf=07 0件（か取得できず）＝飛ばす
[02_pf08] rc=0 6s total=16 pages=2 new=3
[02_pf09] rc=0 5s total=12 pages=2 new=4
[02_pf10] rc=0 6s total=17 pages=2 new=4
[02_pf11] rc=0 17s total=44 pages=5 new=13
[02_pf12] rc=0 11s total=41 pages=5 new=5
[02_pf13] rc=0 310s total=718 pages=72 new=238
[02_pf14] rc=0 28s total=70 pages=7 new=24
[02_pf15] rc=0 9s total=22 pages=3 new=7
[02_pf16] rc=0 6s total=15 pages=2 new=4
[02_pf17] rc=0 12s total=31 pages=4 new=13
  pf=18 0件（か取得できず）＝飛ばす
  pf=19 0件（か取得できず）＝飛ばす
[02_pf20] rc=0 4s total=13 pages=2 new=3
  pf=21 0件（か取得できず）＝飛ばす
[02_pf22] rc=0 6s total=23 pages=3 new=6
[02_pf23] rc=0 52s total=125 pages=13 new=28
[02_pf24] rc=0 5s total=11 pages=2 new=4
  pf=25 0件（か取得できず）＝飛ばす
[02_pf26] rc=0 27s total=56 pages=6 new=21
[02_pf27] rc=0 89s total=273 pages=28 new=53
[02_pf28] rc=0 30s total=109 pages=11 new=11
  pf=29 0件（か取得できず）＝飛ばす
  pf=30 0件（か取得できず）＝飛ばす
  pf=31 0件（か取得できず）＝飛ばす
  pf=32 0件（か取得できず）＝飛ばす
[02_pf33] rc=0 14s total=33 pages=4 new=10
[02_pf34] rc=0 16s total=40 pages=4 new=15
[02_pf35] rc=0 3s total=16 pages=2 new=6
  pf=36 0件（か取得できず）＝飛ばす
[02_pf37] rc=0 4s total=13 pages=2 new=7
  pf=38 0件（か取得できず）＝飛ばす
  pf=39 0件（か取得できず）＝飛ばす
[02_pf40] rc=0 31s total=102 pages=11 new=21
  pf=41 0件（か取得できず）＝飛ばす
  pf=42 0件（か取得できず）＝飛ばす
[02_pf43] rc=0 6s total=20 pages=2 new=10
  pf=44 0件（か取得できず）＝飛ばす
[02_pf45] rc=0 4s total=11 pages=2 new=0
  pf=46 0件（か取得できず）＝飛ばす
[02_pf47] rc=0 6s total=15 pages=2 new=5

=== lg=07 (クラシック) 受付中0101 総数=1999 ===
  1,000の頭打ちを越えるので都道府県で割る
[07_pf01] rc=0 21s total=47 pages=5 new=18
  pf=02 0件（か取得できず）＝飛ばす
  pf=03 0件（か取得できず）＝飛ばす
[07_pf04] rc=0 19s total=64 pages=7 new=17
  pf=05 0件（か取得できず）＝飛ばす
[07_pf06] rc=0 4s total=16 pages=2 new=8
  pf=07 0件（か取得できず）＝飛ばす
[07_pf08] rc=0 3s total=15 pages=2 new=5
[07_pf09] rc=0 4s total=12 pages=2 new=6
[07_pf10] rc=0 2s total=12 pages=2 new=5
[07_pf11] rc=0 20s total=47 pages=5 new=20
[07_pf12] rc=0 4s total=17 pages=2 new=8
[07_pf13] rc=0 330s total=726 pages=73 new=395
[07_pf14] rc=0 86s total=196 pages=20 new=106
[07_pf15] rc=0 4s total=11 pages=2 new=4
  pf=16 0件（か取得できず）＝飛ばす
[07_pf17] rc=0 16s total=21 pages=3 new=7
  pf=18 0件（か取得できず）＝飛ばす
[07_pf19] rc=0 10s total=14 pages=2 new=6
[07_pf20] rc=0 11s total=28 pages=3 new=19
[07_pf21] rc=0 3s total=12 pages=2 new=2
[07_pf22] rc=0 27s total=49 pages=5 new=20
[07_pf23] rc=0 92s total=154 pages=16 new=71
[07_pf24] rc=0 6s total=12 pages=2 new=2
[07_pf25] rc=0 7s total=12 pages=2 new=7
[07_pf26] rc=0 32s total=59 pages=6 new=25
[07_pf27] rc=0 93s total=189 pages=19 new=98
[07_pf28] rc=0 28s total=65 pages=7 new=36
  pf=29 0件（か取得できず）＝飛ばす
  pf=30 0件（か取得できず）＝飛ばす
  pf=31 0件（か取得できず）＝飛ばす
  pf=32 0件（か取得できず）＝飛ばす
[07_pf33] rc=0 8s total=26 pages=3 new=9
[07_pf34] rc=0 14s total=33 pages=4 new=17
[07_pf35] rc=0 4s total=11 pages=2 new=7
  pf=36 0件（か取得できず）＝飛ばす
  pf=37 0件（か取得できず）＝飛ばす
  pf=38 0件（か取得できず）＝飛ばす
  pf=39 0件（か取得できず）＝飛ばす
[07_pf40] rc=0 32s total=71 pages=8 new=39
[07_pf41] rc=0 2s total=11 pages=2 new=4
[07_pf42] rc=0 5s total=13 pages=2 new=3
  pf=43 0件（か取得できず）＝飛ばす
[07_pf44] rc=0 5s total=18 pages=2 new=7
  pf=45 0件（か取得できず）＝飛ばす
  pf=46 0件（か取得できず）＝飛ばす
  pf=47 0件（か取得できず）＝飛ばす

=== lg=01 (音楽) 受付中0101 総数=4697 ===
  1,000の頭打ちを越えるので都道府県で割る
[01_pf01] rc=0 108s total=294 pages=30 new=22
[01_pf02] rc=0 10s total=30 pages=3 new=2
[01_pf03] rc=0 13s total=50 pages=5 new=3
[01_pf04] rc=0 76s total=217 pages=22 new=29
[01_pf05] rc=0 14s total=36 pages=4 new=6
[01_pf06] rc=0 9s total=25 pages=3 new=4
[01_pf07] rc=0 24s total=65 pages=7 new=17
[01_pf08] rc=0 21s total=51 pages=6 new=16
[01_pf09] rc=0 19s total=49 pages=5 new=15
[01_pf10] rc=0 19s total=49 pages=5 new=12
[01_pf11] rc=0 38s total=102 pages=11 new=29
[01_pf12] rc=0 23s total=66 pages=7 new=18
[01_pf13] rc=0 386s total=979 pages=98 new=310
[01_pf14] rc=0 81s total=228 pages=23 new=64
[01_pf15] rc=0 30s total=76 pages=8 new=29
[01_pf16] rc=0 10s total=27 pages=3 new=5
[01_pf17] rc=0 27s total=82 pages=9 new=22
[01_pf18] rc=0 8s total=25 pages=3 new=3
[01_pf19] rc=0 11s total=28 pages=3 new=7
[01_pf20] rc=0 23s total=77 pages=8 new=23
[01_pf21] rc=0 13s total=34 pages=4 new=7
[01_pf22] rc=0 32s total=88 pages=9 new=22
[01_pf23] rc=0 180s total=459 pages=46 new=137
[01_pf24] rc=0 9s total=24 pages=3 new=5
[01_pf25] rc=0 11s total=28 pages=3 new=5
[01_pf26] rc=0 53s total=135 pages=14 new=37
[01_pf27] rc=0 215s total=555 pages=56 new=164
[01_pf28] rc=0 62s total=154 pages=16 new=36
[01_pf29] rc=0 11s total=33 pages=4 new=10
[01_pf30] rc=0 5s total=16 pages=2 new=7
[01_pf31] rc=0 5s total=17 pages=2 new=5
[01_pf32] rc=0 5s total=14 pages=2 new=3
[01_pf33] rc=0 31s total=89 pages=9 new=29
[01_pf34] rc=0 58s total=160 pages=16 new=52
[01_pf35] rc=0 11s total=33 pages=4 new=5
  pf=36 0件（か取得できず）＝飛ばす
[01_pf37] rc=0 29s total=84 pages=9 new=27
[01_pf38] rc=0 14s total=37 pages=4 new=9
[01_pf39] rc=0 10s total=28 pages=3 new=10
[01_pf40] rc=0 119s total=300 pages=30 new=62
[01_pf41] rc=0 8s total=18 pages=2 new=5
[01_pf42] rc=0 9s total=27 pages=3 new=7
[01_pf43] rc=0 15s total=43 pages=5 new=8
[01_pf44] rc=0 13s total=31 pages=4 new=6
[01_pf45] rc=0 6s total=17 pages=2 new=5
[01_pf46] rc=0 12s total=31 pages=4 new=10
[01_pf47] rc=0 21s total=54 pages=6 new=15

=== 受付中スイープ 終了 ===
