
=== lg=01 (音楽) rlsStatus=0102 総数=871 ===
[01_0102] rc=0 291s total=871 pages=88 new=72

=== lg=02 (演劇) rlsStatus=0102 総数=382 ===
[02_0102] rc=0 144s total=382 pages=39 new=22

=== lg=07 (クラシック) rlsStatus=0102 総数=327 ===
[07_0102] rc=0 138s total=327 pages=33 new=27

=== lg=06 (イベント) rlsStatus=0102 総数=159 ===
[06_0102] rc=0 64s total=159 pages=16 new=14

=== lg=03 (スポーツ) rlsStatus=0102 総数=146 ===
[03_0102] rc=0 52s total=146 pages=15 new=21

=== lg=05 (アート) rlsStatus=0102 総数=21 ===
[05_0102] rc=0 6s total=21 pages=3 new=1

=== lg=04 (映画) rlsStatus=0102 総数=61 ===
[04_0102] rc=0 21s total=61 pages=7 new=7

=== lg=01 (音楽) rlsStatus=0202 総数=42 ===
[01_0202] rc=0 18s total=42 pages=5 new=6

=== lg=02 (演劇) rlsStatus=0202 総数=22 ===
[02_0202] rc=0 8s total=22 pages=3 new=3

=== lg=07 (クラシック) rlsStatus=0202 総数=0 ===
  0件

=== lg=06 (イベント) rlsStatus=0202 総数=0 ===
  0件

=== lg=03 (スポーツ) rlsStatus=0202 総数=0 ===
  0件

=== lg=05 (アート) rlsStatus=0202 総数=0 ===
  0件

=== lg=04 (映画) rlsStatus=0202 総数=0 ===
  0件

=== 終わり ===
