
=== lg=01 (音楽) rlsStatus=0102 総数=577 ===
[01_0102] rc=0 201s total=577 pages=58 new=49

=== lg=02 (演劇) rlsStatus=0102 総数=339 ===
[02_0102] rc=0 121s total=339 pages=34 new=24

=== lg=07 (クラシック) rlsStatus=0102 総数=283 ===
[07_0102] rc=0 119s total=283 pages=29 new=27

=== lg=06 (イベント) rlsStatus=0102 総数=135 ===
[06_0102] rc=0 57s total=135 pages=14 new=9

=== lg=03 (スポーツ) rlsStatus=0102 総数=109 ===
[03_0102] rc=0 35s total=109 pages=11 new=15

=== lg=05 (アート) rlsStatus=0102 総数=23 ===
[05_0102] rc=0 11s total=23 pages=3 new=1

=== lg=04 (映画) rlsStatus=0102 総数=59 ===
[04_0102] rc=0 21s total=59 pages=6 new=4

=== lg=01 (音楽) rlsStatus=0202 総数=44 ===
[01_0202] rc=0 19s total=44 pages=5 new=5

=== lg=02 (演劇) rlsStatus=0202 総数=27 ===
[02_0202] rc=0 10s total=27 pages=3 new=2

=== lg=07 (クラシック) rlsStatus=0202 総数=0 ===
  0件

=== lg=06 (イベント) rlsStatus=0202 総数=0 ===
  0件

=== lg=03 (スポーツ) rlsStatus=0202 総数=0 ===
  0件

=== lg=05 (アート) rlsStatus=0202 総数=0 ===
  0件

=== lg=04 (映画) rlsStatus=0202 総数=0 ===
  0件

=== 終わり ===
