lg=06 total=146 pages=15
parsed items: 125 (fetched up to page 16)
already in DB (eventCd一致): 110 | NOT in DB (new candidates): 15
  うち 4件は同名の既存エントリあり＝投入時に統合を検討（旧実装はここを丸ごと捨てていた）
written tmp/sweep_presale_0917/06_0102.json
 NEW | 2026/11/28 | BERITA presents ISOGAI花火 | 2026/12/26(土) | 愛知県
 NEW | 2026/10/1 | いとうせいこう×奥泉光「文芸漫談シーズン８」『ガ | 2026/12/3(木) | 東京都
 NEW | 2026/9/20 | 鬼小十郎まつり後夜祭２０２６ ～白石市アンバサダ | 2026/10/4(日) | 宮城県
 NEW | 2026/9/19 | シルク・ドゥ・ソレイユ アース製薬 クーザ 東京 | 2027/3/1(月) ～ 2027/3/9 | 東京都
 NEW | 2026/9/19 | シルク・ドゥ・ソレイユ アース製薬 クーザ 東京 | 2027/4/2(金) ～ 2027/4/1 | 東京都
 NEW | 2026/9/18 | 真アギト展(名古屋会場)11/4(水)以降 期間 | 2026/11/4(水) ～ 2026/11 | 愛知県
 NEW | 2026/9/18 | 真アギト展（名古屋会場）１０／３１（土）～１１／ | 2026/10/31(土) ～ 2026/1 | 愛知県
 NEW | TODAY | 『スタジオジブリ企画制作 白隠さんの禅』京都展 | 2026/12/17(木) ～ 2027/1 | 京都府
 NEW | 2026/9/18 | そろそろ滅びる教育について、そろそろ滅びる鳥取で | 2026/11/17(火) | 鳥取県
 NEW | 2026/10/2 | SUNGMIN FANMEETING in OS | 2026/10/17(土) | 大阪府
 NEW |  | 筑後ＳＡＫＥフェスタ２０２６ | 2026/10/10(土) ～ 2026/1 | 福岡県
 NEW | 2026/9/18 | ｄｅｌａ 本多もかさん握手会 『Ｃｒｅａｍ（クリ | 2026/9/27(日) | 愛知県
 NEW | 2026/10/31 | 特別展「生きものたちの性」 | 2026/10/31(土) ～ 2027/2 | 東京都
 NEW | 2026/10/6 | 特別展「源氏物語 王朝のかがやき」 | 2026/10/6(火) ～ 2026/11 | 京都府
 NEW | 2026/11/23 | 南佳孝 バレンタインディナー＆ライブ２０２７ | 2027/2/14(日) | 兵庫県
