
=== lg=01 (音楽) rlsStatus=0102 総数=605 ===
[01_0102] rc=0 216s total=605 pages=61 new=41

=== lg=02 (演劇) rlsStatus=0102 総数=336 ===
[02_0102] rc=0 116s total=336 pages=34 new=23

=== lg=07 (クラシック) rlsStatus=0102 総数=270 ===
[07_0102] rc=0 113s total=270 pages=27 new=23

=== lg=06 (イベント) rlsStatus=0102 総数=146 ===
[06_0102] rc=0 54s total=146 pages=15 new=15

=== lg=03 (スポーツ) rlsStatus=0102 総数=133 ===
[03_0102] rc=0 43s total=133 pages=14 new=24

=== lg=05 (アート) rlsStatus=0102 総数=24 ===
[05_0102] rc=0 8s total=24 pages=3 new=2

=== lg=04 (映画) rlsStatus=0102 総数=61 ===
[04_0102] rc=0 21s total=61 pages=7 new=4

=== lg=01 (音楽) rlsStatus=0202 総数=38 ===
[01_0202] rc=0 15s total=38 pages=4 new=6

=== lg=02 (演劇) rlsStatus=0202 総数=18 ===
[02_0202] rc=0 6s total=18 pages=2 new=2

=== lg=07 (クラシック) rlsStatus=0202 総数=0 ===
  0件

=== lg=06 (イベント) rlsStatus=0202 総数=0 ===
  0件

=== lg=03 (スポーツ) rlsStatus=0202 総数=0 ===
  0件

=== lg=05 (アート) rlsStatus=0202 総数=0 ===
  0件

=== lg=04 (映画) rlsStatus=0202 総数=0 ===
  0件

=== 終わり ===
