python :   2743 OK
At line:1 char:302
+ ... tch {} } }; python tools/build_pia_entries.py tmp/x0919/cands_merge.j ...
+                 ~~~~~~~~~~~~~~~~~~~~~~~~~~~~~~~~~~~~~~~~~~~~~~~~~~~~~~~~~
    + CategoryInfo          : NotSpecified: (  2743 OK:String) [], RemoteException
    + FullyQualifiedErrorId : NativeCommandError
 
  2407 OK
  1164 OK
  2811 OK
  7611 OK
  4038 OK
  876 OK
  7363 OK
  4168 OK
  3141 OK
  4820 OK
  3700 OK
  4092 OK
  4058 OK
  4047 OK
  3537 OK
  660 OK
  3320 OK
  6917 OK
構築 19 件 / skip []
