done 5625 1 0
done 5626 1 0
done 5627 1 0
done 5628 2 0
done 5629 1 0
done 5630 1 0
done 5631 2 0
done 5632 1 0
done 5633 2 0
done 5634 2 0
done 5635 3 0
done 5636 1 0
done 5637 1 0
done 5638 1 0
done 5639 1 0
done 5640 1 0
RETRY https://t.pia.jp/pia/ticketInformation.do?eventCd=2634102&rlsCd=001 len=816
done 5641 10 0
done 5642 1 0
done 5643 2 0
done 5644 1 0
done 5645 1 0
done 5646 1 0
done 5647 1 0
done 5648 1 0
done 5649 1 0
done 5650 4 0
done 5651 2 0
done 5652 2 0
done 5653 1 0
done 5654 1 0
done 5655 1 0
OK 31
