
=== lg=01 (音楽) rlsStatus=0102 総数=766 ===
[01_0102] rc=0 261s total=766 pages=77 new=63

=== lg=02 (演劇) rlsStatus=0102 総数=367 ===
[02_0102] rc=0 127s total=367 pages=37 new=36

=== lg=07 (クラシック) rlsStatus=0102 総数=323 ===
[07_0102] rc=0 144s total=323 pages=33 new=27

=== lg=06 (イベント) rlsStatus=0102 総数=151 ===
[06_0102] rc=0 61s total=151 pages=16 new=22

=== lg=03 (スポーツ) rlsStatus=0102 総数=119 ===
[03_0102] rc=0 40s total=119 pages=12 new=24

=== lg=05 (アート) rlsStatus=0102 総数=24 ===
[05_0102] rc=0 14s total=24 pages=3 new=1

=== lg=04 (映画) rlsStatus=0102 総数=54 ===
[04_0102] rc=0 18s total=54 pages=6 new=4

=== lg=01 (音楽) rlsStatus=0202 総数=41 ===
[01_0202] rc=0 15s total=41 pages=5 new=4

=== lg=02 (演劇) rlsStatus=0202 総数=17 ===
[02_0202] rc=0 5s total=17 pages=2 new=2

=== lg=07 (クラシック) rlsStatus=0202 総数=0 ===
  0件

=== lg=06 (イベント) rlsStatus=0202 総数=0 ===
  0件

=== lg=03 (スポーツ) rlsStatus=0202 総数=0 ===
  0件

=== lg=05 (アート) rlsStatus=0202 総数=0 ===
  0件

=== lg=04 (映画) rlsStatus=0202 総数=0 ===
  0件

=== 終わり ===
