  21715 OK
  21716 OK
  21717 OK
  21718 OK
  21719 OK
  21720 OK
  21721 OK
  21722 skip(売切)
  21723 OK
  21724 skip(売切)
  21725 skip(売切)
  21726 OK
  21727 OK
  21728 OK
  21729 OK
  21730 OK
  21731 OK
  21732 OK
  21733 skip(売切)
  21734 OK
  21735 OK
  21736 OK
  21737 OK
  21738 OK
  21739 OK
  21740 OK
  21741 OK
  21742 OK
  21743 OK
  21744 OK
  21745 OK
  21746 OK
  21747 OK
  21748 OK
  21749 OK
  21750 OK
  21751 OK
  21752 OK
  21753 OK
  21754 OK
  21755 OK
  21756 OK
  21757 skip(売切)
  21758 skip(売切)
  21759 OK
  21760 skip(売切)
  21761 skip(売切)
  21762 skip(売切)
  21763 OK
  21764 OK
  21765 OK
  21766 OK
  21767 OK
  21768 OK
  21769 OK
  21770 skip(売切)
  21771 OK
  21772 skip(売切)
  21773 OK
  21774 OK
  21775 skip(売切)
  21776 OK
  21777 OK
  21778 OK
  21779 OK
  21780 OK
  21781 OK
  21782 OK
  21783 OK
  21784 OK
  21785 OK
  21786 OK
  21787 OK
  21788 OK
  21789 OK
  21790 OK
  21791 OK
  21792 OK
  21793 OK
  21794 OK
  21795 OK
  21796 OK
  21797 OK
  21798 OK
  21799 OK
  21800 OK
  21801 OK
  21802 OK
  21803 OK
  21804 skip(売切)
  21805 skip(売切)
  21806 skip(売切)
  21807 OK
  21808 OK
  21809 skip(売切)
  21810 OK
  21811 OK
  21812 OK
  21813 OK
  21814 OK
  21815 OK
  21816 OK
  21817 OK
  21818 OK
  21819 OK
  21820 OK
  21821 skip(売切)
  21822 OK
  21823 OK
  21824 skip(売切)
  21825 OK
  21826 skip(売切)
  21827 skip(売切)
  21828 OK
  21829 OK
  21830 OK
  21831 OK
  21832 skip(売切)
  21833 OK
  21834 OK
  21835 OK
  21836 OK
  21837 OK
  21838 OK
  21839 OK
  21840 OK
  21841 OK
  21842 skip(売切)
  21843 OK
  21844 skip(売切)
  21845 skip(売切)
  21846 skip(売切)
  21847 OK
  21848 skip(売切)
  21849 skip(売切)
  21850 skip(売切)
  21851 skip(売切)
  21852 skip(売切)
  21853 skip(売切)
  21854 skip(売切)
  21855 skip(売切)
  21856 skip(売切)
  21857 skip(売切)
  21858 OK
  21859 OK
  21860 OK
  21861 skip(売切)
  21862 OK
  21863 skip(売切)
  21864 skip(売切)
  21865 skip(売切)
  21866 OK
  21867 skip(売切)
  21868 OK
  21869 skip(売切)
  21870 OK
  21871 OK
  21872 OK
  21873 OK
  21874 skip(売切)
  21875 OK
  21876 OK
  21877 OK
  21878 OK
  21879 OK
  21880 OK
  21881 OK
  21882 OK
  21883 OK
  21884 skip(売切)
  21885 skip(売切)
  21886 OK
  21887 OK
  21888 skip(売切)
  21889 OK
  21890 OK
  21891 OK
  21892 OK
  21893 OK
  21894 skip(売切)
  21895 skip(売切)
  21896 skip(売切)
  21897 skip(売切)
  21898 OK
  21899 OK
  21900 OK
  21901 skip(売切)
  21902 skip(売切)
  21903 OK
  21904 skip(売切)
  21905 skip(売切)
  21906 OK
  21907 OK
  21908 OK
  21909 OK
  21910 skip(売切)
  21911 OK
  21912 skip(売切)
  21913 skip(売切)
  21914 OK
  21915 OK
  21916 skip(売切)
  21917 skip(売切)
  21918 OK
  21919 OK
  21920 skip(売切)
  21921 skip(売切)
  21922 skip(売切)
  21923 OK
  21924 OK
  21925 OK
  21926 OK
  21927 OK
  21928 skip(売切)
  21929 skip(売切)
  21930 skip(売切)
  21931 OK
  21932 skip(売切)
  21933 OK
  21934 OK
  21935 skip(売切)
  21936 OK
  21937 OK
  21938 OK
  21939 skip(売切)
  21940 skip(売切)
  21941 OK
  21942 skip(売切)
  21943 OK
  21944 OK
  21945 OK
  21946 OK
  21947 skip(売切)
  21948 skip(売切)
  21949 OK
  21950 OK
  21951 OK
  21952 OK
  21953 OK
  21954 OK
  21955 OK
  21956 OK
  21957 OK
  21958 OK
  21959 OK
  21960 OK
  21961 OK
  21962 OK
  21963 OK
  21964 OK
  21965 OK
  21966 OK
  21967 OK
  21968 OK
  21969 OK
  21970 OK
  21971 OK
  21972 OK
  21973 OK
  21974 OK
  21975 OK
  21976 OK
  21977 OK
  21978 OK
  21979 OK
  21980 skip(売切)
  21981 skip(売切)
  21982 OK
  21983 OK
  21984 OK
  21985 OK
  21986 OK
  21987 OK
  21988 OK
  21989 OK
  21990 skip(売切)
  21991 OK
  21992 OK
  21993 OK
  21994 OK
  21995 OK
  21996 skip(売切)
  21997 skip(売切)
  21998 skip(売切)
  21999 skip(売切)
  22000 skip(売切)
  22001 skip(売切)
  22002 skip(売切)
  22003 OK
  22004 OK
  22005 skip(売切)
  22006 OK
  22007 OK
  22008 OK
  22009 OK
  22010 OK
  22011 OK
  22012 skip(売切)
  22013 OK
  22014 skip(売切)
  22015 skip(売切)
  22016 OK
  22017 skip(売切)
  22018 skip(売切)
  22019 OK
  22020 OK
  22021 OK
  22022 skip(売切)
  22023 OK
  22024 skip(売切)
  22025 OK
  22026 OK
  22027 OK
  22028 skip(売切)
  22029 skip(売切)
  22030 skip(売切)
  22031 OK
  22032 skip(売切)
  22033 OK
  22034 OK
  22035 OK
  22036 OK
  22037 OK
  22038 skip(売切)
  22039 OK
  22040 skip(売切)
  22041 OK
  22042 OK
  22043 OK
  22044 OK
  22045 OK
  22046 OK
  22047 OK
  22048 skip(売切)
  22049 skip(売切)
  22050 OK
  22051 skip(売切)
  22052 OK
  22053 OK
  22054 OK
  22055 OK
  22056 skip(売切)
  22057 skip(売切)
  22058 OK
  22059 OK
  22060 OK
  22061 skip(売切)
  22062 skip(売切)
  22063 OK
  22064 OK
  22065 OK
  22066 OK
  22067 OK
  22068 OK
  22069 OK
  22070 OK
  22071 OK
  22072 OK
  22073 OK
  22074 OK
  22075 OK
  22076 OK
  22077 OK
  22078 OK
  22079 OK
  22080 skip(売切)
  22081 OK
  22082 skip(売切)
  22083 OK
  22084 OK
  22085 skip(売切)
  22086 OK
  22087 OK
  22088 OK
  22089 OK
  22090 OK
  22091 skip(売切)
  22092 OK
  22093 OK
  22094 OK
  22095 OK
  22096 OK
  22097 OK
  22098 OK
  22099 OK
  22100 OK
  22101 OK
  22102 skip(売切)
  22103 OK
  22104 OK
  22105 OK
  22106 OK
  22107 OK
  22108 OK
  22109 OK
  22110 OK
  22111 skip(売切)
  22112 OK
  22113 OK
  22114 skip(売切)
  22115 OK
  22116 OK
  22117 OK
  22118 OK
  22119 OK
  22120 OK
  22121 skip(売切)
  22122 skip(売切)
  22123 OK
  22124 OK
  22125 skip(売切)
  22126 OK
  22127 skip(売切)
  22128 OK
  22129 OK
  22130 OK
  22131 OK
  22132 skip(売切)
  22133 OK
  22134 skip(売切)
  22135 OK
  22136 skip(売切)
  22137 OK
  22138 skip(売切)
  22139 OK
  22140 OK
  22141 OK
  22142 OK
  22143 OK
  22144 skip(売切)
  22145 OK
  22146 skip(売切)
  22147 skip(売切)
  22148 skip(売切)
  22149 OK
  22150 skip(売切)
  22151 OK
  22152 OK
  22153 OK
  22154 skip(売切)
  22155 OK
  22156 OK
  22157 OK
  22158 OK
  22159 skip(売切)
  22160 OK
  22161 OK
  22162 skip(売切)
  22163 OK
  22164 OK
  22165 skip(売切)
  22166 OK
  22167 OK
  22168 OK
  22169 OK
  22170 skip(売切)
  22171 OK
  22172 OK
  22173 OK
  22174 OK
  22175 OK
  22176 OK
  22177 OK
  22178 OK
  22179 OK
  22180 OK
  22181 skip(売切)
  22182 OK
  22183 OK
  22184 OK
  22185 skip(売切)
  22186 OK
  22187 OK
  22188 OK
  22189 OK
  22190 OK
  22191 OK
  22192 OK
  22193 OK
  22194 OK
  22195 OK
  22196 OK
  22197 OK
  22198 OK
  22199 OK
  22200 OK
  22201 OK
  22202 OK
  22203 skip(売切)
  22204 OK
  22205 OK
  22206 OK
  22207 skip(売切)
  22208 OK
  22209 OK
  22210 OK
  22211 skip(売切)
  22212 OK
  22213 OK
  22214 OK
  22215 OK
  22216 OK
  22217 OK
  22218 OK
  22219 OK
  22220 OK
  22221 OK
  22222 OK
  22223 skip(売切)
  22224 OK
  22225 OK
  22226 OK
  22227 OK
  22228 skip(売切)
  22229 OK
  22230 OK
  22231 skip(売切)
  22232 OK
  22233 OK
  22234 OK
  22235 skip(売切)
  22236 OK
  22237 OK
  22238 OK
  22239 OK
  22240 OK
  22241 skip(売切)
  22242 OK
  22243 OK
  22244 OK
  22245 OK
  22246 OK
  22247 OK
  22248 OK
  22249 OK
  22250 OK
  22251 OK
  22252 OK
  22253 OK
  22254 OK
  22255 OK
  22256 OK
  22257 OK
  22258 OK
  22259 OK
  22260 OK
  22261 OK
  22262 skip(売切)
  22263 OK
  22264 OK
  22265 OK
  22266 OK
  22267 OK
  22268 OK
  22269 OK
  22270 OK
  22271 OK
  22272 OK
  22273 OK
  22274 OK
  22275 OK
  22276 skip(売切)
  22277 skip(売切)
  22278 OK
  22279 OK
  22280 OK
  22281 OK
  22282 OK
  22283 OK
  22284 skip(売切)
  22285 OK
  22286 skip(売切)
  22287 OK
  22288 skip(売切)
  22289 OK
  22290 OK
  22291 OK
  22292 OK
  22293 OK
  22294 OK
  22295 OK
  22296 OK
  22297 OK
  22298 skip(売切)
  22299 skip(売切)
  22300 skip(売切)
  22301 OK
  22302 OK
  22303 OK
  22304 skip(売切)
  22305 OK
  22306 skip(売切)
  22307 OK
  22308 OK
  22309 OK
  22310 OK
  22311 OK
  22312 OK
  22313 OK
  22314 OK
  22315 OK
  22316 OK
  22317 OK
  22318 OK
  22319 OK
  22320 OK
  22321 OK
  22322 OK
  22323 OK
  22324 skip(売切)
  22325 OK
  22326 OK
  22327 OK
  22328 OK
  22329 OK
  22330 OK
  22331 OK
  22332 OK
  22333 OK
  22334 OK
  22335 OK
  22336 OK
  22337 OK
  22338 OK
  22339 OK
  22340 OK
  22341 OK
  22342 OK
  22343 OK
  22344 OK
  22345 OK
  22346 OK
  22347 OK
  22348 OK
  22349 OK
  22350 OK
  22351 OK
  22352 skip(売切)
  22353 OK
  22354 OK
  22355 OK
  22356 OK
  22357 OK
  22358 OK
  22359 OK
  22360 skip(売切)
  22361 OK
  22362 OK
  22363 OK
  22364 skip(売切)
  22365 OK
  22366 OK
  22367 OK
  22368 OK
  22369 OK
  22370 skip(売切)
  22371 OK
  22372 OK
  22373 OK
  22374 OK
  22375 OK
  22376 OK
  22377 OK
  22378 OK
  22379 OK
  22380 OK
  22381 skip(売切)
  22382 skip(売切)
  22383 OK
  22384 OK
  22385 OK
  22386 OK
  22387 OK
  22388 OK
  22389 OK
  22390 OK
  22391 OK
  22392 skip(売切)
  22393 OK
  22394 skip(売切)
  22395 skip(売切)
  22396 OK
構築 524 件 / skip [21722, 21724, 21725, 21733, 21757, 21758, 21760, 21761, 21762, 21770, 21772, 21775, 21804, 21805, 21806, 21809, 21821, 21824, 21826, 21827, 21832, 21842, 21844, 21845, 21846, 21848, 21849, 21850, 21851, 21852, 21853, 21854, 21855, 21856, 21857, 21861, 21863, 21864, 21865, 21867, 21869, 21874, 21884, 21885, 21888, 21894, 21895, 21896, 21897, 21901, 21902, 21904, 21905, 21910, 21912, 21913, 21916, 21917, 21920, 21921, 21922, 21928, 21929, 21930, 21932, 21935, 21939, 21940, 21942, 21947, 21948, 21980, 21981, 21990, 21996, 21997, 21998, 21999, 22000, 22001, 22002, 22005, 22012, 22014, 22015, 22017, 22018, 22022, 22024, 22028, 22029, 22030, 22032, 22038, 22040, 22048, 22049, 22051, 22056, 22057, 22061, 22062, 22080, 22082, 22085, 22091, 22102, 22111, 22114, 22121, 22122, 22125, 22127, 22132, 22134, 22136, 22138, 22144, 22146, 22147, 22148, 22150, 22154, 22159, 22162, 22165, 22170, 22181, 22185, 22203, 22207, 22211, 22223, 22228, 22231, 22235, 22241, 22262, 22276, 22277, 22284, 22286, 22288, 22298, 22299, 22300, 22304, 22306, 22324, 22352, 22360, 22364, 22370, 22381, 22382, 22392, 22394, 22395]

!!!!!!!!!!!!!!!!!!!!!!!!!!!!!!!!!!!!!!!!!!!!!!!!!!!!!!!!!!!!
\u26a0\ufe0f 取りこぼし 3件（買える枠なのに取り込めなかった＝要対応）:
   id21826 [FETCH-ERR] when='ぴあが混雑ページに飛ばした（券種は読めていない）: http://sorry.pia.jp/nt2/pia/?mark=type-L10' | https://ticket.pia.jp/pia/event.do?eventCd=2628056
   id21996 [FETCH-ERR] when='ぴあが混雑ページに飛ばした（券種は読めていない）: http://sorry.pia.jp/nt2/pia/?mark=type-L10' | https://ticket.pia.jp/pia/event.do?eventCd=2631613
   id22102 [FETCH-ERR] when='HTTP Error 502: Bad Gateway' | https://ticket.pia.jp/pia/event.do?eventCd=2622500
→ parse_when/kenshu/状態判定にこの表記を足してから再構築すること。
!!!!!!!!!!!!!!!!!!!!!!!!!!!!!!!!!!!!!!!!!!!!!!!!!!!!!!!!!!!!
exit=3
