候補 342件 → 登録済みeid 0件を除外 → 新規 342件 / 282組
  ℹ️ 名前がDBにある73件も残した（同名別公演の可能性・投入前に突合）
  ○ id21147 SEASONS | 公演1(会場1) 枠1 | 2026-10-12〜2026-10-12
  ○ id21148 青木葉 ONE-MAN TOUR 2026 『GARDEN』 | 公演8(会場2) 枠8 | 2026-11-22〜2026-11-29
  ○ id21149 Melnoa 1st Anniversary LIVE ～Happy Sparkling～ | 公演4(会場1) 枠4 | 2026-12-13〜2026-12-13
  ○ id21150 真田ナオキランチディナーショー 待望の地元開催 | 公演2(会場1) 枠2 | 2026-11-23〜2026-11-23
      ＋他公演を回収: 2026-09-25 正和工業にじいろホール 大ホール
  ○ id21151 福田こうへい | 公演5(会場4) 枠5 | 2026-10-18〜2027-01-21
      ＋他公演を回収: 2027-02-03 ふくやま芸術文化ホール リーデンローズ 大ホール
      ＋他公演を回収: 2027-02-04 KDDI 維新ホール メインホール
  ○ id21152 舟木一夫コンサート2027 芸能生活65周年記念 | 公演3(会場3) 枠3 | 2027-01-26〜2027-02-04
  ○ id21153 島津亜矢 島津亜矢 コンサートツアー2027 | 公演2(会場1) 枠2 | 2027-02-14〜2027-02-14
  ○ id21154 杜このみ&彩青 | 公演1(会場1) 枠1 | 2027-02-14〜2027-02-14
      ＋他公演を回収: 2026-10-07 奈良県橿原文化会館大ホール
      ＋他公演を回収: 2026-10-07 奈良県橿原文化会館大ホール
      ＋他公演を回収: 2026-10-08 枚方市総合文化芸術センター 関西医大 大ホール
      ＋他公演を回収: 2026-10-08 枚方市総合文化芸術センター 関西医大 大ホール
      ＋他公演を回収: 2026-10-28 よこすか芸術劇場
      ＋他公演を回収: 2026-11-03 シェルターなんようホール 大ホール
      ＋他公演を回収: 2026-11-04 高崎芸術劇場 大劇場
      ＋他公演を回収: 2026-11-08 多古町コミュニティプラザ 文化ホール
      ＋他公演を回収: 2026-11-25 京都劇場
      ＋他公演を回収: 2026-11-25 京都劇場
      ＋他公演を回収: 2026-11-26 アクリエひめじ 大ホール
      ＋他公演を回収: 2026-12-02 三重県文化会館 大ホール
      ＋他公演を回収: 2026-12-08 大宮ソニックシティ 大ホール
      ＋他公演を回収: 2026-12-18 かめあり リリオホール
      ＋他公演を回収: 2026-12-18 かめあり リリオホール
      ＋他公演を回収: 2027-02-19 北九州芸術劇場 大ホール
      ＋他公演を回収: 2027-02-20 宇佐文化会館ウサノピア 大ホール
  ○ id21155 三山ひろし | 公演26(会場16) 枠26 | 2026-10-07〜2027-02-20
  ○ id21156 青山新 | 公演5(会場3) 枠5 | 2026-11-27〜2027-03-22
  ○ id21157 羽山みずき | 公演1(会場1) 枠1 | 2027-03-27〜2027-03-27
  ○ id21158 MISSION Vol.6 | 公演1(会場1) 枠1 | 2026-09-26〜2026-09-26
  ○ id21159 ODD Foot Works | 公演1(会場1) 枠1 | 2026-12-26〜2026-12-26
  ○ id21160 SET YOU FREE～3WAY DANCE | 公演1(会場1) 枠1 | 2026-10-07〜2026-10-07
  ⚠️ ロージークロニクル 4317360001: option17 > JSON-LD5 取りこぼしの可能性
      ＋他公演を回収: 2026-10-04 HEAVEN’S ROCK熊谷 VJ-1
      ＋他公演を回収: 2026-10-04 HEAVEN’S ROCK熊谷 VJ-1
      ＋他公演を回収: 2026-10-10 新宿ReNY
      ＋他公演を回収: 2026-10-10 新宿ReNY
      ＋他公演を回収: 2026-10-17 OSAKA MUSE
      ＋他公演を回収: 2026-10-17 OSAKA MUSE
      ＋他公演を回収: 2026-10-24 小樽 GOLDSTONE
      ＋他公演を回収: 2026-10-24 小樽 GOLDSTONE
      ＋他公演を回収: 2026-11-08 新宿ReNY
      ＋他公演を回収: 2026-11-08 新宿ReNY
      ＋他公演を回収: 2026-11-23 LIVE VANQUISH
      ＋他公演を回収: 2026-11-23 LIVE VANQUISH
  ○ id21161 ロージークロニクル | 公演33(会場8) 枠33 | 2026-09-27〜2026-11-23
  ⚠️ OCHA NORMA 3746860001: option23 > JSON-LD5 取りこぼしの可能性
      ＋他公演を回収: 2026-09-26 ニッショーホール
      ＋他公演を回収: 2026-09-26 ニッショーホール
      ＋他公演を回収: 2026-09-27 ニッショーホール
      ＋他公演を回収: 2026-09-27 ニッショーホール
      ＋他公演を回収: 2026-10-06 金沢EIGHT HALL
      ＋他公演を回収: 2026-10-10 福岡BEAT STATION
      ＋他公演を回収: 2026-10-10 福岡BEAT STATION
      ＋他公演を回収: 2026-10-11 LIVE HOUSE GEILS
      ＋他公演を回収: 2026-10-11 LIVE HOUSE GEILS
      ＋他公演を回収: 2026-10-18 COOLJAPANPARK OSAKA WWホール
      ＋他公演を回収: 2026-10-25 広島LIVE VANQUISH
      ＋他公演を回収: 2026-11-01 岡山CRAZYMAMA KINGDOM
      ＋他公演を回収: 2026-11-01 岡山CRAZYMAMA KINGDOM
      ＋他公演を回収: 2026-11-07 柏PALOOZA
      ＋他公演を回収: 2026-11-07 柏PALOOZA
      ＋他公演を回収: 2026-11-15 HEAVEN’S ROCK 熊谷 VJ-1
      ＋他公演を回収: 2026-11-15 HEAVEN’S ROCK 熊谷 VJ-1
      ＋他公演を回収: 2026-11-21 川口総合文化センターリリア フカガワみらいホール
  ○ id21162 OCHA NORMA | 公演30(会場11) 枠30 | 2026-09-26〜2026-11-21
  ⚠️ モーニング娘。’26 0145460001: option15 > JSON-LD5 取りこぼしの可能性
      ＋他公演を回収: 2026-09-23 Niterra日本特殊陶業市民会館フォレストホール
      ＋他公演を回収: 2026-09-23 Niterra日本特殊陶業市民会館フォレストホール
      ＋他公演を回収: 2026-09-26 水戸市民会館 グロービスホール
      ＋他公演を回収: 2026-10-04 富士市文化会館ロゼシアター 大ホール
      ＋他公演を回収: 2026-10-25 札幌文化芸術劇場 hitaru
      ＋他公演を回収: 2026-10-25 札幌文化芸術劇場 hitaru
      ＋他公演を回収: 2026-10-31 仙台サンプラザホール
      ＋他公演を回収: 2026-10-31 仙台サンプラザホール
      ＋他公演を回収: 2026-11-01 盛岡市民文化ホール 大ホール
      ＋他公演を回収: 2026-11-01 盛岡市民文化ホール 大ホール
  ○ id21163 モーニング娘。’26 | 公演20(会場8) 枠20 | 2026-09-23〜2026-11-01
  ○ id21164 つばきファクトリー | 公演1(会場1) 枠1 | 2026-10-26〜2026-10-26
  ○ id21165 紅陵祭スペシャルライブ | 公演1(会場1) 枠1 | 2026-11-01〜2026-11-01
      ＋他公演を回収: 2026-11-01 BEAT STATION
      ＋他公演を回収: 2026-11-01 BEAT STATION
      ＋他公演を回収: 2026-11-08 OSAKA MUSE
      ＋他公演を回収: 2026-11-23 LIVE ROXY SHIZUOKA
      ＋他公演を回収: 2026-11-23 LIVE ROXY SHIZUOKA
  ○ id21166 宮本佳林 | 公演23(会場5) 枠23 | 2026-10-25〜2026-11-29
  ○ id21167 来栖りん | 公演2(会場1) 枠2 | 2026-11-03〜2026-11-03
  ⚠️ アンジュルム 0432800001: option17 > JSON-LD5 取りこぼしの可能性
      ＋他公演を回収: 2026-09-22 Niterra日本特殊陶業市民会館フォレストホール
      ＋他公演を回収: 2026-09-22 Niterra日本特殊陶業市民会館フォレストホール
      ＋他公演を回収: 2026-10-12 倉敷市民会館
      ＋他公演を回収: 2026-10-17 仙台サンプラザホール
      ＋他公演を回収: 2026-10-17 仙台サンプラザホール
      ＋他公演を回収: 2026-10-18 水戸市民会館 グロービスホール
      ＋他公演を回収: 2026-10-18 水戸市民会館 グロービスホール
      ＋他公演を回収: 2026-11-01 長野市芸術館 メインホール
      ＋他公演を回収: 2026-11-01 長野市芸術館 メインホール
      ＋他公演を回収: 2026-11-11 札幌市教育文化会館 大ホール
      ＋他公演を回収: 2026-11-15 NHK大阪ホール
      ＋他公演を回収: 2026-11-15 NHK大阪ホール
  ○ id21168 アンジュルム | 公演21(会場9) 枠21 | 2026-09-22〜2026-11-15
  ○ id21169 NANIMONO | 公演1(会場1) 枠1 | 2026-12-05〜2026-12-05
  ○ id21170 ONIGAWARAとベッド･イン おひさしブリーフPARTY 2026 | 公演1(会場1) 枠1 | 2026-12-30〜2026-12-30
  ○ id21171 毛利泰士とザ･ベスト | 公演2(会場2) 枠2 | 2026-09-24〜2026-10-22
  ⚠️ MeseMoa.2ショット撮影会 MeseMoa. 47都道府県ツアー 2499520001: option22 > JSON-LD5 取りこぼしの可能性
      ＋他公演を回収: 2026-09-21 仙台Rensa
      ＋他公演を回収: 2026-09-21 仙台Rensa
      ＋他公演を回収: 2026-09-22 秋田クラブスウィンドル
      ＋他公演を回収: 2026-09-22 秋田クラブスウィンドル
      ＋他公演を回収: 2026-10-04 山形ミュージック昭和セッション
      ＋他公演を回収: 2026-10-12 大手町三井ホール
      ＋他公演を回収: 2026-10-12 大手町三井ホール
      ＋他公演を回収: 2026-10-17 Club JAMMER’S TAKASAKI
      ＋他公演を回収: 2026-10-17 Club JAMMER’S TAKASAKI
      ＋他公演を回収: 2026-10-18 Club JAMMER’S TAKASAKI
      ＋他公演を回収: 2026-10-18 Club JAMMER’S TAKASAKI
  ○ id21172 MeseMoa.2ショット撮影会 MeseMoa. 47都道府県ツアー | 公演12(会場5) 枠12 | 2026-09-27〜2026-10-18
  ○ id21173 シアターDD -KAGUYA- | 公演4(会場1) 枠4 | 2026-10-07〜2026-10-07
  ⚠️ パンダドラゴン ツーショット撮影会 SUMMER TOUR 2026 開催記念特典会 2818490001: option28 > JSON-LD5 取りこぼしの可能性
      ＋他公演を回収: 2026-10-10 マイドームおおさか･2階 展示ホ-ルB
      ＋他公演を回収: 2026-10-11 東別院会館･3階 東別院テラスホール
      ＋他公演を回収: 2026-10-11 東別院会館･3階 東別院テラスホール
      ＋他公演を回収: 2026-10-11 東別院会館･3階 東別院テラスホール
      ＋他公演を回収: 2026-10-11 東別院会館･3階 東別院テラスホール
      ＋他公演を回収: 2026-10-11 東別院会館･3階 東別院テラスホール
      ＋他公演を回収: 2026-10-11 東別院会館･3階 東別院テラスホール
  ○ id21174 パンダドラゴン ツーショット撮影会 SUMMER TOUR 2026 開催記念特典会 | 公演12(会場2) 枠12 | 2026-10-10〜2026-10-11
  ○ id21175 ラムネ商店街 紫咲伊織聖誕祭 2026 | 公演1(会場1) 枠1 | 2026-10-10〜2026-10-10
  ○ id21176 パンダドラゴン お話し会 14th Single『IDOL OF POP / ラブリートファイター』発売記念特典会 | 公演3(会場1) 枠3 | 2026-10-12〜2026-10-12
  ○ id21177 ラムネ商店街 今泉光耀聖誕祭 2026 | 公演1(会場1) 枠1 | 2026-10-14〜2026-10-14
  ○ id21178 ラムネ商店街 慧楽壱聖誕祭 2026 | 公演1(会場1) 枠1 | 2026-10-15〜2026-10-15
  ○ id21179 上北健 Acoustic Live『心集い -2026-』 | 公演1(会場1) 枠1 | 2026-10-16〜2026-10-16
  ○ id21180 長崎スタジアムシティ開業2周年記念 | 公演1(会場1) 枠1 | 2026-10-17〜2026-10-17
  ○ id21181 川口フェス 15th Anniversary LIVE 2026 | 公演1(会場1) 枠1 | 2026-10-17〜2026-10-17
  ⚠️ 宇都宮隆 0024240001: option7 > JSON-LD5 取りこぼしの可能性
      ＋他公演を回収: 2026-10-31 KT Zepp Yokohama
      ＋他公演を回収: 2026-11-28 Zepp DiverCity(TOKYO)
  ○ id21182 宇都宮隆 | 公演13(会場6) 枠13 | 2026-10-11〜2026-11-28
  ○ id21183 名古屋商科大学 第74回 三ヶ峯祭 SUPER LIVE 2026 | 公演1(会場1) 枠1 | 2026-10-17〜2026-10-17
  ○ id21184 吉田山田 | 公演2(会場2) 枠2 | 2026-10-18〜2026-11-06
  ○ id21185 遠藤響子デビュー45周年記念特別企画第2弾 | 公演1(会場0) 枠1 | 2026-10-23〜2026-10-23
  ○ id21186 パンダドラゴン | 公演9(会場2) 枠9 | 2026-09-23〜2026-10-24
  ○ id21187 ノックソ ツーショット撮影会 ノックソ聖誕記念撮影会 | 公演10(会場1) 枠10 | 2026-10-24〜2026-10-24
  ○ id21188 太陽とシスコムーン LIVE 2026 ～Evolve～ | 公演2(会場1) 枠2 | 2026-10-24〜2026-10-24
      ＋他公演を回収: 2026-10-28 東京流通センター 第一展示場
  ○ id21189 ReLIT ツーショット撮影会 DDハロウィン大メロメロタイム | 公演6(会場1) 枠6 | 2026-10-28〜2026-10-28
  ○ id21190 ラムネ商店街 ツーショット撮影会 DDハロウィン大メロメロタイム | 公演5(会場1) 枠5 | 2026-10-28〜2026-10-28
  ○ id21191 ナナクロニクル ツーショット撮影会 DDハロウィン大メロメロタイム | 公演5(会場1) 枠5 | 2026-10-28〜2026-10-28
      ＋他公演を回収: 2026-10-28 東京流通センター 第一展示場
  ○ id21192 あづ ツーショット撮影会 DDハロウィン大メロメロタイム | 公演6(会場1) 枠6 | 2026-10-28〜2026-10-28
      ＋他公演を回収: 2026-10-28 東京流通センター 第一展示場
  ○ id21193 Milky Monster ツーショット撮影会 DDハロウィン大メロメロタイム | 公演6(会場1) 枠6 | 2026-10-28〜2026-10-28
      ＋他公演を回収: 2026-10-28 東京流通センター 第一展示場
  ○ id21194 さっさー ツーショット撮影会 DDハロウィン大メロメロタイム | 公演6(会場1) 枠6 | 2026-10-28〜2026-10-28
      ＋他公演を回収: 2026-10-28 東京流通センター第一展示場
  ○ id21195 西田颯梓 ツーショット撮影会 DDハロウィン大メロメロタイム | 公演6(会場1) 枠6 | 2026-10-28〜2026-10-28
  ⚠️ レキシ レキシ アコースティックツアー 2026 ～稲･遷都･ワールド～ 0527690001: option10 > JSON-LD5 取りこぼしの可能性
      ＋他公演を回収: 2026-11-17 KT Zepp Yokohama
      ＋他公演を回収: 2026-11-19 Zepp Fukuoka
      ＋他公演を回収: 2026-11-25 Zepp Namba OSAKA
      ＋他公演を回収: 2026-11-27 Zepp Namba OSAKA
      ＋他公演を回収: 2026-12-16 昭和女子大学 人見記念講堂
  ○ id21196 レキシ レキシ アコースティックツアー 2026 ～稲･遷都･ワールド～ | 公演10(会場9) 枠10 | 2026-10-30〜2026-12-16
  ○ id21197 第74回徳島大学常三島祭 | 公演1(会場1) 枠1 | 2026-10-31〜2026-10-31
  ○ id21198 DA PUMP | 公演8(会場5) 枠8 | 2026-10-14〜2026-11-29
  ○ id21199 池田綾子 | 公演1(会場1) 枠1 | 2026-11-07〜2026-11-07
  ○ id21200 wacci LIVE at 天理大学祭 | 公演1(会場1) 枠1 | 2026-11-07〜2026-11-07
  ○ id21201 NAOTO Six Colors | 公演5(会場1) 枠5 | 2026-11-09〜2026-11-13
  ○ id21202 スライス･オブ･ライフ 岡林風穂 / なち | 公演1(会場1) 枠1 | 2026-11-12〜2026-11-12
  ○ id21203 ラブリーサマーちゃん LSC 10th Anniversary GIG tour | 公演1(会場1) 枠1 | 2026-11-13〜2026-11-13
  ⚠️ jo0ji 4175030001: option10 > JSON-LD5 取りこぼしの可能性
      ＋他公演を回収: 2026-11-15 BLUE LIVE 広島
      ＋他公演を回収: 2026-11-22 Zepp Sapporo
      ＋他公演を回収: 2026-11-28 Zepp Fukuoka
      ＋他公演を回収: 2026-12-05 Zepp Nagoya
      ＋他公演を回収: 2026-12-19 SENDAI GIGS
  ○ id21204 jo0ji | 公演24(会場10) 枠24 | 2026-11-01〜2026-12-19
  ○ id21205 sacra企画 | 公演1(会場1) 枠1 | 2026-11-14〜2026-11-14
  ○ id21206 ”Classic Ray” Album Release Live | 公演1(会場1) 枠1 | 2026-11-16〜2026-11-16
  ○ id21207 平松愛理 平松愛理 Autumn Live 弾き語りツアー2026 ～ SLOW ROOM ～ | 公演1(会場1) 枠1 | 2026-11-17〜2026-11-17
  ○ id21208 『SHINJUKU LOFT 50th ANNIVERSARY PINK OR BLUE』 | 公演1(会場1) 枠1 | 2026-11-19〜2026-11-19
  ⚠️ 斉藤和義 0035110001: option30 > JSON-LD5 取りこぼしの可能性
      ＋他公演を回収: 2026-09-25 長野市芸術館 メインホール
      ＋他公演を回収: 2026-10-01 札幌市教育文化会館 大ホール
      ＋他公演を回収: 2026-10-04 旭川市民文化会館 大ホール
      ＋他公演を回収: 2026-10-11 栃木県総合文化センター メインホール
      ＋他公演を回収: 2026-10-18 やまぎん県民ホール(山形県総合文化芸術館)大ホール
      ＋他公演を回収: 2026-10-25 YCC県民文化ホール 大ホール
      ＋他公演を回収: 2026-10-29 静岡市清水文化会館(マリナート) 大ホール
      ＋他公演を回収: 2026-10-31 バロー文化ホール(多治見市文化会館)大ホール
      ＋他公演を回収: 2026-11-01 名古屋文理大学文化フォーラム 大ホール
      ＋他公演を回収: 2026-11-05 神戸国際会館こくさいホール
      ＋他公演を回収: 2026-11-06 フェスティバルホール
      ＋他公演を回収: 2026-11-08 なら100年会館 大ホール
      ＋他公演を回収: 2026-11-14 よこすか芸術劇場 大劇場
      ＋他公演を回収: 2026-11-15 大宮ソニックシティ 大ホール
      ＋他公演を回収: 2026-11-21 広島文化学園HBGホール
      ＋他公演を回収: 2026-11-23 ハイスタッフホール(観音寺市民会館)大ホール
      ＋他公演を回収: 2026-11-24 倉敷市民会館
      ＋他公演を回収: 2026-11-28 福岡サンパレス ホテル&ホール
      ＋他公演を回収: 2026-11-29 福岡サンパレス ホテル&ホール
      ＋他公演を回収: 2026-12-05 SGCホール有明
      ＋他公演を回収: 2026-12-06 SGCホール有明
      ＋他公演を回収: 2026-12-18 フェニーチェ堺 大ホール
      ＋他公演を回収: 2026-12-19 フェニーチェ堺 大ホール
      ＋他公演を回収: 2026-12-21 ロームシアター京都 メインホール
      ＋他公演を回収: 2026-12-22 Niterra日本特殊陶業市民会館フォレストホール
  ○ id21209 斉藤和義 | 公演141(会場27) 枠141 | 2026-09-23〜2026-12-22
  ⚠️ 松任谷由実 0115600001: option6 > JSON-LD5 取りこぼしの可能性
      ＋他公演を回収: 2026-12-15 東京国際フォーラム ホールA
  ○ id21210 松任谷由実 | 公演3(会場2) 枠3 | 2026-11-24〜2026-12-15
  ○ id21211 君島大空 合奏形態 | 公演1(会場1) 枠1 | 2026-11-24〜2026-11-24
  ○ id21212 アコースティックライブ in 2026 | 公演1(会場1) 枠1 | 2026-11-27〜2026-11-27
  ○ id21213 秋のズンドコ豊年祭’26 | 公演1(会場1) 枠1 | 2026-11-29〜2026-11-29
  ○ id21214 山本達彦 1st | 公演1(会場1) 枠1 | 2026-12-05〜2026-12-05
  ○ id21215 山本達彦 昼公演 | 公演2(会場0) 枠2 | 2026-12-05〜2026-12-06
  ○ id21216 永井真理子 | 公演2(会場1) 枠2 | 2026-12-05〜2026-12-05
  ○ id21217 山本達彦 2nd | 公演1(会場1) 枠1 | 2026-12-05〜2026-12-05
  ○ id21218 山本達彦 夜公演 | 公演3(会場1) 枠3 | 2026-12-05〜2026-12-06
  ○ id21219 山本達彦 | 公演2(会場1) 枠2 | 2026-12-06〜2026-12-06
  ○ id21220 遊佐未森Christmas Concert2026 “pianoel” | 公演1(会場1) 枠1 | 2026-12-06〜2026-12-06
  ○ id21221 ガレージシャンソンショー 客人:中西俊博 | 公演1(会場0) 枠1 | 2026-12-10〜2026-12-10
  ○ id21222 奥崎海斗 one-man LIVE | 公演1(会場1) 枠1 | 2026-12-12〜2026-12-12
  ○ id21223 杉真理 Masamichi Sugi LIVE | 公演2(会場1) 枠2 | 2026-12-12〜2026-12-12
  ○ id21224 鹿オープンイベント”真鹿 | 公演1(会場1) 枠1 | 2026-12-13〜2026-12-13
  ○ id21225 ANISON PREMIUM LIVE ささきいさお×堀江美都子×影山ヒロノブ×遠藤正明 | 公演1(会場1) 枠1 | 2026-12-13〜2026-12-13
  ○ id21226 TOMOVSKY | 公演1(会場1) 枠1 | 2026-12-14〜2026-12-14
  ⚠️ 角松敏生 0022440001: option12 > JSON-LD5 取りこぼしの可能性
      ＋他公演を回収: 2026-09-26 さいたま市文化センター 大ホール
      ＋他公演を回収: 2026-10-10 市川市文化会館 大ホール
      ＋他公演を回収: 2026-10-17 レザンホール(塩尻市文化会館) 大ホール
      ＋他公演を回収: 2026-10-24 福岡市民ホール 大ホール
      ＋他公演を回収: 2026-11-23 広島JMSアステールプラザ 大ホール
      ＋他公演を回収: 2026-12-19 昭和女子大学人見記念講堂
      ＋他公演を回収: 2026-12-27 神戸国際会館こくさいホール
  ○ id21227 角松敏生 | 公演17(会場10) 枠17 | 2026-10-03〜2026-12-27
  ○ id21228 [名古屋]SERRA 『X:CEED』 Release Tour | 公演1(会場1) 枠1 | 2026-12-18〜2026-12-18
  ○ id21229 東野純直 X’mas LIVE 2026 with Friends From 音GRAPH | 公演2(会場1) 枠2 | 2026-12-19〜2026-12-19
      ＋他公演を回収: 2026-10-17 sonorium
      ＋他公演を回収: 2026-12-20 心斎橋PARCO SPACE14
  ○ id21230 藤澤ノリマサ | 公演8(会場4) 枠8 | 2026-10-17〜2026-12-24
  ○ id21231 工藤静香 Christmas Dinner Show 2026 | 公演1(会場1) 枠1 | 2026-12-24〜2026-12-24
  ⚠️ ゴスペラーズ 0011630001: option24 > JSON-LD5 取りこぼしの可能性
      ＋他公演を回収: 2026-09-21 山形･やまぎん県民ホール 大ホール
      ＋他公演を回収: 2026-10-24 千葉県文化会館 大ホール
      ＋他公演を回収: 2026-10-25 TACHIKAWA STAGE GARDEN
      ＋他公演を回収: 2026-11-03 半田市福祉文化会館
      ＋他公演を回収: 2026-11-07 新川文化ホール 大ホール(魚津市)
      ＋他公演を回収: 2026-11-12 静岡市清水文化会館(マリナート) 大ホール
      ＋他公演を回収: 2026-11-13 東京国際フォーラム ホールA
      ＋他公演を回収: 2026-11-20 松山市民会館大ホール
      ＋他公演を回収: 2026-11-21 新来島高知重工ホール(オレンジホール)
      ＋他公演を回収: 2026-11-23 大阪国際会議場グランキューブ大阪メインホール
      ＋他公演を回収: 2026-11-28 広島文化学園HBGホール(広島市文化交流会館)
      ＋他公演を回収: 2026-11-29 出雲市民会館 大ホール
      ＋他公演を回収: 2026-12-03 長良川国際会議場 メインホール
      ＋他公演を回収: 2026-12-05 イスのサンケイホール鈴鹿(鈴鹿市民会館)
      ＋他公演を回収: 2026-12-12 Niterra日本特殊陶業市民会館フォレストホール
      ＋他公演を回収: 2026-12-13 大阪国際会議場グランキューブ大阪メインホール
      ＋他公演を回収: 2026-12-19 鳥栖市民文化会館 大ホール
      ＋他公演を回収: 2026-12-20 福岡サンパレス
      ＋他公演を回収: 2026-12-26 東京国際フォーラム ホールA
  ○ id21232 ゴスペラーズ | 公演75(会場22) 枠75 | 2026-09-21〜2026-12-26
  ○ id21233 下地イサム 2026年末ライブ | 公演1(会場1) 枠1 | 2026-12-28〜2026-12-28
  ○ id21234 新良幸人 ライブvol.107 『年末だよ、おっ母さん』 | 公演1(会場1) 枠1 | 2026-12-29〜2026-12-29
      ＋他公演を回収: 2026-09-23 ふくやま芸術文化ホール リーデンローズ 大ホール
      ＋他公演を回収: 2026-12-13 京都劇場
  ○ id21235 中村雅俊 | 公演3(会場3) 枠3 | 2026-09-23〜2027-01-08
  ○ id21236 ジャミン･ゼブ ジャミン･ゼブ コンサート2027 | 公演1(会場1) 枠1 | 2027-01-09〜2027-01-09
  ○ id21237 YAMATO spirit フェス 2027 YAMATO spirit フェス 2027 | 公演2(会場1) 枠2 | 2027-01-09〜2027-01-10
  ○ id21238 森口博子 ニューイヤーコンサート2027 | 公演1(会場1) 枠1 | 2027-01-10〜2027-01-10
  ○ id21239 さあ、宇宙 | 公演3(会場1) 枠3 | 2027-01-14〜2027-01-14
      ＋他公演を回収: 2027-01-23 水戸市民会館 グロービスホール
      ＋他公演を回収: 2027-02-11 よこすか芸術劇場
      ＋他公演を回収: 2027-02-23 J:COMホール八王子
  ○ id21240 稲垣潤一 稲垣潤一45th Anniversary Tour ～Special Thanks～ | 公演8(会場4) 枠8 | 2027-01-16〜2027-02-23
  ⚠️ LiSA 0534530001: option19 > JSON-LD5 取りこぼしの可能性
      ＋他公演を回収: 2026-10-18 YCC県民文化ホール 大ホール
      ＋他公演を回収: 2026-10-24 グランキューブ大阪(大阪国際会議場)メインホール
      ＋他公演を回収: 2026-10-25 グランキューブ大阪(大阪国際会議場)メインホール
      ＋他公演を回収: 2026-11-23 松山市民会館大ホール
      ＋他公演を回収: 2026-12-12 砺波市文化会館
      ＋他公演を回収: 2026-12-13 本多の森北電ホール
      ＋他公演を回収: 2026-12-18 広島文化学園HBGホール(広島市文化交流会館)
      ＋他公演を回収: 2026-12-20 米子コンベンションセンター BiG SHiP
      ＋他公演を回収: 2027-01-09 TOYOTA ARENA TOKYO
      ＋他公演を回収: 2027-01-10 TOYOTA ARENA TOKYO
      ＋他公演を回収: 2027-01-16 仙台サンプラザホール
      ＋他公演を回収: 2027-01-17 盛岡市民文化ホール
      ＋他公演を回収: 2027-01-28 Niterra日本特殊陶業市民会館フォレストホール
      ＋他公演を回収: 2027-01-30 長良川国際会議場メインホール
  ○ id21241 LiSA | 公演60(会場17) 枠60 | 2026-10-18〜2027-01-30
  ⚠️ 清水ミチコ 0084810001: option34 > JSON-LD5 取りこぼしの可能性
      ＋他公演を回収: 2026-11-29 沼津市民文化センター 大ホール
      ＋他公演を回収: 2026-12-06 広島文化学園HBGホール
      ＋他公演を回収: 2026-12-12 フェスティバルホール
      ＋他公演を回収: 2026-12-18 iichiko音の泉ホール
      ＋他公演を回収: 2026-12-19 福岡市民ホール 大ホール
      ＋他公演を回収: 2026-12-23 カナモトホール(札幌市民ホール)
      ＋他公演を回収: 2026-12-26 盛岡市民文化ホール 大ホール
      ＋他公演を回収: 2026-12-27 東京エレクトロンホール宮城
      ＋他公演を回収: 2027-01-02 日本武道館
      ＋他公演を回収: 2027-01-11 カルッツかわさき ホール
      ＋他公演を回収: 2027-01-16 深谷市民文化会館 大ホール
      ＋他公演を回収: 2027-01-23 浦安市文化会館 大ホール
      ＋他公演を回収: 2027-01-24 水戸市民会館 グロービスホール
      ＋他公演を回収: 2027-01-30 長野市芸術館 メインホール
      ＋他公演を回収: 2027-01-31 富山県民会館 ホール
      ＋他公演を回収: 2027-02-06 静岡市清水文化会館マリナート 大ホール
      ＋他公演を回収: 2027-02-14 高崎芸術劇場 大劇場
      ＋他公演を回収: 2027-02-19 鎌倉芸術館 大ホール
      ＋他公演を回収: 2027-02-20 とうほう･みんなの文化センター 大ホール
      ＋他公演を回収: 2027-02-27 サンポートホール高松 大ホール
      ＋他公演を回収: 2027-02-28 松山市総合コミュニティセンター キャメリアホール
      ＋他公演を回収: 2027-03-07 大宮ソニックシティ 大ホール
      ＋他公演を回収: 2027-03-14 愛知県芸術劇場 大ホール
      ＋他公演を回収: 2027-03-20 岡山芸術創造劇場ハレノワ 大劇場
      ＋他公演を回収: 2027-03-27 都城市総合文化ホール 大ホール
      ＋他公演を回収: 2027-04-03 フェスティバルホール
      ＋他公演を回収: 2027-04-11 下関市民会館 大ホール
      ＋他公演を回収: 2027-04-17 ロームシアター京都 メインホール
  ○ id21242 清水ミチコ | 公演52(会場31) 枠52 | 2026-11-08〜2027-04-17
  ○ id21243 八神純子 八神純子 キミの街へ 2027 ～Share the moment with you～ | 公演6(会場3) 枠6 | 2027-01-31〜2027-02-11
      ＋他公演を回収: 2027-02-28 水戸市民会館ユードムホール(中ホール)
  ○ id21244 ベイビーブー ベイビーブーコンサート2027 ～ 時代を彩った昭和名曲をあなたに ～ | 公演2(会場2) 枠2 | 2027-02-07〜2027-02-28
  ○ id21245 SINON 奇跡の歌声 ～カーペンターズコンサートin武蔵村山～ | 公演1(会場1) 枠1 | 2027-02-07〜2027-02-07
  ○ id21246 つきみるく Band Set Birthday One-Man Live 『SILVER LINING』 | 公演1(会場1) 枠1 | 2027-02-10〜2027-02-10
  ○ id21247 鈴木実貴子ズ | 公演2(会場2) 枠2 | 2026-12-03〜2027-02-10
  ○ id21248 みーぽん。 | 公演1(会場1) 枠1 | 2027-02-22〜2027-02-22
  ○ id21249 橘田ほのか バースデーワンマン | 公演1(会場1) 枠1 | 2027-02-22〜2027-02-22
  ⚠️ 松平健 0234910001: option14 > JSON-LD5 取りこぼしの可能性
      ＋他公演を回収: 2027-01-24 文化パルク城陽 プラムホール
      ＋他公演を回収: 2027-01-25 フェスティバルホール
      ＋他公演を回収: 2027-01-25 フェスティバルホール
      ＋他公演を回収: 2027-01-26 神戸国際会館 こくさいホール
      ＋他公演を回収: 2027-01-26 神戸国際会館 こくさいホール
      ＋他公演を回収: 2027-01-30 ミズ ウェルビーホール(佐賀市文化会館) 大ホール
      ＋他公演を回収: 2027-01-30 ミズ ウェルビーホール(佐賀市文化会館) 大ホール
      ＋他公演を回収: 2027-02-28 高山市民文化会館 大ホール
      ＋他公演を回収: 2027-02-28 高山市民文化会館 大ホール
  ○ id21250 松平健 | 公演14(会場7) 枠14 | 2026-12-19〜2027-02-28
      ＋他公演を回収: 2026-11-21 東京オペラシティコンサートホール
  ○ id21251 中川晃教 | 公演3(会場2) 枠3 | 2026-11-21〜2027-03-06
  ⚠️ アーバンギャルド 十九周年記念公演:超詩劇 アーバンギャルドの新宿に死す2027 0287760001: option11 > JSON-LD5 取りこぼしの可能性
      ＋他公演を回収: 2026-11-08 島之内教会
      ＋他公演を回収: 2026-11-14 output
  ○ id21252 アーバンギャルド 十九周年記念公演:超詩劇 アーバンギャルドの新宿に死す2027 | 公演11(会場7) 枠11 | 2026-10-03〜2026-11-14
  ○ id21253 中村雅俊コンサート2027 | 公演1(会場1) 枠1 | 2027-03-21〜2027-03-21
  ○ id21254 尾崎亜美 50th Amii-versary | 公演2(会場1) 枠2 | 2027-03-22〜2027-03-22
  ○ id21255 さとうもとき | 公演1(会場1) 枠1 | 2027-05-15〜2027-05-15
  ○ id21256 石川智晶 | 公演1(会場1) 枠1 | 2027-05-29〜2027-05-29
  ○ id21257 ReLIT | 公演5(会場3) 枠5 | 2027-06-12〜2027-07-19
  ○ id21258 柳川市民文化会館自主事業 柳川 Jazz Live akiko 至高のジャズボーカル | 公演1(会場1) 枠1 | 2026-12-05〜2026-12-05
  ○ id21259 Gentle Forest Jazz Band ジェントル･フォレスト･ジャズ･バンド いま最も熱いスウィング･ビッグバンド | 公演2(会場1) 枠2 | 2026-12-09〜2026-12-09
  ⚠️ 小曽根真 クリスマス･ジャズナイト2026 “For Someone”TRiNFiNiTY featuring アナ･マリア･ヨペック 0146040001: option6 > JSON-LD5 取りこぼしの可能性
  ○ id21260 小曽根真 クリスマス･ジャズナイト2026 “For Someone”TRiNFiNiTY featuring アナ･マリア･ヨペック | 公演4(会場3) 枠4 | 2026-10-28〜2026-12-20
  ○ id21261 東京キューバンボーイズ コンサート 2026 in Tokyo | 公演1(会場1) 枠1 | 2026-12-23〜2026-12-23
  ○ id21262 ONE COIN JAZZ PIANO CONCERT ”WINTER” | 公演1(会場1) 枠1 | 2027-01-16〜2027-01-16
  ⚠️ 渡辺貞夫カルテット 2027 3370760001: option10 > JSON-LD5 取りこぼしの可能性
  ○ id21263 渡辺貞夫カルテット 2027 | 公演3(会場3) 枠3 | 2027-01-17〜2027-03-20
  ○ id21264 国府弘子アコースティックトリオwith小野リサ | 公演1(会場1) 枠1 | 2027-01-24〜2027-01-24
  ○ id21265 石若駿トリオ ホールツアー 2026+27 featuring 高橋佑成&Marty Holoubek Guest馬場智章 | 公演1(会場1) 枠1 | 2027-01-31〜2027-01-31
  ○ id21266 トリオ･リベルタ･バレンタインコンサート | 公演1(会場1) 枠1 | 2027-02-10〜2027-02-10
  ○ id21267 SUPER BEAVER 都会のラクダ DOME TOUR 2026 | 公演2(会場1) 枠2 | 2026-09-22〜2026-09-23
  ○ id21268 0.1gの誤算×バックドロップシンデレラ ツーマン企画 | 公演1(会場1) 枠1 | 2026-10-07〜2026-10-07
  ○ id21269 タカハシコウスケ masterminds | 公演1(会場1) 枠1 | 2026-10-22〜2026-10-22
  ○ id21270 シンガーズハイ×NELKE | 公演2(会場1) 枠2 | 2026-10-24〜2026-10-24
  ○ id21271 わんちゃんわんわんねこにゃんにゃん ツーショット撮影会 DDハロウィン大メロメロタイム | 公演5(会場1) 枠5 | 2026-10-28〜2026-10-28
  ○ id21272 machine | 公演2(会場1) 枠2 | 2026-10-30〜2026-10-31
  ○ id21273 This is LAST | 公演2(会場1) 枠2 | 2026-11-01〜2026-11-01
  ○ id21274 TRACK15 ONE MAN LIVE at 大阪城音楽堂 | 公演1(会場1) 枠1 | 2026-11-01〜2026-11-01
  ⚠️ ズーカラデル 2716560001: option8 > JSON-LD5 取りこぼしの可能性
      ＋他公演を回収: 2026-11-20 サッポロファクトリーホール
      ＋他公演を回収: 2026-12-13 NIIGATA LOTS
      ＋他公演を回収: 2026-12-19 高松オリーブホール
  ○ id21275 ズーカラデル | 公演14(会場8) 枠14 | 2026-10-24〜2026-12-20
  ○ id21276 日日是好日 | 公演1(会場1) 枠1 | 2026-11-06〜2026-11-06
  ○ id21277 山本恭司 弾き語り･弾きまくりギター三昧 in 出雲 | 公演1(会場1) 枠1 | 2026-11-06〜2026-11-06
  ○ id21278 かずき山盛り スペシャルLIVE in専修大学鳳祭 | 公演1(会場1) 枠1 | 2026-11-07〜2026-11-07
  ○ id21279 MY NAME IS HEAVY METAL～最終章～ | 公演1(会場1) 枠1 | 2026-11-07〜2026-11-07
  ○ id21280 T.N.T Live at Ohtori Festival | 公演1(会場1) 枠1 | 2026-11-08〜2026-11-08
  ○ id21281 171 | 公演1(会場1) 枠1 | 2026-11-08〜2026-11-08
  ○ id21282 SHINJUKU LOFT 50th ANNIVERSARY | 公演1(会場1) 枠1 | 2026-11-09〜2026-11-09
  ⚠️ syrup16g 0052440001: option9 > JSON-LD5 取りこぼしの可能性
      ＋他公演を回収: 2026-11-01 ペニーレーン24
      ＋他公演を回収: 2026-11-06 HEAVEN’S ROCKさいたま新都心 VJ-3
      ＋他公演を回収: 2026-11-18 DRUM LOGOS
      ＋他公演を回収: 2026-12-09 Zepp DiverCity TOKYO
  ○ id21283 syrup16g | 公演20(会場9) 枠20 | 2026-11-01〜2026-12-09
  ○ id21284 RizM presents-獅子音-Vol,39- | 公演1(会場1) 枠1 | 2026-11-13〜2026-11-13
  ○ id21285 Match Vox 22nd anniversary-ENTHYMAP- | 公演1(会場1) 枠1 | 2026-11-13〜2026-11-13
  ○ id21286 凛としてくれ一夜限りの再結成 そこに鳴るVS凛としてくれ ～鈴木重厚生誕祭～ | 公演2(会場2) 枠2 | 2026-11-13〜2026-11-19
  ⚠️ やさしいひとたち。 3709460001: option13 > JSON-LD5 取りこぼしの可能性
      ＋他公演を回収: 2026-11-27 BIGCAT
      ＋他公演を回収: 2026-11-29 名古屋CLUB QUATTRO
      ＋他公演を回収: 2026-12-06 新潟GOLDEN PIGS RED STAGE
      ＋他公演を回収: 2026-12-12 青森Quarter
      ＋他公演を回収: 2026-12-18 LIVE rise SHUNAN
      ＋他公演を回収: 2026-12-20 高松DIME
      ＋他公演を回収: 2026-12-27 仙台darwin
      ＋他公演を回収: 2027-01-07 Zepp DiverCity TOKYO
  ○ id21287 やさしいひとたち。 | 公演13(会場13) 枠13 | 2026-11-03〜2027-01-07
  ○ id21288 ロックンロール”死苦夜露”GIG 2026 | 公演1(会場1) 枠1 | 2026-11-15〜2026-11-15
  ⚠️ スピラ･スピカ One-Man Live Tour 2026 ～最光級に輝くから ねぇ バディ!～ 2530380001: option7 > JSON-LD5 取りこぼしの可能性
      ＋他公演を回収: 2026-11-18 F.A.D YOKOHAMA
  ○ id21289 スピラ･スピカ One-Man Live Tour 2026 ～最光級に輝くから ねぇ バディ!～ | 公演6(会場6) 枠6 | 2026-10-24〜2026-12-05
  ○ id21290 神聖かまってちゃん | 公演3(会場3) 枠3 | 2026-11-19〜2026-12-27
  ○ id21291 Homecomings | 公演2(会場2) 枠2 | 2026-09-23〜2026-11-20
  △ SNAZZY TUNES×over print pre. 『over fest 2026』: 発売前公演なし → スキップ
  ○ id21292 THE冠 | 公演2(会場2) 枠2 | 2026-11-21〜2026-11-22
      ＋他公演を回収: 2026-10-17 下北沢 440(four forty)
  ○ id21293 金子マリ presents 5th element will | 公演2(会場1) 枠2 | 2026-10-17〜2026-11-21
  ⚠️ わんちゃんわんわんねこにゃんにゃん わんちゃんわんわんねこにゃんにゃん 6th ANNIVERSARY TOUR 3514520001: option7 > JSON-LD5 取りこぼしの可能性
  ○ id21294 わんちゃんわんわんねこにゃんにゃん わんちゃんわんわんねこにゃんにゃん 6th ANNIVERSARY TOUR | 公演5(会場5) 枠5 | 2026-10-09〜2027-01-09
  ⚠️ People In The Box 0243200001: option12 > JSON-LD5 取りこぼしの可能性
      ＋他公演を回収: 2026-11-25 The Garden Hall
      ＋他公演を回収: 2026-12-02 Live House 浜松 窓枠
      ＋他公演を回収: 2026-12-11 札幌近松
      ＋他公演を回収: 2026-12-15 BananaHall
      ＋他公演を回収: 2026-12-16 名古屋JAMMIN’
      ＋他公演を回収: 2026-12-18 ヒューリックホール東京
      ＋他公演を回収: 2026-12-20 LIVE HOUSE enn 2nd
  ○ id21295 People In The Box | 公演25(会場12) 枠25 | 2026-11-20〜2026-12-20
  ○ id21296 SHINJUKU LOFT 50th ANNIVERSARY 『ENDSCAPE vol.64』 | 公演1(会場1) 枠1 | 2026-11-25〜2026-11-25
  ○ id21297 Johnnivan - Club Angie in Tokyo | 公演1(会場1) 枠1 | 2026-11-25〜2026-11-25
  ⚠️ THE ALFEE 0000230001: option17 > JSON-LD5 取りこぼしの可能性
      ＋他公演を回収: 2026-10-13 さくらホールfeat.ツガワ 大ホール
      ＋他公演を回収: 2026-10-15 やまぎん県民ホール(山形県総合文化芸術館)
      ＋他公演を回収: 2026-10-20 神戸国際会館 こくさいホール
      ＋他公演を回収: 2026-10-21 神戸国際会館 こくさいホール
      ＋他公演を回収: 2026-10-24 東京国際フォーラム ホールA
      ＋他公演を回収: 2026-10-25 東京国際フォーラム ホールA
      ＋他公演を回収: 2026-11-03 宇都宮市文化会館 大ホール
      ＋他公演を回収: 2026-11-07 広島文化学園HBGホール
      ＋他公演を回収: 2026-11-08 広島文化学園HBGホール
  ○ id21298 THE ALFEE | 公演22(会場9) 枠22 | 2026-10-01〜2026-12-24
  ⚠️ SCOOBIE DO CHAMP RECORDS 20周年記念ライブ / でら編 0038920001: option16 > JSON-LD5 取りこぼしの可能性
      ＋他公演を回収: 2026-09-26 高松DIME
      ＋他公演を回収: 2026-11-08 FEVER
      ＋他公演を回収: 2026-11-14 長野 LIVE HOUSE J
      ＋他公演を回収: 2026-11-15 長野 LIVE HOUSE J
      ＋他公演を回収: 2026-11-21 ヒューリックホール東京
      ＋他公演を回収: 2026-12-05 八戸ROXX
      ＋他公演を回収: 2026-12-06 青森Quarter
      ＋他公演を回収: 2026-12-19 岡山CRAZYMAMA 2nd Room
      ＋他公演を回収: 2026-12-19 岡山CRAZYMAMA 2nd Room
      ＋他公演を回収: 2026-12-20 岡山CRAZYMAMA 2nd Room
  ○ id21299 SCOOBIE DO CHAMP RECORDS 20周年記念ライブ / でら編 | 公演19(会場9) 枠19 | 2026-09-26〜2026-12-20
  ○ id21300 もひげpre.Hi again!! | 公演1(会場1) 枠1 | 2026-11-28〜2026-11-28
  ⚠️ ザ50回転ズ 0146670001: option15 > JSON-LD5 取りこぼしの可能性
      ＋他公演を回収: 2026-09-22 熊本NAVARO
      ＋他公演を回収: 2026-10-24 水戸LIGHT HOUSE
      ＋他公演を回収: 2026-10-25 F.A.D YOKOHAMA
      ＋他公演を回収: 2026-11-03 静岡Sunash
      ＋他公演を回収: 2026-11-07 福島OUTLINE
      ＋他公演を回収: 2026-11-08 LIVE HOUSE enn 2nd
      ＋他公演を回収: 2026-11-21 旭川カジノドライブ
      ＋他公演を回収: 2026-11-22 札幌近松
      ＋他公演を回収: 2026-11-29 岡山CRAZYMAMA 2nd Room
      ＋他公演を回収: 2026-12-19 梅田CLUB QUATTRO
  ○ id21301 ザ50回転ズ | 公演23(会場15) 枠23 | 2026-09-22〜2026-12-19
  ○ id21302 onion night!LV85! | 公演1(会場1) 枠1 | 2026-11-29〜2026-11-29
  ○ id21303 「CHAMP RECORDS 20周年記念ライブ / めっちゃ編」 | 公演1(会場1) 枠1 | 2026-11-29〜2026-11-29
  ○ id21304 JOY-POPS | 公演1(会場1) 枠1 | 2026-12-03〜2026-12-03
      ＋他公演を回収: 2026-12-19 FEVER
  ○ id21305 PLUE ONEMAN ”青のラブストーリー” | 公演2(会場2) 枠2 | 2026-12-04〜2026-12-19
  ○ id21306 X-pt. 20th Anniversary Live SPECIAL THANKS Vol.2 THEイナズマ戦隊 / ガガガSP / ジャアバーボンズ | 公演1(会場1) 枠1 | 2026-12-04〜2026-12-04
  ○ id21307 年末恒例 P-ROCKだよ 全員集合! 水戸華之介 and MAGUMI with THE BREATHLESS | 公演1(会場1) 枠1 | 2026-12-04〜2026-12-04
  ⚠️ DIR EN GREY 0043320001: option10 > JSON-LD5 取りこぼしの可能性
      ＋他公演を回収: 2026-11-28 SENDAI GIGS
      ＋他公演を回収: 2026-11-30 KT Zepp Yokohama
      ＋他公演を回収: 2026-12-10 なんばHatch
      ＋他公演を回収: 2026-12-11 なんばHatch
      ＋他公演を回収: 2026-12-15 Zepp Haneda(TOKYO)
  ○ id21308 DIR EN GREY | 公演8(会場3) 枠8 | 2026-12-05〜2026-12-15
  ○ id21309 BRING IT ON !!!vol.11 | 公演1(会場1) 枠1 | 2026-12-06〜2026-12-06
  ⚠️ SHERBETS 0010030001: option7 > JSON-LD5 取りこぼしの可能性
      ＋他公演を回収: 2026-12-06 CLUB QUATTRO
      ＋他公演を回収: 2026-12-10 Spotify O-EAST
  ○ id21310 SHERBETS | 公演9(会場7) 枠9 | 2026-11-19〜2026-12-10
  ○ id21311 GLIM SPANKY | 公演4(会場3) 枠4 | 2026-11-15〜2026-12-11
  ○ id21312 TOTONOI CLUB ONE MAN SHOW!!!! 『飛び出せ!ととのいクラブ』 | 公演1(会場1) 枠1 | 2026-12-11〜2026-12-11
  ○ id21313 Clan-des-tine Ultima | 公演1(会場1) 枠1 | 2026-12-12〜2026-12-12
  ○ id21314 LOCAL SOUND STYLE HOPE Vol.01 | 公演3(会場2) 枠3 | 2026-10-04〜2026-12-12
  ○ id21315 【一般】FUSE 20th Anniversaryy ミズニ ウキウキ フェスティバル-番外編- | 公演1(会場1) 枠1 | 2026-12-12〜2026-12-12
  ○ id21316 SUPER RED EMOTION! 超☆社会的サンダル/ルサンチマン | 公演1(会場1) 枠1 | 2026-12-12〜2026-12-12
  ○ id21317 ジラフポット ONEMAN “LIBERTY RIVER part.3” | 公演2(会場1) 枠2 | 2026-12-13〜2026-12-13
  ○ id21318 みお生誕単独公演 | 公演2(会場1) 枠2 | 2026-10-03〜2026-10-03
  ○ id21319 LAYCLE | 公演1(会場1) 枠1 | 2026-10-07〜2026-10-07
  ○ id21320 緑川裕宇プロデュースワンマン | 公演1(会場1) 枠1 | 2026-10-08〜2026-10-08
  ○ id21321 グラビティ ONEMAN ラグナロク-六生誕祭2026- | 公演1(会場1) 枠1 | 2026-10-16〜2026-10-16
  ○ id21322 おいでよ!幽霊ズ主催 | 公演1(会場1) 枠1 | 2026-10-18〜2026-10-18
  ○ id21323 シンギュラリティ無料定期公演 シンギュラHALLOWEEN2026 | 公演1(会場1) 枠1 | 2026-10-19〜2026-10-19
      ＋他公演を回収: 2026-10-26 梅田Zeela
  ○ id21324 ヤミテラ ハロウィン | 公演3(会場3) 枠3 | 2026-10-19〜2026-10-28
  ○ id21325 池袋スタンダード | 公演1(会場1) 枠1 | 2026-10-22〜2026-10-22
  ○ id21326 IKUMA | 公演1(会場1) 枠1 | 2026-10-25〜2026-10-25
  ○ id21327 水田魔梨プロデュースワンマン | 公演1(会場1) 枠1 | 2026-10-25〜2026-10-25
  ○ id21328 HERO presents Halloween ONEMAN 2026 | 公演1(会場1) 枠1 | 2026-10-26〜2026-10-26
  ○ id21329 ハロウィンワンマン | 公演1(会場1) 枠1 | 2026-10-30〜2026-10-30
  ○ id21330 TABOO 月独 生誕単独集会 | 公演2(会場1) 枠2 | 2026-11-01〜2026-11-01
  ○ id21331 グラビティ ONEMAN | 公演1(会場1) 枠1 | 2026-11-01〜2026-11-01
  ○ id21332 cubrick presents | 公演2(会場1) 枠2 | 2026-11-02〜2026-12-03
  ⚠️ ゼラOneman Tour 『Kinetic Horror Show』 4566540001: option10 > JSON-LD5 取りこぼしの可能性
      ＋他公演を回収: 2026-09-21 RAD NINE
      ＋他公演を回収: 2026-11-22 浦和ナルシス
      ＋他公演を回収: 2026-11-23 Music Lab.濱書房
      ＋他公演を回収: 2026-11-25 静岡サナッシュ
      ＋他公演を回収: 2026-12-07 新宿 LOFT
  ○ id21333 ゼラOneman Tour 『Kinetic Horror Show』 | 公演13(会場8) 枠13 | 2026-10-05〜2026-12-07
  ○ id21334 Sick2×月時雨に花束を共同主催『病+月～やみつき～』 | 公演1(会場1) 枠1 | 2026-11-10〜2026-11-10
  ○ id21335 ELISE ONEMAN | 公演3(会場3) 枠3 | 2026-11-10〜2026-12-03
  ○ id21336 MAMA. 関東TOUR『湖に沈んだ街』 | 公演1(会場1) 枠1 | 2026-11-13〜2026-11-13
  ○ id21337 fiveStars主催3MANライブ | 公演2(会場2) 枠2 | 2026-11-13〜2026-11-14
  ○ id21338 『VALHALLA -NEXT STAGE-』札幌編 | 公演1(会場1) 枠1 | 2026-11-14〜2026-11-14
      ＋他公演を回収: 2026-10-25 浦和ナルシス
      ＋他公演を回収: 2026-11-02 八王子MATCH VOX
      ＋他公演を回収: 2026-11-03 本八幡Route Fourteen
      ＋他公演を回収: 2026-11-07 郡山 シャープナイン
      ＋他公演を回収: 2026-11-08 仙台ROCKATERIA
      ＋他公演を回収: 2026-11-20 Music Lab.濱書房
      ＋他公演を回収: 2026-11-29 今池 CLUB 3STAR
      ＋他公演を回収: 2026-12-04 心斎橋CLAPPER
      ＋他公演を回収: 2026-12-05 神戸VARIT.
  ○ id21339 NoGoD 単独大布教-TOUR 2026- EXPERIMENTAL STAGE～FINAL ANSWER～ | 公演10(会場10) 枠10 | 2026-10-25〜2026-12-05
  ○ id21340 GRAVITY ONEMAN 好きって言え | 公演2(会場1) 枠2 | 2026-11-15〜2026-11-15
  ⚠️ FEST VAINQUEUR 2026 NEW CHAPTER ONEMAN LIVE 『NOVA』 0492600001: option17 > JSON-LD5 取りこぼしの可能性
      ＋他公演を回収: 2026-10-17 HOLIDAY NEXT NAGOYA
  ○ id21341 FEST VAINQUEUR 2026 NEW CHAPTER ONEMAN LIVE 『NOVA』 | 公演6(会場3) 枠6 | 2026-09-25〜2026-10-17
  ○ id21342 NETH PRIERE CAIN 8周年記念単独公演TOUR | 公演2(会場2) 枠2 | 2026-11-15〜2026-11-16
  ○ id21343 久保田大志プロデュースワンマン | 公演1(会場1) 枠1 | 2026-11-15〜2026-11-15
  ○ id21344 GRAVITY ONEMAN 好きって言って | 公演2(会場1) 枠2 | 2026-11-16〜2026-11-16
  ○ id21345 透明少女 | 公演2(会場2) 枠2 | 2026-11-17〜2026-12-14
  ○ id21346 日本凱旋記念ONEMAN | 公演2(会場1) 枠2 | 2026-11-17〜2026-11-17
  ○ id21347 「血湧き肉躍る」 | 公演1(会場1) 枠1 | 2026-11-17〜2026-11-17
  ○ id21348 【ペア】BabyKingdom 休園ワンマンライブツアー | 公演1(会場1) 枠1 | 2026-11-18〜2026-11-18
  ○ id21349 MEME×tzkwym | 公演2(会場2) 枠2 | 2026-11-18〜2026-11-26
  ○ id21350 ダウト19～20周年記念47都道府県TOUR | 公演3(会場3) 枠3 | 2026-11-21〜2026-12-26
  ○ id21351 【ペアチケット】BabyKingdom 休園ワンマンライブツアー 『UNITED HEARTS』ペアチケット | 公演1(会場1) 枠1 | 2026-11-22〜2026-11-22
  ○ id21352 グラビティ ONEMAN 音楽 -myu生誕祭2026- | 公演2(会場1) 枠2 | 2026-11-24〜2026-11-24
      ＋他公演を回収: 2026-11-30 渋谷Star lounge
  ○ id21353 『Black out』 | 公演3(会場2) 枠3 | 2026-11-25〜2026-11-30
  ○ id21354 MAMA. 関東TOUR | 公演1(会場1) 枠1 | 2026-11-26〜2026-11-26
  ○ id21355 GRAVITY ONEMAN 衣装ガチャVol.2 | 公演2(会場1) 枠2 | 2026-11-27〜2026-11-27
  ○ id21356 ゼラ Oneman Tour 『Kinetic Horror Show』 | 公演2(会場1) 枠2 | 2026-11-30〜2026-11-30
  ○ id21357 『Aiming』Multiple | 公演1(会場1) 枠1 | 2026-11-30〜2026-11-30
  ⚠️ ミスイ ミスイ一時保存ツアー 4324220001: option15 > JSON-LD5 取りこぼしの可能性
      ＋他公演を回収: 2026-11-04 大塚 Live House Hearts+
      ＋他公演を回収: 2026-12-08 今池 CLUB 3STAR
      ＋他公演を回収: 2026-12-09 今池 CLUB 3STAR
      ＋他公演を回収: 2027-01-13 心斎橋CLAPPER
      ＋他公演を回収: 2027-01-14 心斎橋CLAPPER
      ＋他公演を回収: 2027-01-18 浦和ナルシス
  ○ id21358 ミスイ ミスイ一時保存ツアー | 公演22(会場8) 枠22 | 2026-09-28〜2027-01-18
  ○ id21359 Sick2 Oneman Tour Final 『女の子を騙すだけの簡単なお仕事です。Vol.19』 | 公演2(会場1) 枠2 | 2026-12-02〜2026-12-02
  ○ id21360 THE_PiTY.ONEMAN TOUR2026-2027 | 公演4(会場4) 枠4 | 2026-12-04〜2027-01-13
  ○ id21361 NICOLAS ONEMAN | 公演2(会場2) 枠2 | 2026-12-04〜2026-12-28
  ○ id21362 【地元民割チケット】ダウト19～20周年記念47都道府県TOUR 「ダウト鬼念火」 | 公演1(会場1) 枠1 | 2026-12-05〜2026-12-05
  ○ id21363 VALHALLA 1st anniversary ONEMAN -NEXT STAGE- | 公演1(会場1) 枠1 | 2026-12-05〜2026-12-05
  ○ id21364 誕-フクスケ- | 公演1(会場1) 枠1 | 2026-12-06〜2026-12-06
      ＋他公演を回収: 2026-12-05 LIVE HOUSE Rumio
  ○ id21365 Redo ONEMAN Tour | 公演6(会場3) 枠6 | 2026-12-05〜2026-12-12
  ○ id21366 プラトリウム | 公演1(会場1) 枠1 | 2026-12-06〜2026-12-06
  ○ id21367 DazzlingBAD 悠汰生誕ONE MAN | 公演1(会場1) 枠1 | 2026-12-08〜2026-12-08
  ○ id21368 【1部】VIVA LA KNZ 10th Anniversary LIVE - The Echoes of a Decade - | 公演1(会場1) 枠1 | 2026-12-09〜2026-12-09
  ○ id21369 関東強制ログイン | 公演2(会場1) 枠2 | 2026-12-09〜2026-12-09
  ○ id21370 えんそく×DOG inTheパラレルワールドオーケストラ 共同主催2MAN | 公演1(会場1) 枠1 | 2026-12-09〜2026-12-09
  ○ id21371 【2部】VIVA LA KNZ 10th Anniversary LIVE - The Echoes of a Decade - | 公演1(会場1) 枠1 | 2026-12-09〜2026-12-09
  ○ id21372 Go!Go!福助。NIGHT-五十祭。- | 公演1(会場1) 枠1 | 2026-12-09〜2026-12-09
  ○ id21373 Planet CHILD Music presents 『暴年會』 | 公演2(会場1) 枠2 | 2026-12-10〜2026-12-10
  ○ id21374 HELLBROTH主催 『暗黒武術界 -THE FINAL-』 | 公演2(会場1) 枠2 | 2026-12-11〜2026-12-11
      ＋他公演を回収: 2027-01-15 graf
      ＋他公演を回収: 2027-01-16 graf
      ＋他公演を回収: 2027-01-31 Shinjuku club SCIENCE
      ＋他公演を回収: 2027-02-04 CLUB CHAOS
      ＋他公演を回収: 2027-02-05 心斎橋CLAPPER
      ＋他公演を回収: 2027-02-19 space Zero
  ○ id21375 DAMNED ONEMAN TOUR2026～2027『Cure』 | 公演9(会場7) 枠9 | 2026-12-11〜2027-02-19
  ○ id21376 『Aiming』 Premium Acoustic Night | 公演1(会場1) 枠1 | 2026-12-11〜2026-12-11
  ⚠️ ザアザア 1908230001: option11 > JSON-LD5 取りこぼしの可能性
      ＋他公演を回収: 2026-10-10 盛岡Club Change
      ＋他公演を回収: 2026-10-11 仙台ROCKATERIA
      ＋他公演を回収: 2026-10-24 柏Thumb Up
      ＋他公演を回収: 2026-11-14 奈良ネバーランド
      ＋他公演を回収: 2026-11-22 新潟GOLDEN PIGS BLACK STAGE
      ＋他公演を回収: 2026-11-23 前橋DYVER
  ○ id21377 ザアザア | 公演26(会場11) 枠26 | 2026-10-10〜2026-12-12
  ○ id21378 jealkbインディーズデビュー20周年記念ツアー2026『二十歳薔薇ノ東名西川口阪東』 | 公演2(会場2) 枠2 | 2026-10-18〜2026-12-13
  ○ id21379 fiveStars | 公演1(会場1) 枠1 | 2026-12-14〜2026-12-14
  ○ id21380 【熱地獄】～第四話～「CHAQLA.を脅かせ!2」 | 公演2(会場1) 枠2 | 2026-12-14〜2026-12-14
  ○ id21381 透明少女主催 | 公演1(会場1) 枠1 | 2026-12-15〜2026-12-15
  ○ id21382 「連撃」 | 公演1(会場1) 枠1 | 2026-12-16〜2026-12-16
  ○ id21383 甘い暴力 甘い暴力 十周年記念のプレゼンツ | 公演1(会場1) 枠1 | 2026-12-16〜2026-12-16
  ○ id21384 Moi dix Mois ～Dis inferno XXIII～ | 公演2(会場1) 枠2 | 2026-12-16〜2026-12-16
  ○ id21385 CODOMO DRAGON | 公演2(会場1) 枠2 | 2026-12-17〜2026-12-18
  ○ id21386 DAMNED | 公演5(会場4) 枠5 | 2026-09-25〜2027-01-07
  ○ id21387 【ペアチケット】BabyKingdom 休園ワンマンライブツアー 『UNITED HEARTS』 | 公演1(会場1) 枠1 | 2026-12-19〜2026-12-19
  ○ id21388 GRAVITY ONEMAN 衣装ガチャVol.3 | 公演2(会場1) 枠2 | 2026-12-21〜2026-12-21
  ○ id21389 glamscure presents madoka生誕祭 | 公演1(会場1) 枠1 | 2026-12-22〜2026-12-22
  ○ id21390 カリソメ-単独収容記録- | 公演1(会場1) 枠1 | 2026-12-22〜2026-12-22
  ○ id21391 痲紗生誕ONE MAN | 公演1(会場1) 枠1 | 2026-12-22〜2026-12-22
  ○ id21392 クリスマスをSick2と過ごすなんて… アナタ頭おかしいんじゃないか?～NAGOYA～ | 公演2(会場1) 枠2 | 2026-12-23〜2026-12-23
  ○ id21393 透明少女聖夜ノ単独公演 | 公演2(会場1) 枠2 | 2026-12-24〜2026-12-24
  ○ id21394 『クリスマスをSick2と過ごすなんて…アナタ頭おかしいんじゃないか?～OSAKA～』 | 公演2(会場1) 枠2 | 2026-12-24〜2026-12-24
  ○ id21395 KAKURIYO PANDA.2nd Anniversary year企画5弾 クリスマスspecial ONEMAN LIVE 『踊るサンタに見るパンダ』 | 公演2(会場1) 枠2 | 2026-12-24〜2026-12-24
  ○ id21396 えんそく×ビバラッシュごちゃ混ぜクリスマス会 | 公演1(会場1) 枠1 | 2026-12-24〜2026-12-24
  ○ id21397 クリスマスをSick2と過ごすなんてアナタ頭おかしいんじゃないかTOKYO | 公演2(会場1) 枠2 | 2026-12-28〜2026-12-28
  ○ id21398 【Aチケット】rivabook presents 「FINAL CUP 2026」 | 公演1(会場1) 枠1 | 2026-12-29〜2026-12-29
  ○ id21399 【Cチケット】rivabook presents 「FINAL CUP 2026」 | 公演1(会場1) 枠1 | 2026-12-29〜2026-12-29
  ○ id21400 ELISE ONEMAN COUNTDOWN 2026-2027 | 公演2(会場1) 枠2 | 2026-12-31〜2026-12-31
  ○ id21401 DAMNED DAMNED ONEMAN TOUR 2026～2027 『Cure』 | 公演1(会場1) 枠1 | 2027-01-08〜2027-01-08
  ○ id21402 「俺たちがHEROです。」 | 公演12(会場12) 枠12 | 2027-01-09〜2027-06-06
  ○ id21403 DazzlingBAD DazzlingBAD ONEMANTOUR | 公演1(会場1) 枠1 | 2027-01-12〜2027-01-12
  ○ id21404 DazzlingBAD ONEMANTOUR | 公演7(会場7) 枠7 | 2027-01-19〜2027-02-08
  ○ id21405 Redo presents 3MAN LIVE | 公演2(会場1) 枠2 | 2027-01-22〜2027-01-23
  ○ id21406 HELLBROTH Oneman Tour 『Snowdrop dormancy -Hope-』 | 公演1(会場1) 枠1 | 2027-01-23〜2027-01-23
  ○ id21407 THE_PiTY.ONEMAN TOUR2026-2027 FINAL&1st Anniversary LIVE | 公演1(会場1) 枠1 | 2027-01-24〜2027-01-24
  ○ id21408 カリソメ1周年記念主催公演 | 公演1(会場1) 枠1 | 2027-01-27〜2027-01-27
  ○ id21409 東名阪単独救難行脚 | 公演4(会場2) 枠4 | 2027-01-29〜2027-02-18
  ⚠️ 有村竜太朗 有村竜太朗 TOUR 2026-2027 2083720001: option27 > JSON-LD5 取りこぼしの可能性
      ＋他公演を回収: 2026-11-22 Shibuya eggman
      ＋他公演を回収: 2026-12-13 ROCKATERIA
      ＋他公演を回収: 2026-12-19 新潟CLUB RIVERST
      ＋他公演を回収: 2026-12-20 前橋DYVER
      ＋他公演を回収: 2027-01-15 F.A.D YOKOHAMA
      ＋他公演を回収: 2027-01-17 HEAVEN’S ROCK熊谷 VJ-1
      ＋他公演を回収: 2027-01-23 甲府CONVICTION
      ＋他公演を回収: 2027-01-24 静岡Sunash
      ＋他公演を回収: 2027-01-28 京都MOJO
      ＋他公演を回収: 2027-01-30 梅田Shangri-La
      ＋他公演を回収: 2027-01-31 HeartLand
      ＋他公演を回収: 2027-02-06 高知X-pt.
      ＋他公演を回収: 2027-02-07 高松DIME
      ＋他公演を回収: 2027-02-09 神戸 太陽と虎
      ＋他公演を回収: 2027-02-19 金沢vanvanV4
      ＋他公演を回収: 2027-02-20 長野 LIVE HOUSE J
      ＋他公演を回収: 2027-02-24 INSA
      ＋他公演を回収: 2027-02-25 鹿児島SRホール
      ＋他公演を回収: 2027-02-27 output
      ＋他公演を回収: 2027-02-28 output
      ＋他公演を回収: 2027-03-05 千葉LOOK
      ＋他公演を回収: 2027-03-06 ヒューリックホール東京
  ○ id21410 有村竜太朗 有村竜太朗 TOUR 2026-2027 | 公演63(会場25) 枠63 | 2026-10-30〜2027-03-06
  ⚠️ NICOLAS ONEMAN TOUR 2026-2027 4569190001: option11 > JSON-LD5 取りこぼしの可能性
  ○ id21411 NICOLAS ONEMAN TOUR 2026-2027 | 公演5(会場3) 枠5 | 2026-11-14〜2026-12-19
  ○ id21412 BLAZE東名阪単独救難行脚 | 公演2(会場1) 枠2 | 2027-02-17〜2027-02-17
  ○ id21413 [布教チケット]BLAZE東名阪単独救難行脚 | 公演1(会場1) 枠1 | 2027-02-17〜2027-02-17
  ○ id21414 DAMNED DAMNEDAMNED ONEMAN TOUR2026～2027『Cure』 | 公演2(会場1) 枠2 | 2027-03-07〜2027-03-07
  ○ id21415 【通常チケット】特別単独公演「BLAZE」 | 公演2(会場1) 枠2 | 2027-03-19〜2027-03-19
  ○ id21416 【布教チケット】特別単独公演「BLAZE」 | 公演1(会場1) 枠1 | 2027-03-19〜2027-03-19
  ○ id21417 杏林祭 新祐樹&林勇トークショー | 公演1(会場1) 枠1 | 2026-10-11〜2026-10-11
  ○ id21418 小林千晃スペシャルトークショー | 公演1(会場1) 枠1 | 2026-10-24〜2026-10-24
  ○ id21419 小林裕介トークショーin 浜大祭 | 公演1(会場1) 枠1 | 2026-10-31〜2026-10-31
  ○ id21420 二松学舎大学創縁祭 声優ライブ 田丸篤志 山下誠一郎 トークショー | 公演2(会場1) 枠2 | 2026-11-01〜2026-11-01
  ○ id21421 茗荷谷に潤いを!福山潤の福笑いトークショー! | 公演2(会場1) 枠2 | 2026-11-01〜2026-11-01
  ○ id21422 第15回旭祭 声優トークショー | 公演1(会場1) 枠1 | 2026-11-01〜2026-11-01
  ○ id21423 福山潤トークショー | 公演1(会場1) 枠1 | 2026-11-08〜2026-11-08
  ○ id21424 梶裕貴トークショー大手前祭2026 大手前大学に梶裕貴がやってくる! | 公演1(会場1) 枠1 | 2026-11-08〜2026-11-08
  ○ id21425 声優 高橋伸也デビュー25周年記念_高橋伸也ファンミーティング | 公演4(会場1) 枠4 | 2026-11-22〜2026-11-22
  ○ id21426 歩サラ･胡桃ふゅのコードネームはHHH 第3弾エージェントサミット | 公演10(会場1) 枠10 | 2026-11-29〜2026-11-29
  ○ id21427 みのぶ『ゆるキャン△』ふるさとまつり2026 トークショー | 公演4(会場1) 枠4 | 2026-11-29〜2026-11-29
=== 281エントリ生成 → tmp/eplus_built.json ===
exit=0
