lg=01 受付中 総4748件
回す本数 55／件数の合計 4952（総4748件）
0100101 pf=- 件数167 | parsed items: 128 (fetched up to page 18) / already in DB (eventCd一致): 116 | NOT in DB (new candidates): 12
0100102 pf=01 件数256 | parsed items: 208 (fetched up to page 27) / already in DB (eventCd一致): 187 | NOT in DB (new candidates): 21
0100102 pf=02 件数23 | parsed items: 20 (fetched up to page 4) / already in DB (eventCd一致): 19 | NOT in DB (new candidates): 1
0100102 pf=03 件数43 | parsed items: 39 (fetched up to page 6) / already in DB (eventCd一致): 37 | NOT in DB (new candidates): 2
0100102 pf=04 件数199 | parsed items: 185 (fetched up to page 21) / already in DB (eventCd一致): 169 | NOT in DB (new candidates): 16
0100102 pf=05 件数25 | parsed items: 23 (fetched up to page 4) / already in DB (eventCd一致): 23 | NOT in DB (new candidates): 0
0100102 pf=06 件数21 | parsed items: 20 (fetched up to page 4) / already in DB (eventCd一致): 19 | NOT in DB (new candidates): 1
0100102 pf=07 件数44 | parsed items: 38 (fetched up to page 6) / already in DB (eventCd一致): 35 | NOT in DB (new candidates): 3
0100102 pf=08 件数39 | parsed items: 37 (fetched up to page 5) / already in DB (eventCd一致): 35 | NOT in DB (new candidates): 2
0100102 pf=09 件数39 | parsed items: 38 (fetched up to page 5) / already in DB (eventCd一致): 34 | NOT in DB (new candidates): 4
0100102 pf=10 件数31 | parsed items: 30 (fetched up to page 5) / already in DB (eventCd一致): 24 | NOT in DB (new candidates): 6
0100102 pf=11 件数63 | parsed items: 60 (fetched up to page 8) / already in DB (eventCd一致): 54 | NOT in DB (new candidates): 6
0100102 pf=12 件数45 | parsed items: 42 (fetched up to page 6) / already in DB (eventCd一致): 39 | NOT in DB (new candidates): 3
0100102 pf=13 件数802 | parsed items: 693 (fetched up to page 82) / already in DB (eventCd一致): 583 | NOT in DB (new candidates): 110
0100102 pf=14 件数155 | parsed items: 135 (fetched up to page 17) / already in DB (eventCd一致): 117 | NOT in DB (new candidates): 18
0100102 pf=15 件数66 | parsed items: 63 (fetched up to page 8) / already in DB (eventCd一致): 55 | NOT in DB (new candidates): 8
0100102 pf=16 件数16 | parsed items: 16 (fetched up to page 3) / already in DB (eventCd一致): 15 | NOT in DB (new candidates): 1
0100102 pf=17 件数72 | parsed items: 71 (fetched up to page 9) / already in DB (eventCd一致): 65 | NOT in DB (new candidates): 6
0100102 pf=18 件数14 | parsed items: 13 (fetched up to page 3) / already in DB (eventCd一致): 11 | NOT in DB (new candidates): 2
0100102 pf=19 件数23 | parsed items: 22 (fetched up to page 4) / already in DB (eventCd一致): 21 | NOT in DB (new candidates): 1
0100102 pf=20 件数56 | parsed items: 53 (fetched up to page 7) / already in DB (eventCd一致): 49 | NOT in DB (new candidates): 4
0100102 pf=21 件数29 | parsed items: 27 (fetched up to page 4) / already in DB (eventCd一致): 23 | NOT in DB (new candidates): 4
0100102 pf=22 件数64 | parsed items: 63 (fetched up to page 8) / already in DB (eventCd一致): 54 | NOT in DB (new candidates): 9
0100102 pf=23 件数412 | parsed items: 377 (fetched up to page 43) / already in DB (eventCd一致): 331 | NOT in DB (new candidates): 46
0100102 pf=24 件数20 | parsed items: 19 (fetched up to page 3) / already in DB (eventCd一致): 16 | NOT in DB (new candidates): 3
0100102 pf=25 件数21 | parsed items: 19 (fetched up to page 4) / already in DB (eventCd一致): 18 | NOT in DB (new candidates): 1
0100102 pf=26 件数97 | parsed items: 94 (fetched up to page 11) / already in DB (eventCd一致): 85 | NOT in DB (new candidates): 9
0100102 pf=27 件数463 | parsed items: 426 (fetched up to page 48) / already in DB (eventCd一致): 375 | NOT in DB (new candidates): 51
0100102 pf=28 件数104 | parsed items: 100 (fetched up to page 12) / already in DB (eventCd一致): 90 | NOT in DB (new candidates): 10
0100102 pf=29 件数27 | parsed items: 25 (fetched up to page 4) / already in DB (eventCd一致): 19 | NOT in DB (new candidates): 6
0100102 pf=30 件数16 | parsed items: 12 (fetched up to page 3) / already in DB (eventCd一致): 9 | NOT in DB (new candidates): 3
0100102 pf=31 件数10 | parsed items: 9 (fetched up to page 2) / already in DB (eventCd一致): 7 | NOT in DB (new candidates): 2
0100102 pf=32 件数13 | parsed items: 13 (fetched up to page 3) / already in DB (eventCd一致): 11 | NOT in DB (new candidates): 2
0100102 pf=33 件数77 | parsed items: 77 (fetched up to page 9) / already in DB (eventCd一致): 65 | NOT in DB (new candidates): 12
0100102 pf=34 件数146 | parsed items: 145 (fetched up to page 16) / already in DB (eventCd一致): 130 | NOT in DB (new candidates): 15
0100102 pf=35 件数24 | parsed items: 23 (fetched up to page 4) / already in DB (eventCd一致): 22 | NOT in DB (new candidates): 1
0100102 pf=36 件数5 | parsed items: 5 (fetched up to page 2) / already in DB (eventCd一致): 4 | NOT in DB (new candidates): 1
0100102 pf=37 件数93 | parsed items: 90 (fetched up to page 11) / already in DB (eventCd一致): 80 | NOT in DB (new candidates): 10
0100102 pf=38 件数36 | parsed items: 35 (fetched up to page 5) / already in DB (eventCd一致): 32 | NOT in DB (new candidates): 3
0100102 pf=39 件数24 | parsed items: 24 (fetched up to page 4) / already in DB (eventCd一致): 22 | NOT in DB (new candidates): 2
0100102 pf=40 件数294 | parsed items: 268 (fetched up to page 31) / already in DB (eventCd一致): 239 | NOT in DB (new candidates): 29
0100102 pf=41 件数12 | parsed items: 11 (fetched up to page 3) / already in DB (eventCd一致): 10 | NOT in DB (new candidates): 1
0100102 pf=42 件数24 | parsed items: 23 (fetched up to page 4) / already in DB (eventCd一致): 20 | NOT in DB (new candidates): 3
0100102 pf=43 件数37 | parsed items: 36 (fetched up to page 5) / already in DB (eventCd一致): 34 | NOT in DB (new candidates): 2
0100102 pf=44 件数24 | parsed items: 23 (fetched up to page 4) / already in DB (eventCd一致): 19 | NOT in DB (new candidates): 4
0100102 pf=45 件数11 | parsed items: 11 (fetched up to page 3) / already in DB (eventCd一致): 9 | NOT in DB (new candidates): 2
0100102 pf=46 件数28 | parsed items: 24 (fetched up to page 4) / already in DB (eventCd一致): 20 | NOT in DB (new candidates): 4
0100102 pf=47 件数47 | parsed items: 43 (fetched up to page 6) / already in DB (eventCd一致): 38 | NOT in DB (new candidates): 5
0100103 pf=- 件数254 | parsed items: 237 (fetched up to page 27) / already in DB (eventCd一致): 230 | NOT in DB (new candidates): 7
0100104 pf=- 件数4 | parsed items: 4 (fetched up to page 2) / already in DB (eventCd一致): 4 | NOT in DB (new candidates): 0
0100105 pf=- 件数17 | parsed items: 15 (fetched up to page 3) / already in DB (eventCd一致): 11 | NOT in DB (new candidates): 4
0100106 pf=- 件数5 | parsed items: 5 (fetched up to page 2) / already in DB (eventCd一致): 2 | NOT in DB (new candidates): 3
0100108 pf=- 件数214 | parsed items: 120 (fetched up to page 23) / already in DB (eventCd一致): 99 | NOT in DB (new candidates): 21
0100109 pf=- 件数22 | parsed items: 18 (fetched up to page 4) / already in DB (eventCd一致): 14 | NOT in DB (new candidates): 4
0100111 pf=- 件数79 | parsed items: 42 (fetched up to page 9) / already in DB (eventCd一致): 39 | NOT in DB (new candidates): 3
ALL DONE
