21722 青年団「銀河鉄道の夜」 枠1 SO1 SE0
21724 第27回こがねい落語特選 納涼 打上花火に枝豆の会 枠1 SO1 SE0
21725 トム・プロジェクト プロデュース 舞台「沼の中の淑女たち」 枠1 SO1 SE0
21733 舞台 カインとアベル～兄弟寓話コレクション第一弾～ 『平家!兄弟』 枠2 SO1 SE1
21757 音楽座ミュージカル「カイブツはささやく」 枠1 SO1 SE0
21758 KURUMU OKAMIYA 1st CONCERT『The Fan 枠4 SO2 SE2
21760 劇団四季ファミリーミュージカル「はじまりの樹の神話～こそあどの森の物 枠5 SO2 SE3
21761 2026 SHOW MUSICAL 『TOUCH FIVE』 枠1 SO0 SE1
21762 【東京】ぴあカード presents プレミアム会員様限定 雪組公演 枠1 SO0 SE1
21770 10th ANNIVERSARY ミュージカル「ヘタリア～World 枠2 SO1 SE1
21772 ミュージカル「夢から醒めた夢」 枠2 SO1 SE1
21775 第三回 市川團子 新翔 春秋会 枠1 SO1 SE0
skip 21804 市川猿四郎さんに学ぶ 歌舞伎のみかた楽しみ方スーパー講座 横須賀
21805 大濠公園能楽堂 開館40周年記念公演 能「道成寺」 枠1 SO1 SE0
21806 尾上右近自主公演 第十回「研の會」 FINAL 枠1 SO1 SE0
21809 日経能楽鑑賞会 京都特別公演 枠1 SO1 SE0
21821 平成中村座 十月大歌舞伎 枠3 SO1 SE2
21824 CHOCOLATE PLANET LIVE TOUR 2026 「S 枠1 SO1 SE0
21826 TVh落語「柳家三三 独演会」 枠1 SO0 SE0
21827 第263回道新寄席 春風亭一之輔独演会 【旭川】 枠1 SO1 SE0
21832 チュートリアルライブ「荒波の日本海ツアー」 枠1 SO1 SE0
21842 ATSUKO OKATSUKA 枠2 SO2 SE0
21844 おとぼけ四景 枠1 SO1 SE0
21845 古今亭文菊独演会 「中村仲蔵」初演! 枠1 SO1 SE0
21846 第47回「COREDO落語会」 枠1 SO1 SE0
skip 21848 THE モノマネ6 ～ニセモノしかいない超豪華LIVE～
21849 春風亭かけ橋独演会 熱い落語、やってます。 枠1 SO1 SE0
21850 春風亭柳朝・春風亭一之輔兄弟会 枠1 SO1 SE0
21851 真打昇進披露興行 枠4 SO4 SE0
21852 JAL名人会9月 枠1 SO1 SE0
21853 千住落語会 神田伯山 独演会 枠2 SO1 SE1
21854 第88回 扇辰・喬太郎の会 枠3 SO1 SE2
21855 田辺いちか6DAY いちか／一邑／愛山／琴調／伯山／琴凌 枠1 SO1 SE0
21856 田辺いちか3DAY いちか／一邑／貞橘／一之輔／萬橘／一花 枠1 SO1 SE0
21857 田辺いちか1DAY いちか／一邑／喬太郎／文蔵／春陽／文吾 枠1 SO1 SE0
21861 第22回 柳家三三 平日昼の独演会 質問コーナー付き 枠1 SO1 SE0
21863 談春塾 2026 <9月公演> 枠2 SO1 SE1
21864 談春塾 2026 <10月公演> 枠2 SO1 SE1
21865 月島ミュージカル落語公演 第3弾「一口弁当」 枠2 SO1 SE1
21867 東京14期トークライブ ALL IN 2026 枠1 SO1 SE0
21869 桃月庵白酒三遊亭兼好ふたり会 ケセラセラでいきましょうNo.17 枠1 SO1 SE0
21874 ねづっち春風亭昇也二人会～ねづっち昇也二人会と掛けまして・・・～ 枠1 SO1 SE0
21884 文京シビック寄席 柳家さん喬 独演会 枠1 SO1 SE0
21885 柳家喬太郎独演会 枠1 SO1 SE0
21888 よしもとお笑いライブin大田2026～秋真っ盛り!でも飽きさせない夜 枠1 SO1 SE0
21894 柳亭小痴楽 ～改過自新～ 枠1 SO1 SE0
21895 桂二葉独演会 枠1 SO1 SE0
21896 関内寄席 立川志の輔独演会 枠1 SO1 SE0
21897 春風亭一之輔独演会 枠1 SO1 SE0
21901 越中ホール寄席2026<講談編> 神田伯山独演会 枠2 SO1 SE1
21902 無双!! ものまねLIVE2026 枠4 SO1 SE3
21904 第40回浜北寄席 柳家喬太郎 春風亭一之輔 二人会 枠1 SO1 SE0
21905 立川談春 独演会 2026 秋 枠4 SO2 SE2
21910 噺家生活五十周年記念 桂米二を祝う会 枠1 SO1 SE0
21912 柳家三三 独演会 枠2 SO1 SE1
21913 桂二葉 独演会 枠1 SO1 SE0
21916 せやねん!寄席～放送25周年記念公演やねん!～ 枠2 SO1 SE1
21917 ミキ漫2026全国ツアー 大阪公演 枠2 SO1 SE1
21920 喬若改メ 三代目 笑福亭三喬 襲名披露公演 枠1 SO1 SE0
21921 神田伯山独演会 枠1 SO1 SE0
21922 桂こけ枝・風間杜夫 落語二人会 枠1 SO1 SE0
21928 石川プレミアム公演 声優トークショー&オリジナル朗読劇 in 野々市 枠1 SO1 SE0
21929 さかなクントークショー ギョギョッとびっくり!おさかな教室inぎふ清 枠1 SO1 SE0
21930 さらばのこの本ダレが書いとんねん!LIVE2026 枠2 SO1 SE1
skip 21932 スピルバーグ監督ディスクロージャーデイ三上丈晴×高野誠鮮講演会
21935 ものまね&落語 プレミアムライブ&ディナーショー 枠1 SO1 SE0
21939 今井文也写真集concept?再重版記念イベント 枠2 SO1 SE1
21940 奥野壮 2027 CALENDAR 発売記念イベント 枠1 SO1 SE0
21942 フィナーレイベント「STONE FES. 2026」 枠5 SO1 SE4
21947 長崎くんち・諏訪神社さじき席 枠1 SO1 SE0
21948 長崎くんち 中央公園観覧券 枠1 SO1 SE0
21980 映画名探偵プリキュア! × TOWER RECORDS CAFE<表 枠3 SO3 SE0
21981 映画名探偵プリキュア! × TOWER RECORDS CAFE<表 枠4 SO4 SE0
skip 21990 筑後ＳＡＫＥフェスタ２０２６
skip 21996 横浜おいも万博２０２６
21997 松本怜生トークショー 枠3 SO1 SE2
skip 21998 桜島フェリー乗船券
skip 21999 トヨタ産業技術記念館・あいち航空ミュージアム共通観覧券
skip 22000 トヨタ博物館・あいち航空ミュージアム共通入館券
skip 22001 名古屋港水族館とポートビル３施設共通入館券
22002 石田泰尚（vl）／角田鋼亮（指揮）／神奈川フィルハーモニー管弦楽団 枠1 SO1 SE0
22005 NHK音楽祭2026 枠3 SO2 SE1
22012 沖澤のどか指揮 京都市交響楽団 ヴァイオリン:五嶋みどり 枠1 SO1 SE0
22014 オーケストラ福山定期 Vol.16 京都市交響楽団 枠1 SO1 SE0
22015 神奈川フィルハーモニー管弦楽団 みなとみらいシリーズ定期演奏会第41 枠2 SO1 SE1
22017 第31回 京王音楽祭～チャリティーコンサート～ 枠1 SO1 SE0
22018 神戸市室内管弦楽団 Selection Vol.9 『ヴィヴァルディ 枠1 SO1 SE0
22022 東京交響楽団&サントリーホール「こども定期演奏会」2026シーズン 枠2 SO1 SE1
22024 小林研一郎500回記念コンサート 枠3 SO1 SE2
22028 サントリーホール40周年記念 ガラ・コンサート 枠4 SO2 SE2
22029 サー・サイモン・ラトル指揮 バイエルン放送交響楽団 枠3 SO1 SE2
22030 下村陽子 39th Anniversary Orchestra Co 枠2 SO1 SE1
22032 セントラル愛知交響楽団 第16回名曲コンサート The Musica 枠1 SO1 SE0
22038 大和証券グループ Presents リッカルド・ムーティ指揮／ウィー 枠8 SO4 SE4
skip 22040 DS presents 鬼才の肖像－實川風＆スヴァルフヴァル
22048 東京都交響楽団 第1053回定期演奏会Bシリーズ 枠1 SO1 SE0
22049 東京都交響楽団 プロムナードコンサートNo.419 枠1 SO1 SE0
22051 東京フィルハーモニー交響楽団 フレッシュ名曲コンサート 響きの森クラ 枠1 SO1 SE0
22056 トリトン晴れた海のオーケストラ 第19回演奏会 枠1 SO1 SE0
22057 トリトン晴れた海のオーケストラ 第20回演奏会 枠1 SO1 SE0
22061 日本フィルハーモニー交響楽団 コバケン・ワールド Vol.44 枠1 SO1 SE0
22062 日本フィルハーモニー交響楽団 第九特別演奏会2026 (阪哲朗指揮) 枠1 SO1 SE0
22080 富士山静岡交響楽団 第138回定期演奏会<浜松公演> 枠1 SO1 SE0
22082 ブラームス交響曲 全曲演奏会|NHK交響楽団 枠1 SO1 SE0
22085 第24回ベートーヴェンは凄い!全交響曲連続演奏会2026 枠1 SO1 SE0
22091 三代澤康司のドッキリ!ハッキリ!クラシックです! 枠2 SO1 SE1
skip 22102 山口県総合芸術文化祭２０２６第７１回山口県交響楽団演奏会
22111 高松亜衣（vl） 枠1 SO1 SE0
22114 HIMARI（vl） 枠1 SO1 SE0
22121 石田泰尚（vl）／務川慧悟（p） 枠3 SO1 SE2
22122 TSUKEMEN 枠1 SO1 SE0
22125 桑原志織 ピアノ・リサイタル 枠1 SO1 SE0
22127 石田泰尚&渡辺雄一 デュオ・リサイタル 枠1 SO1 SE0
22132 パトリツィア・コパチンスカヤ／ソル・ガベッタ 枠2 SO1 SE1
22134 クシシュトフ・ウルバニアク オルガン・リサイタル 枠1 SO1 SE0
22136 ヴォルフガング・ツェラー オルガン・リサイタル 枠1 SO1 SE0
22138 アレキサンダーホルンアンサンブルジャパン第13回定期演奏会 枠1 SO1 SE0
22144 伊藤悠貴&福間洸太朗 デュオ・リサイタル 枠2 SO1 SE1
22146 京増修史ピアノリサイタル 枠1 SO1 SE0
22147 熊本マリの夜会 デビュー40周年記念 セレブレーション・コンサート 枠1 SO1 SE0
22148 桑原志織（p） 枠1 SO1 SE0
22150 小山実稚恵の室内楽・新章 第4回 枠1 SO1 SE0
22154 ストラディヴァリウス・コンサート 2026 枠2 SO1 SE1
22159 武満 徹 100年をこえて ～かわるもの／かわらないもの～ 第1回〈 枠2 SO1 SE1
22162 舘野泉 ピアノ・リサイタル ～90歳バースデー・コンサート 枠3 SO1 SE2
skip 22165 第一生命ホール２５周年記念～室内楽ガラ・コンサート
22170 ダニエル・ロザコヴィッチ ヴァイオリン・リサイタル 枠3 SO1 SE2
22181 Twinkleリサイタル 枠1 SO1 SE0
skip 22185 とことんトン！（打楽器アンサンブル）
22203 昼クラシック 2026 大萩康司 ギター・ソロ&デュオ 枠1 SO1 SE0
22207 ピョートル・アンデルシェフスキ（p） 枠1 SO1 SE0
22211 深沢亮子 ピアノリサイタル 2026 枠1 SO1 SE0
22223 三浦一馬バンドネオン・シネマ2026 枠2 SO1 SE1
22228 宮田大 無伴奏チェロ・リサイタル 枠5 SO2 SE3
22231 務川慧悟（p） 枠2 SO2 SE0
22235 米山浩子（org） 枠1 SO1 SE0
22241 ルノー・カプソン（ヴァイオリン）&ギヨーム・ベロン（ピアノ） 枠1 SO1 SE0
22262 務川慧悟:In Portrait 枠1 SO1 SE0
22276 小曽根真（p） 枠1 SO1 SE0
22277 俺クラ・スペシャル 石田泰尚×三浦一馬×京増修史×辻本玲 枠1 SO1 SE0
22284 【名古屋公演】箏合奏新曲リサイタル～大川義秋 作品集VOL.1～ 枠1 SO1 SE0
22286 HIMARI Violin Recital Tour 2026 枠2 SO2 SE0
22288 廣津留すみれ（vl） 枠1 SO1 SE0
22298 石田泰尚音模様 枠1 SO1 SE0
22299 上野通明（vc） 枠4 SO1 SE3
22300 郷古 廉&三浦謙司 デュオ・リサイタル 枠4 SO1 SE3
22304 Music Fusion in Kyoto 音楽祭【舞鶴会場】 枠1 SO1 SE0
22306 加藤滉基サクソフォンリサイタル ロマンから現代へ 枠1 SO1 SE0
22324 河村尚子 ピアノ・リサイタル 悲愴とショパン 枠1 SO1 SE0
22352 WILPFコンサート2026 宮地江奈ソプラノリサイタル 枠1 SO1 SE0
22360 NISSAY OPERA 2026 『ドン・ジョヴァンニ』 枠1 SO1 SE0
22364 藤原歌劇団・日本オペラ協会合同公演 NISSAY OPERA 202 枠1 SO1 SE0
22370 松井敦子ソプラノリサイタル 枠1 SO1 SE0
22381 大阪桐蔭高等学校吹奏楽部 サンタコンサート in 加西 枠1 SO1 SE0
22382 大阪桐蔭高等学校吹奏楽部 特別公演 in 大和郡山 枠1 SO1 SE0
22392 六本木男声合唱団ZIG-ZAG 枠1 SO1 SE0
22394 2026北九州国際音楽祭／サロン・コンサート 山下愛陽[ギター] 枠1 SO1 SE0
22395 2026北九州国際音楽祭／西山まりえ[チェンバロ] 枠1 SO1 SE0
unknown文言 [('この公演は中止になりました', '2026-09-24', 'プリセール ／ ２０２６ ＳＨＯＷ ＭＵＳＩＣＡＬ 『ＴＯＵＣＨ ＦＩＶＥ』'), ('この公演は中止になりました', '2026-09-24', '一般発売 ／ ２０２６ ＳＨＯＷ ＭＵＳＩＣＡＬ 『ＴＯＵＣＨ ＦＩＶＥ』'), ('この公演は中止になりました', '2026-09-24', '一般発売． ／ ２０２６ ＳＨＯＷ ＭＵＳＩＣＡＬ 『ＴＯＵＣＨ ＦＩＶＥ』'), ('本サイト取扱なし', '2026-10-15', '一般発売はございません※抽選販売【6/3(水)11時～6/16(火)11時】をご利用ください※ ／ 【東京】ぴあカード presents プレミアム会員様限定 雪組公演出演者 特別トークショー＋『ポーの一族』観劇付 ペアチケット'), ('本サイト取扱なし', '2026-10-15', '一般発売はございません※抽選販売【6/3(水)11時～6/16(火)11時】をご利用ください※ ／ 【東京】ぴあカード presents プレミアム会員様限定 雪組公演出演者 特別トークショー'), ('この公演は延期になりました', '2026-10-19', '一般発売 ／ 市川猿四郎さんに学ぶ 歌舞伎のみかた楽しみ方スーパー講座 横須賀'), ('この公演は延期になりました', '2026-10-03', '一般発売 ／ ＴＨＥ モノマネ６ ～ニセモノしかいない超豪華ＬＩＶＥ～'), ('販売を終了致しました', '2026-10-17', '一般発売 ／ スピルバーグ監督ディスクロージャーデイ三上丈晴×高野誠鮮講演会'), ('本サイト取扱なし', '2026-10-10', '一般発売＜前売＞ ／ 筑後ＳＡＫＥフェスタ２０２６'), ('本サイト取扱なし', '2026-10-10', '一般発売＜当日＞ ／ 筑後ＳＡＫＥフェスタ２０２６'), ('本サイト取扱なし', '2026-10-09', '一般発売 ／ 横浜おいも万博２０２６'), ('本サイト取扱なし', '2026-01-01', '一般発売 ／ 桜島フェリー乗船券'), ('現在、お取り扱いしておりません。', '2026-04-01', '一般発売 ／ トヨタ産業技術記念館・あいち航空ミュージアム共通観覧券'), ('現在、お取り扱いしておりません。', '2026-04-01', '一般発売 ／ トヨタ博物館・あいち航空ミュージアム共通入館券'), ('この公演は現在販売を見合わせています', '2026-04-01', '一般発売 ／ 名古屋港水族館とポートビル３施設共通入館券'), ('この公演は中止になりました', '2026-10-07', '◎poco会員限定先行販売 ／ ＤＳ ｐｒｅｓｅｎｔｓ 鬼才の肖像－實川風＆スヴァルフヴァル'), ('この公演は中止になりました', '2026-10-07', '一般発売 ／ ＤＳ ｐｒｅｓｅｎｔｓ 鬼才の肖像－實川風＆スヴァルフヴァル'), ('本サイト取扱なし', '2026-12-06', '一般発売 ／ 山口県総合芸術文化祭２０２６第７１回山口県交響楽団演奏会'), ('この公演は予定枚数を終了いたしました', '2026-11-15', '一般発売 ／ 第一生命ホール２５周年記念～室内楽ガラ・コンサート'), ('販売を終了致しました', '2026-11-03', '一般発売 ／ とことんトン！（打楽器アンサンブル）')]
DROPPED []
