lg=07 受付中 総2012件
回す本数 52／件数の合計 2039（総2012件）
0700101 pf=- 件数638 | parsed items: 485 (fetched up to page 65) / already in DB (eventCd一致): 358 | NOT in DB (new candidates): 127
0700102 pf=01 件数20 | parsed items: 20 (fetched up to page 3) / already in DB (eventCd一致): 15 | NOT in DB (new candidates): 5
0700102 pf=02 件数3 | parsed items: 3 (fetched up to page 2) / already in DB (eventCd一致): 3 | NOT in DB (new candidates): 0
0700102 pf=03 件数8 | parsed items: 8 (fetched up to page 2) / already in DB (eventCd一致): 7 | NOT in DB (new candidates): 1
0700102 pf=04 件数19 | parsed items: 19 (fetched up to page 3) / already in DB (eventCd一致): 15 | NOT in DB (new candidates): 4
0700102 pf=05 件数5 | parsed items: 5 (fetched up to page 2) / already in DB (eventCd一致): 5 | NOT in DB (new candidates): 0
0700102 pf=06 件数8 | parsed items: 8 (fetched up to page 2) / already in DB (eventCd一致): 6 | NOT in DB (new candidates): 2
0700102 pf=07 件数8 | parsed items: 8 (fetched up to page 2) / already in DB (eventCd一致): 6 | NOT in DB (new candidates): 2
0700102 pf=08 件数9 | parsed items: 9 (fetched up to page 2) / already in DB (eventCd一致): 9 | NOT in DB (new candidates): 0
0700102 pf=09 件数6 | parsed items: 6 (fetched up to page 2) / already in DB (eventCd一致): 6 | NOT in DB (new candidates): 0
0700102 pf=10 件数9 | parsed items: 8 (fetched up to page 2) / already in DB (eventCd一致): 7 | NOT in DB (new candidates): 1
0700102 pf=11 件数24 | parsed items: 24 (fetched up to page 4) / already in DB (eventCd一致): 17 | NOT in DB (new candidates): 7
0700102 pf=12 件数15 | parsed items: 15 (fetched up to page 3) / already in DB (eventCd一致): 11 | NOT in DB (new candidates): 4
0700102 pf=13 件数377 | parsed items: 359 (fetched up to page 39) / already in DB (eventCd一致): 246 | NOT in DB (new candidates): 113
0700102 pf=14 件数97 | parsed items: 84 (fetched up to page 11) / already in DB (eventCd一致): 59 | NOT in DB (new candidates): 25
0700102 pf=15 件数5 | parsed items: 5 (fetched up to page 2) / already in DB (eventCd一致): 5 | NOT in DB (new candidates): 0
0700102 pf=16 件数5 | parsed items: 5 (fetched up to page 2) / already in DB (eventCd一致): 5 | NOT in DB (new candidates): 0
0700102 pf=17 件数6 | parsed items: 6 (fetched up to page 2) / already in DB (eventCd一致): 5 | NOT in DB (new candidates): 1
0700102 pf=18 件数2 | parsed items: 2 (fetched up to page 2) / already in DB (eventCd一致): 2 | NOT in DB (new candidates): 0
0700102 pf=19 件数9 | parsed items: 9 (fetched up to page 2) / already in DB (eventCd一致): 9 | NOT in DB (new candidates): 0
0700102 pf=20 件数19 | parsed items: 19 (fetched up to page 3) / already in DB (eventCd一致): 14 | NOT in DB (new candidates): 5
0700102 pf=21 件数10 | parsed items: 10 (fetched up to page 2) / already in DB (eventCd一致): 9 | NOT in DB (new candidates): 1
0700102 pf=22 件数34 | parsed items: 34 (fetched up to page 5) / already in DB (eventCd一致): 28 | NOT in DB (new candidates): 6
0700102 pf=23 件数99 | parsed items: 95 (fetched up to page 11) / already in DB (eventCd一致): 70 | NOT in DB (new candidates): 25
0700102 pf=24 件数6 | parsed items: 6 (fetched up to page 2) / already in DB (eventCd一致): 6 | NOT in DB (new candidates): 0
0700102 pf=25 件数5 | parsed items: 5 (fetched up to page 2) / already in DB (eventCd一致): 2 | NOT in DB (new candidates): 3
0700102 pf=26 件数34 | parsed items: 34 (fetched up to page 5) / already in DB (eventCd一致): 24 | NOT in DB (new candidates): 10
0700102 pf=27 件数95 | parsed items: 93 (fetched up to page 11) / already in DB (eventCd一致): 70 | NOT in DB (new candidates): 23
0700102 pf=28 件数23 | parsed items: 23 (fetched up to page 4) / already in DB (eventCd一致): 17 | NOT in DB (new candidates): 6
0700102 pf=29 件数2 | parsed items: 2 (fetched up to page 2) / already in DB (eventCd一致): 2 | NOT in DB (new candidates): 0
0700102 pf=30 件数2 | parsed items: 2 (fetched up to page 2) / already in DB (eventCd一致): 1 | NOT in DB (new candidates): 1
0700102 pf=31 件数3 | parsed items: 3 (fetched up to page 2) / already in DB (eventCd一致): 2 | NOT in DB (new candidates): 1
0700102 pf=33 件数11 | parsed items: 11 (fetched up to page 3) / already in DB (eventCd一致): 8 | NOT in DB (new candidates): 3
0700102 pf=34 件数24 | parsed items: 24 (fetched up to page 4) / already in DB (eventCd一致): 19 | NOT in DB (new candidates): 5
0700102 pf=35 件数5 | parsed items: 5 (fetched up to page 2) / already in DB (eventCd一致): 3 | NOT in DB (new candidates): 2
0700102 pf=36 件数2 | parsed items: 2 (fetched up to page 2) / already in DB (eventCd一致): 2 | NOT in DB (new candidates): 0
0700102 pf=37 件数2 | parsed items: 2 (fetched up to page 2) / already in DB (eventCd一致): 2 | NOT in DB (new candidates): 0
0700102 pf=38 件数4 | parsed items: 4 (fetched up to page 2) / already in DB (eventCd一致): 4 | NOT in DB (new candidates): 0
0700102 pf=39 件数1 | parsed items: 1 (fetched up to page 2) / already in DB (eventCd一致): 1 | NOT in DB (new candidates): 0
0700102 pf=40 件数36 | parsed items: 33 (fetched up to page 5) / already in DB (eventCd一致): 28 | NOT in DB (new candidates): 5
0700102 pf=41 件数7 | parsed items: 7 (fetched up to page 2) / already in DB (eventCd一致): 5 | NOT in DB (new candidates): 2
0700102 pf=42 件数9 | parsed items: 5 (fetched up to page 2) / already in DB (eventCd一致): 5 | NOT in DB (new candidates): 0
0700102 pf=43 件数2 | parsed items: 2 (fetched up to page 2) / already in DB (eventCd一致): 1 | NOT in DB (new candidates): 1
0700102 pf=44 件数12 | parsed items: 6 (fetched up to page 3) / already in DB (eventCd一致): 4 | NOT in DB (new candidates): 2
0700102 pf=45 件数5 | parsed items: 5 (fetched up to page 2) / already in DB (eventCd一致): 4 | NOT in DB (new candidates): 1
0700102 pf=46 件数9 | parsed items: 9 (fetched up to page 2) / already in DB (eventCd一致): 9 | NOT in DB (new candidates): 0
0700102 pf=47 件数1 | parsed items: 1 (fetched up to page 2) / already in DB (eventCd一致): 1 | NOT in DB (new candidates): 0
0700103 pf=- 件数162 | parsed items: 151 (fetched up to page 18) / already in DB (eventCd一致): 112 | NOT in DB (new candidates): 39
0700104 pf=- 件数58 | parsed items: 54 (fetched up to page 7) / already in DB (eventCd一致): 49 | NOT in DB (new candidates): 5
0700105 pf=- 件数40 | parsed items: 40 (fetched up to page 5) / already in DB (eventCd一致): 31 | NOT in DB (new candidates): 9
0700106 pf=- 件数7 | parsed items: 7 (fetched up to page 2) / already in DB (eventCd一致): 6 | NOT in DB (new candidates): 1
0700107 pf=- 件数37 | parsed items: 15 (fetched up to page 5) / already in DB (eventCd一致): 12 | NOT in DB (new candidates): 3
ALL DONE
