lg=02 受付中 総1919件
回す本数 1031／件数の合計 45647（総1919件）
0200101 pf=- 件数258 | parsed items: 173 (fetched up to page 27) / already in DB (eventCd一致): 135 | NOT in DB (new candidates): 38
0200102 pf=- 件数48 | parsed items: 37 (fetched up to page 6) / already in DB (eventCd一致): 32 | NOT in DB (new candidates): 5
0200103 pf=- 件数277 | parsed items: 79 (fetched up to page 29) / already in DB (eventCd一致): 61 | NOT in DB (new candidates): 18
0200104 pf=- 件数18 | parsed items: 10 (fetched up to page 3) / already in DB (eventCd一致): 10 | NOT in DB (new candidates): 0
0200105 pf=- 件数125 | parsed items: 83 (fetched up to page 14) / already in DB (eventCd一致): 58 | NOT in DB (new candidates): 25
0200106 pf=- 件数31 | parsed items: 20 (fetched up to page 5) / already in DB (eventCd一致): 12 | NOT in DB (new candidates): 8
0200108 pf=- 件数159 | parsed items: 135 (fetched up to page 17) / already in DB (eventCd一致): 107 | NOT in DB (new candidates): 28
0200109 pf=01 件数34 | parsed items: 34 (fetched up to page 5) / already in DB (eventCd一致): 26 | NOT in DB (new candidates): 8
0200109 pf=02 件数4 | parsed items: 4 (fetched up to page 2) / already in DB (eventCd一致): 2 | NOT in DB (new candidates): 2
0200109 pf=03 件数3 | parsed items: 3 (fetched up to page 2) / already in DB (eventCd一致): 3 | NOT in DB (new candidates): 0
0200109 pf=04 件数23 | parsed items: 23 (fetched up to page 4) / already in DB (eventCd一致): 21 | NOT in DB (new candidates): 2
0200109 pf=05 件数7 | parsed items: 7 (fetched up to page 2) / already in DB (eventCd一致): 5 | NOT in DB (new candidates): 2
0200109 pf=06 件数8 | parsed items: 8 (fetched up to page 2) / already in DB (eventCd一致): 6 | NOT in DB (new candidates): 2
0200109 pf=07 件数6 | parsed items: 6 (fetched up to page 2) / already in DB (eventCd一致): 4 | NOT in DB (new candidates): 2
0200109 pf=08 件数8 | parsed items: 8 (fetched up to page 2) / already in DB (eventCd一致): 7 | NOT in DB (new candidates): 1
0200109 pf=09 件数6 | parsed items: 6 (fetched up to page 2) / already in DB (eventCd一致): 4 | NOT in DB (new candidates): 2
0200109 pf=10 件数8 | parsed items: 8 (fetched up to page 2) / already in DB (eventCd一致): 8 | NOT in DB (new candidates): 0
0200109 pf=11 件数19 | parsed items: 19 (fetched up to page 3) / already in DB (eventCd一致): 17 | NOT in DB (new candidates): 2
0200109 pf=12 件数10 | parsed items: 10 (fetched up to page 2) / already in DB (eventCd一致): 10 | NOT in DB (new candidates): 0
0200109 pf=13 件数376 | parsed items: 366 (fetched up to page 39) / already in DB (eventCd一致): 309 | NOT in DB (new candidates): 57
0200109 pf=14 件数36 | parsed items: 36 (fetched up to page 5) / already in DB (eventCd一致): 31 | NOT in DB (new candidates): 5
0200109 pf=15 件数16 | parsed items: 15 (fetched up to page 3) / already in DB (eventCd一致): 11 | NOT in DB (new candidates): 4
0200109 pf=16 件数10 | parsed items: 10 (fetched up to page 2) / already in DB (eventCd一致): 9 | NOT in DB (new candidates): 1
0200109 pf=17 件数20 | parsed items: 20 (fetched up to page 3) / already in DB (eventCd一致): 15 | NOT in DB (new candidates): 5
0200109 pf=18 件数6 | parsed items: 6 (fetched up to page 2) / already in DB (eventCd一致): 6 | NOT in DB (new candidates): 0
0200109 pf=19 件数3 | parsed items: 3 (fetched up to page 2) / already in DB (eventCd一致): 1 | NOT in DB (new candidates): 2
0200109 pf=20 件数9 | parsed items: 8 (fetched up to page 2) / already in DB (eventCd一致): 7 | NOT in DB (new candidates): 1
0200109 pf=21 件数4 | parsed items: 3 (fetched up to page 2) / already in DB (eventCd一致): 2 | NOT in DB (new candidates): 1
0200109 pf=22 件数11 | parsed items: 11 (fetched up to page 3) / already in DB (eventCd一致): 9 | NOT in DB (new candidates): 2
0200109 pf=23 件数61 | parsed items: 61 (fetched up to page 8) / already in DB (eventCd一致): 54 | NOT in DB (new candidates): 7
0200109 pf=24 件数7 | parsed items: 7 (fetched up to page 2) / already in DB (eventCd一致): 6 | NOT in DB (new candidates): 1
0200109 pf=25 件数5 | parsed items: 5 (fetched up to page 2) / already in DB (eventCd一致): 2 | NOT in DB (new candidates): 3
0200109 pf=26 件数17 | parsed items: 17 (fetched up to page 3) / already in DB (eventCd一致): 12 | NOT in DB (new candidates): 5
0200109 pf=27 件数166 | parsed items: 108 (fetched up to page 18) / already in DB (eventCd一致): 98 | NOT in DB (new candidates): 10
0200109 pf=28 件数72 | parsed items: 30 (fetched up to page 9) / already in DB (eventCd一致): 29 | NOT in DB (new candidates): 1
0200109 pf=29 件数6 | parsed items: 6 (fetched up to page 2) / already in DB (eventCd一致): 6 | NOT in DB (new candidates): 0
0200109 pf=30 件数2 | parsed items: 2 (fetched up to page 2) / already in DB (eventCd一致): 2 | NOT in DB (new candidates): 0
0200109 pf=31 件数2 | parsed items: 2 (fetched up to page 2) / already in DB (eventCd一致): 1 | NOT in DB (new candidates): 1
0200109 pf=32 件数5 | parsed items: 5 (fetched up to page 2) / already in DB (eventCd一致): 4 | NOT in DB (new candidates): 1
0200109 pf=34 件数18 | parsed items: 18 (fetched up to page 3) / already in DB (eventCd一致): 15 | NOT in DB (new candidates): 3
0200109 pf=35 件数5 | parsed items: 5 (fetched up to page 2) / already in DB (eventCd一致): 2 | NOT in DB (new candidates): 3
0200109 pf=37 件数7 | parsed items: 7 (fetched up to page 2) / already in DB (eventCd一致): 5 | NOT in DB (new candidates): 2
0200109 pf=38 件数7 | parsed items: 7 (fetched up to page 2) / already in DB (eventCd一致): 7 | NOT in DB (new candidates): 0
0200109 pf=39 件数3 | parsed items: 3 (fetched up to page 2) / already in DB (eventCd一致): 2 | NOT in DB (new candidates): 1
0200109 pf=40 件数70 | parsed items: 44 (fetched up to page 8) / already in DB (eventCd一致): 39 | NOT in DB (new candidates): 5
0200109 pf=41 件数2 | parsed items: 2 (fetched up to page 2) / already in DB (eventCd一致): 2 | NOT in DB (new candidates): 0
0200109 pf=42 件数7 | parsed items: 7 (fetched up to page 2) / already in DB (eventCd一致): 4 | NOT in DB (new candidates): 3
0200109 pf=43 件数16 | parsed items: 16 (fetched up to page 3) / already in DB (eventCd一致): 13 | NOT in DB (new candidates): 3
0200109 pf=44 件数3 | parsed items: 3 (fetched up to page 2) / already in DB (eventCd一致): 3 | NOT in DB (new candidates): 0
0200109 pf=45 件数7 | parsed items: 7 (fetched up to page 2) / already in DB (eventCd一致): 5 | NOT in DB (new candidates): 2
0200109 pf=46 件数4 | parsed items: 4 (fetched up to page 2) / already in DB (eventCd一致): 3 | NOT in DB (new candidates): 1
0200109 pf=47 件数11 | parsed items: 11 (fetched up to page 3) / already in DB (eventCd一致): 10 | NOT in DB (new candidates): 1
0200110 pf=01 件数78 | parsed items: 77 (fetched up to page 9) / already in DB (eventCd一致): 62 | NOT in DB (new candidates): 15
0200110 pf=02 件数5 | parsed items: 5 (fetched up to page 2) / already in DB (eventCd一致): 3 | NOT in DB (new candidates): 2
0200110 pf=03 件数6 | parsed items: 6 (fetched up to page 2) / already in DB (eventCd一致): 6 | NOT in DB (new candidates): 0
0200110 pf=04 件数41 | parsed items: 40 (fetched up to page 6) / already in DB (eventCd一致): 37 | NOT in DB (new candidates): 3
0200110 pf=05 件数12 | parsed items: 12 (fetched up to page 3) / already in DB (eventCd一致): 10 | NOT in DB (new candidates): 2
0200110 pf=06 件数12 | parsed items: 11 (fetched up to page 3) / already in DB (eventCd一致): 9 | NOT in DB (new candidates): 2
0200110 pf=07 件数8 | parsed items: 8 (fetched up to page 2) / already in DB (eventCd一致): 6 | NOT in DB (new candidates): 2
0200110 pf=08 件数14 | parsed items: 14 (fetched up to page 3) / already in DB (eventCd一致): 13 | NOT in DB (new candidates): 1
0200110 pf=09 件数12 | parsed items: 12 (fetched up to page 3) / already in DB (eventCd一致): 9 | NOT in DB (new candidates): 3
0200110 pf=10 件数15 | parsed items: 14 (fetched up to page 3) / already in DB (eventCd一致): 13 | NOT in DB (new candidates): 1
0200110 pf=11 件数42 | parsed items: 39 (fetched up to page 6) / already in DB (eventCd一致): 34 | NOT in DB (new candidates): 5
0200110 pf=12 件数38 | parsed items: 22 (fetched up to page 5) / already in DB (eventCd一致): 22 | NOT in DB (new candidates): 0
0200110 pf=13 件数700 | 
