21428 綾戸智恵 枠2 SO1 SE1
21429 小曽根真(p) 枠3 SO1 SE2
21430 SHIBUYA MUSIC CROSSOVER 2026 #7 枠2 SO1 SE1
21432 JAZZ-FUSION SUMMIT 2026 枠3 SO1 SE2
21434 75周年記念 渡辺貞夫カルテット2026 ”Into Tomorro 枠2 SO1 SE1
21437 Hyogoクリスマス・ジャズ・フェスティバル2026 北村英治（クラ 枠1 SO1 SE0
21438 ヨコスカ ジャズ ドリームス ライブシリーズ2026 横須賀トモダチ 枠2 SO1 SE1
21439 渡辺貞夫カルテット2026 枠1 SO1 SE0
21440 AKIHIDE 枠1 SO1 SE0
21441 HY 枠6 SO4 SE2
21442 小椋佳 枠9 SO2 SE7
21443 Cloudy 枠6 SO5 SE1
21445 soulsin-g and his band 2026 単独公演 枠1 SO1 SE0
21449 なとり 枠20 SO10 SE10
21451 HAMBURGER BOYS 枠1 SO1 SE0
21454 ふみ 芸術の秋なのでやっぱり今年もライブやります。 枠3 SO2 SE1
21458 THE MODS 枠9 SO5 SE4
21459 森大翔 枠2 SO2 SE0
21462 UNFAIR RULE 枠2 SO1 SE1
21463 HONEST 枠4 SO1 SE3
skip 21464 ＣＵＴＩＥ ＳＴＲＥＥＴ〈仙台駅東口発シャトルバス券〉
21465 筋肉少女帯 枠6 SO3 SE3
21467 go!go!vanillas 枠8 SO8 SE0
21468 THE YELLOW MONKEY 枠22 SO10 SE12
21470 ティーナ・カリーナ 枠2 SO1 SE1
21472 マカロニえんぴつ 枠18 SO5 SE13
21473 milet 枠32 SO10 SE22
21474 宝くじ文化公演 松崎しげる&渡辺真知子ジョイントコンサート 枠1 SO1 SE0
21475 Little Glee Monster 枠7 SO4 SE3
21476 SALT&SUGAR(Pf.塩谷哲&Vo.佐藤竹善) 枠5 SO1 SE4
21478 G-FREAK FACTORY 枠6 SO5 SE1
21479 田原俊彦 枠4 SO2 SE2
21483 島袋寛子 枠8 SO4 SE4
21484 タブレット純 魅惑の世界 枠1 SO1 SE0
21487 秋の定期公演「フォークソングでやんす」六角精児バンドwith井ノ原快 枠1 SO1 SE0
21488 亜咲花 枠2 SO1 SE1
21489 Unlucky Morpheus 枠1 SO1 SE0
21490 杏里 枠16 SO6 SE10
21491 伊勢正三 枠3 SO1 SE2
21492 WEEKEND LOVERS Begins 枠2 SO1 SE1
21493 ACE COLLECTION 枠4 SO3 SE1
21494 大森靖子 枠3 SO2 SE1
21495 尾崎亜美 枠6 SO2 SE4
21496 尾崎裕哉 枠18 SO4 SE14
21497 陰陽座 枠12 SO2 SE10
21498 加藤いづみ 枠3 SO1 SE2
21499 加藤ミリヤ 枠5 SO3 SE2
21500 カルメン・マキ／竹田和夫 枠5 SO1 SE4
21501 可憐なアイボリー 枠2 SO1 SE1
21504 CRYAMY 枠4 SO1 SE3
21508 Sound Schedule 枠8 SO3 SE5
21509 榊原大 枠2 SO1 SE1
21512 沢田研二 枠5 SO4 SE1
21513 THE MACKSHOW 枠3 SO1 SE2
21516 庄野真代 枠2 SO1 SE1
21517 SHINJUKU LOFT 50th ANNIVERSARY 『RO 枠5 SO3 SE2
21519 ジ・エンプティ 枠3 SO1 SE2
21520 神保彰 枠2 SO1 SE1
21521 鈴木このみ 枠2 SO1 SE1
21522 四星球 枠2 SO1 SE1
21523 seiza 枠4 SO1 SE3
21525 Soulflex 枠3 SO1 SE2
21526 高木いくの 枠2 SO1 SE1
21527 高中正義 枠3 SO1 SE2
21529 多次元制御機構よだか 枠1 SO1 SE0
21530 谷山浩子 枠4 SO2 SE2
21533 DANCE☆MAN&THE BANDMAN 枠2 SO2 SE0
21535 天竜川ナコン 枠1 SO1 SE0
21536 DIMENSION 枠1 SO1 SE0
21539 toe 枠2 SO1 SE1
21541 永井真理子 枠1 SO1 SE0
21546 バチカン市国に愛されたい 枠3 SO3 SE0
21553 FIELD OF VIEW 枠4 SO2 SE2
21557 美川憲一 枠1 SO1 SE0
21558 ミテイノハナシ 枠2 SO1 SE1
21560 紫 今 枠3 SO1 SE2
21563 森俊之(key) 枠1 SO1 SE0
21564 森 大翔 枠4 SO1 SE3
21566 MONKEY MAJIK 枠2 SO1 SE1
21567 矢野顕子 枠1 SO1 SE0
21568 YOURNESS 枠3 SO1 SE2
21569 吉澤嘉代子 枠1 SO1 SE0
21571 吉田美奈子 枠1 SO1 SE0
21573 LUV K RAFT 枠5 SO2 SE3
21577 今井翼 枠2 SO2 SE0
21578 内田真礼 枠3 SO1 SE2
21580 財津和夫 枠4 SO1 SE3
21581 ザ・おめでたズ 枠3 SO1 SE2
21582 THE PREDATORS 枠7 SO2 SE5
21585 PENGUIN RESEARCH 枠4 SO1 SE3
21588 松山千春 枠1 SO1 SE0
21590 3markets[ ] 枠3 SO3 SE0
21591 花冷え。 枠5 SO4 SE1
21592 Slow LIVE'26 枠10 SO2 SE8
21593 REBECCA 枠7 SO3 SE4
21594 富澤一誠 音楽評論家生活55周年記念「一誠まつり～音楽を熱く語るたび 枠1 SO1 SE0
21595 ASKA 枠15 SO3 SE12
21596 斉藤和義 枠8 SO6 SE2
21597 宝くじまちの音楽会 岩崎宏美・岩崎良美～ふれあいコンサート～ 枠1 SO1 SE0
21598 キュウソネコカミ 枠2 SO1 SE1
21600 新居昭乃 枠3 SO1 SE2
21601 来生たかお 枠3 SO1 SE2
21602 SINON 奇跡の歌声 ～カーペンターズコンサート in 新城～ 枠1 SO1 SE0
21603 至福ぽんちょ 枠3 SO1 SE2
21604 清水ミチコ TALK&LIVE 2026 枠1 SO1 SE0
21606 sumika 枠3 SO3 SE0
21608 NELKE 枠2 SO2 SE0
21609 氷川きよし 枠2 SO1 SE1
21610 plenty 枠2 SO1 SE1
21611 Penthouse 枠3 SO1 SE2
21612 Maki presents. MUSIC FESTIVAL「天和」2 枠10 SO1 SE9
21613 マザーセキュリティ presents 小野リサ スペシャルコンサート 枠2 SO1 SE1
21614 Riddim Saunter 枠2 SO1 SE1
21615 アンジュルム 枠1 SO1 SE0
21616 長渕剛 枠16 SO6 SE10
21617 杉田二郎・きたやまおさむ 80歳バースデーコンサート 枠2 SO1 SE1
21619 ラックライフ 枠2 SO1 SE1
21620 802 PSY TONE RADIO in 大阪駅 枠5 SO1 SE4
21621 EXILE 枠2 SO1 SE1
21622 小田純平 枠1 SO1 SE0
21623 甲斐よしひろ 枠2 SO1 SE1
21624 上沼恵美子 枠2 SO2 SE0
21625 川崎鷹也 枠1 SO1 SE0
21626 Godiego 枠4 SO1 SE3
21628 SawanoHiroyuki[nZk] LIVE 2026 枠5 SO2 SE3
21629 シアーミュージック 枠1 SO1 SE0
21630 純烈 枠1 SO1 SE0
21632 【当日引換券】徳永英明 枠2 SO2 SE0
21634 ハンブレッダーズ 枠1 SO1 SE0
21635 風雲!大阪城音泉 枠1 SO1 SE0
21636 向井太一 枠2 SO1 SE1
21641 KUZIRA 枠7 SO4 SE3
21642 ここが俺らの夢番地!!-白壁の街編- 枠6 SO1 SE5
21643 徳永英明 枠8 SO2 SE6
21644 河村隆一 枠1 SO1 SE0
21645 中村耕一+JAYWALK 枠4 SO1 SE3
21647 水谷千重子 枠2 SO1 SE1
21649 ウルフルズ 枠2 SO1 SE1
21650 竹原ピストル 枠3 SO1 SE2
21651 THE BEAT GARDEN 枠3 SO1 SE2
21652 ペルシカリア 枠2 SO1 SE1
21653 ここが俺らの夢番地!!-ニホンカワウソの街編- 枠6 SO1 SE5
21655 小山田壮平 枠2 SO1 SE1
21656 岸谷香 枠1 SO1 SE0
21658 ヤングスキニー 枠1 SO1 SE0
21662 細坪基佳 枠3 SO2 SE1
21663 スターダスト☆レビュー 枠5 SO2 SE3
21664 My Little Lover ☆ Akko Band Quinte 枠1 SO1 SE0
21668 真田ナオキ LIVE2026 浅草ディスコ 枠2 SO1 SE1
21670 舟木一夫 枠1 SO1 SE0
21671 山川豊 枠2 SO1 SE1
21672 影山ヒロノブ 枠1 SO1 SE0
21674 「ドラゴンクエスト」ウインドオーケストラコンサート 枠6 SO1 SE5
21676 長谷川きよし 喜寿特別公演「心に沁みてくる秋のうた」 枠1 SO1 SE0
21677 A Perfect Circle／Puscifer 枠1 SO1 SE0
21678 ANN WILSON 枠12 SO3 SE9
21681 KENNY G 枠1 SO1 SE0
21684 THE PAINS OF BEING PURE AT HEART 枠2 SO1 SE1
21686 DIE SPITZ 枠3 SO1 SE2
21692 BOYNEXTDOOR 枠9 SO2 SE7
21700 AIR JAM 2026 枠2 SO2 SE0
unknown文言 [('本サイト取扱なし', '2026-10-03', '一般発売 ／ ＣＵＴＩＥ ＳＴＲＥＥＴ〈仙台駅東口発シャトルバス券〉')]
DROPPED []
exit=0
