25/272
50/272
75/272
100/272
125/272
150/272
DONE 272 rows / err 112 -> tmp/x0923/eplus_genre_raw.json
  j-pop                      80
  rock-indies                40
  idol                       10
  jazz-fusion                 8
  enka                        7
  visual                      4
  anime-song                  3
  j-pop,popular-song          2
  enka,popular-song           1
  reggae,hiphop-rap           1
  hiphop-rap                  1
  rock-indies,idol            1
  j-pop,rock-indies           1
  jazz-fusion,bossanova-latin    1
