  読み直した 第102回関東大学バスケットボールリーグ戦2巡目（perfs が件数の形だった）
  読み直した 高中正義［追加公演］（perfs が件数の形だった）
  読み直した 【一般視聴チケット】 乃木坂46 42ndSGアンダーライブ（perfs が件数の形だった）
  読み直した 秦 基博［神奈川］（perfs が件数の形だった）
  読み直した n.SSign｜エンサイン ［全国］（perfs が件数の形だった）
  読み直した コドモパーティーIII［埼玉・宮城］（perfs が件数の形だった）
  読み直した 「@JAM the Field vol.30」（perfs が件数の形だった）
  読み直した 高中正義［全国］（perfs が件数の形だった）
  読み直した アップアップガールズ（フェス）2026（perfs が件数の形だった）
  読み直した Rakuten GirlsAward 2026 AUTUMN/WINTER｜ガー（perfs が件数の形だった）
  読み直した LOVEBITES［全国］（perfs が件数の形だった）
  読み直した 第38回スタンレーレディスホンダゴルフトーナメント（perfs が件数の形だった）
  読み直した 【泉佐野市民割・田尻町民割】大阪芸術花火2026（perfs が件数の形だった）
  読み直した 藤井フミヤ（perfs が件数の形だった）
  読み直した ゴールドマン　コレクション　河鍋暁斎の世界［兵庫］（perfs が件数の形だった）
  読み直した 世界最大級の大スペクタクル☆スーパーミラクルイリュージョン☆木下大サーカス岡山公（perfs が件数の形だった）
ツアー統合: 16 ページ → 15 エントリ
  OK   第102回関東大学バスケットボールリーグ戦2巡目
  OK   高中正義［追加公演］ (2ページ統合)
  OK   【一般視聴チケット】 乃木坂46 42ndSGアンダーライブ
  OK   秦 基博［神奈川］
  OK   n.SSign｜エンサイン ［全国］
  OK   コドモパーティーIII［埼玉・宮城］
  OK   「@JAM the Field vol.30」
  OK   アップアップガールズ（フェス）2026
  skip Rakuten GirlsAward 2026 AUTUMN/WINTER｜ガー (買える枠なし)
  OK   LOVEBITES［全国］
  OK   第38回スタンレーレディスホンダゴルフトーナメント
  skip 【泉佐野市民割・田尻町民割】大阪芸術花火2026 (買える枠なし)
  skip 藤井フミヤ (買える枠なし)
  OK   ゴールドマン　コレクション　河鍋暁斎の世界［兵庫］
  skip 世界最大級の大スペクタクル☆スーパーミラクルイリュージョン☆木下大サーカス岡山公 (買える枠なし)

構築 11件 / skip 4件
