
=== lg=01 (音楽) rlsStatus=0102 総数=685 ===
[01_0102] rc=0 221s total=685 pages=69 new=40

=== lg=02 (演劇) rlsStatus=0102 総数=360 ===
[02_0102] rc=0 126s total=360 pages=36 new=32

=== lg=07 (クラシック) rlsStatus=0102 総数=329 ===
[07_0102] rc=0 129s total=329 pages=33 new=34

=== lg=06 (イベント) rlsStatus=0102 総数=141 ===
[06_0102] rc=0 49s total=141 pages=15 new=10

=== lg=03 (スポーツ) rlsStatus=0102 総数=99 ===
[03_0102] rc=0 34s total=99 pages=10 new=14

=== lg=05 (アート) rlsStatus=0102 総数=30 ===
[05_0102] rc=0 11s total=30 pages=3 new=8

=== lg=04 (映画) rlsStatus=0102 総数=48 ===
[04_0102] rc=0 15s total=48 pages=5 new=4

=== lg=01 (音楽) rlsStatus=0202 総数=31 ===
[01_0202] rc=0 12s total=31 pages=4 new=2

=== lg=02 (演劇) rlsStatus=0202 総数=23 ===
[02_0202] rc=0 7s total=23 pages=3 new=4

=== lg=07 (クラシック) rlsStatus=0202 総数=0 ===
  0件

=== lg=06 (イベント) rlsStatus=0202 総数=0 ===
  0件

=== lg=03 (スポーツ) rlsStatus=0202 総数=0 ===
  0件

=== lg=05 (アート) rlsStatus=0202 総数=0 ===
  0件

=== lg=04 (映画) rlsStatus=0202 総数=0 ===
  0件

=== 終わり ===
