=== 入口: post-sitemap [27, 26] ===
  sitemap27: 公演URL 288件
  sitemap26: 公演URL 997件
公演URL 1285件を見る
  [50/1285] 発売前7 / 販売中31 / 売切1 / 過去9 / 読めない2
  [100/1285] 発売前11 / 販売中40 / 売切2 / 過去44 / 読めない3
  [150/1285] 発売前11 / 販売中48 / 売切2 / 過去83 / 読めない6
  [200/1285] 発売前11 / 販売中51 / 売切3 / 過去124 / 読めない11
  [250/1285] 発売前11 / 販売中55 / 売切3 / 過去167 / 読めない14
  [300/1285] 発売前11 / 販売中56 / 売切3 / 過去208 / 読めない22
  [350/1285] 発売前11 / 販売中56 / 売切3 / 過去255 / 読めない25
  [400/1285] 発売前11 / 販売中57 / 売切3 / 過去296 / 読めない33
  [450/1285] 発売前11 / 販売中57 / 売切3 / 過去341 / 読めない38
  [500/1285] 発売前11 / 販売中57 / 売切3 / 過去386 / 読めない43
  [550/1285] 発売前11 / 販売中57 / 売切3 / 過去432 / 読めない47
  [600/1285] 発売前11 / 販売中57 / 売切3 / 過去477 / 読めない52
  [700/1285] 発売前11 / 販売中57 / 売切3 / 過去566 / 読めない63
  [750/1285] 発売前11 / 販売中57 / 売切3 / 過去613 / 読めない66
  [800/1285] 発売前11 / 販売中57 / 売切3 / 過去661 / 読めない68
  [900/1285] 発売前11 / 販売中57 / 売切3 / 過去751 / 読めない78
  [950/1285] 発売前11 / 販売中57 / 売切3 / 過去796 / 読めない83
  [1000/1285] 発売前11 / 販売中57 / 売切3 / 過去844 / 読めない85
  [1050/1285] 発売前11 / 販売中57 / 売切3 / 過去891 / 読めない88
  [1100/1285] 発売前11 / 販売中57 / 売切3 / 過去940 / 読めない89
  [1150/1285] 発売前11 / 販売中57 / 売切3 / 過去986 / 読めない93
  [1200/1285] 発売前11 / 販売中57 / 売切3 / 過去1035 / 読めない94
見たページ 1285件
  🎯これから発売 11件
  販売中       57件
  売り切れのみ  3件
  過去公演     1112件
  読めない     102件
→ tmp/rakuten_presale.json
