
=== 3320 Plastic Tree → OK
   カルッツかわさき（川崎市スポーツ・文化総合センター）ホール | 2026年12月27日(日) 神奈川 カルッツかわさき（川崎市スポーツ・文化総合センター）ホール | pia=https://t.pia.jp/pia/event/event.do?eventCd=2634573
    先行（神奈川 12/27公演）10/2 12:00発売 | sd=2026-10-02 d=2026-10-06 | 
    一般発売（神奈川 12/27公演）11/21 12:00発売 | sd=2026-11-21 d=2026-11-21 | 

=== 4071 CANDY TUNE → OK
   全国ツアー（新潟県民会館 大ホール／本多の森北電ホール／iichiko グランシアタ／レクザムホール 大ホール／新来島高知重工ホール オレンジホール／東京ガーデンシアター／米子コンベンションセンター BiG SHiP／広島文化学園HBGホール／宇都宮市文化会館 大ホール／福岡サンパレス／旭川市民文化会館 大ホール／函館サーモン・まるなまホール 大ホール／仙台サンプラザホール／戸田市文化会館／森のホール21 大ホール／カルッツかわさき（川崎市スポーツ・文化総合センター）ホール／愛知県芸術劇場 大ホール／三重県文化会館 大ホール／大阪国際会議場 メインホール） | 2026年8月29日(土)〜2026年12月9日(水) 全国ツアー | pia=https://t.pia.jp/pia/event/event.do?eventBundleCd=b2669827
    一般発売（鳥取 11/10公演）10/3 10:00発売 | sd=2026-10-03 d=2026-10-03 | 
    一般発売（広島 11/12公演）10/3 10:00発売 | sd=2026-10-03 d=2026-10-03 | 
    4次プレリザーブ（香川・高知 11/24〜11/26公演）〜10/6 23:59 | sd=None d=2026-10-06 | 
    先行（東京 12/8〜12/9公演）〜10/13 23:59 | sd=None d=2026-10-13 | 
    一般発売（新潟 11/17公演）〜11/12 23:59 | sd=None d=2026-11-12 | 
    一般発売（石川 11/19公演）〜11/12 23:59 | sd=None d=2026-11-12 | 
    一般発売（大分 12/1公演）〜11/26 23:59 | sd=None d=2026-11-26 | 

=== 6136 舞台「呪術廻戦」-渋谷事変前編- → OK
   全国ツアー（Shibuya LOVEZ／SkyシアターMBS） | 2026年11月14日(土)〜2026年11月29日(日) 東京・大阪 | pia=https://t.pia.jp/pia/event/event.do?eventBundleCd=b2670827
    プリセール（東京 11/14〜11/23公演）〜10/1 23:59 | sd=None d=2026-10-01 | 
    一般発売（東京 11/14〜11/23公演）10/4 10:00発売 | sd=2026-10-04 d=2026-10-04 | 
    一般発売（大阪 11/28〜11/29公演）10/4 10:00発売 | sd=2026-10-04 d=2026-10-04 | 

=== 7336 万博花火プロジェクト『第5回 万博夜空がアートになる日2026』 → OK
   万博記念公園 東の広場 | 2026年11月21日(土) 大阪 万博記念公園 東の広場 | pia=https://t.pia.jp/pia/event/event.do?eventBundleCd=b2669691
    一般発売【VIPシート】（大阪 11/21公演）10/3 10:00発売 | sd=2026-10-03 d=2026-10-03 | 
    一般発売（大阪 11/21公演）10/3 10:00発売 | sd=2026-10-03 d=2026-10-03 | 

=== 9215 xikers <2nd FANMEETING:roadymap to univerxity> IN JAPAN → OK
   Zepp Osaka Bayside | 2026年10月4日(日) 大阪 Zepp Osaka Bayside | pia=https://t.pia.jp/pia/event/event.do?eventBundleCd=b2668801
    一般発売（大阪 10/4公演）〜10/3 23:59 | sd=None d=2026-10-03 | 
    当日券販売（大阪 10/4公演）10/4 0:00発売 | sd=2026-10-04 d=2026-10-04 | 

=== 90001 OLUYO10周年記念フェス FESTIVAL-YO! 2026 → OK
   ヒラオカビル | 2026年11月28日(土) 徳島 ヒラオカビル | pia=https://t.pia.jp/pia/event/event.do?eventCd=2638728
    一般発売（徳島 11/28公演）10/3 10:00発売 | sd=2026-10-03 d=2026-10-03 | 

=== 90002 廣津留すみれ → OK
   東北大学百周年記念会館 川内萩ホール | 2027年3月20日(土) 宮城 東北大学百周年記念会館 川内萩ホール | pia=https://t.pia.jp/pia/event/event.do?eventCd=2634095
    先行【仙台公演】（宮城 R9年 3/20公演）10/2 11:00発売 | sd=2026-10-02 d=2026-10-19 | 

=== 90003 第48回マーチングバンド関西大会 → OK
   おおきにアリーナ舞洲 | 2026年11月3日(火) 大阪 おおきにアリーナ舞洲 | pia=https://t.pia.jp/pia/event/event.do?eventCd=2627013
    一般発売（大阪 11/3公演）10/3 10:00発売 | sd=2026-10-03 d=2026-10-03 | 

=== 90004 五十嵐紅トリオ → OK
   福岡市民ホール 中ホール | 2027年2月8日(月) 福岡 福岡市民ホール 中ホール | pia=https://t.pia.jp/pia/event/event.do?eventCd=2638990
    一般発売（福岡 R9年 2/8公演）10/4 22:00発売 | sd=2026-10-04 d=2026-10-04 | 

=== 90005 五十嵐紅トリオ → OK
   電気文化会館 ザ・コンサートホール | 2027年2月9日(火) 愛知 電気文化会館 ザ・コンサートホール | pia=https://t.pia.jp/pia/event/event.do?eventCd=2639168
    一般発売（愛知 R9年 2/9公演）10/4 22:00発売 | sd=2026-10-04 d=2026-10-04 | 

=== 90006 五十嵐紅トリオ → OK
   電気文化会館 ザ・コンサートホール | 2027年2月9日(火) 愛知 電気文化会館 ザ・コンサートホール | pia=https://t.pia.jp/pia/event/event.do?eventCd=2639167
    一般発売（愛知 R9年 2/9公演）10/4 22:00発売 | sd=2026-10-04 d=2026-10-04 | 

=== 90007 五十嵐紅 → OK
   Gallery & Hall 奏楽庭 | 2027年2月3日(水) 佐賀 Gallery & Hall 奏楽庭 | pia=https://t.pia.jp/pia/event/event.do?eventCd=2638974
    一般発売（佐賀 R9年 2/3公演）10/4 22:00発売 | sd=2026-10-04 d=2026-10-04 | 

=== 90008 五十嵐紅 → OK
   自由学園明日館 講堂 | 2027年2月18日(木) 東京 自由学園明日館 講堂 | pia=https://t.pia.jp/pia/event/event.do?eventCd=2639173
    一般発売（東京 R9年 2/18公演）10/4 22:00発売 | sd=2026-10-04 d=2026-10-04 | 

=== 90009 五十嵐紅 → OK
   長崎バプテスト教会 | 2027年2月4日(木) 長崎 長崎バプテスト教会 | pia=https://t.pia.jp/pia/event/event.do?eventCd=2638978
    一般発売（長崎 R9年 2/4公演）10/4 22:00発売 | sd=2026-10-04 d=2026-10-04 | 

=== 90010 倉冨亮太×五十嵐紅 → OK
   下関市生涯学習プラザ 風のホール | 2027年2月2日(火) 山口 下関市生涯学習プラザ 風のホール | pia=https://t.pia.jp/pia/event/event.do?eventCd=2638930
    一般発売（山口 R9年 2/2公演）10/4 22:00発売 | sd=2026-10-04 d=2026-10-04 | 

=== 90011 WOMEN’S RALLY in 恵那 2026 → OK
   笠置山モーターパーク | 2026年12月6日(日) 岐阜 笠置山モーターパーク | pia=https://t.pia.jp/pia/event/event.do?eventCd=2638860
    一般発売（岐阜 12/6公演）10/3 10:00発売 | sd=2026-10-03 d=2026-10-03 | 

=== 90012 柔道 グランドスラム東京 2026 → OK
   東京体育館 | 2026年12月5日(土)〜2026年12月6日(日) 東京 東京体育館 | pia=https://t.pia.jp/pia/event/event.do?eventBundleCd=b2671420
    先行【一般チケット】（東京 12/5〜12/6公演）10/3 11:00発売 | sd=2026-10-03 d=2026-10-18 | 
    先行【企画チケット】（東京 12/5〜12/6公演）10/3 11:00発売 | sd=2026-10-03 d=2026-10-18 | 
    セブン-イレブン先着先行【一般チケット】（東京 12/5〜12/6公演）10/31 10:00発売 | sd=2026-10-31 d=2026-10-31 | 
    セブン-イレブン先着先行【企画チケット】（東京 12/5〜12/6公演）10/31 10:00発売 | sd=2026-10-31 d=2026-10-31 | 
    一般発売【一般チケット】（東京 12/5〜12/6公演）11/21 10:00発売 | sd=2026-11-21 d=2026-11-21 | 
    一般発売【企画チケット】（東京 12/5〜12/6公演）11/21 10:00発売 | sd=2026-11-21 d=2026-11-21 | 

=== 90013 ギラヴァンツ北九州対AC長野パルセイロ → OK
   ミクニワールドスタジアム北九州 | 2026年10月25日(日) 福岡 ミクニワールドスタジアム北九州 | pia=https://t.pia.jp/pia/event/event.do?eventCd=2636949
    一般発売（福岡 10/25公演）10/4 10:00発売 | sd=2026-10-04 d=2026-10-04 | 
    一般発売【テーブルシート販売】（福岡 10/25公演）10/4 10:00発売 | sd=2026-10-04 d=2026-10-04 | 

=== 90014 超かぐや姫！ 超復活応援上映会 → OK
   シネシティザート | 2026年10月31日(土) 静岡 シネシティザート | pia=https://t.pia.jp/pia/event/event.do?eventCd=2638299
    一般発売（静岡 10/31公演）10/3 10:00発売 | sd=2026-10-03 d=2026-10-03 | 

=== 90015 SHERBETS → OK
   ボトムライン | 2026年12月5日(土) 愛知 ボトムライン | pia=https://t.pia.jp/pia/event/event.do?eventCd=2633461
    一般発売（愛知 12/5公演）10/3 10:00発売 | sd=2026-10-03 d=2026-10-03 | 

DROPPED []
