
=== 91001 ハク。 → OK
   INSA | 2026年12月11日(金) 福岡 INSA | pia=https://t.pia.jp/pia/event/event.do?eventCd=2637883
    一般発売（福岡 12/11公演）10/2 18:00発売 | sd=2026-10-02 d=2026-10-02 | 

=== 91002 ハク。 → OK
   熊本B.9 V2 | 2026年12月12日(土) 熊本 熊本B.9 V2 | pia=https://t.pia.jp/pia/event/event.do?eventCd=2637884
    一般発売（熊本 12/12公演）10/2 18:00発売 | sd=2026-10-02 d=2026-10-02 | 

=== 91003 ハク。 → OK
   ボトムライン | 2027年1月16日(土) 愛知 ボトムライン | pia=https://t.pia.jp/pia/event/event.do?eventCd=2634990
    一般発売（愛知 R9年 1/16公演）10/2 18:00発売 | sd=2026-10-02 d=2026-10-02 | 

=== 91004 柳家喬太郎 → skip

=== 91005 空気階段 → OK
   PIA LIVE STREAM | 2026年9月6日(日)〜2026年10月4日(日) 全国ツアー | pia=https://t.pia.jp/pia/event/event.do?eventBundleCd=b2667670
    一般発売【動画配信】（全国 9/6〜10/4公演）〜10/4 21:00 | sd=None d=2026-10-04 | 

=== 91006 純烈 → OK
   全国ツアー（関内ホール 大ホール／相模原市民会館） | 2027年1月25日(月)〜2027年2月22日(月) 神奈川 | pia=https://t.pia.jp/pia/event/event.do?eventCd=2635249
    一般発売（神奈川 R9年 1/25〜2/22公演）〜2/16 23:59 | sd=None d=2027-02-16 | 

=== 91007 花江夏樹 → OK
   神奈川県立青少年センター 紅葉坂ホール | 2027年2月28日(日) 神奈川 神奈川県立青少年センター 紅葉坂ホール | pia=https://t.pia.jp/pia/event/event.do?eventBundleCd=b2671264
    先行（神奈川 R9年 2/28公演）〜10/12 23:59 | sd=None d=2026-10-12 | 

DROPPED []
