5595 pages 1 ti 2
5596 pages 1 ti 1
5597 pages 2 ti 1
5598 pages 2 ti 1
5599 pages 1 ti 1
5600 pages 1 ti 1
5601 pages 1 ti 1
5602 pages 1 ti 1
5603 pages 1 ti 1
5604 pages 1 ti 1
5605 pages 1 ti 1
5606 pages 1 ti 1
5607 pages 1 ti 1
5608 pages 1 ti 2
5609 pages 1 ti 1
5610 pages 1 ti 1
5611 pages 3 ti 5
5612 pages 3 ti 12
5613 pages 2 ti 11
5614 pages 3 ti 8
5615 pages 1 ti 1
5616 pages 1 ti 2
5617 pages 1 ti 1
5618 pages 1 ti 1
5619 pages 1 ti 1
5620 pages 1 ti 1
5621 pages 1 ti 1
5622 pages 1 ti 1
5623 pages 1 ti 1
5624 pages 1 ti 1
DONE
